pnpm.exe : $ vitest --coverage "--run"
En C:\Users\agusk\AppData\Local\pnpm\bin\pnpm.ps1: 14 Carácter: 3
+   & "$basedir/../global/v11/5f38-19e1e47066d/node_modules/@pnpm/exe/p ...
+   ~~~~~~~~~~~~~~~~~~~~~~~~~~~~~~~~~~~~~~~~~~~~~~~~~~~~~~~~~~~~~~~~~~~
    + CategoryInfo          : NotSpecified: ($ vitest --coverage "--run":String) [], RemoteException
    + FullyQualifiedErrorId : NativeCommandError
 

[1m[46m RUN [49m[22m [36mv3.1.4 [39m[90mD:/Programacion/webdev.tools[39m
      [2mCoverage enabled with [22m[33mv8[39m

 [32mÔ£ô[39m src/services/storage.test.tsx [2m([22m[2m54 tests[22m[2m)[22m[32m 73[2mms[22m[39m
 [32mÔ£ô[39m src/hooks/usePlaygroundOverlays.test.ts [2m([22m[2m27 tests[22m[2m)[22m[32m 118[2mms[22m[39m
 [32mÔ£ô[39m src/components/editor/GenericEditors.test.tsx [2m([22m[2m19 tests[22m[2m)[22m[33m 517[2mms[22m[39m
 [32mÔ£ô[39m src/hooks/useJsonPlaygroundActions.test.ts [2m([22m[2m9 tests[22m[2m)[22m[33m 710[2mms[22m[39m
 [32mÔ£ô[39m src/playgrounds/css/CssPlayground.branches.test.tsx [2m([22m[2m3 tests[22m[2m)[22m[33m 542[2mms[22m[39m
 [32mÔ£ô[39m src/components/common/ConfigModal.test.tsx [2m([22m[2m23 tests[22m[2m)[22m[33m 1498[2mms[22m[39m
 [32mÔ£ô[39m src/playgrounds/js/JsPlayground.branches.test.tsx [2m([22m[2m4 tests[22m[2m)[22m[33m 878[2mms[22m[39m
   [33m[2mÔ£ô[22m[39m JsPlayground branches[2m > [22mexecutes code and handles runtime errors [33m 343[2mms[22m[39m
[2m11:23:42[22m [33m[1m[vite][22m[39m [33m[2m(client)[22m[39m [33mwarning: [33mDuplicate key 
"checkbox.label" in object literal[33m
49 |    "common.action": "action",
50 |    "common.footer": "footer",
51 |    "checkbox.label": "Enable feature",
   |    ^
52 |    // ErrorBoundary
53 |    "error_boundary.title": "Algo sali├│ mal",
[39m
  Plugin: [35mvite:esbuild[39m
  File: [36mD:/Programacion/webdev.tools/src/test/test-utils.tsx[39m
[2m11:23:42[22m [33m[1m[vite][22m[39m [33m[2m(client)[22m[39m [33mwarning: [33mDuplicate key 
"playground_layout.editors" in object literal[33m
60 |    "expanded_editor.placeholder": "Contenido de Editor Test...",
61 |    // PlaygroundLayout
62 |    "playground_layout.editors": "Editors content",
   |    ^
63 |    "playground_layout.toolbar": "Toolbar content",
64 |    "playground_layout.panel": "Panel content",
[39m
  Plugin: [35mvite:esbuild[39m
  File: [36mD:/Programacion/webdev.tools/src/test/test-utils.tsx[39m
[2m11:23:42[22m [33m[1m[vite][22m[39m [33m[2m(client)[22m[39m [33mwarning: [33mDuplicate key 
"playground_layout.toolbar" in object literal[33m
61 |    // PlaygroundLayout
62 |    "playground_layout.editors": "Editors content",
63 |    "playground_layout.toolbar": "Toolbar content",
   |    ^
64 |    "playground_layout.panel": "Panel content",
65 |    // PlaygroundLoader
[39m
  Plugin: [35mvite:esbuild[39m
  File: [36mD:/Programacion/webdev.tools/src/test/test-utils.tsx[39m
[2m11:23:42[22m [33m[1m[vite][22m[39m [33m[2m(client)[22m[39m [33mwarning: [33mDuplicate key 
"playground_layout.panel" in object literal[33m
62 |    "playground_layout.editors": "Editors content",
63 |    "playground_layout.toolbar": "Toolbar content",
64 |    "playground_layout.panel": "Panel content",
   |    ^
65 |    // PlaygroundLoader
66 |    "playground_loader.loading": "Cargando {name} Tools",
[39m
  Plugin: [35mvite:esbuild[39m
  File: [36mD:/Programacion/webdev.tools/src/test/test-utils.tsx[39m
[2m11:23:42[22m [33m[1m[vite][22m[39m [33m[2m(client)[22m[39m [33mwarning: [33mDuplicate key 
"playground_loader.loading" in object literal[33m
64 |    "playground_layout.panel": "Panel content",
65 |    // PlaygroundLoader
66 |    "playground_loader.loading": "Cargando {name} Tools",
   |    ^
67 |    "playground_loader.preparing": "Preparando el playground...",
68 |    // Panel
[39m
  Plugin: [35mvite:esbuild[39m
  File: [36mD:/Programacion/webdev.tools/src/test/test-utils.tsx[39m
[2m11:23:42[22m [33m[1m[vite][22m[39m [33m[2m(client)[22m[39m [33mwarning: [33mDuplicate key 
"playground_loader.preparing" in object literal[33m
65 |    // PlaygroundLoader
66 |    "playground_loader.loading": "Cargando {name} Tools",
67 |    "playground_loader.preparing": "Preparando el playground...",
   |    ^
68 |    // Panel
69 |    "panel.title": "CSS Editor",
[39m
  Plugin: [35mvite:esbuild[39m
  File: [36mD:/Programacion/webdev.tools/src/test/test-utils.tsx[39m
[2m11:23:42[22m [33m[1m[vite][22m[39m [33m[2m(client)[22m[39m [33mwarning: [33mDuplicate key "panel.title" 
in object literal[33m
67 |    "playground_loader.preparing": "Preparando el playground...",
68 |    // Panel
69 |    "panel.title": "CSS Editor",
   |    ^
70 |    "panel.actions.copy": "Copy",
71 |    "panel.footer": "3 l├¡neas",
[39m
  Plugin: [35mvite:esbuild[39m
  File: [36mD:/Programacion/webdev.tools/src/test/test-utils.tsx[39m
[2m11:23:42[22m [33m[1m[vite][22m[39m [33m[2m(client)[22m[39m [33mwarning: [33mDuplicate key 
"panel.actions.copy" in object literal[33m
68 |    // Panel
69 |    "panel.title": "CSS Editor",
70 |    "panel.actions.copy": "Copy",
   |    ^
71 |    "panel.footer": "3 l├¡neas",
72 |    // JsonPathHistoryModal
[39m
  Plugin: [35mvite:esbuild[39m
  File: [36mD:/Programacion/webdev.tools/src/test/test-utils.tsx[39m
[2m11:23:42[22m [33m[1m[vite][22m[39m [33m[2m(client)[22m[39m [33mwarning: [33mDuplicate key 
"panel.footer" in object literal[33m
69 |    "panel.title": "CSS Editor",
70 |    "panel.actions.copy": "Copy",
71 |    "panel.footer": "3 l├¡neas",
   |    ^
72 |    // JsonPathHistoryModal
73 |    "json_path_history.clear": "Borrar Historial",
[39m
  Plugin: [35mvite:esbuild[39m
  File: [36mD:/Programacion/webdev.tools/src/test/test-utils.tsx[39m
[2m11:23:42[22m [33m[1m[vite][22m[39m [33m[2m(client)[22m[39m [33mwarning: [33mDuplicate key 
"common.test_content" in object literal[33m
82 |    "timestamp_playground.placeholder": "Unix timestamp o fecha",
83 |    // Common
84 |    "common.test_content": "Test content",
   |    ^
85 |    "common.content_only": "Content only",
86 |    "common.action": "action",
[39m
  Plugin: [35mvite:esbuild[39m
  File: [36mD:/Programacion/webdev.tools/src/test/test-utils.tsx[39m
[2m11:23:42[22m [33m[1m[vite][22m[39m [33m[2m(client)[22m[39m [33mwarning: [33mDuplicate key 
"common.content_only" in object literal[33m
83 |    // Common
84 |    "common.test_content": "Test content",
85 |    "common.content_only": "Content only",
   |    ^
86 |    "common.action": "action",
87 |    "common.footer": "footer",
[39m
  Plugin: [35mvite:esbuild[39m
  File: [36mD:/Programacion/webdev.tools/src/test/test-utils.tsx[39m
[2m11:23:42[22m [33m[1m[vite][22m[39m [33m[2m(client)[22m[39m [33mwarning: [33mDuplicate key 
"common.action" in object literal[33m
84 |    "common.test_content": "Test content",
85 |    "common.content_only": "Content only",
86 |    "common.action": "action",
   |    ^
87 |    "common.footer": "footer",
88 |  };
[39m
  Plugin: [35mvite:esbuild[39m
  File: [36mD:/Programacion/webdev.tools/src/test/test-utils.tsx[39m
[2m11:23:42[22m [33m[1m[vite][22m[39m [33m[2m(client)[22m[39m [33mwarning: [33mDuplicate key 
"common.footer" in object literal[33m
85 |    "common.content_only": "Content only",
86 |    "common.action": "action",
87 |    "common.footer": "footer",
   |    ^
88 |  };
89 |  
[39m
  Plugin: [35mvite:esbuild[39m
  File: [36mD:/Programacion/webdev.tools/src/test/test-utils.tsx[39m
 [31mÔØ»[39m src/components/common/TipsModal.test.tsx [2m([22m[2m10 tests[22m[2m | [22m[31m6 failed[39m[2m)[22m[32m 250[2mms[22m[39m
   [32mÔ£ô[39m TipsModal[2m > [22mshould not render when closed[32m 10[2mms[22m[39m
[31m   [31m├ù[31m TipsModal[2m > [22mshould render when open[39m[32m 66[2mms[22m[39m[33m (retry x1)[39m
[31m     ÔåÆ Unable to find an element with the text: JSON Path Tips. This could be because the text is broken up by multiple elements. In this case, you can provide a function for your text matcher to make your matcher more flexible.

Ignored nodes: comments, script, style
[36m<body />[31m[39m
[31m     ÔåÆ Unable to find an element with the text: JSON Path Tips. This could be because the text is broken up by multiple elements. In this case, you can provide a function for your text matcher to make your matcher more flexible.

Ignored nodes: comments, script, style
[36m<body />[31m[39m
[31m   [31m├ù[31m TipsModal[2m > [22mshould render all tip categories[39m[32m 32[2mms[22m[39m[33m (retry x1)[39m
[31m     ÔåÆ Unable to find an element with the text: Basic Operations. This could be because the text is broken up by multiple elements. In this case, you can provide a function for your text matcher to make your matcher more flexible.

Ignored nodes: comments, script, style
[36m<body />[31m[39m
[31m     ÔåÆ Unable to find an element with the text: Basic Operations. This could be because the text is broken up by multiple elements. In this case, you can provide a function for your text matcher to make your matcher more flexible.

Ignored nodes: comments, script, style
[36m<body />[31m[39m
[31m   [31m├ù[31m TipsModal[2m > [22mshould render all tip items[39m[32m 27[2mms[22m[39m[33m (retry x1)[39m
[31m     ÔåÆ Unable to find an element with the text: $.property. This could be because the text is broken up by multiple elements. In this case, you can provide a function for your text matcher to make your matcher more flexible.

Ignored nodes: comments, script, style
[36m<body />[31m[39m
[31m     ÔåÆ Unable to find an element with the text: $.property. This could be because the text is broken up by multiple elements. In this case, you can provide a function for your text matcher to make your matcher more flexible.

Ignored nodes: comments, script, style
[36m<body />[31m[39m
[31m   [31m├ù[31m TipsModal[2m > [22mshould call onClose when close button is clicked[39m[32m 30[2mms[22m[39m[33m (retry x1)[39m
[31m     ÔåÆ Unable to find a label with the text of: Cerrar modal

Ignored nodes: comments, script, style
[36m<body />[31m[39m
[31m     ÔåÆ Unable to find a label with the text of: Cerrar modal

Ignored nodes: comments, script, style
[36m<body />[31m[39m
[31m   [31m├ù[31m TipsModal[2m > [22mshould render quick examples when provided[39m[32m 22[2mms[22m[39m[33m (retry x1)[39m
[31m     ÔåÆ Unable to find an element with the text: Ejemplos R├ípidos. This could be because the text is broken up by multiple elements. In this case, you can provide a function for your text matcher to make your matcher more flexible.

Ignored nodes: comments, script, style
[36m<body />[31m[39m
[31m     ÔåÆ Unable to find an element with the text: Ejemplos R├ípidos. This could be because the text is broken up by multiple elements. In this case, you can provide a function for your text matcher to make your matcher more flexible.

Ignored nodes: comments, script, style
[36m<body />[31m[39m
   [32mÔ£ô[39m TipsModal[2m > [22mshould not render quick examples section when empty[32m 11[2mms[22m[39m
[31m   [31m├ù[31m TipsModal[2m > [22mshould call onTryExample when quick example button is clicked[39m[32m 24[2mms[22m[39m[33m (retry x1)[39m
[31m     ÔåÆ Unable to find an element with the text: Name. This could be because the text is broken up by multiple elements. In this case, you can provide a function for your text matcher to make your matcher more flexible.

Ignored nodes: comments, script, style
[36m<body />[31m[39m
[31m     ÔåÆ Unable to find an element with the text: Name. This could be because the text is broken up by multiple elements. In this case, you can provide a function for your text matcher to make your matcher more flexible.

Ignored nodes: comments, script, style
[36m<body />[31m[39m
   [32mÔ£ô[39m TipsModal[2m > [22mshould apply different colors based on categoryColor[32m 17[2mms[22m[39m
   [32mÔ£ô[39m TipsModal[2m > [22mshould use default blue color when categoryColor is not specified[32m 10[2mms[22m[39m
 [32mÔ£ô[39m src/utils/handlerFactory.test.ts [2m([22m[2m16 tests[22m[2m)[22m[32m 95[2mms[22m[39m
 [32mÔ£ô[39m src/playgrounds/engines/engines.test.ts [2m([22m[2m20 tests[22m[2m)[22m[32m 32[2mms[22m[39m
 [32mÔ£ô[39m src/hooks/useGenericPlaygroundActions.test.ts [2m([22m[2m7 tests[22m[2m)[22m[32m 155[2mms[22m[39m
 [32mÔ£ô[39m src/playgrounds/json/JsonPlayground.branches.test.tsx [2m([22m[2m6 tests[22m[2m)[22m[33m 1517[2mms[22m[39m
   [33m[2mÔ£ô[22m[39m JsonPlayground branches[2m > [22mhandles copy and download input and output branches [33m 424[2mms[22m[39m
   [33m[2mÔ£ô[22m[39m JsonPlayground branches[2m > [22mruns format, minify and clean success and error flows [33m 350[2mms[22m[39m
   [33m[2mÔ£ô[22m[39m JsonPlayground branches[2m > [22mtries a quick example from TipsModal and closes modal [33m 355[2mms[22m[39m
 [32mÔ£ô[39m src/playgrounds/html/HtmlPlayground.branches.test.tsx [2m([22m[2m3 tests[22m[2m)[22m[33m 617[2mms[22m[39m
 [31mÔØ»[39m src/playgrounds/hash/HashPlayground.test.tsx [2m([22m[2m11 tests[22m[2m | [22m[31m11 failed[39m[2m)[22m[32m 281[2mms[22m[39m
[31m   [31m├ù[31m HashPlayground[2m > [22mrenders with text mode by default[39m[32m 72[2mms[22m[39m[33m (retry x1)[39m
[31m     ÔåÆ Unable to find an element with the placeholder text of: /texto para generar hashes/i

Ignored nodes: comments, script, style
[36m<body />[31m[39m
[31m     ÔåÆ Unable to find an element with the placeholder text of: /texto para generar hashes/i

Ignored nodes: comments, script, style
[36m<body />[31m[39m
[31m   [31m├ù[31m HashPlayground[2m > [22mrenders generate button[39m[32m 19[2mms[22m[39m[33m (retry x1)[39m
[31m     ÔåÆ Unable to find an accessible element with the role "button" and name `/Generar/i`

There are no accessible roles. But there might be some inaccessible roles. If you wish to access them, then set the `hidden` option to `true`. Learn more about this here: https://testing-library.com/docs/dom-testing-library/api-queries#byrole

Ignored nodes: comments, script, style
[36m<body />[31m[39m
[31m     ÔåÆ Unable to find an accessible element with the role "button" and name `/Generar/i`

There are no accessible roles. But there might be some inaccessible roles. If you wish to access them, then set the `hidden` option to `true`. Learn more about this here: https://testing-library.com/docs/dom-testing-library/api-queries#byrole

Ignored nodes: comments, script, style
[36m<body />[31m[39m
[31m   [31m├ù[31m HashPlayground[2m > [22mswitches to file mode when file button is clicked[39m[32m 28[2mms[22m[39m[33m (retry x1)[39m
[31m     ÔåÆ Unable to find an accessible element with the role "button" and name `/Archivo/i`

There are no accessible roles. But there might be some inaccessible roles. If you wish to access them, then set the `hidden` option to `true`. Learn more about this here: https://testing-library.com/docs/dom-testing-library/api-queries#byrole

Ignored nodes: comments, script, style
[36m<body />[31m[39m
[31m     ÔåÆ Unable to find an accessible element with the role "button" and name `/Archivo/i`

There are no accessible roles. But there might be some inaccessible roles. If you wish to access them, then set the `hidden` option to `true`. Learn more about this here: https://testing-library.com/docs/dom-testing-library/api-queries#byrole

Ignored nodes: comments, script, style
[36m<body />[31m[39m
[31m   [31m├ù[31m HashPlayground[2m > [22mgenerates hashes when generate button is clicked[39m[32m 17[2mms[22m[39m[33m (retry x1)[39m
[31m     ÔåÆ Unable to find an accessible element with the role "button" and name `/Generar/i`

There are no accessible roles. But there might be some inaccessible roles. If you wish to access them, then set the `hidden` option to `true`. Learn more about this here: https://testing-library.com/docs/dom-testing-library/api-queries#byrole

Ignored nodes: comments, script, style
[36m<body />[31m[39m
[31m     ÔåÆ Unable to find an accessible element with the role "button" and name `/Generar/i`

There are no accessible roles. But there might be some inaccessible roles. If you wish to access them, then set the `hidden` option to `true`. Learn more about this here: https://testing-library.com/docs/dom-testing-library/api-queries#byrole

Ignored nodes: comments, script, style
[36m<body />[31m[39m
[31m   [31m├ù[31m HashPlayground[2m > [22mcopies hash value to clipboard when copy button is clicked[39m[32m 19[2mms[22m[39m[33m (retry x1)[39m
[31m     ÔåÆ Unable to find an accessible element with the role "button" and name `/Generar/i`

There are no accessible roles. But there might be some inaccessible roles. If you wish to access them, then set the `hidden` option to `true`. Learn more about this here: https://testing-library.com/docs/dom-testing-library/api-queries#byrole

Ignored nodes: comments, script, style
[36m<body />[31m[39m
[31m     ÔåÆ Unable to find an accessible element with the role "button" and name `/Generar/i`

There are no accessible roles. But there might be some inaccessible roles. If you wish to access them, then set the `hidden` option to `true`. Learn more about this here: https://testing-library.com/docs/dom-testing-library/api-queries#byrole

Ignored nodes: comments, script, style
[36m<body />[31m[39m
[31m   [31m├ù[31m HashPlayground[2m > [22mtoggles uppercase when checkbox is clicked[39m[32m 20[2mms[22m[39m[33m (retry x1)[39m
[31m     ÔåÆ Unable to find an accessible element with the role "checkbox" and name `/May├║sculas/i`

There are no accessible roles. But there might be some inaccessible roles. If you wish to access them, then set the `hidden` option to `true`. Learn more about this here: https://testing-library.com/docs/dom-testing-library/api-queries#byrole

Ignored nodes: comments, script, style
[36m<body />[31m[39m
[31m     ÔåÆ Unable to find an accessible element with the role "checkbox" and name `/May├║sculas/i`

There are no accessible roles. But there might be some inaccessible roles. If you wish to access them, then set the `hidden` option to `true`. Learn more about this here: https://testing-library.com/docs/dom-testing-library/api-queries#byrole

Ignored nodes: comments, script, style
[36m<body />[31m[39m
[31m   [31m├ù[31m HashPlayground[2m > [22mshows compare section[39m[32m 19[2mms[22m[39m[33m (retry x1)[39m
[31m     ÔåÆ Unable to find an element with the text: /Comparar Hash/i. This could be because the text is broken up by multiple elements. In this case, you can provide a function for your text matcher to make your matcher more flexible.

Ignored nodes: comments, script, style
[36m<body />[31m[39m
[31m     ÔåÆ Unable to find an element with the text: /Comparar Hash/i. This could be because the text is broken up by multiple elements. In this case, you can provide a function for your text matcher to make your matcher more flexible.

Ignored nodes: comments, script, style
[36m<body />[31m[39m
[31m   [31m├ù[31m HashPlayground[2m > [22mshows compare input field[39m[32m 22[2mms[22m[39m[33m (retry x1)[39m
[31m     ÔåÆ Unable to find an element with the placeholder text of: /hash para comparar/i

Ignored nodes: comments, script, style
[36m<body />[31m[39m
[31m     ÔåÆ Unable to find an element with the placeholder text of: /hash para comparar/i

Ignored nodes: comments, script, style
[36m<body />[31m[39m
[31m   [31m├ù[31m HashPlayground[2m > [22mshows compare button[39m[32m 18[2mms[22m[39m[33m (retry x1)[39m
[31m     ÔåÆ Unable to find an accessible element with the role "button" and name `/Comparar/i`

There are no accessible roles. But there might be some inaccessible roles. If you wish to access them, then set the `hidden` option to `true`. Learn more about this here: https://testing-library.com/docs/dom-testing-library/api-queries#byrole

Ignored nodes: comments, script, style
[36m<body />[31m[39m
[31m     ÔåÆ Unable to find an accessible element with the role "button" and name `/Comparar/i`

There are no accessible roles. But there might be some inaccessible roles. If you wish to access them, then set the `hidden` option to `true`. Learn more about this here: https://testing-library.com/docs/dom-testing-library/api-queries#byrole

Ignored nodes: comments, script, style
[36m<body />[31m[39m
[31m   [31m├ù[31m HashPlayground[2m > [22mshows match result when comparing valid hash[39m[32m 23[2mms[22m[39m[33m (retry x1)[39m
[31m     ÔåÆ Unable to find an accessible element with the role "button" and name `/Generar/i`

There are no accessible roles. But there might be some inaccessible roles. If you wish to access them, then set the `hidden` option to `true`. Learn more about this here: https://testing-library.com/docs/dom-testing-library/api-queries#byrole

Ignored nodes: comments, script, style
[36m<body />[31m[39m
[31m     ÔåÆ Unable to find an accessible element with the role "button" and name `/Generar/i`

There are no accessible roles. But there might be some inaccessible roles. If you wish to access them, then set the `hidden` option to `true`. Learn more about this here: https://testing-library.com/docs/dom-testing-library/api-queries#byrole

Ignored nodes: comments, script, style
[36m<body />[31m[39m
[31m   [31m├ù[31m HashPlayground[2m > [22mshows no match when comparing invalid hash[39m[32m 23[2mms[22m[39m[33m (retry x1)[39m
[31m     ÔåÆ Unable to find an accessible element with the role "button" and name `/Generar/i`

There are no accessible roles. But there might be some inaccessible roles. If you wish to access them, then set the `hidden` option to `true`. Learn more about this here: https://testing-library.com/docs/dom-testing-library/api-queries#byrole

Ignored nodes: comments, script, style
[36m<body />[31m[39m
[31m     ÔåÆ Unable to find an accessible element with the role "button" and name `/Generar/i`

There are no accessible roles. But there might be some inaccessible roles. If you wish to access them, then set the `hidden` option to `true`. Learn more about this here: https://testing-library.com/docs/dom-testing-library/api-queries#byrole

Ignored nodes: comments, script, style
[36m<body />[31m[39m
 [32mÔ£ô[39m src/hooks/useKeyboardShortcuts.test.ts [2m([22m[2m16 tests[22m[2m)[22m[32m 96[2mms[22m[39m
 [32mÔ£ô[39m src/hooks/useToolbarConfig.test.ts [2m([22m[2m11 tests[22m[2m)[22m[32m 33[2mms[22m[39m
 [32mÔ£ô[39m src/playgrounds/registry.test.ts [2m([22m[2m21 tests[22m[2m)[22m[32m 20[2mms[22m[39m
(node:22212) ExperimentalWarning: localStorage is not available because --localstorage-file was not provided.
(Use `node --trace-warnings ...` to show where the warning was created)
 [31mÔØ»[39m src/components/layout/Toolbar.test.tsx [2m([22m[2m5 tests[22m[2m | [22m[31m5 failed[39m[2m)[22m[32m 133[2mms[22m[39m
[31m   [31m├ù[31m Toolbar[2m > [22mrenders generic variant and triggers actions[39m[32m 19[2mms[22m[39m[33m (retry x1)[39m
[31m     ÔåÆ Unable to find an element with the text: Herramientas. This could be because the text is broken up by multiple elements. In this case, you can provide a function for your text matcher to make your matcher more flexible.

Ignored nodes: comments, script, style
[36m<body />[31m[39m
[31m     ÔåÆ Unable to find an element with the text: Herramientas. This could be because the text is broken up by multiple elements. In this case, you can provide a function for your text matcher to make your matcher more flexible.

Ignored nodes: comments, script, style
[36m<body />[31m[39m
[31m   [31m├ù[31m Toolbar[2m > [22mrenders generic config button when provided[39m[32m 16[2mms[22m[39m[33m (retry x1)[39m
[31m     ÔåÆ Unable to find an accessible element with the role "button" and name "Abrir config"

There are no accessible roles. But there might be some inaccessible roles. If you wish to access them, then set the `hidden` option to `true`. Learn more about this here: https://testing-library.com/docs/dom-testing-library/api-queries#byrole

Ignored nodes: comments, script, style
[36m<body />[31m[39m
[31m     ÔåÆ Unable to find an accessible element with the role "button" and name "Abrir config"

There are no accessible roles. But there might be some inaccessible roles. If you wish to access them, then set the `hidden` option to `true`. Learn more about this here: https://testing-library.com/docs/dom-testing-library/api-queries#byrole

Ignored nodes: comments, script, style
[36m<body />[31m[39m
[31m   [31m├ù[31m Toolbar[2m > [22mrenders extraContent alongside tools in two-column layout[39m[32m 28[2mms[22m[39m[33m (retry x1)[39m
[31m     ÔåÆ Unable to find an element with the text: Format. This could be because the text is broken up by multiple elements. In this case, you can provide a function for your text matcher to make your matcher more flexible.

Ignored nodes: comments, script, style
[36m<body />[31m[39m
[31m     ÔåÆ Unable to find an element with the text: Format. This could be because the text is broken up by multiple elements. In this case, you can provide a function for your text matcher to make your matcher more flexible.

Ignored nodes: comments, script, style
[36m<body />[31m[39m
[31m   [31m├ù[31m Toolbar[2m > [22mopens local config state and closes via modal callback for json mode[39m[32m 26[2mms[22m[39m[33m (retry x1)[39m
[31m     ÔåÆ Unable to find an element with the text: config-closed. This could be because the text is broken up by multiple elements. In this case, you can provide a function for your text matcher to make your matcher more flexible.

Ignored nodes: comments, script, style
[36m<body />[31m[39m
[31m     ÔåÆ Unable to find an element with the text: config-closed. This could be because the text is broken up by multiple elements. In this case, you can provide a function for your text matcher to make your matcher more flexible.

Ignored nodes: comments, script, style
[36m<body />[31m[39m
[31m   [31m├ù[31m Toolbar[2m > [22muses external config open state handlers when provided[39m[32m 43[2mms[22m[39m[33m (retry x1)[39m
[31m     ÔåÆ Unable to find an element with the text: config-open. This could be because the text is broken up by multiple elements. In this case, you can provide a function for your text matcher to make your matcher more flexible.

Ignored nodes: comments, script, style
[36m<body />[31m[39m
[31m     ÔåÆ Unable to find an element with the text: config-open. This could be because the text is broken up by multiple elements. In this case, you can provide a function for your text matcher to make your matcher more flexible.

Ignored nodes: comments, script, style
[36m<body />[31m[39m
 [31mÔØ»[39m src/playgrounds/js/JsPlayground.test.tsx [2m([22m[2m6 tests[22m[2m | [22m[31m6 failed[39m[2m)[22m[32m 277[2mms[22m[39m
[31m   [31m├ù[31m JsPlayground[2m > [22mrenders the example code by default[39m[32m 49[2mms[22m[39m[33m (retry x1)[39m
[31m     ÔåÆ Unable to find an accessible element with the role "textbox"

There are no accessible roles. But there might be some inaccessible roles. If you wish to access them, then set the `hidden` option to `true`. Learn more about this here: https://testing-library.com/docs/dom-testing-library/api-queries#byrole

Ignored nodes: comments, script, style
[36m<body />[31m[39m
[31m     ÔåÆ Unable to find an accessible element with the role "textbox"

There are no accessible roles. But there might be some inaccessible roles. If you wish to access them, then set the `hidden` option to `true`. Learn more about this here: https://testing-library.com/docs/dom-testing-library/api-queries#byrole

Ignored nodes: comments, script, style
[36m<body />[31m[39m
[31m   [31m├ù[31m JsPlayground[2m > [22mexecutes code and displays console output[39m[32m 51[2mms[22m[39m[33m (retry x1)[39m
[31m     ÔåÆ Unable to find an accessible element with the role "textbox"

There are no accessible roles. But there might be some inaccessible roles. If you wish to access them, then set the `hidden` option to `true`. Learn more about this here: https://testing-library.com/docs/dom-testing-library/api-queries#byrole

Ignored nodes: comments, script, style
[36m<body />[31m[39m
[31m     ÔåÆ Unable to find an accessible element with the role "textbox"

There are no accessible roles. But there might be some inaccessible roles. If you wish to access them, then set the `hidden` option to `true`. Learn more about this here: https://testing-library.com/docs/dom-testing-library/api-queries#byrole

Ignored nodes: comments, script, style
[36m<body />[31m[39m
[31m   [31m├ù[31m JsPlayground[2m > [22mshows runtime errors when execution fails[39m[32m 45[2mms[22m[39m[33m (retry x1)[39m
[31m     ÔåÆ Unable to find an accessible element with the role "textbox"

There are no accessible roles. But there might be some inaccessible roles. If you wish to access them, then set the `hidden` option to `true`. Learn more about this here: https://testing-library.com/docs/dom-testing-library/api-queries#byrole

Ignored nodes: comments, script, style
[36m<body />[31m[39m
[31m     ÔåÆ Unable to find an accessible element with the role "textbox"

There are no accessible roles. But there might be some inaccessible roles. If you wish to access them, then set the `hidden` option to `true`. Learn more about this here: https://testing-library.com/docs/dom-testing-library/api-queries#byrole

Ignored nodes: comments, script, style
[36m<body />[31m[39m
[31m   [31m├ù[31m JsPlayground[2m > [22mformats and minifies input code[39m[32m 49[2mms[22m[39m[33m (retry x1)[39m
[31m     ÔåÆ Unable to find an accessible element with the role "textbox"

There are no accessible roles. But there might be some inaccessible roles. If you wish to access them, then set the `hidden` option to `true`. Learn more about this here: https://testing-library.com/docs/dom-testing-library/api-queries#byrole

Ignored nodes: comments, script, style
[36m<body />[31m[39m
[31m     ÔåÆ Unable to find an accessible element with the role "textbox"

There are no accessible roles. But there might be some inaccessible roles. If you wish to access them, then set the `hidden` option to `true`. Learn more about this here: https://testing-library.com/docs/dom-testing-library/api-queries#byrole

Ignored nodes: comments, script, style
[36m<body />[31m[39m
[31m   [31m├ù[31m JsPlayground[2m > [22mformats multi-line blocks[39m[32m 44[2mms[22m[39m[33m (retry x1)[39m
[31m     ÔåÆ Unable to find an accessible element with the role "textbox"

There are no accessible roles. But there might be some inaccessible roles. If you wish to access them, then set the `hidden` option to `true`. Learn more about this here: https://testing-library.com/docs/dom-testing-library/api-queries#byrole

Ignored nodes: comments, script, style
[36m<body />[31m[39m
[31m     ÔåÆ Unable to find an accessible element with the role "textbox"

There are no accessible roles. But there might be some inaccessible roles. If you wish to access them, then set the `hidden` option to `true`. Learn more about this here: https://testing-library.com/docs/dom-testing-library/api-queries#byrole

Ignored nodes: comments, script, style
[36m<body />[31m[39m
[31m   [31m├ù[31m JsPlayground[2m > [22mminifies by removing comments and whitespace[39m[32m 38[2mms[22m[39m[33m (retry x1)[39m
[31m     ÔåÆ Unable to find an accessible element with the role "textbox"

There are no accessible roles. But there might be some inaccessible roles. If you wish to access them, then set the `hidden` option to `true`. Learn more about this here: https://testing-library.com/docs/dom-testing-library/api-queries#byrole

Ignored nodes: comments, script, style
[36m<body />[31m[39m
[31m     ÔåÆ Unable to find an accessible element with the role "textbox"

There are no accessible roles. But there might be some inaccessible roles. If you wish to access them, then set the `hidden` option to `true`. Learn more about this here: https://testing-library.com/docs/dom-testing-library/api-queries#byrole

Ignored nodes: comments, script, style
[36m<body />[31m[39m
 [31mÔØ»[39m src/components/common/Toast.test.tsx [2m([22m[2m12 tests[22m[2m | [22m[31m8 failed[39m[2m)[22m[32m 223[2mms[22m[39m
[31m   [31m├ù[31m Toast[2m > [22mrenders message with success variant[39m[32m 81[2mms[22m[39m[33m (retry x1)[39m
[31m     ÔåÆ Unable to find an element by: [data-testid="toast-message"]

Ignored nodes: comments, script, style
[36m<body />[31m[39m
[31m     ÔåÆ Unable to find an element by: [data-testid="toast-message"]

Ignored nodes: comments, script, style
[36m<body />[31m[39m
[31m   [31m├ù[31m Toast[2m > [22mrenders message with error variant[39m[32m 16[2mms[22m[39m[33m (retry x1)[39m
[31m     ÔåÆ Unable to find an element by: [data-testid="toast-message"]

Ignored nodes: comments, script, style
[36m<body />[31m[39m
[31m     ÔåÆ Unable to find an element by: [data-testid="toast-message"]

Ignored nodes: comments, script, style
[36m<body />[31m[39m
[31m   [31m├ù[31m Toast[2m > [22mrenders message with info variant[39m[32m 19[2mms[22m[39m[33m (retry x1)[39m
[31m     ÔåÆ Unable to find an element by: [data-testid="toast-message"]

Ignored nodes: comments, script, style
[36m<body />[31m[39m
[31m     ÔåÆ Unable to find an element by: [data-testid="toast-message"]

Ignored nodes: comments, script, style
[36m<body />[31m[39m
   [32mÔ£ô[39m Toast[2m > [22mcalls onRemove after duration expires[32m 10[2mms[22m[39m
[31m   [31m├ù[31m Toast[2m > [22mcalls onRemove when close button is clicked[39m[32m 15[2mms[22m[39m[33m (retry x1)[39m
[31m     ÔåÆ Unable to find a label with the text of: Close notification

Ignored nodes: comments, script, style
[36m<body />[31m[39m
[31m     ÔåÆ Unable to find a label with the text of: Close notification

Ignored nodes: comments, script, style
[36m<body />[31m[39m
   [32mÔ£ô[39m Toast[2m > [22mclears timers on unmount[32m 7[2mms[22m[39m
[31m   [31m├ù[31m Toast[2m > [22mapplies correct CSS classes for success variant[39m[32m 14[2mms[22m[39m[33m (retry x1)[39m
[31m     ÔåÆ Unable to find an element by: [data-testid="toast-message"]

Ignored nodes: comments, script, style
[36m<body />[31m[39m
[31m     ÔåÆ Unable to find an element by: [data-testid="toast-message"]

Ignored nodes: comments, script, style
[36m<body />[31m[39m
   [32mÔ£ô[39m Toast[2m > [22mhandles short duration[32m 9[2mms[22m[39m
   [32mÔ£ô[39m Toast[2m > [22mhandles long duration[32m 9[2mms[22m[39m
[31m   [31m├ù[31m Toast[2m > [22mrenders with correct icon for success variant[39m[32m 12[2mms[22m[39m[33m (retry x1)[39m
[31m     ÔåÆ Unable to find an element by: [data-testid="toast-message"]

Ignored nodes: comments, script, style
[36m<body />[31m[39m
[31m     ÔåÆ Unable to find an element by: [data-testid="toast-message"]

Ignored nodes: comments, script, style
[36m<body />[31m[39m
[31m   [31m├ù[31m Toast[2m > [22mrenders with correct icon for error variant[39m[32m 13[2mms[22m[39m[33m (retry x1)[39m
[31m     ÔåÆ Unable to find an element by: [data-testid="toast-message"]

Ignored nodes: comments, script, style
[36m<body />[31m[39m
[31m     ÔåÆ Unable to find an element by: [data-testid="toast-message"]

Ignored nodes: comments, script, style
[36m<body />[31m[39m
[31m   [31m├ù[31m Toast[2m > [22mrenders with correct icon for info variant[39m[32m 17[2mms[22m[39m[33m (retry x1)[39m
[31m     ÔåÆ Unable to find an element by: [data-testid="toast-message"]

Ignored nodes: comments, script, style
[36m<body />[31m[39m
[31m     ÔåÆ Unable to find an element by: [data-testid="toast-message"]

Ignored nodes: comments, script, style
[36m<body />[31m[39m
 [31mÔØ»[39m src/components/common/StatusIndicator.test.tsx [2m([22m[2m14 tests[22m[2m | [22m[31m1 failed[39m[2m)[22m[32m 150[2mms[22m[39m
   [32mÔ£ô[39m StatusIndicator[2m > [22minput validation mode (with isValid)[2m > [22mrenders waiting label when value is empty[32m 30[2mms[22m[39m
   [32mÔ£ô[39m StatusIndicator[2m > [22minput validation mode (with isValid)[2m > [22mrenders valid label with icon when isValid is true[32m 7[2mms[22m[39m
   [32mÔ£ô[39m StatusIndicator[2m > [22minput validation mode (with isValid)[2m > [22mrenders error message when isValid is false with object error[32m 4[2mms[22m[39m
   [32mÔ£ô[39m StatusIndicator[2m > [22minput validation mode (with isValid)[2m > [22mrenders invalidLabel when isValid is false with no error message[32m 4[2mms[22m[39m
   [32mÔ£ô[39m StatusIndicator[2m > [22minput validation mode (with isValid)[2m > [22mrenders warning alongside status[32m 6[2mms[22m[39m
   [32mÔ£ô[39m StatusIndicator[2m > [22minput validation mode (with isValid)[2m > [22mrenders validExtra in valid state[32m 5[2mms[22m[39m
   [32mÔ£ô[39m StatusIndicator[2m > [22minput validation mode (with isValid)[2m > [22mtruncates error when truncateError is true[32m 6[2mms[22m[39m
   [32mÔ£ô[39m StatusIndicator[2m > [22moutput mode (without isValid)[2m > [22mrenders waiting label when value is empty[32m 17[2mms[22m[39m
   [32mÔ£ô[39m StatusIndicator[2m > [22moutput mode (without isValid)[2m > [22mrenders string error when provided[32m 8[2mms[22m[39m
   [32mÔ£ô[39m StatusIndicator[2m > [22moutput mode (without isValid)[2m > [22mrenders validExtra when value is non-empty and no error[32m 6[2mms[22m[39m
   [32mÔ£ô[39m StatusIndicator[2m > [22moutput mode (without isValid)[2m > [22mrenders valid label when showValidLabel is true[32m 7[2mms[22m[39m
[31m   [31m├ù[31m StatusIndicator[2m > [22moutput mode (without isValid)[2m > [22mhides valid label when showValidLabel is false[39m[32m 41[2mms[22m[39m[33m (retry x1)[39m
[31m     ÔåÆ [2mexpect([22m[31melement[31m[2m).not.toBeInTheDocument()[22m

[31mexpected document not to contain element, found <span
  class="text-green-400 flex items-center gap-1 "
>
  <i
    class="fas fa-check-circle"
  />
   
  JSON v├ílido
</span> instead[31m[39m
[31m     ÔåÆ [2mexpect([22m[31melement[31m[2m).not.toBeInTheDocument()[22m

[31mexpected document not to contain element, found <span
  class="text-green-400 flex items-center gap-1 "
>
  <i
    class="fas fa-check-circle"
  />
   
  JSON v├ílido
</span> instead[31m[39m
   [32mÔ£ô[39m StatusIndicator[2m > [22mwrapper[2m > [22mwraps content in a div when withWrapper is true[32m 4[2mms[22m[39m
   [32mÔ£ô[39m StatusIndicator[2m > [22mwrapper[2m > [22madds flex class when withFlex is true[32m 3[2mms[22m[39m
 [31mÔØ»[39m src/components/common/RadioGroup.test.tsx [2m([22m[2m12 tests[22m[2m | [22m[31m12 failed[39m[2m)[22m[32m 192[2mms[22m[39m
[31m   [31m├ù[31m RadioGroup[2m > [22mshould render all radio options[39m[32m 20[2mms[22m[39m[33m (retry x1)[39m
[31m     ÔåÆ Unable to find a label with the text of: Opci├│n 1

Ignored nodes: comments, script, style
[36m<body />[31m[39m
[31m     ÔåÆ Unable to find a label with the text of: Opci├│n 1

Ignored nodes: comments, script, style
[36m<body />[31m[39m
[31m   [31m├ù[31m RadioGroup[2m > [22mshould select the correct option[39m[32m 12[2mms[22m[39m[33m (retry x1)[39m
[31m     ÔåÆ Unable to find a label with the text of: Opci├│n 2

Ignored nodes: comments, script, style
[36m<body />[31m[39m
[31m     ÔåÆ Unable to find a label with the text of: Opci├│n 2

Ignored nodes: comments, script, style
[36m<body />[31m[39m
[31m   [31m├ù[31m RadioGroup[2m > [22mshould not check unselected options[39m[32m 14[2mms[22m[39m[33m (retry x1)[39m
[31m     ÔåÆ Unable to find a label with the text of: Opci├│n 1

Ignored nodes: comments, script, style
[36m<body />[31m[39m
[31m     ÔåÆ Unable to find a label with the text of: Opci├│n 1

Ignored nodes: comments, script, style
[36m<body />[31m[39m
[31m   [31m├ù[31m RadioGroup[2m > [22mshould call onChange when option is clicked[39m[32m 13[2mms[22m[39m[33m (retry x1)[39m
[31m     ÔåÆ Unable to find a label with the text of: Opci├│n 3

Ignored nodes: comments, script, style
[36m<body />[31m[39m
[31m     ÔåÆ Unable to find a label with the text of: Opci├│n 3

Ignored nodes: comments, script, style
[36m<body />[31m[39m
[31m   [31m├ù[31m RadioGroup[2m > [22mshould use the provided name attribute[39m[32m 22[2mms[22m[39m[33m (retry x1)[39m
[31m     ÔåÆ Unable to find an accessible element with the role "radio"

There are no accessible roles. But there might be some inaccessible roles. If you wish to access them, then set the `hidden` option to `true`. Learn more about this here: https://testing-library.com/docs/dom-testing-library/api-queries#byrole

Ignored nodes: comments, script, style
[36m<body />[31m[39m
[31m     ÔåÆ Unable to find an accessible element with the role "radio"

There are no accessible roles. But there might be some inaccessible roles. If you wish to access them, then set the `hidden` option to `true`. Learn more about this here: https://testing-library.com/docs/dom-testing-library/api-queries#byrole

Ignored nodes: comments, script, style
[36m<body />[31m[39m
[31m   [31m├ù[31m RadioGroup[2m > [22mshould work with single option[39m[32m 18[2mms[22m[39m[33m (retry x1)[39m
[31m     ÔåÆ Unable to find a label with the text of: ├Ünica Opci├│n

Ignored nodes: comments, script, style
[36m<body />[31m[39m
[31m     ÔåÆ Unable to find a label with the text of: ├Ünica Opci├│n

Ignored nodes: comments, script, style
[36m<body />[31m[39m
[31m   [31m├ù[31m RadioGroup[2m > [22mshould render radiogroup role[39m[32m 21[2mms[22m[39m[33m (retry x1)[39m
[31m     ÔåÆ Unable to find an accessible element with the role "radiogroup"

There are no accessible roles. But there might be some inaccessible roles. If you wish to access them, then set the `hidden` option to `true`. Learn more about this here: https://testing-library.com/docs/dom-testing-library/api-queries#byrole

Ignored nodes: comments, script, style
[36m<body />[31m[39m
[31m     ÔåÆ Unable to find an accessible element with the role "radiogroup"

There are no accessible roles. But there might be some inaccessible roles. If you wish to access them, then set the `hidden` option to `true`. Learn more about this here: https://testing-library.com/docs/dom-testing-library/api-queries#byrole

Ignored nodes: comments, script, style
[36m<body />[31m[39m
[31m   [31m├ù[31m RadioGroup[2m > [22mshould apply default blue color classes when color is not provided[39m[32m 15[2mms[22m[39m[33m (retry x1)[39m
[31m     ÔåÆ Unable to find a label with the text of: Opci├│n 1

Ignored nodes: comments, script, style
[36m<body />[31m[39m
[31m     ÔåÆ Unable to find a label with the text of: Opci├│n 1

Ignored nodes: comments, script, style
[36m<body />[31m[39m
[31m   [31m├ù[31m RadioGroup[2m > [22mshould apply custom color classes[39m[32m 14[2mms[22m[39m[33m (retry x1)[39m
[31m     ÔåÆ Unable to find a label with the text of: Opci├│n 1

Ignored nodes: comments, script, style
[36m<body />[31m[39m
[31m     ÔåÆ Unable to find a label with the text of: Opci├│n 1

Ignored nodes: comments, script, style
[36m<body />[31m[39m
[31m   [31m├ù[31m RadioGroup[2m > [22mshould append custom className to container[39m[32m 17[2mms[22m[39m[33m (retry x1)[39m
[31m     ÔåÆ Unable to find an accessible element with the role "radiogroup"

There are no accessible roles. But there might be some inaccessible roles. If you wish to access them, then set the `hidden` option to `true`. Learn more about this here: https://testing-library.com/docs/dom-testing-library/api-queries#byrole

Ignored nodes: comments, script, style
[36m<body />[31m[39m
[31m     ÔåÆ Unable to find an accessible element with the role "radiogroup"

There are no accessible roles. But there might be some inaccessible roles. If you wish to access them, then set the `hidden` option to `true`. Learn more about this here: https://testing-library.com/docs/dom-testing-library/api-queries#byrole

Ignored nodes: comments, script, style
[36m<body />[31m[39m
[31m   [31m├ù[31m RadioGroup[2m > [22mshould update checked option after rerender[39m[32m 17[2mms[22m[39m[33m (retry x1)[39m
[31m     ÔåÆ Unable to find a label with the text of: Opci├│n 1

Ignored nodes: comments, script, style
[36m<body />[31m[39m
[31m     ÔåÆ Unable to find a label with the text of: Opci├│n 1

Ignored nodes: comments, script, style
[36m<body />[31m[39m
[31m   [31m├ù[31m RadioGroup[2m > [22mshould render empty group when options are empty[39m[32m 8[2mms[22m[39m[33m (retry x1)[39m
[31m     ÔåÆ Unable to find an accessible element with the role "radiogroup" and name "grupo-vac├¡o"

There are no accessible roles. But there might be some inaccessible roles. If you wish to access them, then set the `hidden` option to `true`. Learn more about this here: https://testing-library.com/docs/dom-testing-library/api-queries#byrole

Ignored nodes: comments, script, style
[36m<body />[31m[39m
[31m     ÔåÆ Unable to find an accessible element with the role "radiogroup" and name "grupo-vac├¡o"

There are no accessible roles. But there might be some inaccessible roles. If you wish to access them, then set the `hidden` option to `true`. Learn more about this here: https://testing-library.com/docs/dom-testing-library/api-queries#byrole

Ignored nodes: comments, script, style
[36m<body />[31m[39m
[90mstderr[2m | src/services/worker/clientFactory.test.ts[2m > [22m[2mcreateWorkerClient[2m > [22m[2mworker 
onerror rejects all pending requests
[22m[39mWorker reiniciado despu├®s de un error

 [32mÔ£ô[39m src/services/worker/clientFactory.test.ts [2m([22m[2m7 tests[22m[2m)[22m[32m 34[2mms[22m[39m
 [32mÔ£ô[39m src/hooks/useJsonPathHistory.test.ts [2m([22m[2m8 tests[22m[2m)[22m[33m 379[2mms[22m[39m
 [32mÔ£ô[39m src/hooks/useExpandedEditor.test.ts [2m([22m[2m10 tests[22m[2m)[22m[32m 40[2mms[22m[39m
 [31mÔØ»[39m src/components/editor/InputActions.test.tsx [2m([22m[2m8 tests[22m[2m | [22m[31m7 failed[39m[2m)[22m[32m 172[2mms[22m[39m
   [32mÔ£ô[39m InputActions[2m > [22mdoes NOT render the Abrir button when onImportFile is not provided[32m 42[2mms[22m[39m
[31m   [31m├ù[31m InputActions[2m > [22mrenders the Abrir button when onImportFile prop is provided[39m[32m 28[2mms[22m[39m[33m (retry x1)[39m
[31m     ÔåÆ Unable to find an accessible element with the role "button" and name `/Importar archivo/i`

There are no accessible roles. But there might be some inaccessible roles. If you wish to access them, then set the `hidden` option to `true`. Learn more about this here: https://testing-library.com/docs/dom-testing-library/api-queries#byrole

Ignored nodes: comments, script, style
[36m<body>[31m
  [36m<div />[31m
[36m</body>[31m[39m
[31m     ÔåÆ Unable to find an accessible element with the role "button" and name `/Importar archivo/i`

There are no accessible roles. But there might be some inaccessible roles. If you wish to access them, then set the `hidden` option to `true`. Learn more about this here: https://testing-library.com/docs/dom-testing-library/api-queries#byrole

Ignored nodes: comments, script, style
[36m<body>[31m
  [36m<div />[31m
[36m</body>[31m[39m
[31m   [31m├ù[31m InputActions[2m > [22mrenders a hidden file input with the correct accept attribute when onImportFile is provided[39m[32m 20[2mms[22m[39m[33m (retry x1)[39m
[31m     ÔåÆ expected null not to be null[39m
[31m     ÔåÆ expected null not to be null[39m
[31m   [31m├ù[31m InputActions[2m > [22mclicking Abrir triggers a click on the hidden file input[39m[32m 17[2mms[22m[39m[33m (retry x1)[39m
[31m     ÔåÆ Cannot convert undefined or null to object[39m
[31m     ÔåÆ Cannot convert undefined or null to object[39m
[31m   [31m├ù[31m InputActions[2m > [22monChange on the file input calls onImportFile with the selected file[39m[32m 15[2mms[22m[39m[33m (retry x1)[39m
[31m     ÔåÆ Object.defineProperty called on non-object[39m
[31m     ÔåÆ Object.defineProperty called on non-object[39m
[31m   [31m├ù[31m InputActions[2m > [22mresets e.target.value after file selection[39m[32m 15[2mms[22m[39m[33m (retry x1)[39m
[31m     ÔåÆ Object.defineProperty called on non-object[39m
[31m     ÔåÆ Object.defineProperty called on non-object[39m
[31m   [31m├ù[31m InputActions[2m > [22mdoes not call onImportFile when no file is selected (cancelled picker)[39m[32m 11[2mms[22m[39m[33m (retry x1)[39m
[31m     ÔåÆ Object.defineProperty called on non-object[39m
[31m     ÔåÆ Object.defineProperty called on non-object[39m
[31m   [31m├ù[31m InputActions[2m > [22malways renders Limpiar, Ejemplo, Descargar, and expand buttons[39m[32m 25[2mms[22m[39m[33m (retry x1)[39m
[31m     ÔåÆ Unable to find an accessible element with the role "button" and name `/Limpiar/i`

There are no accessible roles. But there might be some inaccessible roles. If you wish to access them, then set the `hidden` option to `true`. Learn more about this here: https://testing-library.com/docs/dom-testing-library/api-queries#byrole

Ignored nodes: comments, script, style
[36m<body>[31m
  [36m<div />[31m
[36m</body>[31m[39m
[31m     ÔåÆ Unable to find an accessible element with the role "button" and name `/Limpiar/i`

There are no accessible roles. But there might be some inaccessible roles. If you wish to access them, then set the `hidden` option to `true`. Learn more about this here: https://testing-library.com/docs/dom-testing-library/api-queries#byrole

Ignored nodes: comments, script, style
[36m<body>[31m
  [36m<div />[31m
[36m</body>[31m[39m
 [32mÔ£ô[39m src/utils/createTransformHandler.test.ts [2m([22m[2m7 tests[22m[2m)[22m[32m 8[2mms[22m[39m
 [31mÔØ»[39m src/components/common/EditorFooter.test.tsx [2m([22m[2m7 tests[22m[2m | [22m[31m1 failed[39m[2m)[22m[32m 97[2mms[22m[39m
   [32mÔ£ô[39m EditorFooter[2m > [22minput variant[2m > [22mrenders waiting label when input is empty[32m 17[2mms[22m[39m
   [32mÔ£ô[39m EditorFooter[2m > [22minput variant[2m > [22mrenders valid label with stats when input is valid[32m 29[2mms[22m[39m
   [32mÔ£ô[39m EditorFooter[2m > [22minput variant[2m > [22mrenders error message when input is invalid[32m 7[2mms[22m[39m
   [32mÔ£ô[39m EditorFooter[2m > [22minput variant[2m > [22mrenders warning when provided[32m 7[2mms[22m[39m
[31m   [31m├ù[31m EditorFooter[2m > [22moutput variant[2m > [22mrenders waiting message when output is empty[39m[32m 23[2mms[22m[39m[33m (retry x1)[39m
[31m     ÔåÆ Unable to find an element with the text: Procesando.... This could be because the text is broken up by multiple elements. In this case, you can provide a function for your text matcher to make your matcher more flexible.

Ignored nodes: comments, script, style
[36m<body>[31m
  [36m<div>[31m
    [36m<div[31m
      [33mclass[31m=[32m"text-xs h-4 flex items-center gap-1"[31m
    [36m>[31m
      [36m<span[31m
        [33mclass[31m=[32m"text-gray-400 "[31m
      [36m>[31m
        [0mEsperando CSS...[0m
      [36m</span>[31m
    [36m</div>[31m
  [36m</div>[31m
  [36m<div>[31m
    [36m<div[31m
      [33mclass[31m=[32m"text-xs h-4 flex items-center gap-1"[31m
    [36m>[31m
      [36m<span[31m
        [33mclass[31m=[32m"text-green-400 flex items-center gap-1 "[31m
      [36m>[31m
        [36m<i[31m
          [33mclass[31m=[32m"fas fa-check-circle"[31m
        [36m/>[31m
        [0m [0m
        [0mCSS v├ílido[0m
        [36m<span[31m
          [33mclass[31m=[32m"text-gray-400"[31m
        [36m>[31m
          [0m┬À [0m
          [0m5[0m
          [0m l├¡neas ┬À [0m
          [0m120[0m
          [0m caracteres ┬À [0m
          [0m120[0m
          [0m bytes[0m
        [36m</span>[31m
      [36m</span>[31m
    [36m</div>[31m
  [36m</div>[31m
  [36m<div>[31m
    [36m<div[31m
      [33mclass[31m=[32m"text-xs h-4 flex items-center gap-1"[31m
    [36m>[31m
      [36m<span[31m
        [33mclass[31m=[32m"text-red-400 flex items-center gap-1 "[31m
      [36m>[31m
        [36m<i[31m
          [33mclass[31m=[32m"fas fa-exclamation-circle"[31m
        [36m/>[31m
        [0m [0m
        [0mSyntax error[0m
      [36m</span>[31m
    [36m</div>[31m
  [36m</div>[31m
  [36m<div>[31m
    [36m<div[31m
      [33mclass[31m=[32m"text-xs h-4 flex items-center gap-1"[31m
    [36m>[31m
      [36m<span[31m
        [33mclass[31m=[32m"text-green-400 flex items-center gap-1 "[31m
      [36m>[31m
        [36m<i[31m
          [33mclass[31m=[32m"fas fa-check-circle"[31m
        [36m/>[31m
        [0m [0m
        [0mCSS v├ílido[0m
        [36m<span[31m
          [33mclass[31m=[32m"text-gray-400"[31m
        [36m>[31m
          [0m┬À [0m
          [0m5[0m
          [0m l├¡neas ┬À [0m
          [0m120[0m
          [0m caracteres ┬À [0m
          [0m120[0m
          [0m bytes[0m
        [36m</span>[31m
        [36m<span[31m
          [33mclass[31m=[32m"text-amber-400 ml-2 truncate"[31m
        [36m>[31m
          [0mInput truncated[0m
        [36m</span>[31m
      [36m</span>[31m
    [36m</div>[31m
  [36m</div>[31m
  [36m<div>[31m
    [36m<div[31m
      [33mclass[31m=[32m"text-xs h-4 flex items-center gap-1"[31m
    [36m>[31m
      [36m<span[31m
        [33mclass[31m=[32m"text-yellow-400 flex items-center gap-1"[31m
      [36m>[31m
        [36m<i[31m
          [33maria-hidden[31m=[32m"true"[31m
          [33mclass[31m=[32m"fas fa-spinner fa-spin"[31m
        [36m/>[31m
        [0m [0m
        [0mcommon.processing[0m
      [36m</span>[31m
    [36m</div>[31m
  [36m</div>[31m
[36m</body>[31m[39m
[31m     ÔåÆ Unable to find an element with the text: Procesando.... This could be because the text is broken up by multiple elements. In this case, you can provide a function for your text matcher to make your matcher more flexible.

Ignored nodes: comments, script, style
[36m<body>[31m
  [36m<div>[31m
    [36m<div[31m
      [33mclass[31m=[32m"text-xs h-4 flex items-center gap-1"[31m
    [36m>[31m
      [36m<span[31m
        [33mclass[31m=[32m"text-gray-400 "[31m
      [36m>[31m
        [0mEsperando CSS...[0m
      [36m</span>[31m
    [36m</div>[31m
  [36m</div>[31m
  [36m<div>[31m
    [36m<div[31m
      [33mclass[31m=[32m"text-xs h-4 flex items-center gap-1"[31m
    [36m>[31m
      [36m<span[31m
        [33mclass[31m=[32m"text-green-400 flex items-center gap-1 "[31m
      [36m>[31m
        [36m<i[31m
          [33mclass[31m=[32m"fas fa-check-circle"[31m
        [36m/>[31m
        [0m [0m
        [0mCSS v├ílido[0m
        [36m<span[31m
          [33mclass[31m=[32m"text-gray-400"[31m
        [36m>[31m
          [0m┬À [0m
          [0m5[0m
          [0m l├¡neas ┬À [0m
          [0m120[0m
          [0m caracteres ┬À [0m
          [0m120[0m
          [0m bytes[0m
        [36m</span>[31m
      [36m</span>[31m
    [36m</div>[31m
  [36m</div>[31m
  [36m<div>[31m
    [36m<div[31m
      [33mclass[31m=[32m"text-xs h-4 flex items-center gap-1"[31m
    [36m>[31m
      [36m<span[31m
        [33mclass[31m=[32m"text-red-400 flex items-center gap-1 "[31m
      [36m>[31m
        [36m<i[31m
          [33mclass[31m=[32m"fas fa-exclamation-circle"[31m
        [36m/>[31m
        [0m [0m
        [0mSyntax error[0m
      [36m</span>[31m
    [36m</div>[31m
  [36m</div>[31m
  [36m<div>[31m
    [36m<div[31m
      [33mclass[31m=[32m"text-xs h-4 flex items-center gap-1"[31m
    [36m>[31m
      [36m<span[31m
        [33mclass[31m=[32m"text-green-400 flex items-center gap-1 "[31m
      [36m>[31m
        [36m<i[31m
          [33mclass[31m=[32m"fas fa-check-circle"[31m
        [36m/>[31m
        [0m [0m
        [0mCSS v├ílido[0m
        [36m<span[31m
          [33mclass[31m=[32m"text-gray-400"[31m
        [36m>[31m
          [0m┬À [0m
          [0m5[0m
          [0m l├¡neas ┬À [0m
          [0m120[0m
          [0m caracteres ┬À [0m
          [0m120[0m
          [0m bytes[0m
        [36m</span>[31m
        [36m<span[31m
          [33mclass[31m=[32m"text-amber-400 ml-2 truncate"[31m
        [36m>[31m
          [0mInput truncated[0m
        [36m</span>[31m
      [36m</span>[31m
    [36m</div>[31m
  [36m</div>[31m
  [36m<div>[31m
    [36m<div[31m
      [33mclass[31m=[32m"text-xs h-4 flex items-center gap-1"[31m
    [36m>[31m
      [36m<span[31m
        [33mclass[31m=[32m"text-yellow-400 flex items-center gap-1"[31m
      [36m>[31m
        [36m<i[31m
          [33maria-hidden[31m=[32m"true"[31m
          [33mclass[31m=[32m"fas fa-spinner fa-spin"[31m
        [36m/>[31m
        [0m [0m
        [0mcommon.processing[0m
      [36m</span>[31m
    [36m</div>[31m
  [36m</div>[31m
  [36m<div>[31m
    [36m<div[31m
      [33mclass[31m=[32m"text-xs h-4 flex items-center gap-1"[31m
    [36m>[31m
      [36m<span[31m
        [33mclass[31m=[32m"text-yellow-400 flex items-center gap-1"[31m
      [36m>[31m
        [36m<i[31m
          [33maria-hidden[31m=[32m"true"[31m
          [33mclass[31m=[32m"fas fa-spinner fa-spin"[31m
        [36m/>[31m
        [0m [0m
        [0mcommon.processing[0m
      [36m</span>[31m
    [36m</div>[31m
  [36m</div>[31m
[36m</body>[31m[39m
   [32mÔ£ô[39m EditorFooter[2m > [22moutput variant[2m > [22mrenders error message when error is present[32m 6[2mms[22m[39m
   [32mÔ£ô[39m EditorFooter[2m > [22moutput variant[2m > [22mrenders stats with comparison when output has content[32m 7[2mms[22m[39m
 [31mÔØ»[39m src/playgrounds/colors/ColorsPlayground.test.tsx [2m([22m[2m7 tests[22m[2m | [22m[31m7 failed[39m[2m)[22m[32m 219[2mms[22m[39m
[31m   [31m├ù[31m ColorsPlayground[2m > [22mrenders with default color and example input[39m[32m 48[2mms[22m[39m[33m (retry x1)[39m
[31m     ÔåÆ Unable to find an element with the placeholder text of: /HEX, RGB, HSL/i

Ignored nodes: comments, script, style
[36m<body />[31m[39m
[31m     ÔåÆ Unable to find an element with the placeholder text of: /HEX, RGB, HSL/i

Ignored nodes: comments, script, style
[36m<body />[31m[39m
[31m   [31m├ù[31m ColorsPlayground[2m > [22mupdates color when input changes to valid hex[39m[32m 25[2mms[22m[39m[33m (retry x1)[39m
[31m     ÔåÆ Unable to find an element with the placeholder text of: /HEX, RGB, HSL/i

Ignored nodes: comments, script, style
[36m<body />[31m[39m
[31m     ÔåÆ Unable to find an element with the placeholder text of: /HEX, RGB, HSL/i

Ignored nodes: comments, script, style
[36m<body />[31m[39m
[31m   [31m├ù[31m ColorsPlayground[2m > [22mshows format values when valid color is entered[39m[32m 24[2mms[22m[39m[33m (retry x1)[39m
[31m     ÔåÆ Unable to find an element with the placeholder text of: /HEX, RGB, HSL/i

Ignored nodes: comments, script, style
[36m<body />[31m[39m
[31m     ÔåÆ Unable to find an element with the placeholder text of: /HEX, RGB, HSL/i

Ignored nodes: comments, script, style
[36m<body />[31m[39m
[31m   [31m├ù[31m ColorsPlayground[2m > [22mcopies format value to clipboard when copy button is clicked[39m[32m 29[2mms[22m[39m[33m (retry x1)[39m
[31m     ÔåÆ Unable to find an element with the placeholder text of: /HEX, RGB, HSL/i

Ignored nodes: comments, script, style
[36m<body />[31m[39m
[31m     ÔåÆ Unable to find an element with the placeholder text of: /HEX, RGB, HSL/i

Ignored nodes: comments, script, style
[36m<body />[31m[39m
[31m   [31m├ù[31m ColorsPlayground[2m > [22mhandles invalid color input gracefully[39m[32m 29[2mms[22m[39m[33m (retry x1)[39m
[31m     ÔåÆ Unable to find an element with the placeholder text of: /HEX, RGB, HSL/i

Ignored nodes: comments, script, style
[36m<body />[31m[39m
[31m     ÔåÆ Unable to find an element with the placeholder text of: /HEX, RGB, HSL/i

Ignored nodes: comments, script, style
[36m<body />[31m[39m
[31m   [31m├ù[31m ColorsPlayground[2m > [22mrenders color picker component[39m[32m 24[2mms[22m[39m[33m (retry x1)[39m
[31m     ÔåÆ Unable to find an element by: [data-testid="color-picker"]

Ignored nodes: comments, script, style
[36m<body />[31m[39m
[31m     ÔåÆ Unable to find an element by: [data-testid="color-picker"]

Ignored nodes: comments, script, style
[36m<body />[31m[39m
[31m   [31m├ù[31m ColorsPlayground[2m > [22mupdates color when picker changes[39m[32m 39[2mms[22m[39m[33m (retry x1)[39m
[31m     ÔåÆ Unable to find an element by: [data-testid="color-picker"]

Ignored nodes: comments, script, style
[36m<body />[31m[39m
[31m     ÔåÆ Unable to find an element by: [data-testid="color-picker"]

Ignored nodes: comments, script, style
[36m<body />[31m[39m
 [31mÔØ»[39m src/playgrounds/timestamp/TimestampPlayground.test.tsx [2m([22m[2m8 tests[22m[2m | [22m[31m8 failed[39m[2m)[22m[33m 563[2mms[22m[39m
[31m   [31m├ù[31m TimestampPlayground[2m > [22mrenders with example timestamp[39m[32m 76[2mms[22m[39m[33m (retry x1)[39m
[31m     ÔåÆ Unable to find an element with the placeholder text of: /Unix timestamp o fecha/i

Ignored nodes: comments, script, style
[36m<body />[31m[39m
[31m     ÔåÆ Unable to find an element with the placeholder text of: /Unix timestamp o fecha/i

Ignored nodes: comments, script, style
[36m<body />[31m[39m
[31m   [31m├ù[31m TimestampPlayground[2m > [22mrenders convert button[39m[32m 65[2mms[22m[39m[33m (retry x1)[39m
[31m     ÔåÆ Unable to find an accessible element with the role "button" and name `/Convertir/i`

There are no accessible roles. But there might be some inaccessible roles. If you wish to access them, then set the `hidden` option to `true`. Learn more about this here: https://testing-library.com/docs/dom-testing-library/api-queries#byrole

Ignored nodes: comments, script, style
[36m<body />[31m[39m
[31m     ÔåÆ Unable to find an accessible element with the role "button" and name `/Convertir/i`

There are no accessible roles. But there might be some inaccessible roles. If you wish to access them, then set the `hidden` option to `true`. Learn more about this here: https://testing-library.com/docs/dom-testing-library/api-queries#byrole

Ignored nodes: comments, script, style
[36m<body />[31m[39m
[31m   [31m├ù[31m TimestampPlayground[2m > [22mrenders now button[39m[32m 81[2mms[22m[39m[33m (retry x1)[39m
[31m     ÔåÆ Unable to find an accessible element with the role "button" and name `/Ahora/i`

There are no accessible roles. But there might be some inaccessible roles. If you wish to access them, then set the `hidden` option to `true`. Learn more about this here: https://testing-library.com/docs/dom-testing-library/api-queries#byrole

Ignored nodes: comments, script, style
[36m<body />[31m[39m
[31m     ÔåÆ Unable to find an accessible element with the role "button" and name `/Ahora/i`

There are no accessible roles. But there might be some inaccessible roles. If you wish to access them, then set the `hidden` option to `true`. Learn more about this here: https://testing-library.com/docs/dom-testing-library/api-queries#byrole

Ignored nodes: comments, script, style
[36m<body />[31m[39m
[31m   [31m├ù[31m TimestampPlayground[2m > [22mrenders clear button[39m[32m 55[2mms[22m[39m[33m (retry x1)[39m
[31m     ÔåÆ Unable to find an accessible element with the role "button" and name `/Limpiar/i`

There are no accessible roles. But there might be some inaccessible roles. If you wish to access them, then set the `hidden` option to `true`. Learn more about this here: https://testing-library.com/docs/dom-testing-library/api-queries#byrole

Ignored nodes: comments, script, style
[36m<body />[31m[39m
[31m     ÔåÆ Unable to find an accessible element with the role "button" and name `/Limpiar/i`

There are no accessible roles. But there might be some inaccessible roles. If you wish to access them, then set the `hidden` option to `true`. Learn more about this here: https://testing-library.com/docs/dom-testing-library/api-queries#byrole

Ignored nodes: comments, script, style
[36m<body />[31m[39m
[31m   [31m├ù[31m TimestampPlayground[2m > [22mrenders timezone selector[39m[32m 59[2mms[22m[39m[33m (retry x1)[39m
[31m     ÔåÆ Unable to find an element with the text: /Zona horaria:/i. This could be because the text is broken up by multiple elements. In this case, you can provide a function for your text matcher to make your matcher more flexible.

Ignored nodes: comments, script, style
[36m<body />[31m[39m
[31m     ÔåÆ Unable to find an element with the text: /Zona horaria:/i. This could be because the text is broken up by multiple elements. In this case, you can provide a function for your text matcher to make your matcher more flexible.

Ignored nodes: comments, script, style
[36m<body />[31m[39m
[31m   [31m├ù[31m TimestampPlayground[2m > [22mconverts valid timestamp when convert button is clicked[39m[32m 73[2mms[22m[39m[33m (retry x1)[39m
[31m     ÔåÆ Unable to find an element with the placeholder text of: /Unix timestamp o fecha/i

Ignored nodes: comments, script, style
[36m<body />[31m[39m
[31m     ÔåÆ Unable to find an element with the placeholder text of: /Unix timestamp o fecha/i

Ignored nodes: comments, script, style
[36m<body />[31m[39m
[31m   [31m├ù[31m TimestampPlayground[2m > [22mshows current timestamp when now button is clicked[39m[32m 81[2mms[22m[39m[33m (retry x1)[39m
[31m     ÔåÆ Unable to find an accessible element with the role "button" and name `/Ahora/i`

There are no accessible roles. But there might be some inaccessible roles. If you wish to access them, then set the `hidden` option to `true`. Learn more about this here: https://testing-library.com/docs/dom-testing-library/api-queries#byrole

Ignored nodes: comments, script, style
[36m<body />[31m[39m
[31m     ÔåÆ Unable to find an accessible element with the role "button" and name `/Ahora/i`

There are no accessible roles. But there might be some inaccessible roles. If you wish to access them, then set the `hidden` option to `true`. Learn more about this here: https://testing-library.com/docs/dom-testing-library/api-queries#byrole

Ignored nodes: comments, script, style
[36m<body />[31m[39m
[31m   [31m├ù[31m TimestampPlayground[2m > [22mclears input when clear button is clicked[39m[32m 73[2mms[22m[39m[33m (retry x1)[39m
[31m     ÔåÆ Unable to find an element with the placeholder text of: /Unix timestamp o fecha/i

Ignored nodes: comments, script, style
[36m<body />[31m[39m
[31m     ÔåÆ Unable to find an element with the placeholder text of: /Unix timestamp o fecha/i

Ignored nodes: comments, script, style
[36m<body />[31m[39m
 [31mÔØ»[39m src/hooks/useFocusTrap.test.tsx [2m([22m[2m7 tests[22m[2m | [22m[31m6 failed[39m[2m)[22m[32m 81[2mms[22m[39m
[31m   [31m├ù[31m useFocusTrap[2m > [22mshould focus first focusable element when activated[39m[32m 16[2mms[22m[39m[33m (retry x1)[39m
[31m     ÔåÆ Unable to find an element by: [data-testid="first-button"]

Ignored nodes: comments, script, style
[36m<body />[31m[39m
[31m     ÔåÆ Unable to find an element by: [data-testid="first-button"]

Ignored nodes: comments, script, style
[36m<body />[31m[39m
[31m   [31m├ù[31m useFocusTrap[2m > [22mshould not focus when inactive[39m[32m 9[2mms[22m[39m[33m (retry x1)[39m
[31m     ÔåÆ Unable to find an element by: [data-testid="first-button"]

Ignored nodes: comments, script, style
[36m<body />[31m[39m
[31m     ÔåÆ Unable to find an element by: [data-testid="first-button"]

Ignored nodes: comments, script, style
[36m<body />[31m[39m
[31m   [31m├ù[31m useFocusTrap[2m > [22mshould trap Tab to first element when at last[39m[32m 12[2mms[22m[39m[33m (retry x1)[39m
[31m     ÔåÆ Unable to find an element by: [data-testid="first-button"]

Ignored nodes: comments, script, style
[36m<body />[31m[39m
[31m     ÔåÆ Unable to find an element by: [data-testid="first-button"]

Ignored nodes: comments, script, style
[36m<body />[31m[39m
[31m   [31m├ù[31m useFocusTrap[2m > [22mshould trap Shift+Tab to last element when at first[39m[32m 13[2mms[22m[39m[33m (retry x1)[39m
[31m     ÔåÆ Unable to find an element by: [data-testid="first-button"]

Ignored nodes: comments, script, style
[36m<body />[31m[39m
[31m     ÔåÆ Unable to find an element by: [data-testid="first-button"]

Ignored nodes: comments, script, style
[36m<body />[31m[39m
[31m   [31m├ù[31m useFocusTrap[2m > [22mshould not trap non-Tab keys[39m[32m 11[2mms[22m[39m[33m (retry x1)[39m
[31m     ÔåÆ Unable to find an element by: [data-testid="trap-container"]

Ignored nodes: comments, script, style
[36m<body />[31m[39m
[31m     ÔåÆ Unable to find an element by: [data-testid="trap-container"]

Ignored nodes: comments, script, style
[36m<body />[31m[39m
[31m   [31m├ù[31m useFocusTrap[2m > [22mshould handle single focusable element[39m[32m 12[2mms[22m[39m[33m (retry x1)[39m
[31m     ÔåÆ Unable to find an element by: [data-testid="single-button"]

Ignored nodes: comments, script, style
[36m<body />[31m[39m
[31m     ÔåÆ Unable to find an element by: [data-testid="single-button"]

Ignored nodes: comments, script, style
[36m<body />[31m[39m
   [32mÔ£ô[39m useFocusTrap[2m > [22mshould handle unmounting[32m 8[2mms[22m[39m
 [32mÔ£ô[39m src/hooks/useCssPlaygroundActions.test.ts [2m([22m[2m3 tests[22m[2m)[22m[32m 170[2mms[22m[39m
 [31mÔØ»[39m src/playgrounds/json/JsonPlayground.test.tsx [2m([22m[2m2 tests[22m[2m | [22m[31m2 failed[39m[2m)[22m[32m 128[2mms[22m[39m
[31m   [31m├ù[31m JsonPlayground[2m > [22mrenders with example input by default[39m[32m 54[2mms[22m[39m[33m (retry x1)[39m
[31m     ÔåÆ Unable to find an element by: [data-testid="input-editor"]

Ignored nodes: comments, script, style
[36m<body />[31m[39m
[31m     ÔåÆ Unable to find an element by: [data-testid="input-editor"]

Ignored nodes: comments, script, style
[36m<body />[31m[39m
[31m   [31m├ù[31m JsonPlayground[2m > [22mrenders with saved JSON from localStorage[39m[32m 73[2mms[22m[39m[33m (retry x1)[39m
[31m     ÔåÆ Unable to find an element by: [data-testid="input-editor"]

Ignored nodes: comments, script, style
[36m<body />[31m[39m
[31m     ÔåÆ Unable to find an element by: [data-testid="input-editor"]

Ignored nodes: comments, script, style
[36m<body />[31m[39m
 [31mÔØ»[39m src/playgrounds/html/HtmlPlayground.test.tsx [2m([22m[2m3 tests[22m[2m | [22m[31m3 failed[39m[2m)[22m[32m 110[2mms[22m[39m
[31m   [31m├ù[31m HtmlPlayground[2m > [22mrenders the example HTML by default[39m[32m 53[2mms[22m[39m[33m (retry x1)[39m
[31m     ÔåÆ Unable to find an accessible element with the role "textbox"

There are no accessible roles. But there might be some inaccessible roles. If you wish to access them, then set the `hidden` option to `true`. Learn more about this here: https://testing-library.com/docs/dom-testing-library/api-queries#byrole

Ignored nodes: comments, script, style
[36m<body />[31m[39m
[31m     ÔåÆ Unable to find an accessible element with the role "textbox"

There are no accessible roles. But there might be some inaccessible roles. If you wish to access them, then set the `hidden` option to `true`. Learn more about this here: https://testing-library.com/docs/dom-testing-library/api-queries#byrole

Ignored nodes: comments, script, style
[36m<body />[31m[39m
[31m   [31m├ù[31m HtmlPlayground[2m > [22mtoggles HTML preview and shows DOM inspection[39m[32m 27[2mms[22m[39m[33m (retry x1)[39m
[31m     ÔåÆ Unable to find a label with the text of: Ver vista previa

Ignored nodes: comments, script, style
[36m<body />[31m[39m
[31m     ÔåÆ Unable to find a label with the text of: Ver vista previa

Ignored nodes: comments, script, style
[36m<body />[31m[39m
[31m   [31m├ù[31m HtmlPlayground[2m > [22mformats and minifies input HTML[39m[32m 30[2mms[22m[39m[33m (retry x1)[39m
[31m     ÔåÆ Unable to find an accessible element with the role "textbox"

There are no accessible roles. But there might be some inaccessible roles. If you wish to access them, then set the `hidden` option to `true`. Learn more about this here: https://testing-library.com/docs/dom-testing-library/api-queries#byrole

Ignored nodes: comments, script, style
[36m<body />[31m[39m
[31m     ÔåÆ Unable to find an accessible element with the role "textbox"

There are no accessible roles. But there might be some inaccessible roles. If you wish to access them, then set the `hidden` option to `true`. Learn more about this here: https://testing-library.com/docs/dom-testing-library/api-queries#byrole

Ignored nodes: comments, script, style
[36m<body />[31m[39m
 [32mÔ£ô[39m src/hooks/useMergedConfigState.test.ts [2m([22m[2m8 tests[22m[2m)[22m[32m 202[2mms[22m[39m
 [31mÔØ»[39m src/playgrounds/css/CssPlayground.test.tsx [2m([22m[2m2 tests[22m[2m | [22m[31m2 failed[39m[2m)[22m[32m 95[2mms[22m[39m
[31m   [31m├ù[31m CssPlayground[2m > [22mrenders the example CSS by default[39m[32m 63[2mms[22m[39m[33m (retry x1)[39m
[31m     ÔåÆ Unable to find an accessible element with the role "textbox"

There are no accessible roles. But there might be some inaccessible roles. If you wish to access them, then set the `hidden` option to `true`. Learn more about this here: https://testing-library.com/docs/dom-testing-library/api-queries#byrole

Ignored nodes: comments, script, style
[36m<body />[31m[39m
[31m     ÔåÆ Unable to find an accessible element with the role "textbox"

There are no accessible roles. But there might be some inaccessible roles. If you wish to access them, then set the `hidden` option to `true`. Learn more about this here: https://testing-library.com/docs/dom-testing-library/api-queries#byrole

Ignored nodes: comments, script, style
[36m<body />[31m[39m
[31m   [31m├ù[31m CssPlayground[2m > [22mformats and minifies input CSS[39m[32m 32[2mms[22m[39m[33m (retry x1)[39m
[31m     ÔåÆ Unable to find an accessible element with the role "textbox"

There are no accessible roles. But there might be some inaccessible roles. If you wish to access them, then set the `hidden` option to `true`. Learn more about this here: https://testing-library.com/docs/dom-testing-library/api-queries#byrole

Ignored nodes: comments, script, style
[36m<body />[31m[39m
[31m     ÔåÆ Unable to find an accessible element with the role "textbox"

There are no accessible roles. But there might be some inaccessible roles. If you wish to access them, then set the `hidden` option to `true`. Learn more about this here: https://testing-library.com/docs/dom-testing-library/api-queries#byrole

Ignored nodes: comments, script, style
[36m<body />[31m[39m
 [32mÔ£ô[39m src/hooks/useTextStats.test.ts [2m([22m[2m10 tests[22m[2m)[22m[32m 17[2mms[22m[39m
 [32mÔ£ô[39m src/hooks/useModalState.test.ts [2m([22m[2m9 tests[22m[2m)[22m[32m 24[2mms[22m[39m
 [32mÔ£ô[39m src/hooks/useJsonParser.test.ts [2m([22m[2m10 tests[22m[2m)[22m[33m 733[2mms[22m[39m
 [31mÔØ»[39m src/components/editor/EditorTabBar.test.tsx [2m([22m[2m5 tests[22m[2m | [22m[31m4 failed[39m[2m)[22m[32m 37[2mms[22m[39m
   [32mÔ£ô[39m EditorTabBar[2m > [22mrenders with sm:hidden wrapper class[32m 12[2mms[22m[39m
[31m   [31m├ù[31m EditorTabBar[2m > [22mactive tab has aria-selected=true and inactive tab has aria-selected=false[39m[32m 7[2mms[22m[39m[33m (retry x1)[39m
[31m     ÔåÆ Unable to find an accessible element with the role "tab"

There are no accessible roles. But there might be some inaccessible roles. If you wish to access them, then set the `hidden` option to `true`. Learn more about this here: https://testing-library.com/docs/dom-testing-library/api-queries#byrole

Ignored nodes: comments, script, style
[36m<body />[31m[39m
[31m     ÔåÆ Unable to find an accessible element with the role "tab"

There are no accessible roles. But there might be some inaccessible roles. If you wish to access them, then set the `hidden` option to `true`. Learn more about this here: https://testing-library.com/docs/dom-testing-library/api-queries#byrole

Ignored nodes: comments, script, style
[36m<body />[31m[39m
[31m   [31m├ù[31m EditorTabBar[2m > [22mclicking the inactive output tab calls onTabChange with 'output'[39m[32m 6[2mms[22m[39m[33m (retry x1)[39m
[31m     ÔåÆ Unable to find an accessible element with the role "tab"

There are no accessible roles. But there might be some inaccessible roles. If you wish to access them, then set the `hidden` option to `true`. Learn more about this here: https://testing-library.com/docs/dom-testing-library/api-queries#byrole

Ignored nodes: comments, script, style
[36m<body />[31m[39m
[31m     ÔåÆ Unable to find an accessible element with the role "tab"

There are no accessible roles. But there might be some inaccessible roles. If you wish to access them, then set the `hidden` option to `true`. Learn more about this here: https://testing-library.com/docs/dom-testing-library/api-queries#byrole

Ignored nodes: comments, script, style
[36m<body />[31m[39m
[31m   [31m├ù[31m EditorTabBar[2m > [22mArrowRight key on input tab calls onTabChange with 'output'[39m[32m 6[2mms[22m[39m[33m (retry x1)[39m
[31m     ÔåÆ Unable to find an accessible element with the role "tab"

There are no accessible roles. But there might be some inaccessible roles. If you wish to access them, then set the `hidden` option to `true`. Learn more about this here: https://testing-library.com/docs/dom-testing-library/api-queries#byrole

Ignored nodes: comments, script, style
[36m<body />[31m[39m
[31m     ÔåÆ Unable to find an accessible element with the role "tab"

There are no accessible roles. But there might be some inaccessible roles. If you wish to access them, then set the `hidden` option to `true`. Learn more about this here: https://testing-library.com/docs/dom-testing-library/api-queries#byrole

Ignored nodes: comments, script, style
[36m<body />[31m[39m
[31m   [31m├ù[31m EditorTabBar[2m > [22mArrowLeft key on output tab calls onTabChange with 'input'[39m[32m 6[2mms[22m[39m[33m (retry x1)[39m
[31m     ÔåÆ Unable to find an accessible element with the role "tab"

There are no accessible roles. But there might be some inaccessible roles. If you wish to access them, then set the `hidden` option to `true`. Learn more about this here: https://testing-library.com/docs/dom-testing-library/api-queries#byrole

Ignored nodes: comments, script, style
[36m<body />[31m[39m
[31m     ÔåÆ Unable to find an accessible element with the role "tab"

There are no accessible roles. But there might be some inaccessible roles. If you wish to access them, then set the `hidden` option to `true`. Learn more about this here: https://testing-library.com/docs/dom-testing-library/api-queries#byrole

Ignored nodes: comments, script, style
[36m<body />[31m[39m
 [32mÔ£ô[39m src/services/html/worker.test.ts [2m([22m[2m6 tests[22m[2m)[22m[32m 8[2mms[22m[39m
 [31mÔØ»[39m src/components/common/__tests__/OfflineBanner.test.tsx [2m([22m[2m4 tests[22m[2m | [22m[31m2 failed[39m[2m)[22m[32m 75[2mms[22m[39m
   [32mÔ£ô[39m OfflineBanner[2m > [22mrenders nothing when online[32m 37[2mms[22m[39m
   [32mÔ£ô[39m OfflineBanner[2m > [22mrenders offline message when offline[32m 11[2mms[22m[39m
[31m   [31m├ù[31m OfflineBanner[2m > [22mshows banner when going offline[39m[32m 14[2mms[22m[39m[33m (retry x1)[39m
[31m     ÔåÆ Unable to find an accessible element with the role "status"

There are no accessible roles. But there might be some inaccessible roles. If you wish to access them, then set the `hidden` option to `true`. Learn more about this here: https://testing-library.com/docs/dom-testing-library/api-queries#byrole

Ignored nodes: comments, script, style
[36m<body>[31m
  [36m<div />[31m
[36m</body>[31m[39m
[31m     ÔåÆ Unable to find an accessible element with the role "status"

There are no accessible roles. But there might be some inaccessible roles. If you wish to access them, then set the `hidden` option to `true`. Learn more about this here: https://testing-library.com/docs/dom-testing-library/api-queries#byrole

Ignored nodes: comments, script, style
[36m<body>[31m
  [36m<div />[31m
[36m</body>[31m[39m
[31m   [31m├ù[31m OfflineBanner[2m > [22mhides banner when coming back online[39m[32m 13[2mms[22m[39m[33m (retry x1)[39m
[31m     ÔåÆ expected 1 to be +0 // Object.is equality[39m
[31m     ÔåÆ expected 1 to be +0 // Object.is equality[39m
 [31mÔØ»[39m src/components/common/ErrorBoundary.test.tsx [2m([22m[2m5 tests[22m[2m | [22m[31m4 failed[39m[2m)[22m[32m 65[2mms[22m[39m
[31m   [31m├ù[31m ErrorBoundary[2m > [22mrenders children when there is no error[39m[32m 12[2mms[22m[39m[33m (retry x1)[39m
[31m     ÔåÆ Unable to find an element with the text: Contenido OK. This could be because the text is broken up by multiple elements. In this case, you can provide a function for your text matcher to make your matcher more flexible.

Ignored nodes: comments, script, style
[36m<body />[31m[39m
[31m     ÔåÆ Unable to find an element with the text: Contenido OK. This could be because the text is broken up by multiple elements. In this case, you can provide a function for your text matcher to make your matcher more flexible.

Ignored nodes: comments, script, style
[36m<body />[31m[39m
[31m   [31m├ù[31m ErrorBoundary[2m > [22mrenders fallback UI when a child throws[39m[32m 21[2mms[22m[39m[33m (retry x1)[39m
[31m     ÔåÆ Unable to find an element with the text: Algo sali├│ mal. This could be because the text is broken up by multiple elements. In this case, you can provide a function for your text matcher to make your matcher more flexible.

Ignored nodes: comments, script, style
[36m<body />[31m[39m
[31m     ÔåÆ Unable to find an element with the text: Algo sali├│ mal. This could be because the text is broken up by multiple elements. In this case, you can provide a function for your text matcher to make your matcher more flexible.

Ignored nodes: comments, script, style
[36m<body />[31m[39m
[31m   [31m├ù[31m ErrorBoundary[2m > [22mrenders named fallback when name prop is provided[39m[32m 13[2mms[22m[39m[33m (retry x1)[39m
[31m     ÔåÆ Unable to find an element with the text: Error en CSS Playground. This could be because the text is broken up by multiple elements. In this case, you can provide a function for your text matcher to make your matcher more flexible.

Ignored nodes: comments, script, style
[36m<body />[31m[39m
[31m     ÔåÆ Unable to find an element with the text: Error en CSS Playground. This could be because the text is broken up by multiple elements. In this case, you can provide a function for your text matcher to make your matcher more flexible.

Ignored nodes: comments, script, style
[36m<body />[31m[39m
[31m   [31m├ù[31m ErrorBoundary[2m > [22mresets state when Reintentar is clicked[39m[32m 13[2mms[22m[39m[33m (retry x1)[39m
[31m     ÔåÆ Unable to find an element with the text: Algo sali├│ mal. This could be because the text is broken up by multiple elements. In this case, you can provide a function for your text matcher to make your matcher more flexible.

Ignored nodes: comments, script, style
[36m<body />[31m[39m
[31m     ÔåÆ Unable to find an element with the text: Algo sali├│ mal. This could be because the text is broken up by multiple elements. In this case, you can provide a function for your text matcher to make your matcher more flexible.

Ignored nodes: comments, script, style
[36m<body />[31m[39m
   [32mÔ£ô[39m ErrorBoundary[2m > [22mlogs error to console on componentDidCatch[32m 6[2mms[22m[39m
 [31mÔØ»[39m src/components/editor/ExpandedEditorModal.test.tsx [2m([22m[2m5 tests[22m[2m | [22m[31m4 failed[39m[2m)[22m[32m 38[2mms[22m[39m
[31m   [31m├ù[31m ExpandedEditorModal[2m > [22mrenders title and editor placeholder[39m[32m 9[2mms[22m[39m[33m (retry x1)[39m
[31m     ÔåÆ Unable to find an element with the text: Editor Test. This could be because the text is broken up by multiple elements. In this case, you can provide a function for your text matcher to make your matcher more flexible.

Ignored nodes: comments, script, style
[36m<body />[31m[39m
[31m     ÔåÆ Unable to find an element with the text: Editor Test. This could be because the text is broken up by multiple elements. In this case, you can provide a function for your text matcher to make your matcher more flexible.

Ignored nodes: comments, script, style
[36m<body />[31m[39m
[31m   [31m├ù[31m ExpandedEditorModal[2m > [22mrenders optional actions and footer[39m[32m 7[2mms[22m[39m[33m (retry x1)[39m
[31m     ÔåÆ Unable to find an element with the text: action. This could be because the text is broken up by multiple elements. In this case, you can provide a function for your text matcher to make your matcher more flexible.

Ignored nodes: comments, script, style
[36m<body />[31m[39m
[31m     ÔåÆ Unable to find an element with the text: action. This could be because the text is broken up by multiple elements. In this case, you can provide a function for your text matcher to make your matcher more flexible.

Ignored nodes: comments, script, style
[36m<body />[31m[39m
[31m   [31m├ù[31m ExpandedEditorModal[2m > [22mpasses readOnly prop to the editor[39m[32m 7[2mms[22m[39m[33m (retry x1)[39m
[31m     ÔåÆ Unable to find an element by: [data-testid="lazy-editor"]

Ignored nodes: comments, script, style
[36m<body />[31m[39m
[31m     ÔåÆ Unable to find an element by: [data-testid="lazy-editor"]

Ignored nodes: comments, script, style
[36m<body />[31m[39m
[31m   [31m├ù[31m ExpandedEditorModal[2m > [22mpropagates onChange when the editor changes[39m[32m 13[2mms[22m[39m[33m (retry x1)[39m
[31m     ÔåÆ Unable to find an element with the text: trigger change. This could be because the text is broken up by multiple elements. In this case, you can provide a function for your text matcher to make your matcher more flexible.

Ignored nodes: comments, script, style
[36m<body />[31m[39m
[31m     ÔåÆ Unable to find an element with the text: trigger change. This could be because the text is broken up by multiple elements. In this case, you can provide a function for your text matcher to make your matcher more flexible.

Ignored nodes: comments, script, style
[36m<body />[31m[39m
   [32mÔ£ô[39m ExpandedEditorModal[2m > [22mfires onClose when Escape key is pressed[32m 3[2mms[22m[39m
 [32mÔ£ô[39m src/services/js/worker.test.ts [2m([22m[2m6 tests[22m[2m)[22m[32m 7[2mms[22m[39m
 [31mÔØ»[39m src/components/common/ToggleButtonGroup.test.tsx [2m([22m[2m6 tests[22m[2m | [22m[31m6 failed[39m[2m)[22m[32m 29[2mms[22m[39m
[31m   [31m├ù[31m ToggleButtonGroup[2m > [22mshould render all options[39m[32m 7[2mms[22m[39m[33m (retry x1)[39m
[31m     ÔåÆ Unable to find an element with the text: 2 spaces. This could be because the text is broken up by multiple elements. In this case, you can provide a function for your text matcher to make your matcher more flexible.

Ignored nodes: comments, script, style
[36m<body />[31m[39m
[31m     ÔåÆ Unable to find an element with the text: 2 spaces. This could be because the text is broken up by multiple elements. In this case, you can provide a function for your text matcher to make your matcher more flexible.

Ignored nodes: comments, script, style
[36m<body />[31m[39m
[31m   [31m├ù[31m ToggleButtonGroup[2m > [22mshould highlight selected value[39m[32m 5[2mms[22m[39m[33m (retry x1)[39m
[31m     ÔåÆ Unable to find an element with the text: 4 spaces. This could be because the text is broken up by multiple elements. In this case, you can provide a function for your text matcher to make your matcher more flexible.

Ignored nodes: comments, script, style
[36m<body />[31m[39m
[31m     ÔåÆ Unable to find an element with the text: 4 spaces. This could be because the text is broken up by multiple elements. In this case, you can provide a function for your text matcher to make your matcher more flexible.

Ignored nodes: comments, script, style
[36m<body />[31m[39m
[31m   [31m├ù[31m ToggleButtonGroup[2m > [22mshould not highlight unselected value[39m[32m 4[2mms[22m[39m[33m (retry x1)[39m
[31m     ÔåÆ Unable to find an element with the text: 2 spaces. This could be because the text is broken up by multiple elements. In this case, you can provide a function for your text matcher to make your matcher more flexible.

Ignored nodes: comments, script, style
[36m<body />[31m[39m
[31m     ÔåÆ Unable to find an element with the text: 2 spaces. This could be because the text is broken up by multiple elements. In this case, you can provide a function for your text matcher to make your matcher more flexible.

Ignored nodes: comments, script, style
[36m<body />[31m[39m
[31m   [31m├ù[31m ToggleButtonGroup[2m > [22mshould call onChange when option is clicked[39m[32m 5[2mms[22m[39m[33m (retry x1)[39m
[31m     ÔåÆ Unable to find an element with the text: 4 spaces. This could be because the text is broken up by multiple elements. In this case, you can provide a function for your text matcher to make your matcher more flexible.

Ignored nodes: comments, script, style
[36m<body />[31m[39m
[31m     ÔåÆ Unable to find an element with the text: 4 spaces. This could be because the text is broken up by multiple elements. In this case, you can provide a function for your text matcher to make your matcher more flexible.

Ignored nodes: comments, script, style
[36m<body />[31m[39m
[31m   [31m├ù[31m ToggleButtonGroup[2m > [22mshould not call onChange when clicking already selected option[39m[32m 4[2mms[22m[39m[33m (retry x1)[39m
[31m     ÔåÆ Unable to find an element with the text: 2 spaces. This could be because the text is broken up by multiple elements. In this case, you can provide a function for your text matcher to make your matcher more flexible.

Ignored nodes: comments, script, style
[36m<body />[31m[39m
[31m     ÔåÆ Unable to find an element with the text: 2 spaces. This could be because the text is broken up by multiple elements. In this case, you can provide a function for your text matcher to make your matcher more flexible.

Ignored nodes: comments, script, style
[36m<body />[31m[39m
[31m   [31m├ù[31m ToggleButtonGroup[2m > [22mshould handle tab character value[39m[32m 4[2mms[22m[39m[33m (retry x1)[39m
[31m     ÔåÆ Unable to find an element with the text: Tab. This could be because the text is broken up by multiple elements. In this case, you can provide a function for your text matcher to make your matcher more flexible.

Ignored nodes: comments, script, style
[36m<body />[31m[39m
[31m     ÔåÆ Unable to find an element with the text: Tab. This could be because the text is broken up by multiple elements. In this case, you can provide a function for your text matcher to make your matcher more flexible.

Ignored nodes: comments, script, style
[36m<body />[31m[39m
 [31mÔØ»[39m src/components/common/JsonPathHistoryModal.test.tsx [2m([22m[2m3 tests[22m[2m | [22m[31m2 failed[39m[2m)[22m[32m 45[2mms[22m[39m
   [32mÔ£ô[39m JsonPathHistoryModal[2m > [22mshould not render when closed[32m 6[2mms[22m[39m
[31m   [31m├ù[31m JsonPathHistoryModal[2m > [22mshould render when open[39m[32m 13[2mms[22m[39m[33m (retry x1)[39m
[31m     ÔåÆ Unable to find an element with the text: Borrar Historial. This could be because the text is broken up by multiple elements. In this case, you can provide a function for your text matcher to make your matcher more flexible.

Ignored nodes: comments, script, style
[36m<body />[31m[39m
[31m     ÔåÆ Unable to find an element with the text: Borrar Historial. This could be because the text is broken up by multiple elements. In this case, you can provide a function for your text matcher to make your matcher more flexible.

Ignored nodes: comments, script, style
[36m<body />[31m[39m
[31m   [31m├ù[31m JsonPathHistoryModal[2m > [22mshould display timestamps for history items[39m[32m 25[2mms[22m[39m[33m (retry x1)[39m
[31m     ÔåÆ Unable to find an element with the text: /\d{1,2}\/\d{1,2}\/\d{4}/. This could be because the text is broken up by multiple elements. In this case, you can provide a function for your text matcher to make your matcher more flexible.

Ignored nodes: comments, script, style
[36m<body />[31m[39m
[31m     ÔåÆ Unable to find an element with the text: /\d{1,2}\/\d{1,2}\/\d{4}/. This could be because the text is broken up by multiple elements. In this case, you can provide a function for your text matcher to make your matcher more flexible.

Ignored nodes: comments, script, style
[36m<body />[31m[39m
 [32mÔ£ô[39m src/utils/download.test.tsx [2m([22m[2m7 tests[22m[2m)[22m[32m 21[2mms[22m[39m
 [32mÔ£ô[39m src/context/ToastContext.test.tsx [2m([22m[2m3 tests[22m[2m)[22m[32m 81[2mms[22m[39m
 [32mÔ£ô[39m src/services/css/worker.test.ts [2m([22m[2m6 tests[22m[2m)[22m[33m 331[2mms[22m[39m
 [32mÔ£ô[39m src/services/php/service.test.ts [2m([22m[2m9 tests[22m[2m)[22m[32m 14[2mms[22m[39m
 [32mÔ£ô[39m src/services/worker/adapter.test.ts [2m([22m[2m3 tests[22m[2m)[22m[32m 15[2mms[22m[39m
 [31mÔØ»[39m src/components/editor/LazyCodeEditor.test.tsx [2m([22m[2m4 tests[22m[2m | [22m[31m4 failed[39m[2m)[22m[33m 8129[2mms[22m[39m
[31m   [31m├ù[31m LazyCodeEditor[2m > [22mrenders CodeEditor after lazy resolution[39m[33m 2051[2mms[22m[39m[33m (retry x1)[39m
[31m     ÔåÆ Unable to find an element by: [data-testid="code-editor"]

Ignored nodes: comments, script, style
[36m<body />[31m

Ignored nodes: comments, script, style
[36m<body />[31m[39m
[31m     ÔåÆ Unable to find an element by: [data-testid="code-editor"]

Ignored nodes: comments, script, style
[36m<body />[31m

Ignored nodes: comments, script, style
[36m<body />[31m[39m
[31m   [31m├ù[31m LazyCodeEditor[2m > [22mpasses language prop to CodeEditor[39m[33m 2029[2mms[22m[39m[33m (retry x1)[39m
[31m     ÔåÆ Unable to find an element by: [data-testid="code-editor"]

Ignored nodes: comments, script, style
[36m<body />[31m

Ignored nodes: comments, script, style
[36m<body />[31m[39m
[31m     ÔåÆ Unable to find an element by: [data-testid="code-editor"]

Ignored nodes: comments, script, style
[36m<body />[31m

Ignored nodes: comments, script, style
[36m<body />[31m[39m
[31m   [31m├ù[31m LazyCodeEditor[2m > [22mpasses readOnly prop to CodeEditor[39m[33m 2027[2mms[22m[39m[33m (retry x1)[39m
[31m     ÔåÆ Unable to find an element by: [data-testid="code-editor"]

Ignored nodes: comments, script, style
[36m<body />[31m

Ignored nodes: comments, script, style
[36m<body />[31m[39m
[31m     ÔåÆ Unable to find an element by: [data-testid="code-editor"]

Ignored nodes: comments, script, style
[36m<body />[31m

Ignored nodes: comments, script, style
[36m<body />[31m[39m
[31m   [31m├ù[31m LazyCodeEditor[2m > [22mrenders placeholder when value is empty[39m[33m 2021[2mms[22m[39m[33m (retry x1)[39m
[31m     ÔåÆ Unable to find an element by: [data-testid="code-editor"]

Ignored nodes: comments, script, style
[36m<body />[31m

Ignored nodes: comments, script, style
[36m<body />[31m[39m
[31m     ÔåÆ Unable to find an element by: [data-testid="code-editor"]

Ignored nodes: comments, script, style
[36m<body />[31m

Ignored nodes: comments, script, style
[36m<body />[31m[39m
 [31mÔØ»[39m src/playgrounds/password/PasswordPlayground.sdd.test.tsx [2m([22m[2m4 tests[22m[2m | [22m[31m4 failed[39m[2m)[22m[32m 59[2mms[22m[39m
[31m   [31m├ù[31m PasswordPlayground[2m > [22mrenders password input and generate button[39m[32m 20[2mms[22m[39m[33m (retry x1)[39m
[31m     ÔåÆ Unable to find an element with the placeholder text of: /Tu contrase├▒a aparecer├í aqu├¡/i

Ignored nodes: comments, script, style
[36m<body />[31m[39m
[31m     ÔåÆ Unable to find an element with the placeholder text of: /Tu contrase├▒a aparecer├í aqu├¡/i

Ignored nodes: comments, script, style
[36m<body />[31m[39m
[31m   [31m├ù[31m PasswordPlayground[2m > [22mgenerates a password when generate button is clicked[39m[32m 14[2mms[22m[39m[33m (retry x1)[39m
[31m     ÔåÆ Unable to find an accessible element with the role "button" and name `/Generar/i`

There are no accessible roles. But there might be some inaccessible roles. If you wish to access them, then set the `hidden` option to `true`. Learn more about this here: https://testing-library.com/docs/dom-testing-library/api-queries#byrole

Ignored nodes: comments, script, style
[36m<body />[31m[39m
[31m     ÔåÆ Unable to find an accessible element with the role "button" and name `/Generar/i`

There are no accessible roles. But there might be some inaccessible roles. If you wish to access them, then set the `hidden` option to `true`. Learn more about this here: https://testing-library.com/docs/dom-testing-library/api-queries#byrole

Ignored nodes: comments, script, style
[36m<body />[31m[39m
[31m   [31m├ù[31m PasswordPlayground[2m > [22mcopies password to clipboard when copy button is clicked[39m[32m 14[2mms[22m[39m[33m (retry x1)[39m
[31m     ÔåÆ Unable to find an accessible element with the role "button" and name `/Generar/i`

There are no accessible roles. But there might be some inaccessible roles. If you wish to access them, then set the `hidden` option to `true`. Learn more about this here: https://testing-library.com/docs/dom-testing-library/api-queries#byrole

Ignored nodes: comments, script, style
[36m<body />[31m[39m
[31m     ÔåÆ Unable to find an accessible element with the role "button" and name `/Generar/i`

There are no accessible roles. But there might be some inaccessible roles. If you wish to access them, then set the `hidden` option to `true`. Learn more about this here: https://testing-library.com/docs/dom-testing-library/api-queries#byrole

Ignored nodes: comments, script, style
[36m<body />[31m[39m
[31m   [31m├ù[31m PasswordPlayground[2m > [22mkeeps history of last 5 passwords[39m[32m 11[2mms[22m[39m[33m (retry x1)[39m
[31m     ÔåÆ Unable to find an accessible element with the role "button" and name `/Generar/i`

There are no accessible roles. But there might be some inaccessible roles. If you wish to access them, then set the `hidden` option to `true`. Learn more about this here: https://testing-library.com/docs/dom-testing-library/api-queries#byrole

Ignored nodes: comments, script, style
[36m<body />[31m[39m
[31m     ÔåÆ Unable to find an accessible element with the role "button" and name `/Generar/i`

There are no accessible roles. But there might be some inaccessible roles. If you wish to access them, then set the `hidden` option to `true`. Learn more about this here: https://testing-library.com/docs/dom-testing-library/api-queries#byrole

Ignored nodes: comments, script, style
[36m<body />[31m[39m
 [31mÔØ»[39m src/components/common/Checkbox.test.tsx [2m([22m[2m6 tests[22m[2m | [22m[31m6 failed[39m[2m)[22m[32m 69[2mms[22m[39m
[31m   [31m├ù[31m Checkbox[2m > [22mshould render with label[39m[32m 31[2mms[22m[39m[33m (retry x1)[39m
[31m     ÔåÆ Unable to find an element with the text: Enable feature. This could be because the text is broken up by multiple elements. In this case, you can provide a function for your text matcher to make your matcher more flexible.

Ignored nodes: comments, script, style
[36m<body />[31m[39m
[31m     ÔåÆ Unable to find an element with the text: Enable feature. This could be because the text is broken up by multiple elements. In this case, you can provide a function for your text matcher to make your matcher more flexible.

Ignored nodes: comments, script, style
[36m<body />[31m[39m
[31m   [31m├ù[31m Checkbox[2m > [22mshould show checked state[39m[32m 6[2mms[22m[39m[33m (retry x1)[39m
[31m     ÔåÆ Unable to find an accessible element with the role "checkbox"

There are no accessible roles. But there might be some inaccessible roles. If you wish to access them, then set the `hidden` option to `true`. Learn more about this here: https://testing-library.com/docs/dom-testing-library/api-queries#byrole

Ignored nodes: comments, script, style
[36m<body />[31m[39m
[31m     ÔåÆ Unable to find an accessible element with the role "checkbox"

There are no accessible roles. But there might be some inaccessible roles. If you wish to access them, then set the `hidden` option to `true`. Learn more about this here: https://testing-library.com/docs/dom-testing-library/api-queries#byrole

Ignored nodes: comments, script, style
[36m<body />[31m[39m
[31m   [31m├ù[31m Checkbox[2m > [22mshould show unchecked state[39m[32m 5[2mms[22m[39m[33m (retry x1)[39m
[31m     ÔåÆ Unable to find an accessible element with the role "checkbox"

There are no accessible roles. But there might be some inaccessible roles. If you wish to access them, then set the `hidden` option to `true`. Learn more about this here: https://testing-library.com/docs/dom-testing-library/api-queries#byrole

Ignored nodes: comments, script, style
[36m<body />[31m[39m
[31m     ÔåÆ Unable to find an accessible element with the role "checkbox"

There are no accessible roles. But there might be some inaccessible roles. If you wish to access them, then set the `hidden` option to `true`. Learn more about this here: https://testing-library.com/docs/dom-testing-library/api-queries#byrole

Ignored nodes: comments, script, style
[36m<body />[31m[39m
[31m   [31m├ù[31m Checkbox[2m > [22mshould call onChange when clicked[39m[32m 7[2mms[22m[39m[33m (retry x1)[39m
[31m     ÔåÆ Unable to find an accessible element with the role "checkbox"

There are no accessible roles. But there might be some inaccessible roles. If you wish to access them, then set the `hidden` option to `true`. Learn more about this here: https://testing-library.com/docs/dom-testing-library/api-queries#byrole

Ignored nodes: comments, script, style
[36m<body />[31m[39m
[31m     ÔåÆ Unable to find an accessible element with the role "checkbox"

There are no accessible roles. But there might be some inaccessible roles. If you wish to access them, then set the `hidden` option to `true`. Learn more about this here: https://testing-library.com/docs/dom-testing-library/api-queries#byrole

Ignored nodes: comments, script, style
[36m<body />[31m[39m
[31m   [31m├ù[31m Checkbox[2m > [22mshould toggle from checked to unchecked[39m[32m 15[2mms[22m[39m[33m (retry x1)[39m
[31m     ÔåÆ Unable to find an accessible element with the role "checkbox"

There are no accessible roles. But there might be some inaccessible roles. If you wish to access them, then set the `hidden` option to `true`. Learn more about this here: https://testing-library.com/docs/dom-testing-library/api-queries#byrole

Ignored nodes: comments, script, style
[36m<body />[31m[39m
[31m     ÔåÆ Unable to find an accessible element with the role "checkbox"

There are no accessible roles. But there might be some inaccessible roles. If you wish to access them, then set the `hidden` option to `true`. Learn more about this here: https://testing-library.com/docs/dom-testing-library/api-queries#byrole

Ignored nodes: comments, script, style
[36m<body />[31m[39m
[31m   [31m├ù[31m Checkbox[2m > [22mshould be clickable via label[39m[32m 5[2mms[22m[39m[33m (retry x1)[39m
[31m     ÔåÆ Unable to find an element with the text: Enable feature. This could be because the text is broken up by multiple elements. In this case, you can provide a function for your text matcher to make your matcher more flexible.

Ignored nodes: comments, script, style
[36m<body />[31m[39m
[31m     ÔåÆ Unable to find an element with the text: Enable feature. This could be because the text is broken up by multiple elements. In this case, you can provide a function for your text matcher to make your matcher more flexible.

Ignored nodes: comments, script, style
[36m<body />[31m[39m
 [32mÔ£ô[39m src/hooks/useHtmlParser.test.ts [2m([22m[2m4 tests[22m[2m)[22m[32m 231[2mms[22m[39m
 [32mÔ£ô[39m src/playgrounds/engines/types.test.ts [2m([22m[2m7 tests[22m[2m)[22m[32m 2[2mms[22m[39m
 [32mÔ£ô[39m src/services/json/service.test.ts [2m([22m[2m5 tests[22m[2m)[22m[32m 12[2mms[22m[39m
 [31mÔØ»[39m src/components/layout/Header.test.tsx [2m([22m[2m5 tests[22m[2m | [22m[31m2 failed[39m[2m)[22m[32m 16[2mms[22m[39m
[31m   [31m├ù[31m Header[2m > [22mrenders header with title[39m[32m 5[2mms[22m[39m[33m (retry x1)[39m
[31m     ÔåÆ Unable to find an element with the text: JSON Tools. This could be because the text is broken up by multiple elements. In this case, you can provide a function for your text matcher to make your matcher more flexible.

Ignored nodes: comments, script, style
[36m<body />[31m[39m
[31m     ÔåÆ Unable to find an element with the text: JSON Tools. This could be because the text is broken up by multiple elements. In this case, you can provide a function for your text matcher to make your matcher more flexible.

Ignored nodes: comments, script, style
[36m<body />[31m[39m
[31m   [31m├ù[31m Header[2m > [22mrenders with code icon[39m[32m 4[2mms[22m[39m[33m (retry x1)[39m
[31m     ÔåÆ Unable to find an element with the text: JSON Tools. This could be because the text is broken up by multiple elements. In this case, you can provide a function for your text matcher to make your matcher more flexible.

Ignored nodes: comments, script, style
[36m<body />[31m[39m
[31m     ÔåÆ Unable to find an element with the text: JSON Tools. This could be because the text is broken up by multiple elements. In this case, you can provide a function for your text matcher to make your matcher more flexible.

Ignored nodes: comments, script, style
[36m<body />[31m[39m
   [32mÔ£ô[39m Header[2m > [22mrenders with correct structure[32m 3[2mms[22m[39m
   [32mÔ£ô[39m Header[2m > [22mrenders with expected CSS classes[32m 2[2mms[22m[39m
   [32mÔ£ô[39m Header[2m > [22mrenders h1 with correct styling[32m 2[2mms[22m[39m
 [31mÔØ»[39m src/components/editor/ExpandedDiffModal.test.tsx [2m([22m[2m3 tests[22m[2m | [22m[31m1 failed[39m[2m)[22m[32m 12[2mms[22m[39m
[31m   [31m├ù[31m ExpandedDiffModal[2m > [22mrenders with correct props passed to the diff editor[39m[32m 7[2mms[22m[39m[33m (retry x1)[39m
[31m     ÔåÆ Unable to find an element by: [data-testid="lazy-diff-editor"]

Ignored nodes: comments, script, style
[36m<body />[31m[39m
[31m     ÔåÆ Unable to find an element by: [data-testid="lazy-diff-editor"]

Ignored nodes: comments, script, style
[36m<body />[31m[39m
   [32mÔ£ô[39m ExpandedDiffModal[2m > [22mfires onClose when Escape key is pressed[32m 3[2mms[22m[39m
   [32mÔ£ô[39m ExpandedDiffModal[2m > [22mdoes not throw when Escape is pressed and onClose is undefined[32m 2[2mms[22m[39m
 [31mÔØ»[39m src/components/common/Card.test.tsx [2m([22m[2m5 tests[22m[2m | [22m[31m3 failed[39m[2m)[22m[32m 20[2mms[22m[39m
[31m   [31m├ù[31m Card[2m > [22mshould render children content[39m[32m 6[2mms[22m[39m[33m (retry x1)[39m
[31m     ÔåÆ Unable to find an element with the text: Test content. This could be because the text is broken up by multiple elements. In this case, you can provide a function for your text matcher to make your matcher more flexible.

Ignored nodes: comments, script, style
[36m<body />[31m[39m
[31m     ÔåÆ Unable to find an element with the text: Test content. This could be because the text is broken up by multiple elements. In this case, you can provide a function for your text matcher to make your matcher more flexible.

Ignored nodes: comments, script, style
[36m<body />[31m[39m
[31m   [31m├ù[31m Card[2m > [22mshould render with title when provided[39m[32m 5[2mms[22m[39m[33m (retry x1)[39m
[31m     ÔåÆ Unable to find an element with the text: Test Title. This could be because the text is broken up by multiple elements. In this case, you can provide a function for your text matcher to make your matcher more flexible.

Ignored nodes: comments, script, style
[36m<body />[31m[39m
[31m     ÔåÆ Unable to find an element with the text: Test Title. This could be because the text is broken up by multiple elements. In this case, you can provide a function for your text matcher to make your matcher more flexible.

Ignored nodes: comments, script, style
[36m<body />[31m[39m
[31m   [31m├ù[31m Card[2m > [22mshould render without title when not provided[39m[32m 4[2mms[22m[39m[33m (retry x1)[39m
[31m     ÔåÆ Unable to find an element with the text: Content only. This could be because the text is broken up by multiple elements. In this case, you can provide a function for your text matcher to make your matcher more flexible.

Ignored nodes: comments, script, style
[36m<body />[31m[39m
[31m     ÔåÆ Unable to find an element with the text: Content only. This could be because the text is broken up by multiple elements. In this case, you can provide a function for your text matcher to make your matcher more flexible.

Ignored nodes: comments, script, style
[36m<body />[31m[39m
   [32mÔ£ô[39m Card[2m > [22mshould apply correct styling classes[32m 3[2mms[22m[39m
   [32mÔ£ô[39m Card[2m > [22mshould apply custom className[32m 2[2mms[22m[39m
 [31mÔØ»[39m src/components/common/ShortcutsModal.test.tsx [2m([22m[2m5 tests[22m[2m | [22m[31m2 failed[39m[2m)[22m[32m 22[2mms[22m[39m
   [32mÔ£ô[39m ShortcutsModal[2m > [22mhides modal content when isOpen is false[32m 4[2mms[22m[39m
[31m   [31m├ù[31m ShortcutsModal[2m > [22mshows modal content when isOpen is true[39m[32m 5[2mms[22m[39m[33m (retry x1)[39m
[31m     ÔåÆ Unable to find an element with the text: Atajos de teclado. This could be because the text is broken up by multiple elements. In this case, you can provide a function for your text matcher to make your matcher more flexible.

Ignored nodes: comments, script, style
[36m<body />[31m[39m
[31m     ÔåÆ Unable to find an element with the text: Atajos de teclado. This could be because the text is broken up by multiple elements. In this case, you can provide a function for your text matcher to make your matcher more flexible.

Ignored nodes: comments, script, style
[36m<body />[31m[39m
   [32mÔ£ô[39m ShortcutsModal[2m > [22mdoes not render 'Limpiar vac├¡os' row when hasClean is not provided[32m 3[2mms[22m[39m
   [32mÔ£ô[39m ShortcutsModal[2m > [22mdoes not render 'Limpiar vac├¡os' row when hasClean is false[32m 3[2mms[22m[39m
[31m   [31m├ù[31m ShortcutsModal[2m > [22mrenders 'Limpiar vac├¡os' row when hasClean is true[39m[32m 8[2mms[22m[39m[33m (retry x1)[39m
[31m     ÔåÆ Unable to find an element with the text: Limpiar vac├¡os. This could be because the text is broken up by multiple elements. In this case, you can provide a function for your text matcher to make your matcher more flexible.

Ignored nodes: comments, script, style
[36m<body />[31m[39m
[31m     ÔåÆ Unable to find an element with the text: Limpiar vac├¡os. This could be because the text is broken up by multiple elements. In this case, you can provide a function for your text matcher to make your matcher more flexible.

Ignored nodes: comments, script, style
[36m<body />[31m[39m
 [32mÔ£ô[39m src/hooks/__tests__/useOnlineStatus.test.ts [2m([22m[2m4 tests[22m[2m)[22m[32m 19[2mms[22m[39m
 [31mÔØ»[39m src/components/layout/Panel.test.tsx [2m([22m[2m4 tests[22m[2m | [22m[31m3 failed[39m[2m)[22m[32m 76[2mms[22m[39m
[31m   [31m├ù[31m Panel[2m > [22mrenders title and children[39m[32m 36[2mms[22m[39m[33m (retry x1)[39m
[31m     ÔåÆ Unable to find an element with the text: CSS Editor. This could be because the text is broken up by multiple elements. In this case, you can provide a function for your text matcher to make your matcher more flexible.

Ignored nodes: comments, script, style
[36m<body />[31m[39m
[31m     ÔåÆ Unable to find an element with the text: CSS Editor. This could be because the text is broken up by multiple elements. In this case, you can provide a function for your text matcher to make your matcher more flexible.

Ignored nodes: comments, script, style
[36m<body />[31m[39m
[31m   [31m├ù[31m Panel[2m > [22mrenders actions when provided[39m[32m 15[2mms[22m[39m[33m (retry x1)[39m
[31m     ÔåÆ Unable to find an element with the text: Copy. This could be because the text is broken up by multiple elements. In this case, you can provide a function for your text matcher to make your matcher more flexible.

Ignored nodes: comments, script, style
[36m<body />[31m[39m
[31m     ÔåÆ Unable to find an element with the text: Copy. This could be because the text is broken up by multiple elements. In this case, you can provide a function for your text matcher to make your matcher more flexible.

Ignored nodes: comments, script, style
[36m<body />[31m[39m
[31m   [31m├ù[31m Panel[2m > [22mrenders footer when provided[39m[32m 17[2mms[22m[39m[33m (retry x1)[39m
[31m     ÔåÆ Unable to find an element with the text: 3 l├¡neas. This could be because the text is broken up by multiple elements. In this case, you can provide a function for your text matcher to make your matcher more flexible.

Ignored nodes: comments, script, style
[36m<body />[31m[39m
[31m     ÔåÆ Unable to find an element with the text: 3 l├¡neas. This could be because the text is broken up by multiple elements. In this case, you can provide a function for your text matcher to make your matcher more flexible.

Ignored nodes: comments, script, style
[36m<body />[31m[39m
   [32mÔ£ô[39m Panel[2m > [22mdoes not render dialog role (panel variant)[32m 8[2mms[22m[39m
 [32mÔ£ô[39m src/services/html/service.test.ts [2m([22m[2m4 tests[22m[2m)[22m[33m 315[2mms[22m[39m
   [33m[2mÔ£ô[22m[39m htmlService[2m > [22mformat[2m > [22mformats valid HTML [33m 312[2mms[22m[39m
 [32mÔ£ô[39m src/services/css/service.test.ts [2m([22m[2m4 tests[22m[2m)[22m[32m 27[2mms[22m[39m
 [31mÔØ»[39m src/components/layout/PlaygroundLayout.test.tsx [2m([22m[2m3 tests[22m[2m | [22m[31m2 failed[39m[2m)[22m[32m 17[2mms[22m[39m
[31m   [31m├ù[31m PlaygroundLayout[2m > [22mrenders editors and toolbar slots[39m[32m 8[2mms[22m[39m[33m (retry x1)[39m
[31m     ÔåÆ Unable to find an element with the text: Editors content. This could be because the text is broken up by multiple elements. In this case, you can provide a function for your text matcher to make your matcher more flexible.

Ignored nodes: comments, script, style
[36m<body />[31m[39m
[31m     ÔåÆ Unable to find an element with the text: Editors content. This could be because the text is broken up by multiple elements. In this case, you can provide a function for your text matcher to make your matcher more flexible.

Ignored nodes: comments, script, style
[36m<body />[31m[39m
[31m   [31m├ù[31m PlaygroundLayout[2m > [22mrenders optional panel slot when provided[39m[32m 6[2mms[22m[39m[33m (retry x1)[39m
[31m     ÔåÆ Unable to find an element with the text: Panel content. This could be because the text is broken up by multiple elements. In this case, you can provide a function for your text matcher to make your matcher more flexible.

Ignored nodes: comments, script, style
[36m<body />[31m[39m
[31m     ÔåÆ Unable to find an element with the text: Panel content. This could be because the text is broken up by multiple elements. In this case, you can provide a function for your text matcher to make your matcher more flexible.

Ignored nodes: comments, script, style
[36m<body />[31m[39m
   [32mÔ£ô[39m PlaygroundLayout[2m > [22mdoes not render panel area when omitted[32m 2[2mms[22m[39m
 [32mÔ£ô[39m src/services/js/service.test.ts [2m([22m[2m4 tests[22m[2m)[22m[32m 179[2mms[22m[39m
 [31mÔØ»[39m src/services/json/worker.test.ts [2m([22m[2m3 tests[22m[2m | [22m[31m2 failed[39m[2m)[22m[32m 59[2mms[22m[39m
[31m   [31m├ù[31m worker async services[2m > [22muses worker for large format input and returns success[39m[32m 53[2mms[22m[39m[33m (retry x1)[39m
[31m     ÔåÆ expected { ok: true, ÔÇª(1) } to deeply equal { ok: true, value: 'formatted' }[39m
[31m     ÔåÆ expected { ok: true, ÔÇª(1) } to deeply equal { ok: true, value: 'formatted' }[39m
[31m   [31m├ù[31m worker async services[2m > [22mreturns fallback error when worker responds with error[39m[32m 5[2mms[22m[39m[33m (retry x1)[39m
[31m     ÔåÆ expected { ok: true, ÔÇª(1) } to deeply equal { ok: true, value: '' }[39m
[31m     ÔåÆ expected { ok: true, ÔÇª(1) } to deeply equal { ok: true, value: '' }[39m
   [32mÔ£ô[39m worker async services[2m > [22mfalls back to sync service when worker throws[32m 1[2mms[22m[39m
 [32mÔ£ô[39m src/playgrounds/php/php.config.test.ts [2m([22m[2m5 tests[22m[2m)[22m[32m 2[2mms[22m[39m
 [32mÔ£ô[39m src/hooks/useToast.test.tsx [2m([22m[2m2 tests[22m[2m)[22m[32m 23[2mms[22m[39m
 [31mÔØ»[39m src/components/common/PlaygroundLoader.test.tsx [2m([22m[2m3 tests[22m[2m | [22m[31m2 failed[39m[2m)[22m[32m 109[2mms[22m[39m
[31m   [31m├ù[31m PlaygroundLoader[2m > [22mdisplays the playground name[39m[32m 46[2mms[22m[39m[33m (retry x1)[39m
[31m     ÔåÆ Unable to find an element with the text: Cargando CSS Tools. This could be because the text is broken up by multiple elements. In this case, you can provide a function for your text matcher to make your matcher more flexible.

Ignored nodes: comments, script, style
[36m<body />[31m[39m
[31m     ÔåÆ Unable to find an element with the text: Cargando CSS Tools. This could be because the text is broken up by multiple elements. In this case, you can provide a function for your text matcher to make your matcher more flexible.

Ignored nodes: comments, script, style
[36m<body />[31m[39m
[31m   [31m├ù[31m PlaygroundLoader[2m > [22mshows the preparing message[39m[32m 39[2mms[22m[39m[33m (retry x1)[39m
[31m     ÔåÆ Unable to find an element with the text: Preparando el playground.... This could be because the text is broken up by multiple elements. In this case, you can provide a function for your text matcher to make your matcher more flexible.

Ignored nodes: comments, script, style
[36m<body />[31m[39m
[31m     ÔåÆ Unable to find an element with the text: Preparando el playground.... This could be because the text is broken up by multiple elements. In this case, you can provide a function for your text matcher to make your matcher more flexible.

Ignored nodes: comments, script, style
[36m<body />[31m[39m
   [32mÔ£ô[39m PlaygroundLoader[2m > [22mrenders a spinner element[32m 23[2mms[22m[39m
 [31mÔØ»[39m src/components/LanguageSelector.test.tsx [2m([22m[2m6 tests[22m[2m | [22m[31m6 failed[39m[2m)[22m[33m 120389[2mms[22m[39m
[31m   [31m├ù[31m LanguageSelector[2m > [22mrenders with current language label[39m[33m 20003[2mms[22m[39m[33m (retry x1)[39m
[31m     ÔåÆ Hook timed out in 10000ms.
If this is a long-running hook, pass a timeout value as the last argument or configure it globally with "hookTimeout".[39m
[31m     ÔåÆ Hook timed out in 10000ms.
If this is a long-running hook, pass a timeout value as the last argument or configure it globally with "hookTimeout".[39m
[31m   [31m├ù[31m LanguageSelector[2m > [22mshows language dropdown when clicked[39m[33m 20224[2mms[22m[39m[33m (retry x1)[39m
[31m     ÔåÆ Hook timed out in 10000ms.
If this is a long-running hook, pass a timeout value as the last argument or configure it globally with "hookTimeout".[39m
[31m     ÔåÆ Hook timed out in 10000ms.
If this is a long-running hook, pass a timeout value as the last argument or configure it globally with "hookTimeout".[39m
[31m   [31m├ù[31m LanguageSelector[2m > [22mchanges language when selecting a different option[39m[33m 20016[2mms[22m[39m[33m (retry x1)[39m
[31m     ÔåÆ Hook timed out in 10000ms.
If this is a long-running hook, pass a timeout value as the last argument or configure it globally with "hookTimeout".[39m
[31m     ÔåÆ Hook timed out in 10000ms.
If this is a long-running hook, pass a timeout value as the last argument or configure it globally with "hookTimeout".[39m
[31m   [31m├ù[31m LanguageSelector[2m > [22mtoggles dropdown open and closed[39m[33m 20036[2mms[22m[39m[33m (retry x1)[39m
[31m     ÔåÆ Hook timed out in 10000ms.
If this is a long-running hook, pass a timeout value as the last argument or configure it globally with "hookTimeout".[39m
[31m     ÔåÆ Hook timed out in 10000ms.
If this is a long-running hook, pass a timeout value as the last argument or configure it globally with "hookTimeout".[39m
[31m   [31m├ù[31m LanguageSelector[2m > [22mdisplays checkmark on selected language[39m[33m 20035[2mms[22m[39m[33m (retry x1)[39m
[31m     ÔåÆ Hook timed out in 10000ms.
If this is a long-running hook, pass a timeout value as the last argument or configure it globally with "hookTimeout".[39m
[31m     ÔåÆ Hook timed out in 10000ms.
If this is a long-running hook, pass a timeout value as the last argument or configure it globally with "hookTimeout".[39m
[31m   [31m├ù[31m LanguageSelector[2m > [22mhas proper accessibility attributes[39m[33m 20075[2mms[22m[39m[33m (retry x1)[39m
[31m     ÔåÆ Hook timed out in 10000ms.
If this is a long-running hook, pass a timeout value as the last argument or configure it globally with "hookTimeout".[39m
[31m     ÔåÆ Hook timed out in 10000ms.
If this is a long-running hook, pass a timeout value as the last argument or configure it globally with "hookTimeout".[39m
[90mstderr[2m | src/services/html/workerClient.test.ts[2m > [22m[2mhtml workerClient[2m > [22m[2mrejects all 
pending requests on worker error
[22m[39mWorker reiniciado despu├®s de un error

 [32mÔ£ô[39m src/services/html/workerClient.test.ts [2m([22m[2m4 tests[22m[2m)[22m[32m 48[2mms[22m[39m
[90mstderr[2m | src/services/css/workerClient.test.ts[2m > [22m[2mcss workerClient[2m > [22m[2mrejects all 
pending requests on worker error
[22m[39mWorker reiniciado despu├®s de un error

 [32mÔ£ô[39m src/services/css/workerClient.test.ts [2m([22m[2m4 tests[22m[2m)[22m[32m 31[2mms[22m[39m
[90mstderr[2m | src/services/js/workerClient.test.ts[2m > [22m[2mjs workerClient[2m > [22m[2mrejects all 
pending requests on worker error
[22m[39mWorker reiniciado despu├®s de un error

 [32mÔ£ô[39m src/services/js/workerClient.test.ts [2m([22m[2m4 tests[22m[2m)[22m[32m 25[2mms[22m[39m
[90mstderr[2m | src/services/json/workerClient.test.ts[2m > [22m[2mworkerClient[2m > [22m[2mrejects all 
pending requests on worker error
[22m[39mWorker reiniciado despu├®s de un error

 [32mÔ£ô[39m src/services/json/workerClient.test.ts [2m([22m[2m4 tests[22m[2m)[22m[32m 30[2mms[22m[39m
 [32mÔ£ô[39m src/playgrounds/password/password.utils.test.ts [2m([22m[2m13 tests[22m[2m)[22m[32m 35[2mms[22m[39m
 [32mÔ£ô[39m src/utils/colorConverter.test.ts [2m([22m[2m52 tests[22m[2m)[22m[32m 54[2mms[22m[39m
 [32mÔ£ô[39m src/services/json/transform.test.ts [2m([22m[2m53 tests[22m[2m)[22m[32m 114[2mms[22m[39m
 [32mÔ£ô[39m src/services/php/transform.test.ts [2m([22m[2m22 tests[22m[2m)[22m[32m 55[2mms[22m[39m
 [32mÔ£ô[39m src/services/json/jsonPath.test.ts [2m([22m[2m14 tests[22m[2m)[22m[32m 29[2mms[22m[39m
 [32mÔ£ô[39m src/playgrounds/timestamp/timestamp.utils.test.ts [2m([22m[2m13 tests[22m[2m)[22m[32m 17[2mms[22m[39m
 [32mÔ£ô[39m src/services/js/clean-js.test.ts [2m([22m[2m7 tests[22m[2m)[22m[32m 39[2mms[22m[39m
 [32mÔ£ô[39m src/services/transform.test.ts [2m([22m[2m9 tests[22m[2m)[22m[32m 8[2mms[22m[39m
 [32mÔ£ô[39m src/services/js/transform.test.ts [2m([22m[2m23 tests[22m[2m)[22m[32m 183[2mms[22m[39m
 [32mÔ£ô[39m src/playgrounds/hash/hash.utils.test.ts [2m([22m[2m9 tests[22m[2m)[22m[32m 19[2mms[22m[39m
 [32mÔ£ô[39m src/services/css/transform.test.ts [2m([22m[2m25 tests[22m[2m)[22m[32m 105[2mms[22m[39m
 [32mÔ£ô[39m src/utils/__tests__/cn.test.ts [2m([22m[2m6 tests[22m[2m)[22m[32m 19[2mms[22m[39m
 [32mÔ£ô[39m src/services/html/transform.test.ts [2m([22m[2m20 tests[22m[2m)[22m[32m 167[2mms[22m[39m
 [32mÔ£ô[39m src/services/css/clean-css.test.ts [2m([22m[2m6 tests[22m[2m)[22m[32m 3[2mms[22m[39m
 [32mÔ£ô[39m src/services/html/clean-html.test.ts [2m([22m[2m8 tests[22m[2m)[22m[32m 4[2mms[22m[39m

[31mÔÄ»ÔÄ»ÔÄ»ÔÄ»ÔÄ»ÔÄ»[39m[1m[41m Failed Tests 144 [49m[22m[31mÔÄ»ÔÄ»ÔÄ»ÔÄ»ÔÄ»ÔÄ»[39m

[41m[1m FAIL [22m[49m src/components/LanguageSelector.test.tsx[2m > [22mLanguageSelector[2m > [22mrenders with 
current language label
[41m[1m FAIL [22m[49m src/components/LanguageSelector.test.tsx[2m > [22mLanguageSelector[2m > [22mrenders with 
current language label
[41m[1m FAIL [22m[49m src/components/LanguageSelector.test.tsx[2m > [22mLanguageSelector[2m > [22mshows 
language dropdown when clicked
[41m[1m FAIL [22m[49m src/components/LanguageSelector.test.tsx[2m > [22mLanguageSelector[2m > [22mshows 
language dropdown when clicked
[41m[1m FAIL [22m[49m src/components/LanguageSelector.test.tsx[2m > [22mLanguageSelector[2m > [22mchanges 
language when selecting a different option
[41m[1m FAIL [22m[49m src/components/LanguageSelector.test.tsx[2m > [22mLanguageSelector[2m > [22mchanges 
language when selecting a different option
[41m[1m FAIL [22m[49m src/components/LanguageSelector.test.tsx[2m > [22mLanguageSelector[2m > [22mtoggles 
dropdown open and closed
[41m[1m FAIL [22m[49m src/components/LanguageSelector.test.tsx[2m > [22mLanguageSelector[2m > [22mtoggles 
dropdown open and closed
[41m[1m FAIL [22m[49m src/components/LanguageSelector.test.tsx[2m > [22mLanguageSelector[2m > [22mdisplays 
checkmark on selected language
[41m[1m FAIL [22m[49m src/components/LanguageSelector.test.tsx[2m > [22mLanguageSelector[2m > [22mdisplays 
checkmark on selected language
[41m[1m FAIL [22m[49m src/components/LanguageSelector.test.tsx[2m > [22mLanguageSelector[2m > [22mhas proper 
accessibility attributes
[41m[1m FAIL [22m[49m src/components/LanguageSelector.test.tsx[2m > [22mLanguageSelector[2m > [22mhas proper 
accessibility attributes
[31m[1mError[22m: Hook timed out in 10000ms.
If this is a long-running hook, pass a timeout value as the last argument or configure it globally with 
"hookTimeout".[39m
[36m [2mÔØ»[22m src/components/LanguageSelector.test.tsx:[2m6:3[22m[39m
    [90m  4| [39m
    [90m  5| [39m[34mdescribe[39m([32m"LanguageSelector"[39m[33m,[39m () [33m=>[39m {
    [90m  6| [39m  [34mbeforeEach[39m([35masync[39m () [33m=>[39m {
    [90m   | [39m  [31m^[39m
    [90m  7| [39m    [90m// Reset language to Spanish before each test[39m
    [90m  8| [39m    [35mawait[39m [34mact[39m([35masync[39m () [33m=>[39m {

[31m[2mÔÄ»ÔÄ»ÔÄ»ÔÄ»ÔÄ»ÔÄ»ÔÄ»ÔÄ»ÔÄ»ÔÄ»ÔÄ»ÔÄ»ÔÄ»ÔÄ»ÔÄ»ÔÄ»ÔÄ»ÔÄ»ÔÄ»ÔÄ»ÔÄ»ÔÄ»[1/288]ÔÄ»[22m[39m

[41m[1m FAIL [22m[49m src/hooks/useFocusTrap.test.tsx[2m > [22museFocusTrap[2m > [22mshould focus first 
focusable element when activated
[41m[1m FAIL [22m[49m src/hooks/useFocusTrap.test.tsx[2m > [22museFocusTrap[2m > [22mshould focus first 
focusable element when activated
[31m[1mTestingLibraryElementError[22m: Unable to find an element by: [data-testid="first-button"]

Ignored nodes: comments, script, style
[36m<body />[31m[39m
[90m [2mÔØ»[22m Object.getElementError 
node_modules/.pnpm/@testing-library+dom@10.4.1/node_modules/@testing-library/dom/dist/config.js:[2m37:19[22m[39m
[90m [2mÔØ»[22m node_modules/.pnpm/@testing-library+dom@10.4.1/node_modules/@testing-library/dom/dist/query-helpers.
js:[2m76:38[22m[39m
[90m [2mÔØ»[22m node_modules/.pnpm/@testing-library+dom@10.4.1/node_modules/@testing-library/dom/dist/query-helpers.
js:[2m52:17[22m[39m
[90m [2mÔØ»[22m node_modules/.pnpm/@testing-library+dom@10.4.1/node_modules/@testing-library/dom/dist/query-helpers.
js:[2m95:19[22m[39m
[36m [2mÔØ»[22m src/hooks/useFocusTrap.test.tsx:[2m33:32[22m[39m
    [90m 31| [39m  [34mit[39m([32m"should focus first focusable element when activated"[39m[33m,[39m () 
[33m=>[39m {
    [90m 32| [39m    [34mrender[39m([33m<[39m[33mTestFocusTrapComponent[39m 
[33misActive[39m[33m=[39m[33m{[39m[35mtrue[39m[33m}[39m [33m/[39m[33m>[39m)[33m;[39m
    [90m 33| [39m    [35mconst[39m firstButton [33m=[39m 
screen[33m.[39m[34mgetByTestId[39m([32m"first-button"[39m)[33m;[39m
    [90m   | [39m                               [31m^[39m
    [90m 34| [39m    
[34mexpect[39m(document[33m.[39mactiveElement)[33m.[39m[34mtoBe[39m(firstButton)[33m;[39m
    [90m 35| [39m  })[33m;[39m

[31m[2mÔÄ»ÔÄ»ÔÄ»ÔÄ»ÔÄ»ÔÄ»ÔÄ»ÔÄ»ÔÄ»ÔÄ»ÔÄ»ÔÄ»ÔÄ»ÔÄ»ÔÄ»ÔÄ»ÔÄ»ÔÄ»ÔÄ»ÔÄ»ÔÄ»ÔÄ»[2/288]ÔÄ»[22m[39m

[41m[1m FAIL [22m[49m src/hooks/useFocusTrap.test.tsx[2m > [22museFocusTrap[2m > [22mshould not focus when 
inactive
[41m[1m FAIL [22m[49m src/hooks/useFocusTrap.test.tsx[2m > [22museFocusTrap[2m > [22mshould not focus when 
inactive
[31m[1mTestingLibraryElementError[22m: Unable to find an element by: [data-testid="first-button"]

Ignored nodes: comments, script, style
[36m<body />[31m[39m
[90m [2mÔØ»[22m Object.getElementError 
node_modules/.pnpm/@testing-library+dom@10.4.1/node_modules/@testing-library/dom/dist/config.js:[2m37:19[22m[39m
[90m [2mÔØ»[22m node_modules/.pnpm/@testing-library+dom@10.4.1/node_modules/@testing-library/dom/dist/query-helpers.
js:[2m76:38[22m[39m
[90m [2mÔØ»[22m node_modules/.pnpm/@testing-library+dom@10.4.1/node_modules/@testing-library/dom/dist/query-helpers.
js:[2m52:17[22m[39m
[90m [2mÔØ»[22m node_modules/.pnpm/@testing-library+dom@10.4.1/node_modules/@testing-library/dom/dist/query-helpers.
js:[2m95:19[22m[39m
[36m [2mÔØ»[22m src/hooks/useFocusTrap.test.tsx:[2m39:32[22m[39m
    [90m 37| [39m  [34mit[39m([32m"should not focus when inactive"[39m[33m,[39m () [33m=>[39m {
    [90m 38| [39m    [34mrender[39m([33m<[39m[33mTestFocusTrapComponent[39m 
[33misActive[39m[33m=[39m[33m{[39m[35mfalse[39m[33m}[39m [33m/[39m[33m>[39m)[33m;[39m
    [90m 39| [39m    [35mconst[39m firstButton [33m=[39m 
screen[33m.[39m[34mgetByTestId[39m([32m"first-button"[39m)[33m;[39m
    [90m   | [39m                               [31m^[39m
    [90m 40| [39m    
[34mexpect[39m(document[33m.[39mactiveElement)[33m.[39mnot[33m.[39m[34mtoBe[39m(firstButton)[33m;[39m
    [90m 41| [39m  })[33m;[39m

[31m[2mÔÄ»ÔÄ»ÔÄ»ÔÄ»ÔÄ»ÔÄ»ÔÄ»ÔÄ»ÔÄ»ÔÄ»ÔÄ»ÔÄ»ÔÄ»ÔÄ»ÔÄ»ÔÄ»ÔÄ»ÔÄ»ÔÄ»ÔÄ»ÔÄ»ÔÄ»[3/288]ÔÄ»[22m[39m

[41m[1m FAIL [22m[49m src/hooks/useFocusTrap.test.tsx[2m > [22museFocusTrap[2m > [22mshould trap Tab to first 
element when at last
[41m[1m FAIL [22m[49m src/hooks/useFocusTrap.test.tsx[2m > [22museFocusTrap[2m > [22mshould trap Tab to first 
element when at last
[31m[1mTestingLibraryElementError[22m: Unable to find an element by: [data-testid="first-button"]

Ignored nodes: comments, script, style
[36m<body />[31m[39m
[90m [2mÔØ»[22m Object.getElementError 
node_modules/.pnpm/@testing-library+dom@10.4.1/node_modules/@testing-library/dom/dist/config.js:[2m37:19[22m[39m
[90m [2mÔØ»[22m node_modules/.pnpm/@testing-library+dom@10.4.1/node_modules/@testing-library/dom/dist/query-helpers.
js:[2m76:38[22m[39m
[90m [2mÔØ»[22m node_modules/.pnpm/@testing-library+dom@10.4.1/node_modules/@testing-library/dom/dist/query-helpers.
js:[2m52:17[22m[39m
[90m [2mÔØ»[22m node_modules/.pnpm/@testing-library+dom@10.4.1/node_modules/@testing-library/dom/dist/query-helpers.
js:[2m95:19[22m[39m
[36m [2mÔØ»[22m src/hooks/useFocusTrap.test.tsx:[2m46:32[22m[39m
    [90m 44| [39m    [34mrender[39m([33m<[39m[33mTestFocusTrapComponent[39m 
[33misActive[39m[33m=[39m[33m{[39m[35mtrue[39m[33m}[39m [33m/[39m[33m>[39m)[33m;[39m
    [90m 45| [39m
    [90m 46| [39m    [35mconst[39m firstButton [33m=[39m 
screen[33m.[39m[34mgetByTestId[39m([32m"first-button"[39m)[33m;[39m
    [90m   | [39m                               [31m^[39m
    [90m 47| [39m    [35mconst[39m secondButton [33m=[39m 
screen[33m.[39m[34mgetByTestId[39m([32m"second-button"[39m)[33m;[39m
    [90m 48| [39m    [35mconst[39m container [33m=[39m 
screen[33m.[39m[34mgetByTestId[39m([32m"trap-container"[39m)[33m;[39m

[31m[2mÔÄ»ÔÄ»ÔÄ»ÔÄ»ÔÄ»ÔÄ»ÔÄ»ÔÄ»ÔÄ»ÔÄ»ÔÄ»ÔÄ»ÔÄ»ÔÄ»ÔÄ»ÔÄ»ÔÄ»ÔÄ»ÔÄ»ÔÄ»ÔÄ»ÔÄ»[4/288]ÔÄ»[22m[39m

[41m[1m FAIL [22m[49m src/hooks/useFocusTrap.test.tsx[2m > [22museFocusTrap[2m > [22mshould trap Shift+Tab to 
last element when at first
[41m[1m FAIL [22m[49m src/hooks/useFocusTrap.test.tsx[2m > [22museFocusTrap[2m > [22mshould trap Shift+Tab to 
last element when at first
[31m[1mTestingLibraryElementError[22m: Unable to find an element by: [data-testid="first-button"]

Ignored nodes: comments, script, style
[36m<body />[31m[39m
[90m [2mÔØ»[22m Object.getElementError 
node_modules/.pnpm/@testing-library+dom@10.4.1/node_modules/@testing-library/dom/dist/config.js:[2m37:19[22m[39m
[90m [2mÔØ»[22m node_modules/.pnpm/@testing-library+dom@10.4.1/node_modules/@testing-library/dom/dist/query-helpers.
js:[2m76:38[22m[39m
[90m [2mÔØ»[22m node_modules/.pnpm/@testing-library+dom@10.4.1/node_modules/@testing-library/dom/dist/query-helpers.
js:[2m52:17[22m[39m
[90m [2mÔØ»[22m node_modules/.pnpm/@testing-library+dom@10.4.1/node_modules/@testing-library/dom/dist/query-helpers.
js:[2m95:19[22m[39m
[36m [2mÔØ»[22m src/hooks/useFocusTrap.test.tsx:[2m60:32[22m[39m
    [90m 58| [39m    [34mrender[39m([33m<[39m[33mTestFocusTrapComponent[39m 
[33misActive[39m[33m=[39m[33m{[39m[35mtrue[39m[33m}[39m [33m/[39m[33m>[39m)[33m;[39m
    [90m 59| [39m
    [90m 60| [39m    [35mconst[39m firstButton [33m=[39m 
screen[33m.[39m[34mgetByTestId[39m([32m"first-button"[39m)[33m;[39m
    [90m   | [39m                               [31m^[39m
    [90m 61| [39m    [35mconst[39m secondButton [33m=[39m 
screen[33m.[39m[34mgetByTestId[39m([32m"second-button"[39m)[33m;[39m
    [90m 62| [39m    [35mconst[39m container [33m=[39m 
screen[33m.[39m[34mgetByTestId[39m([32m"trap-container"[39m)[33m;[39m

[31m[2mÔÄ»ÔÄ»ÔÄ»ÔÄ»ÔÄ»ÔÄ»ÔÄ»ÔÄ»ÔÄ»ÔÄ»ÔÄ»ÔÄ»ÔÄ»ÔÄ»ÔÄ»ÔÄ»ÔÄ»ÔÄ»ÔÄ»ÔÄ»ÔÄ»ÔÄ»[5/288]ÔÄ»[22m[39m

[41m[1m FAIL [22m[49m src/hooks/useFocusTrap.test.tsx[2m > [22museFocusTrap[2m > [22mshould not trap non-Tab 
keys
[41m[1m FAIL [22m[49m src/hooks/useFocusTrap.test.tsx[2m > [22museFocusTrap[2m > [22mshould not trap non-Tab 
keys
[31m[1mTestingLibraryElementError[22m: Unable to find an element by: [data-testid="trap-container"]

Ignored nodes: comments, script, style
[36m<body />[31m[39m
[90m [2mÔØ»[22m Object.getElementError 
node_modules/.pnpm/@testing-library+dom@10.4.1/node_modules/@testing-library/dom/dist/config.js:[2m37:19[22m[39m
[90m [2mÔØ»[22m node_modules/.pnpm/@testing-library+dom@10.4.1/node_modules/@testing-library/dom/dist/query-helpers.
js:[2m76:38[22m[39m
[90m [2mÔØ»[22m node_modules/.pnpm/@testing-library+dom@10.4.1/node_modules/@testing-library/dom/dist/query-helpers.
js:[2m52:17[22m[39m
[90m [2mÔØ»[22m node_modules/.pnpm/@testing-library+dom@10.4.1/node_modules/@testing-library/dom/dist/query-helpers.
js:[2m95:19[22m[39m
[36m [2mÔØ»[22m src/hooks/useFocusTrap.test.tsx:[2m71:30[22m[39m
    [90m 69| [39m  [34mit[39m([32m"should not trap non-Tab keys"[39m[33m,[39m () [33m=>[39m {
    [90m 70| [39m    [34mrender[39m([33m<[39m[33mTestFocusTrapComponent[39m 
[33misActive[39m[33m=[39m[33m{[39m[35mtrue[39m[33m}[39m [33m/[39m[33m>[39m)[33m;[39m
    [90m 71| [39m    [35mconst[39m container [33m=[39m 
screen[33m.[39m[34mgetByTestId[39m([32m"trap-container"[39m)[33m;[39m
    [90m   | [39m                             [31m^[39m
    [90m 72| [39m
    [90m 73| [39m    [35mconst[39m enterEvent [33m=[39m [35mnew[39m 
[33mKeyboardEvent[39m([32m"keydown"[39m[33m,[39m { key[33m:[39m [32m"Enter"[39m })[33m;[39m

[31m[2mÔÄ»ÔÄ»ÔÄ»ÔÄ»ÔÄ»ÔÄ»ÔÄ»ÔÄ»ÔÄ»ÔÄ»ÔÄ»ÔÄ»ÔÄ»ÔÄ»ÔÄ»ÔÄ»ÔÄ»ÔÄ»ÔÄ»ÔÄ»ÔÄ»ÔÄ»[6/288]ÔÄ»[22m[39m

[41m[1m FAIL [22m[49m src/hooks/useFocusTrap.test.tsx[2m > [22museFocusTrap[2m > [22mshould handle single 
focusable element
[41m[1m FAIL [22m[49m src/hooks/useFocusTrap.test.tsx[2m > [22museFocusTrap[2m > [22mshould handle single 
focusable element
[31m[1mTestingLibraryElementError[22m: Unable to find an element by: [data-testid="single-button"]

Ignored nodes: comments, script, style
[36m<body />[31m[39m
[90m [2mÔØ»[22m Object.getElementError 
node_modules/.pnpm/@testing-library+dom@10.4.1/node_modules/@testing-library/dom/dist/config.js:[2m37:19[22m[39m
[90m [2mÔØ»[22m node_modules/.pnpm/@testing-library+dom@10.4.1/node_modules/@testing-library/dom/dist/query-helpers.
js:[2m76:38[22m[39m
[90m [2mÔØ»[22m node_modules/.pnpm/@testing-library+dom@10.4.1/node_modules/@testing-library/dom/dist/query-helpers.
js:[2m52:17[22m[39m
[90m [2mÔØ»[22m node_modules/.pnpm/@testing-library+dom@10.4.1/node_modules/@testing-library/dom/dist/query-helpers.
js:[2m95:19[22m[39m
[36m [2mÔØ»[22m src/hooks/useFocusTrap.test.tsx:[2m79:27[22m[39m
    [90m 77| [39m  [34mit[39m([32m"should handle single focusable element"[39m[33m,[39m () [33m=>[39m {
    [90m 78| [39m    [34mrender[39m([33m<[39m[33mTestSingleFocusableComponent[39m 
[33misActive[39m[33m=[39m[33m{[39m[35mtrue[39m[33m}[39m [33m/[39m[33m>[39m)[33m;[39m
    [90m 79| [39m    [35mconst[39m button [33m=[39m 
screen[33m.[39m[34mgetByTestId[39m([32m"single-button"[39m)[33m;[39m
    [90m   | [39m                          [31m^[39m
    [90m 80| [39m
    [90m 81| [39m    [34mexpect[39m(document[33m.[39mactiveElement)[33m.[39m[34mtoBe[39m(button)[33m;[39m

[31m[2mÔÄ»ÔÄ»ÔÄ»ÔÄ»ÔÄ»ÔÄ»ÔÄ»ÔÄ»ÔÄ»ÔÄ»ÔÄ»ÔÄ»ÔÄ»ÔÄ»ÔÄ»ÔÄ»ÔÄ»ÔÄ»ÔÄ»ÔÄ»ÔÄ»ÔÄ»[7/288]ÔÄ»[22m[39m

[41m[1m FAIL [22m[49m src/components/editor/EditorTabBar.test.tsx[2m > [22mEditorTabBar[2m > [22mactive tab 
has aria-selected=true and inactive tab has aria-selected=false
[41m[1m FAIL [22m[49m src/components/editor/EditorTabBar.test.tsx[2m > [22mEditorTabBar[2m > [22mactive tab 
has aria-selected=true and inactive tab has aria-selected=false
[31m[1mTestingLibraryElementError[22m: Unable to find an accessible element with the role "tab"

There are no accessible roles. But there might be some inaccessible roles. If you wish to access them, then set the 
`hidden` option to `true`. Learn more about this here: 
https://testing-library.com/docs/dom-testing-library/api-queries#byrole

Ignored nodes: comments, script, style
[36m<body />[31m[39m
[90m [2mÔØ»[22m Object.getElementError 
node_modules/.pnpm/@testing-library+dom@10.4.1/node_modules/@testing-library/dom/dist/config.js:[2m37:19[22m[39m
[90m [2mÔØ»[22m node_modules/.pnpm/@testing-library+dom@10.4.1/node_modules/@testing-library/dom/dist/query-helpers.
js:[2m76:38[22m[39m
[90m [2mÔØ»[22m node_modules/.pnpm/@testing-library+dom@10.4.1/node_modules/@testing-library/dom/dist/query-helpers.
js:[2m109:15[22m[39m
[36m [2mÔØ»[22m src/components/editor/EditorTabBar.test.tsx:[2m22:25[22m[39m
    [90m 20| [39m  it("active tab has aria-selected=true and inactive tab has aria-seleÔÇª
    [90m 21| [39m    renderWithI18n(<EditorTabBar activeTab="input" onTabChange={onTabCÔÇª
    [90m 22| [39m    [35mconst[39m tabs [33m=[39m 
screen[33m.[39m[34mgetAllByRole[39m([32m"tab"[39m)[33m;[39m
    [90m   | [39m                        [31m^[39m
    [90m 23| [39m    const inputTab = tabs.find((t) => t.getAttribute("aria-controls") ÔÇª
    [90m 24| [39m    const outputTab = tabs.find((t) => t.getAttribute("aria-controls")ÔÇª

[31m[2mÔÄ»ÔÄ»ÔÄ»ÔÄ»ÔÄ»ÔÄ»ÔÄ»ÔÄ»ÔÄ»ÔÄ»ÔÄ»ÔÄ»ÔÄ»ÔÄ»ÔÄ»ÔÄ»ÔÄ»ÔÄ»ÔÄ»ÔÄ»ÔÄ»ÔÄ»[8/288]ÔÄ»[22m[39m

[41m[1m FAIL [22m[49m src/components/editor/EditorTabBar.test.tsx[2m > [22mEditorTabBar[2m > [22mclicking the 
inactive output tab calls onTabChange with 'output'
[41m[1m FAIL [22m[49m src/components/editor/EditorTabBar.test.tsx[2m > [22mEditorTabBar[2m > [22mclicking the 
inactive output tab calls onTabChange with 'output'
[31m[1mTestingLibraryElementError[22m: Unable to find an accessible element with the role "tab"

There are no accessible roles. But there might be some inaccessible roles. If you wish to access them, then set the 
`hidden` option to `true`. Learn more about this here: 
https://testing-library.com/docs/dom-testing-library/api-queries#byrole

Ignored nodes: comments, script, style
[36m<body />[31m[39m
[90m [2mÔØ»[22m Object.getElementError 
node_modules/.pnpm/@testing-library+dom@10.4.1/node_modules/@testing-library/dom/dist/config.js:[2m37:19[22m[39m
[90m [2mÔØ»[22m node_modules/.pnpm/@testing-library+dom@10.4.1/node_modules/@testing-library/dom/dist/query-helpers.
js:[2m76:38[22m[39m
[90m [2mÔØ»[22m node_modules/.pnpm/@testing-library+dom@10.4.1/node_modules/@testing-library/dom/dist/query-helpers.
js:[2m109:15[22m[39m
[36m [2mÔØ»[22m src/components/editor/EditorTabBar.test.tsx:[2m32:25[22m[39m
    [90m 30| [39m  it("clicking the inactive output tab calls onTabChange with 'output'ÔÇª
    [90m 31| [39m    renderWithI18n(<EditorTabBar activeTab="input" onTabChange={onTabCÔÇª
    [90m 32| [39m    [35mconst[39m tabs [33m=[39m 
screen[33m.[39m[34mgetAllByRole[39m([32m"tab"[39m)[33m;[39m
    [90m   | [39m                        [31m^[39m
    [90m 33| [39m    const outputTab = tabs.find((t) => t.getAttribute("aria-controls")ÔÇª
    [90m 34| [39m

[31m[2mÔÄ»ÔÄ»ÔÄ»ÔÄ»ÔÄ»ÔÄ»ÔÄ»ÔÄ»ÔÄ»ÔÄ»ÔÄ»ÔÄ»ÔÄ»ÔÄ»ÔÄ»ÔÄ»ÔÄ»ÔÄ»ÔÄ»ÔÄ»ÔÄ»ÔÄ»[9/288]ÔÄ»[22m[39m

[41m[1m FAIL [22m[49m src/components/editor/EditorTabBar.test.tsx[2m > [22mEditorTabBar[2m > [22mArrowRight 
key on input tab calls onTabChange with 'output'
[41m[1m FAIL [22m[49m src/components/editor/EditorTabBar.test.tsx[2m > [22mEditorTabBar[2m > [22mArrowRight 
key on input tab calls onTabChange with 'output'
[31m[1mTestingLibraryElementError[22m: Unable to find an accessible element with the role "tab"

There are no accessible roles. But there might be some inaccessible roles. If you wish to access them, then set the 
`hidden` option to `true`. Learn more about this here: 
https://testing-library.com/docs/dom-testing-library/api-queries#byrole

Ignored nodes: comments, script, style
[36m<body />[31m[39m
[90m [2mÔØ»[22m Object.getElementError 
node_modules/.pnpm/@testing-library+dom@10.4.1/node_modules/@testing-library/dom/dist/config.js:[2m37:19[22m[39m
[90m [2mÔØ»[22m node_modules/.pnpm/@testing-library+dom@10.4.1/node_modules/@testing-library/dom/dist/query-helpers.
js:[2m76:38[22m[39m
[90m [2mÔØ»[22m node_modules/.pnpm/@testing-library+dom@10.4.1/node_modules/@testing-library/dom/dist/query-helpers.
js:[2m109:15[22m[39m
[36m [2mÔØ»[22m src/components/editor/EditorTabBar.test.tsx:[2m45:25[22m[39m
    [90m 43| [39m  it("ArrowRight key on input tab calls onTabChange with 'output'", asÔÇª
    [90m 44| [39m    renderWithI18n(<EditorTabBar activeTab="input" onTabChange={onTabCÔÇª
    [90m 45| [39m    [35mconst[39m tabs [33m=[39m 
screen[33m.[39m[34mgetAllByRole[39m([32m"tab"[39m)[33m;[39m
    [90m   | [39m                        [31m^[39m
    [90m 46| [39m    const inputTab = tabs.find((t) => t.getAttribute("aria-controls") ÔÇª
    [90m 47| [39m

[31m[2mÔÄ»ÔÄ»ÔÄ»ÔÄ»ÔÄ»ÔÄ»ÔÄ»ÔÄ»ÔÄ»ÔÄ»ÔÄ»ÔÄ»ÔÄ»ÔÄ»ÔÄ»ÔÄ»ÔÄ»ÔÄ»ÔÄ»ÔÄ»ÔÄ»[10/288]ÔÄ»[22m[39m

[41m[1m FAIL [22m[49m src/components/editor/EditorTabBar.test.tsx[2m > [22mEditorTabBar[2m > [22mArrowLeft key 
on output tab calls onTabChange with 'input'
[41m[1m FAIL [22m[49m src/components/editor/EditorTabBar.test.tsx[2m > [22mEditorTabBar[2m > [22mArrowLeft key 
on output tab calls onTabChange with 'input'
[31m[1mTestingLibraryElementError[22m: Unable to find an accessible element with the role "tab"

There are no accessible roles. But there might be some inaccessible roles. If you wish to access them, then set the 
`hidden` option to `true`. Learn more about this here: 
https://testing-library.com/docs/dom-testing-library/api-queries#byrole

Ignored nodes: comments, script, style
[36m<body />[31m[39m
[90m [2mÔØ»[22m Object.getElementError 
node_modules/.pnpm/@testing-library+dom@10.4.1/node_modules/@testing-library/dom/dist/config.js:[2m37:19[22m[39m
[90m [2mÔØ»[22m node_modules/.pnpm/@testing-library+dom@10.4.1/node_modules/@testing-library/dom/dist/query-helpers.
js:[2m76:38[22m[39m
[90m [2mÔØ»[22m node_modules/.pnpm/@testing-library+dom@10.4.1/node_modules/@testing-library/dom/dist/query-helpers.
js:[2m109:15[22m[39m
[36m [2mÔØ»[22m src/components/editor/EditorTabBar.test.tsx:[2m58:25[22m[39m
    [90m 56| [39m  it("ArrowLeft key on output tab calls onTabChange with 'input'", asyÔÇª
    [90m 57| [39m    renderWithI18n(<EditorTabBar activeTab="output" onTabChange={onTabÔÇª
    [90m 58| [39m    [35mconst[39m tabs [33m=[39m 
screen[33m.[39m[34mgetAllByRole[39m([32m"tab"[39m)[33m;[39m
    [90m   | [39m                        [31m^[39m
    [90m 59| [39m    const outputTab = tabs.find((t) => t.getAttribute("aria-controls")ÔÇª
    [90m 60| [39m

[31m[2mÔÄ»ÔÄ»ÔÄ»ÔÄ»ÔÄ»ÔÄ»ÔÄ»ÔÄ»ÔÄ»ÔÄ»ÔÄ»ÔÄ»ÔÄ»ÔÄ»ÔÄ»ÔÄ»ÔÄ»ÔÄ»ÔÄ»ÔÄ»ÔÄ»[11/288]ÔÄ»[22m[39m

[41m[1m FAIL [22m[49m src/components/editor/ExpandedDiffModal.test.tsx[2m > [22mExpandedDiffModal[2m > 
[22mrenders with correct props passed to the diff editor
[41m[1m FAIL [22m[49m src/components/editor/ExpandedDiffModal.test.tsx[2m > [22mExpandedDiffModal[2m > 
[22mrenders with correct props passed to the diff editor
[31m[1mTestingLibraryElementError[22m: Unable to find an element by: [data-testid="lazy-diff-editor"]

Ignored nodes: comments, script, style
[36m<body />[31m[39m
[90m [2mÔØ»[22m Object.getElementError 
node_modules/.pnpm/@testing-library+dom@10.4.1/node_modules/@testing-library/dom/dist/config.js:[2m37:19[22m[39m
[90m [2mÔØ»[22m node_modules/.pnpm/@testing-library+dom@10.4.1/node_modules/@testing-library/dom/dist/query-helpers.
js:[2m76:38[22m[39m
[90m [2mÔØ»[22m node_modules/.pnpm/@testing-library+dom@10.4.1/node_modules/@testing-library/dom/dist/query-helpers.
js:[2m52:17[22m[39m
[90m [2mÔØ»[22m node_modules/.pnpm/@testing-library+dom@10.4.1/node_modules/@testing-library/dom/dist/query-helpers.
js:[2m95:19[22m[39m
[36m [2mÔØ»[22m src/components/editor/ExpandedDiffModal.test.tsx:[2m30:27[22m[39m
    [90m 28| [39m    )[33m;[39m
    [90m 29| [39m
    [90m 30| [39m    [35mconst[39m editor [33m=[39m 
screen[33m.[39m[34mgetByTestId[39m([32m"lazy-diff-editor"[39m)[33m;[39m
    [90m   | [39m                          [31m^[39m
    [90m 31| [39m    [34mexpect[39m(editor)[33m.[39m[34mtoBeInTheDocument[39m()[33m;[39m
    [90m 32| [39m    
[34mexpect[39m(editor)[33m.[39m[34mtoHaveAttribute[39m([32m"data-original"[39m[33m,[39m [32m"const a = 
1;"[39m)[33m;[39m

[31m[2mÔÄ»ÔÄ»ÔÄ»ÔÄ»ÔÄ»ÔÄ»ÔÄ»ÔÄ»ÔÄ»ÔÄ»ÔÄ»ÔÄ»ÔÄ»ÔÄ»ÔÄ»ÔÄ»ÔÄ»ÔÄ»ÔÄ»ÔÄ»ÔÄ»[12/288]ÔÄ»[22m[39m

[41m[1m FAIL [22m[49m src/components/editor/ExpandedEditorModal.test.tsx[2m > [22mExpandedEditorModal[2m > 
[22mrenders title and editor placeholder
[41m[1m FAIL [22m[49m src/components/editor/ExpandedEditorModal.test.tsx[2m > [22mExpandedEditorModal[2m > 
[22mrenders title and editor placeholder
[31m[1mTestingLibraryElementError[22m: Unable to find an element with the text: Editor Test. This could be because 
the text is broken up by multiple elements. In this case, you can provide a function for your text matcher to make 
your matcher more flexible.

Ignored nodes: comments, script, style
[36m<body />[31m[39m
[90m [2mÔØ»[22m Object.getElementError 
node_modules/.pnpm/@testing-library+dom@10.4.1/node_modules/@testing-library/dom/dist/config.js:[2m37:19[22m[39m
[90m [2mÔØ»[22m node_modules/.pnpm/@testing-library+dom@10.4.1/node_modules/@testing-library/dom/dist/query-helpers.
js:[2m76:38[22m[39m
[90m [2mÔØ»[22m node_modules/.pnpm/@testing-library+dom@10.4.1/node_modules/@testing-library/dom/dist/query-helpers.
js:[2m52:17[22m[39m
[90m [2mÔØ»[22m node_modules/.pnpm/@testing-library+dom@10.4.1/node_modules/@testing-library/dom/dist/query-helpers.
js:[2m95:19[22m[39m
[36m [2mÔØ»[22m src/components/editor/ExpandedEditorModal.test.tsx:[2m27:19[22m[39m
    [90m 25| [39m    renderWithI18n(<ExpandedEditorModal title="Editor Test" icon="­ƒº¬" ÔÇª
    [90m 26| [39m
    [90m 27| [39m    [34mexpect[39m(screen[33m.[39m[34mgetByText[39m([32m"Editor 
Test"[39m))[33m.[39m[34mtoBeInTheDocument[39m()[33m;[39m
    [90m   | [39m                  [31m^[39m
    [90m 28| [39m    expect(screen.getByTestId("lazy-editor")).toHaveTextContent("ConteÔÇª
    [90m 29| [39m  })[33m;[39m

[31m[2mÔÄ»ÔÄ»ÔÄ»ÔÄ»ÔÄ»ÔÄ»ÔÄ»ÔÄ»ÔÄ»ÔÄ»ÔÄ»ÔÄ»ÔÄ»ÔÄ»ÔÄ»ÔÄ»ÔÄ»ÔÄ»ÔÄ»ÔÄ»ÔÄ»[13/288]ÔÄ»[22m[39m

[41m[1m FAIL [22m[49m src/components/editor/ExpandedEditorModal.test.tsx[2m > [22mExpandedEditorModal[2m > 
[22mrenders optional actions and footer
[41m[1m FAIL [22m[49m src/components/editor/ExpandedEditorModal.test.tsx[2m > [22mExpandedEditorModal[2m > 
[22mrenders optional actions and footer
[31m[1mTestingLibraryElementError[22m: Unable to find an element with the text: action. This could be because the 
text is broken up by multiple elements. In this case, you can provide a function for your text matcher to make your 
matcher more flexible.

Ignored nodes: comments, script, style
[36m<body />[31m[39m
[90m [2mÔØ»[22m Object.getElementError 
node_modules/.pnpm/@testing-library+dom@10.4.1/node_modules/@testing-library/dom/dist/config.js:[2m37:19[22m[39m
[90m [2mÔØ»[22m node_modules/.pnpm/@testing-library+dom@10.4.1/node_modules/@testing-library/dom/dist/query-helpers.
js:[2m76:38[22m[39m
[90m [2mÔØ»[22m node_modules/.pnpm/@testing-library+dom@10.4.1/node_modules/@testing-library/dom/dist/query-helpers.
js:[2m52:17[22m[39m
[90m [2mÔØ»[22m node_modules/.pnpm/@testing-library+dom@10.4.1/node_modules/@testing-library/dom/dist/query-helpers.
js:[2m95:19[22m[39m
[36m [2mÔØ»[22m src/components/editor/ExpandedEditorModal.test.tsx:[2m43:19[22m[39m
    [90m 41| [39m    )[33m;[39m
    [90m 42| [39m
    [90m 43| [39m    [34mexpect[39m(screen[33m.[39m[34mgetByText[39m([32m"action"[39m))[33m.[39m[34mtoBeIn
TheDocument[39m()[33m;[39m
    [90m   | [39m                  [31m^[39m
    [90m 44| [39m    [34mexpect[39m(screen[33m.[39m[34mgetByText[39m([32m"footer"[39m))[33m.[39m[34mtoBeIn
TheDocument[39m()[33m;[39m
    [90m 45| [39m  })[33m;[39m

[31m[2mÔÄ»ÔÄ»ÔÄ»ÔÄ»ÔÄ»ÔÄ»ÔÄ»ÔÄ»ÔÄ»ÔÄ»ÔÄ»ÔÄ»ÔÄ»ÔÄ»ÔÄ»ÔÄ»ÔÄ»ÔÄ»ÔÄ»ÔÄ»ÔÄ»[14/288]ÔÄ»[22m[39m

[41m[1m FAIL [22m[49m src/components/editor/ExpandedEditorModal.test.tsx[2m > [22mExpandedEditorModal[2m > 
[22mpasses readOnly prop to the editor
[41m[1m FAIL [22m[49m src/components/editor/ExpandedEditorModal.test.tsx[2m > [22mExpandedEditorModal[2m > 
[22mpasses readOnly prop to the editor
[31m[1mTestingLibraryElementError[22m: Unable to find an element by: [data-testid="lazy-editor"]

Ignored nodes: comments, script, style
[36m<body />[31m[39m
[90m [2mÔØ»[22m Object.getElementError 
node_modules/.pnpm/@testing-library+dom@10.4.1/node_modules/@testing-library/dom/dist/config.js:[2m37:19[22m[39m
[90m [2mÔØ»[22m node_modules/.pnpm/@testing-library+dom@10.4.1/node_modules/@testing-library/dom/dist/query-helpers.
js:[2m76:38[22m[39m
[90m [2mÔØ»[22m node_modules/.pnpm/@testing-library+dom@10.4.1/node_modules/@testing-library/dom/dist/query-helpers.
js:[2m52:17[22m[39m
[90m [2mÔØ»[22m node_modules/.pnpm/@testing-library+dom@10.4.1/node_modules/@testing-library/dom/dist/query-helpers.
js:[2m95:19[22m[39m
[36m [2mÔØ»[22m src/components/editor/ExpandedEditorModal.test.tsx:[2m58:19[22m[39m
    [90m 56| [39m    )[33m;[39m
    [90m 57| [39m
    [90m 58| [39m    expect(screen.getByTestId("lazy-editor")).toHaveAttribute("data-reÔÇª
    [90m   | [39m                  [31m^[39m
    [90m 59| [39m  })[33m;[39m
    [90m 60| [39m

[31m[2mÔÄ»ÔÄ»ÔÄ»ÔÄ»ÔÄ»ÔÄ»ÔÄ»ÔÄ»ÔÄ»ÔÄ»ÔÄ»ÔÄ»ÔÄ»ÔÄ»ÔÄ»ÔÄ»ÔÄ»ÔÄ»ÔÄ»ÔÄ»ÔÄ»[15/288]ÔÄ»[22m[39m

[41m[1m FAIL [22m[49m src/components/editor/ExpandedEditorModal.test.tsx[2m > [22mExpandedEditorModal[2m > 
[22mpropagates onChange when the editor changes
[41m[1m FAIL [22m[49m src/components/editor/ExpandedEditorModal.test.tsx[2m > [22mExpandedEditorModal[2m > 
[22mpropagates onChange when the editor changes
[31m[1mTestingLibraryElementError[22m: Unable to find an element with the text: trigger change. This could be 
because the text is broken up by multiple elements. In this case, you can provide a function for your text matcher to 
make your matcher more flexible.

Ignored nodes: comments, script, style
[36m<body />[31m[39m
[90m [2mÔØ»[22m Object.getElementError 
node_modules/.pnpm/@testing-library+dom@10.4.1/node_modules/@testing-library/dom/dist/config.js:[2m37:19[22m[39m
[90m [2mÔØ»[22m node_modules/.pnpm/@testing-library+dom@10.4.1/node_modules/@testing-library/dom/dist/query-helpers.
js:[2m76:38[22m[39m
[90m [2mÔØ»[22m node_modules/.pnpm/@testing-library+dom@10.4.1/node_modules/@testing-library/dom/dist/query-helpers.
js:[2m52:17[22m[39m
[90m [2mÔØ»[22m node_modules/.pnpm/@testing-library+dom@10.4.1/node_modules/@testing-library/dom/dist/query-helpers.
js:[2m95:19[22m[39m
[36m [2mÔØ»[22m src/components/editor/ExpandedEditorModal.test.tsx:[2m74:30[22m[39m
    [90m 72| [39m
    [90m 73| [39m    [35mawait[39m [34mact[39m([35masync[39m () [33m=>[39m {
    [90m 74| [39m      fireEvent[33m.[39m[34mclick[39m(screen[33m.[39m[34mgetByText[39m([32m"trigger 
change"[39m))[33m;[39m
    [90m   | [39m                             [31m^[39m
    [90m 75| [39m    })[33m;[39m
    [90m 76| [39m
[90m [2mÔØ»[22m node_modules/.pnpm/@testing-library+react@16.3_b06773ce8422642a6dd6cbdb142f3520/node_modules/@testin
g-library/react/dist/act-compat.js:[2m47:24[22m[39m
[90m [2mÔØ»[22m process.env.NODE_ENV.exports.act 
node_modules/.pnpm/react@19.2.3/node_modules/react/cjs/react.development.js:[2m814:22[22m[39m
[90m [2mÔØ»[22m Proxy.<anonymous> node_modules/.pnpm/@testing-library+react@16.3_b06773ce8422642a6dd6cbdb142f3520/no
de_modules/@testing-library/react/dist/act-compat.js:[2m46:25[22m[39m
[90m [2mÔØ»[22m src/components/editor/ExpandedEditorModal.test.tsx:[2m73:11[22m[39m

[31m[2mÔÄ»ÔÄ»ÔÄ»ÔÄ»ÔÄ»ÔÄ»ÔÄ»ÔÄ»ÔÄ»ÔÄ»ÔÄ»ÔÄ»ÔÄ»ÔÄ»ÔÄ»ÔÄ»ÔÄ»ÔÄ»ÔÄ»ÔÄ»ÔÄ»[16/288]ÔÄ»[22m[39m

[41m[1m FAIL [22m[49m src/components/editor/InputActions.test.tsx[2m > [22mInputActions[2m > [22mrenders the 
Abrir button when onImportFile prop is provided
[41m[1m FAIL [22m[49m src/components/editor/InputActions.test.tsx[2m > [22mInputActions[2m > [22mrenders the 
Abrir button when onImportFile prop is provided
[31m[1mTestingLibraryElementError[22m: Unable to find an accessible element with the role "button" and name 
`/Importar archivo/i`

There are no accessible roles. But there might be some inaccessible roles. If you wish to access them, then set the 
`hidden` option to `true`. Learn more about this here: 
https://testing-library.com/docs/dom-testing-library/api-queries#byrole

Ignored nodes: comments, script, style
[36m<body>[31m
  [36m<div />[31m
[36m</body>[31m[39m
[90m [2mÔØ»[22m Object.getElementError 
node_modules/.pnpm/@testing-library+dom@10.4.1/node_modules/@testing-library/dom/dist/config.js:[2m37:19[22m[39m
[90m [2mÔØ»[22m node_modules/.pnpm/@testing-library+dom@10.4.1/node_modules/@testing-library/dom/dist/query-helpers.
js:[2m76:38[22m[39m
[90m [2mÔØ»[22m node_modules/.pnpm/@testing-library+dom@10.4.1/node_modules/@testing-library/dom/dist/query-helpers.
js:[2m52:17[22m[39m
[90m [2mÔØ»[22m node_modules/.pnpm/@testing-library+dom@10.4.1/node_modules/@testing-library/dom/dist/query-helpers.
js:[2m95:19[22m[39m
[36m [2mÔØ»[22m src/components/editor/InputActions.test.tsx:[2m30:25[22m[39m
    [90m 28| [39m  it("renders the Abrir button when onImportFile prop is provided", ()ÔÇª
    [90m 29| [39m    const renderResult = renderWithI18n(<InputActions {...baseProps} oÔÇª
    [90m 30| [39m    expect(renderResult.getByRole("button", { name: /Importar archivo/ÔÇª
    [90m   | [39m                        [31m^[39m
    [90m 31| [39m  })[33m;[39m
    [90m 32| [39m

[31m[2mÔÄ»ÔÄ»ÔÄ»ÔÄ»ÔÄ»ÔÄ»ÔÄ»ÔÄ»ÔÄ»ÔÄ»ÔÄ»ÔÄ»ÔÄ»ÔÄ»ÔÄ»ÔÄ»ÔÄ»ÔÄ»ÔÄ»ÔÄ»ÔÄ»[17/288]ÔÄ»[22m[39m

[41m[1m FAIL [22m[49m src/components/editor/InputActions.test.tsx[2m > [22mInputActions[2m > [22mrenders a 
hidden file input with the correct accept attribute when onImportFile is provided
[41m[1m FAIL [22m[49m src/components/editor/InputActions.test.tsx[2m > [22mInputActions[2m > [22mrenders a 
hidden file input with the correct accept attribute when onImportFile is provided
[31m[1mAssertionError[22m: expected null not to be null[39m
[36m [2mÔØ»[22m src/components/editor/InputActions.test.tsx:[2m36:27[22m[39m
    [90m 34| [39m    const renderResult = renderWithI18n(<InputActions {...baseProps} oÔÇª
    [90m 35| [39m    const fileInput = renderResult.container.querySelector<HTMLInputElÔÇª
    [90m 36| [39m    [34mexpect[39m(fileInput)[33m.[39mnot[33m.[39m[34mtoBeNull[39m()[33m;[39m
    [90m   | [39m                          [31m^[39m
    [90m 37| [39m    
[34mexpect[39m(fileInput[33m.[39maccept)[33m.[39m[34mtoBe[39m([32m".json"[39m)[33m;[39m
    [90m 38| [39m    
[34mexpect[39m(fileInput[33m.[39mclassName)[33m.[39m[34mtoContain[39m([32m"hidden"[39m)[33m;[39m

[31m[2mÔÄ»ÔÄ»ÔÄ»ÔÄ»ÔÄ»ÔÄ»ÔÄ»ÔÄ»ÔÄ»ÔÄ»ÔÄ»ÔÄ»ÔÄ»ÔÄ»ÔÄ»ÔÄ»ÔÄ»ÔÄ»ÔÄ»ÔÄ»ÔÄ»[18/288]ÔÄ»[22m[39m

[41m[1m FAIL [22m[49m src/components/editor/InputActions.test.tsx[2m > [22mInputActions[2m > [22mclicking 
Abrir triggers a click on the hidden file input
[41m[1m FAIL [22m[49m src/components/editor/InputActions.test.tsx[2m > [22mInputActions[2m > [22mclicking 
Abrir triggers a click on the hidden file input
[31m[1mTypeError[22m: Cannot convert undefined or null to object[39m
[36m [2mÔØ»[22m src/components/editor/InputActions.test.tsx:[2m45:25[22m[39m
    [90m 43| [39m
    [90m 44| [39m    const fileInput = renderResult.container.querySelector<HTMLInputElÔÇª
    [90m 45| [39m    const clickSpy = vi.spyOn(fileInput, "click").mockImplementation((ÔÇª
    [90m   | [39m                        [31m^[39m
    [90m 46| [39m
    [90m 47| [39m    fireEvent.click(renderResult.getByRole("button", { name: /ImportarÔÇª

[31m[2mÔÄ»ÔÄ»ÔÄ»ÔÄ»ÔÄ»ÔÄ»ÔÄ»ÔÄ»ÔÄ»ÔÄ»ÔÄ»ÔÄ»ÔÄ»ÔÄ»ÔÄ»ÔÄ»ÔÄ»ÔÄ»ÔÄ»ÔÄ»ÔÄ»[19/288]ÔÄ»[22m[39m

[41m[1m FAIL [22m[49m src/components/editor/InputActions.test.tsx[2m > [22mInputActions[2m > [22monChange on 
the file input calls onImportFile with the selected file
[41m[1m FAIL [22m[49m src/components/editor/InputActions.test.tsx[2m > [22mInputActions[2m > [22monChange on 
the file input calls onImportFile with the selected file
[31m[1mTypeError[22m: Object.defineProperty called on non-object[39m
[36m [2mÔØ»[22m src/components/editor/InputActions.test.tsx:[2m60:12[22m[39m
    [90m 58| [39m
    [90m 59| [39m    [90m// Simulate file selection[39m
    [90m 60| [39m    [33mObject[39m[33m.[39m[34mdefineProperty[39m(fileInput[33m,[39m 
[32m"files"[39m[33m,[39m {
    [90m   | [39m           [31m^[39m
    [90m 61| [39m      value[33m:[39m [file][33m,[39m
    [90m 62| [39m      configurable[33m:[39m [35mtrue[39m[33m,[39m

[31m[2mÔÄ»ÔÄ»ÔÄ»ÔÄ»ÔÄ»ÔÄ»ÔÄ»ÔÄ»ÔÄ»ÔÄ»ÔÄ»ÔÄ»ÔÄ»ÔÄ»ÔÄ»ÔÄ»ÔÄ»ÔÄ»ÔÄ»ÔÄ»ÔÄ»[20/288]ÔÄ»[22m[39m

[41m[1m FAIL [22m[49m src/components/editor/InputActions.test.tsx[2m > [22mInputActions[2m > [22mresets 
e.target.value after file selection
[41m[1m FAIL [22m[49m src/components/editor/InputActions.test.tsx[2m > [22mInputActions[2m > [22mresets 
e.target.value after file selection
[31m[1mTypeError[22m: Object.defineProperty called on non-object[39m
[36m [2mÔØ»[22m src/components/editor/InputActions.test.tsx:[2m77:12[22m[39m
    [90m 75| [39m    [35mconst[39m file [33m=[39m [35mnew[39m [33mFile[39m([[32m"data"[39m][33m,[39m 
[32m"a.txt"[39m[33m,[39m { type[33m:[39m [32m"text/plain"[39m })[33m;[39m
    [90m 76| [39m
    [90m 77| [39m    [33mObject[39m[33m.[39m[34mdefineProperty[39m(fileInput[33m,[39m 
[32m"files"[39m[33m,[39m {
    [90m   | [39m           [31m^[39m
    [90m 78| [39m      value[33m:[39m [file][33m,[39m
    [90m 79| [39m      configurable[33m:[39m [35mtrue[39m[33m,[39m

[31m[2mÔÄ»ÔÄ»ÔÄ»ÔÄ»ÔÄ»ÔÄ»ÔÄ»ÔÄ»ÔÄ»ÔÄ»ÔÄ»ÔÄ»ÔÄ»ÔÄ»ÔÄ»ÔÄ»ÔÄ»ÔÄ»ÔÄ»ÔÄ»ÔÄ»[21/288]ÔÄ»[22m[39m

[41m[1m FAIL [22m[49m src/components/editor/InputActions.test.tsx[2m > [22mInputActions[2m > [22mdoes not call 
onImportFile when no file is selected (cancelled picker)
[41m[1m FAIL [22m[49m src/components/editor/InputActions.test.tsx[2m > [22mInputActions[2m > [22mdoes not call 
onImportFile when no file is selected (cancelled picker)
[31m[1mTypeError[22m: Object.defineProperty called on non-object[39m
[36m [2mÔØ»[22m src/components/editor/InputActions.test.tsx:[2m93:12[22m[39m
    [90m 91| [39m    const fileInput = renderResult.container.querySelector<HTMLInputElÔÇª
    [90m 92| [39m
    [90m 93| [39m    [33mObject[39m[33m.[39m[34mdefineProperty[39m(fileInput[33m,[39m 
[32m"files"[39m[33m,[39m {
    [90m   | [39m           [31m^[39m
    [90m 94| [39m      value[33m:[39m [][33m,[39m
    [90m 95| [39m      configurable[33m:[39m [35mtrue[39m[33m,[39m

[31m[2mÔÄ»ÔÄ»ÔÄ»ÔÄ»ÔÄ»ÔÄ»ÔÄ»ÔÄ»ÔÄ»ÔÄ»ÔÄ»ÔÄ»ÔÄ»ÔÄ»ÔÄ»ÔÄ»ÔÄ»ÔÄ»ÔÄ»ÔÄ»ÔÄ»[22/288]ÔÄ»[22m[39m

[41m[1m FAIL [22m[49m src/components/editor/InputActions.test.tsx[2m > [22mInputActions[2m > [22malways 
renders Limpiar, Ejemplo, Descargar, and expand buttons
[41m[1m FAIL [22m[49m src/components/editor/InputActions.test.tsx[2m > [22mInputActions[2m > [22malways 
renders Limpiar, Ejemplo, Descargar, and expand buttons
[31m[1mTestingLibraryElementError[22m: Unable to find an accessible element with the role "button" and name 
`/Limpiar/i`

There are no accessible roles. But there might be some inaccessible roles. If you wish to access them, then set the 
`hidden` option to `true`. Learn more about this here: 
https://testing-library.com/docs/dom-testing-library/api-queries#byrole

Ignored nodes: comments, script, style
[36m<body>[31m
  [36m<div />[31m
[36m</body>[31m[39m
[90m [2mÔØ»[22m Object.getElementError 
node_modules/.pnpm/@testing-library+dom@10.4.1/node_modules/@testing-library/dom/dist/config.js:[2m37:19[22m[39m
[90m [2mÔØ»[22m node_modules/.pnpm/@testing-library+dom@10.4.1/node_modules/@testing-library/dom/dist/query-helpers.
js:[2m76:38[22m[39m
[90m [2mÔØ»[22m node_modules/.pnpm/@testing-library+dom@10.4.1/node_modules/@testing-library/dom/dist/query-helpers.
js:[2m52:17[22m[39m
[90m [2mÔØ»[22m node_modules/.pnpm/@testing-library+dom@10.4.1/node_modules/@testing-library/dom/dist/query-helpers.
js:[2m95:19[22m[39m
[36m [2mÔØ»[22m src/components/editor/InputActions.test.tsx:[2m104:25[22m[39m
    [90m102| [39m  it("always renders Limpiar, Ejemplo, Descargar, and expand buttons",ÔÇª
    [90m103| [39m    const renderResult = renderWithI18n(<InputActions {...baseProps} /ÔÇª
    [90m104| [39m    expect(renderResult.getByRole("button", { name: /Limpiar/i })).toBÔÇª
    [90m   | [39m                        [31m^[39m
    [90m105| [39m    expect(renderResult.getByRole("button", { name: /Ejemplo/i })).toBÔÇª
    [90m106| [39m    expect(renderResult.getByRole("button", { name: /Descargar/i })).tÔÇª

[31m[2mÔÄ»ÔÄ»ÔÄ»ÔÄ»ÔÄ»ÔÄ»ÔÄ»ÔÄ»ÔÄ»ÔÄ»ÔÄ»ÔÄ»ÔÄ»ÔÄ»ÔÄ»ÔÄ»ÔÄ»ÔÄ»ÔÄ»ÔÄ»ÔÄ»[23/288]ÔÄ»[22m[39m

[41m[1m FAIL [22m[49m src/components/editor/LazyCodeEditor.test.tsx[2m > [22mLazyCodeEditor[2m > [22mrenders 
CodeEditor after lazy resolution
[41m[1m FAIL [22m[49m src/components/editor/LazyCodeEditor.test.tsx[2m > [22mLazyCodeEditor[2m > [22mrenders 
CodeEditor after lazy resolution
[31m[1mTestingLibraryElementError[22m: Unable to find an element by: [data-testid="code-editor"]

Ignored nodes: comments, script, style
[36m<body />[31m

Ignored nodes: comments, script, style
[36m<body />[31m[39m
[90m [2mÔØ»[22m waitForWrapper 
node_modules/.pnpm/@testing-library+dom@10.4.1/node_modules/@testing-library/dom/dist/wait-for.js:[2m163:27[22m[39m
[90m [2mÔØ»[22m node_modules/.pnpm/@testing-library+dom@10.4.1/node_modules/@testing-library/dom/dist/query-helpers.
js:[2m86:33[22m[39m
[36m [2mÔØ»[22m src/components/editor/LazyCodeEditor.test.tsx:[2m36:33[22m[39m
    [90m 34| [39m  [34mit[39m([32m"renders CodeEditor after lazy resolution"[39m[33m,[39m [35masync[39m () 
[33m=>[39m {
    [90m 35| [39m    renderWithI18n(<LazyCodeEditor value="const x = 1;" language="javaÔÇª
    [90m 36| [39m    [35mconst[39m editor [33m=[39m [35mawait[39m 
screen[33m.[39m[34mfindByTestId[39m([32m"code-editor"[39m)[33m;[39m
    [90m   | [39m                                [31m^[39m
    [90m 37| [39m    [34mexpect[39m(editor)[33m.[39m[34mtoBeInTheDocument[39m()[33m;[39m
    [90m 38| [39m    [34mexpect[39m(screen[33m.[39m[34mgetByText[39m([32m"const x = 
1;"[39m))[33m.[39m[34mtoBeInTheDocument[39m()[33m;[39m

[31m[2mÔÄ»ÔÄ»ÔÄ»ÔÄ»ÔÄ»ÔÄ»ÔÄ»ÔÄ»ÔÄ»ÔÄ»ÔÄ»ÔÄ»ÔÄ»ÔÄ»ÔÄ»ÔÄ»ÔÄ»ÔÄ»ÔÄ»ÔÄ»ÔÄ»[24/288]ÔÄ»[22m[39m

[41m[1m FAIL [22m[49m src/components/editor/LazyCodeEditor.test.tsx[2m > [22mLazyCodeEditor[2m > [22mpasses 
language prop to CodeEditor
[41m[1m FAIL [22m[49m src/components/editor/LazyCodeEditor.test.tsx[2m > [22mLazyCodeEditor[2m > [22mpasses 
language prop to CodeEditor
[31m[1mTestingLibraryElementError[22m: Unable to find an element by: [data-testid="code-editor"]

Ignored nodes: comments, script, style
[36m<body />[31m

Ignored nodes: comments, script, style
[36m<body />[31m[39m
[90m [2mÔØ»[22m waitForWrapper 
node_modules/.pnpm/@testing-library+dom@10.4.1/node_modules/@testing-library/dom/dist/wait-for.js:[2m163:27[22m[39m
[90m [2mÔØ»[22m node_modules/.pnpm/@testing-library+dom@10.4.1/node_modules/@testing-library/dom/dist/query-helpers.
js:[2m86:33[22m[39m
[36m [2mÔØ»[22m src/components/editor/LazyCodeEditor.test.tsx:[2m43:33[22m[39m
    [90m 41| [39m  [34mit[39m([32m"passes language prop to CodeEditor"[39m[33m,[39m [35masync[39m () 
[33m=>[39m {
    [90m 42| [39m    [34mrenderWithI18n[39m([33m<[39m[33mLazyCodeEditor[39m 
[33mvalue[39m[33m=[39m[32m""[39m [33mlanguage[39m[33m=[39m[32m"css"[39m [33m/[39m[33m>[39m)[33m;[39m
    [90m 43| [39m    [35mconst[39m editor [33m=[39m [35mawait[39m 
screen[33m.[39m[34mfindByTestId[39m([32m"code-editor"[39m)[33m;[39m
    [90m   | [39m                                [31m^[39m
    [90m 44| [39m    
[34mexpect[39m(editor)[33m.[39m[34mtoHaveAttribute[39m([32m"data-language"[39m[33m,[39m 
[32m"css"[39m)[33m;[39m
    [90m 45| [39m  })[33m;[39m

[31m[2mÔÄ»ÔÄ»ÔÄ»ÔÄ»ÔÄ»ÔÄ»ÔÄ»ÔÄ»ÔÄ»ÔÄ»ÔÄ»ÔÄ»ÔÄ»ÔÄ»ÔÄ»ÔÄ»ÔÄ»ÔÄ»ÔÄ»ÔÄ»ÔÄ»[25/288]ÔÄ»[22m[39m

[41m[1m FAIL [22m[49m src/components/editor/LazyCodeEditor.test.tsx[2m > [22mLazyCodeEditor[2m > [22mpasses 
readOnly prop to CodeEditor
[41m[1m FAIL [22m[49m src/components/editor/LazyCodeEditor.test.tsx[2m > [22mLazyCodeEditor[2m > [22mpasses 
readOnly prop to CodeEditor
[31m[1mTestingLibraryElementError[22m: Unable to find an element by: [data-testid="code-editor"]

Ignored nodes: comments, script, style
[36m<body />[31m

Ignored nodes: comments, script, style
[36m<body />[31m[39m
[90m [2mÔØ»[22m waitForWrapper 
node_modules/.pnpm/@testing-library+dom@10.4.1/node_modules/@testing-library/dom/dist/wait-for.js:[2m163:27[22m[39m
[90m [2mÔØ»[22m node_modules/.pnpm/@testing-library+dom@10.4.1/node_modules/@testing-library/dom/dist/query-helpers.
js:[2m86:33[22m[39m
[36m [2mÔØ»[22m src/components/editor/LazyCodeEditor.test.tsx:[2m49:33[22m[39m
    [90m 47| [39m  [34mit[39m([32m"passes readOnly prop to CodeEditor"[39m[33m,[39m [35masync[39m () 
[33m=>[39m {
    [90m 48| [39m    renderWithI18n(<LazyCodeEditor value="text" language="json" readOnÔÇª
    [90m 49| [39m    [35mconst[39m editor [33m=[39m [35mawait[39m 
screen[33m.[39m[34mfindByTestId[39m([32m"code-editor"[39m)[33m;[39m
    [90m   | [39m                                [31m^[39m
    [90m 50| [39m    
[34mexpect[39m(editor)[33m.[39m[34mtoHaveAttribute[39m([32m"data-readonly"[39m[33m,[39m 
[32m"true"[39m)[33m;[39m
    [90m 51| [39m  })[33m;[39m

[31m[2mÔÄ»ÔÄ»ÔÄ»ÔÄ»ÔÄ»ÔÄ»ÔÄ»ÔÄ»ÔÄ»ÔÄ»ÔÄ»ÔÄ»ÔÄ»ÔÄ»ÔÄ»ÔÄ»ÔÄ»ÔÄ»ÔÄ»ÔÄ»ÔÄ»[26/288]ÔÄ»[22m[39m

[41m[1m FAIL [22m[49m src/components/editor/LazyCodeEditor.test.tsx[2m > [22mLazyCodeEditor[2m > [22mrenders 
placeholder when value is empty
[41m[1m FAIL [22m[49m src/components/editor/LazyCodeEditor.test.tsx[2m > [22mLazyCodeEditor[2m > [22mrenders 
placeholder when value is empty
[31m[1mTestingLibraryElementError[22m: Unable to find an element by: [data-testid="code-editor"]

Ignored nodes: comments, script, style
[36m<body />[31m

Ignored nodes: comments, script, style
[36m<body />[31m[39m
[90m [2mÔØ»[22m waitForWrapper 
node_modules/.pnpm/@testing-library+dom@10.4.1/node_modules/@testing-library/dom/dist/wait-for.js:[2m163:27[22m[39m
[90m [2mÔØ»[22m node_modules/.pnpm/@testing-library+dom@10.4.1/node_modules/@testing-library/dom/dist/query-helpers.
js:[2m86:33[22m[39m
[36m [2mÔØ»[22m src/components/editor/LazyCodeEditor.test.tsx:[2m55:33[22m[39m
    [90m 53| [39m  [34mit[39m([32m"renders placeholder when value is empty"[39m[33m,[39m [35masync[39m () 
[33m=>[39m {
    [90m 54| [39m    renderWithI18n(<LazyCodeEditor value="" language="html" placeholdeÔÇª
    [90m 55| [39m    [35mconst[39m editor [33m=[39m [35mawait[39m 
screen[33m.[39m[34mfindByTestId[39m([32m"code-editor"[39m)[33m;[39m
    [90m   | [39m                                [31m^[39m
    [90m 56| [39m    [34mexpect[39m(editor)[33m.[39m[34mtoHaveTextContent[39m([32m"Escribe 
aqu├¡..."[39m)[33m;[39m
    [90m 57| [39m  })[33m;[39m

[31m[2mÔÄ»ÔÄ»ÔÄ»ÔÄ»ÔÄ»ÔÄ»ÔÄ»ÔÄ»ÔÄ»ÔÄ»ÔÄ»ÔÄ»ÔÄ»ÔÄ»ÔÄ»ÔÄ»ÔÄ»ÔÄ»ÔÄ»ÔÄ»ÔÄ»[27/288]ÔÄ»[22m[39m

[41m[1m FAIL [22m[49m src/components/common/Card.test.tsx[2m > [22mCard[2m > [22mshould render children content
[41m[1m FAIL [22m[49m src/components/common/Card.test.tsx[2m > [22mCard[2m > [22mshould render children content
[31m[1mTestingLibraryElementError[22m: Unable to find an element with the text: Test content. This could be because 
the text is broken up by multiple elements. In this case, you can provide a function for your text matcher to make 
your matcher more flexible.

Ignored nodes: comments, script, style
[36m<body />[31m[39m
[90m [2mÔØ»[22m Object.getElementError 
node_modules/.pnpm/@testing-library+dom@10.4.1/node_modules/@testing-library/dom/dist/config.js:[2m37:19[22m[39m
[90m [2mÔØ»[22m node_modules/.pnpm/@testing-library+dom@10.4.1/node_modules/@testing-library/dom/dist/query-helpers.
js:[2m76:38[22m[39m
[90m [2mÔØ»[22m node_modules/.pnpm/@testing-library+dom@10.4.1/node_modules/@testing-library/dom/dist/query-helpers.
js:[2m52:17[22m[39m
[90m [2mÔØ»[22m node_modules/.pnpm/@testing-library+dom@10.4.1/node_modules/@testing-library/dom/dist/query-helpers.
js:[2m95:19[22m[39m
[36m [2mÔØ»[22m src/components/common/Card.test.tsx:[2m15:19[22m[39m
    [90m 13| [39m    )[33m;[39m
    [90m 14| [39m
    [90m 15| [39m    [34mexpect[39m(screen[33m.[39m[34mgetByText[39m([32m"Test 
content"[39m))[33m.[39m[34mtoBeInTheDocument[39m()[33m;[39m
    [90m   | [39m                  [31m^[39m
    [90m 16| [39m  })[33m;[39m
    [90m 17| [39m

[31m[2mÔÄ»ÔÄ»ÔÄ»ÔÄ»ÔÄ»ÔÄ»ÔÄ»ÔÄ»ÔÄ»ÔÄ»ÔÄ»ÔÄ»ÔÄ»ÔÄ»ÔÄ»ÔÄ»ÔÄ»ÔÄ»ÔÄ»ÔÄ»ÔÄ»[28/288]ÔÄ»[22m[39m

[41m[1m FAIL [22m[49m src/components/common/Card.test.tsx[2m > [22mCard[2m > [22mshould render with title when 
provided
[41m[1m FAIL [22m[49m src/components/common/Card.test.tsx[2m > [22mCard[2m > [22mshould render with title when 
provided
[31m[1mTestingLibraryElementError[22m: Unable to find an element with the text: Test Title. This could be because 
the text is broken up by multiple elements. In this case, you can provide a function for your text matcher to make 
your matcher more flexible.

Ignored nodes: comments, script, style
[36m<body />[31m[39m
[90m [2mÔØ»[22m Object.getElementError 
node_modules/.pnpm/@testing-library+dom@10.4.1/node_modules/@testing-library/dom/dist/config.js:[2m37:19[22m[39m
[90m [2mÔØ»[22m node_modules/.pnpm/@testing-library+dom@10.4.1/node_modules/@testing-library/dom/dist/query-helpers.
js:[2m76:38[22m[39m
[90m [2mÔØ»[22m node_modules/.pnpm/@testing-library+dom@10.4.1/node_modules/@testing-library/dom/dist/query-helpers.
js:[2m52:17[22m[39m
[90m [2mÔØ»[22m node_modules/.pnpm/@testing-library+dom@10.4.1/node_modules/@testing-library/dom/dist/query-helpers.
js:[2m95:19[22m[39m
[36m [2mÔØ»[22m src/components/common/Card.test.tsx:[2m25:19[22m[39m
    [90m 23| [39m    )[33m;[39m
    [90m 24| [39m
    [90m 25| [39m    [34mexpect[39m(screen[33m.[39m[34mgetByText[39m([32m"Test 
Title"[39m))[33m.[39m[34mtoBeInTheDocument[39m()[33m;[39m
    [90m   | [39m                  [31m^[39m
    [90m 26| [39m    [34mexpect[39m(screen[33m.[39m[34mgetByText[39m([32m"Content"[39m))[33m.[39m[34mtoBeI
nTheDocument[39m()[33m;[39m
    [90m 27| [39m  })[33m;[39m

[31m[2mÔÄ»ÔÄ»ÔÄ»ÔÄ»ÔÄ»ÔÄ»ÔÄ»ÔÄ»ÔÄ»ÔÄ»ÔÄ»ÔÄ»ÔÄ»ÔÄ»ÔÄ»ÔÄ»ÔÄ»ÔÄ»ÔÄ»ÔÄ»ÔÄ»[29/288]ÔÄ»[22m[39m

[41m[1m FAIL [22m[49m src/components/common/Card.test.tsx[2m > [22mCard[2m > [22mshould render without title 
when not provided
[41m[1m FAIL [22m[49m src/components/common/Card.test.tsx[2m > [22mCard[2m > [22mshould render without title 
when not provided
[31m[1mTestingLibraryElementError[22m: Unable to find an element with the text: Content only. This could be because 
the text is broken up by multiple elements. In this case, you can provide a function for your text matcher to make 
your matcher more flexible.

Ignored nodes: comments, script, style
[36m<body />[31m[39m
[90m [2mÔØ»[22m Object.getElementError 
node_modules/.pnpm/@testing-library+dom@10.4.1/node_modules/@testing-library/dom/dist/config.js:[2m37:19[22m[39m
[90m [2mÔØ»[22m node_modules/.pnpm/@testing-library+dom@10.4.1/node_modules/@testing-library/dom/dist/query-helpers.
js:[2m76:38[22m[39m
[90m [2mÔØ»[22m node_modules/.pnpm/@testing-library+dom@10.4.1/node_modules/@testing-library/dom/dist/query-helpers.
js:[2m52:17[22m[39m
[90m [2mÔØ»[22m node_modules/.pnpm/@testing-library+dom@10.4.1/node_modules/@testing-library/dom/dist/query-helpers.
js:[2m95:19[22m[39m
[36m [2mÔØ»[22m src/components/common/Card.test.tsx:[2m36:19[22m[39m
    [90m 34| [39m    )[33m;[39m
    [90m 35| [39m
    [90m 36| [39m    [34mexpect[39m(screen[33m.[39m[34mgetByText[39m([32m"Content 
only"[39m))[33m.[39m[34mtoBeInTheDocument[39m()[33m;[39m
    [90m   | [39m                  [31m^[39m
    [90m 37| [39m  })[33m;[39m
    [90m 38| [39m

[31m[2mÔÄ»ÔÄ»ÔÄ»ÔÄ»ÔÄ»ÔÄ»ÔÄ»ÔÄ»ÔÄ»ÔÄ»ÔÄ»ÔÄ»ÔÄ»ÔÄ»ÔÄ»ÔÄ»ÔÄ»ÔÄ»ÔÄ»ÔÄ»ÔÄ»[30/288]ÔÄ»[22m[39m

[41m[1m FAIL [22m[49m src/components/common/Checkbox.test.tsx[2m > [22mCheckbox[2m > [22mshould render with 
label
[41m[1m FAIL [22m[49m src/components/common/Checkbox.test.tsx[2m > [22mCheckbox[2m > [22mshould render with 
label
[31m[1mTestingLibraryElementError[22m: Unable to find an element with the text: Enable feature. This could be 
because the text is broken up by multiple elements. In this case, you can provide a function for your text matcher to 
make your matcher more flexible.

Ignored nodes: comments, script, style
[36m<body />[31m[39m
[90m [2mÔØ»[22m Object.getElementError 
node_modules/.pnpm/@testing-library+dom@10.4.1/node_modules/@testing-library/dom/dist/config.js:[2m37:19[22m[39m
[90m [2mÔØ»[22m node_modules/.pnpm/@testing-library+dom@10.4.1/node_modules/@testing-library/dom/dist/query-helpers.
js:[2m76:38[22m[39m
[90m [2mÔØ»[22m node_modules/.pnpm/@testing-library+dom@10.4.1/node_modules/@testing-library/dom/dist/query-helpers.
js:[2m52:17[22m[39m
[90m [2mÔØ»[22m node_modules/.pnpm/@testing-library+dom@10.4.1/node_modules/@testing-library/dom/dist/query-helpers.
js:[2m95:19[22m[39m
[36m [2mÔØ»[22m src/components/common/Checkbox.test.tsx:[2m10:19[22m[39m
    [90m  8| [39m    renderWithI18n(<Checkbox label="Enable feature" checked={false} onÔÇª
    [90m  9| [39m
    [90m 10| [39m    [34mexpect[39m(screen[33m.[39m[34mgetByText[39m([32m"Enable 
feature"[39m))[33m.[39m[34mtoBeInTheDocument[39m()[33m;[39m
    [90m   | [39m                  [31m^[39m
    [90m 11| [39m  })[33m;[39m
    [90m 12| [39m

[31m[2mÔÄ»ÔÄ»ÔÄ»ÔÄ»ÔÄ»ÔÄ»ÔÄ»ÔÄ»ÔÄ»ÔÄ»ÔÄ»ÔÄ»ÔÄ»ÔÄ»ÔÄ»ÔÄ»ÔÄ»ÔÄ»ÔÄ»ÔÄ»ÔÄ»[31/288]ÔÄ»[22m[39m

[41m[1m FAIL [22m[49m src/components/common/Checkbox.test.tsx[2m > [22mCheckbox[2m > [22mshould show checked 
state
[41m[1m FAIL [22m[49m src/components/common/Checkbox.test.tsx[2m > [22mCheckbox[2m > [22mshould show checked 
state
[31m[1mTestingLibraryElementError[22m: Unable to find an accessible element with the role "checkbox"

There are no accessible roles. But there might be some inaccessible roles. If you wish to access them, then set the 
`hidden` option to `true`. Learn more about this here: 
https://testing-library.com/docs/dom-testing-library/api-queries#byrole

Ignored nodes: comments, script, style
[36m<body />[31m[39m
[90m [2mÔØ»[22m Object.getElementError 
node_modules/.pnpm/@testing-library+dom@10.4.1/node_modules/@testing-library/dom/dist/config.js:[2m37:19[22m[39m
[90m [2mÔØ»[22m node_modules/.pnpm/@testing-library+dom@10.4.1/node_modules/@testing-library/dom/dist/query-helpers.
js:[2m76:38[22m[39m
[90m [2mÔØ»[22m node_modules/.pnpm/@testing-library+dom@10.4.1/node_modules/@testing-library/dom/dist/query-helpers.
js:[2m52:17[22m[39m
[90m [2mÔØ»[22m node_modules/.pnpm/@testing-library+dom@10.4.1/node_modules/@testing-library/dom/dist/query-helpers.
js:[2m95:19[22m[39m
[36m [2mÔØ»[22m src/components/common/Checkbox.test.tsx:[2m16:29[22m[39m
    [90m 14| [39m    renderWithI18n(<Checkbox label="Enable feature" checked={true} onCÔÇª
    [90m 15| [39m
    [90m 16| [39m    [35mconst[39m checkbox [33m=[39m 
screen[33m.[39m[34mgetByRole[39m([32m"checkbox"[39m)[33m;[39m
    [90m   | [39m                            [31m^[39m
    [90m 17| [39m    [34mexpect[39m(checkbox)[33m.[39m[34mtoBeChecked[39m()[33m;[39m
    [90m 18| [39m  })[33m;[39m

[31m[2mÔÄ»ÔÄ»ÔÄ»ÔÄ»ÔÄ»ÔÄ»ÔÄ»ÔÄ»ÔÄ»ÔÄ»ÔÄ»ÔÄ»ÔÄ»ÔÄ»ÔÄ»ÔÄ»ÔÄ»ÔÄ»ÔÄ»ÔÄ»ÔÄ»[32/288]ÔÄ»[22m[39m

[41m[1m FAIL [22m[49m src/components/common/Checkbox.test.tsx[2m > [22mCheckbox[2m > [22mshould show unchecked 
state
[41m[1m FAIL [22m[49m src/components/common/Checkbox.test.tsx[2m > [22mCheckbox[2m > [22mshould show unchecked 
state
[31m[1mTestingLibraryElementError[22m: Unable to find an accessible element with the role "checkbox"

There are no accessible roles. But there might be some inaccessible roles. If you wish to access them, then set the 
`hidden` option to `true`. Learn more about this here: 
https://testing-library.com/docs/dom-testing-library/api-queries#byrole

Ignored nodes: comments, script, style
[36m<body />[31m[39m
[90m [2mÔØ»[22m Object.getElementError 
node_modules/.pnpm/@testing-library+dom@10.4.1/node_modules/@testing-library/dom/dist/config.js:[2m37:19[22m[39m
[90m [2mÔØ»[22m node_modules/.pnpm/@testing-library+dom@10.4.1/node_modules/@testing-library/dom/dist/query-helpers.
js:[2m76:38[22m[39m
[90m [2mÔØ»[22m node_modules/.pnpm/@testing-library+dom@10.4.1/node_modules/@testing-library/dom/dist/query-helpers.
js:[2m52:17[22m[39m
[90m [2mÔØ»[22m node_modules/.pnpm/@testing-library+dom@10.4.1/node_modules/@testing-library/dom/dist/query-helpers.
js:[2m95:19[22m[39m
[36m [2mÔØ»[22m src/components/common/Checkbox.test.tsx:[2m23:29[22m[39m
    [90m 21| [39m    renderWithI18n(<Checkbox label="Enable feature" checked={false} onÔÇª
    [90m 22| [39m
    [90m 23| [39m    [35mconst[39m checkbox [33m=[39m 
screen[33m.[39m[34mgetByRole[39m([32m"checkbox"[39m)[33m;[39m
    [90m   | [39m                            [31m^[39m
    [90m 24| [39m    [34mexpect[39m(checkbox)[33m.[39mnot[33m.[39m[34mtoBeChecked[39m()[33m;[39m
    [90m 25| [39m  })[33m;[39m

[31m[2mÔÄ»ÔÄ»ÔÄ»ÔÄ»ÔÄ»ÔÄ»ÔÄ»ÔÄ»ÔÄ»ÔÄ»ÔÄ»ÔÄ»ÔÄ»ÔÄ»ÔÄ»ÔÄ»ÔÄ»ÔÄ»ÔÄ»ÔÄ»ÔÄ»[33/288]ÔÄ»[22m[39m

[41m[1m FAIL [22m[49m src/components/common/Checkbox.test.tsx[2m > [22mCheckbox[2m > [22mshould call onChange 
when clicked
[41m[1m FAIL [22m[49m src/components/common/Checkbox.test.tsx[2m > [22mCheckbox[2m > [22mshould call onChange 
when clicked
[31m[1mTestingLibraryElementError[22m: Unable to find an accessible element with the role "checkbox"

There are no accessible roles. But there might be some inaccessible roles. If you wish to access them, then set the 
`hidden` option to `true`. Learn more about this here: 
https://testing-library.com/docs/dom-testing-library/api-queries#byrole

Ignored nodes: comments, script, style
[36m<body />[31m[39m
[90m [2mÔØ»[22m Object.getElementError 
node_modules/.pnpm/@testing-library+dom@10.4.1/node_modules/@testing-library/dom/dist/config.js:[2m37:19[22m[39m
[90m [2mÔØ»[22m node_modules/.pnpm/@testing-library+dom@10.4.1/node_modules/@testing-library/dom/dist/query-helpers.
js:[2m76:38[22m[39m
[90m [2mÔØ»[22m node_modules/.pnpm/@testing-library+dom@10.4.1/node_modules/@testing-library/dom/dist/query-helpers.
js:[2m52:17[22m[39m
[90m [2mÔØ»[22m node_modules/.pnpm/@testing-library+dom@10.4.1/node_modules/@testing-library/dom/dist/query-helpers.
js:[2m95:19[22m[39m
[36m [2mÔØ»[22m src/components/common/Checkbox.test.tsx:[2m31:29[22m[39m
    [90m 29| [39m    renderWithI18n(<Checkbox label="Enable feature" checked={false} onÔÇª
    [90m 30| [39m
    [90m 31| [39m    [35mconst[39m checkbox [33m=[39m 
screen[33m.[39m[34mgetByRole[39m([32m"checkbox"[39m)[33m;[39m
    [90m   | [39m                            [31m^[39m
    [90m 32| [39m    fireEvent[33m.[39m[34mclick[39m(checkbox)[33m;[39m
    [90m 33| [39m

[31m[2mÔÄ»ÔÄ»ÔÄ»ÔÄ»ÔÄ»ÔÄ»ÔÄ»ÔÄ»ÔÄ»ÔÄ»ÔÄ»ÔÄ»ÔÄ»ÔÄ»ÔÄ»ÔÄ»ÔÄ»ÔÄ»ÔÄ»ÔÄ»ÔÄ»[34/288]ÔÄ»[22m[39m

[41m[1m FAIL [22m[49m src/components/common/Checkbox.test.tsx[2m > [22mCheckbox[2m > [22mshould toggle from 
checked to unchecked
[41m[1m FAIL [22m[49m src/components/common/Checkbox.test.tsx[2m > [22mCheckbox[2m > [22mshould toggle from 
checked to unchecked
[31m[1mTestingLibraryElementError[22m: Unable to find an accessible element with the role "checkbox"

There are no accessible roles. But there might be some inaccessible roles. If you wish to access them, then set the 
`hidden` option to `true`. Learn more about this here: 
https://testing-library.com/docs/dom-testing-library/api-queries#byrole

Ignored nodes: comments, script, style
[36m<body />[31m[39m
[90m [2mÔØ»[22m Object.getElementError 
node_modules/.pnpm/@testing-library+dom@10.4.1/node_modules/@testing-library/dom/dist/config.js:[2m37:19[22m[39m
[90m [2mÔØ»[22m node_modules/.pnpm/@testing-library+dom@10.4.1/node_modules/@testing-library/dom/dist/query-helpers.
js:[2m76:38[22m[39m
[90m [2mÔØ»[22m node_modules/.pnpm/@testing-library+dom@10.4.1/node_modules/@testing-library/dom/dist/query-helpers.
js:[2m52:17[22m[39m
[90m [2mÔØ»[22m node_modules/.pnpm/@testing-library+dom@10.4.1/node_modules/@testing-library/dom/dist/query-helpers.
js:[2m95:19[22m[39m
[36m [2mÔØ»[22m src/components/common/Checkbox.test.tsx:[2m41:29[22m[39m
    [90m 39| [39m    renderWithI18n(<Checkbox label="Enable feature" checked={true} onCÔÇª
    [90m 40| [39m
    [90m 41| [39m    [35mconst[39m checkbox [33m=[39m 
screen[33m.[39m[34mgetByRole[39m([32m"checkbox"[39m)[33m;[39m
    [90m   | [39m                            [31m^[39m
    [90m 42| [39m    fireEvent[33m.[39m[34mclick[39m(checkbox)[33m;[39m
    [90m 43| [39m

[31m[2mÔÄ»ÔÄ»ÔÄ»ÔÄ»ÔÄ»ÔÄ»ÔÄ»ÔÄ»ÔÄ»ÔÄ»ÔÄ»ÔÄ»ÔÄ»ÔÄ»ÔÄ»ÔÄ»ÔÄ»ÔÄ»ÔÄ»ÔÄ»ÔÄ»[35/288]ÔÄ»[22m[39m

[41m[1m FAIL [22m[49m src/components/common/Checkbox.test.tsx[2m > [22mCheckbox[2m > [22mshould be clickable 
via label
[41m[1m FAIL [22m[49m src/components/common/Checkbox.test.tsx[2m > [22mCheckbox[2m > [22mshould be clickable 
via label
[31m[1mTestingLibraryElementError[22m: Unable to find an element with the text: Enable feature. This could be 
because the text is broken up by multiple elements. In this case, you can provide a function for your text matcher to 
make your matcher more flexible.

Ignored nodes: comments, script, style
[36m<body />[31m[39m
[90m [2mÔØ»[22m Object.getElementError 
node_modules/.pnpm/@testing-library+dom@10.4.1/node_modules/@testing-library/dom/dist/config.js:[2m37:19[22m[39m
[90m [2mÔØ»[22m node_modules/.pnpm/@testing-library+dom@10.4.1/node_modules/@testing-library/dom/dist/query-helpers.
js:[2m76:38[22m[39m
[90m [2mÔØ»[22m node_modules/.pnpm/@testing-library+dom@10.4.1/node_modules/@testing-library/dom/dist/query-helpers.
js:[2m52:17[22m[39m
[90m [2mÔØ»[22m node_modules/.pnpm/@testing-library+dom@10.4.1/node_modules/@testing-library/dom/dist/query-helpers.
js:[2m95:19[22m[39m
[36m [2mÔØ»[22m src/components/common/Checkbox.test.tsx:[2m51:26[22m[39m
    [90m 49| [39m    renderWithI18n(<Checkbox label="Enable feature" checked={false} onÔÇª
    [90m 50| [39m
    [90m 51| [39m    [35mconst[39m label [33m=[39m screen[33m.[39m[34mgetByText[39m([32m"Enable 
feature"[39m)[33m;[39m
    [90m   | [39m                         [31m^[39m
    [90m 52| [39m    fireEvent[33m.[39m[34mclick[39m(label)[33m;[39m
    [90m 53| [39m

[31m[2mÔÄ»ÔÄ»ÔÄ»ÔÄ»ÔÄ»ÔÄ»ÔÄ»ÔÄ»ÔÄ»ÔÄ»ÔÄ»ÔÄ»ÔÄ»ÔÄ»ÔÄ»ÔÄ»ÔÄ»ÔÄ»ÔÄ»ÔÄ»ÔÄ»[36/288]ÔÄ»[22m[39m

[41m[1m FAIL [22m[49m src/components/common/EditorFooter.test.tsx[2m > [22mEditorFooter[2m > [22moutput 
variant[2m > [22mrenders waiting message when output is empty
[31m[1mTestingLibraryElementError[22m: Unable to find an element with the text: Procesando.... This could be 
because the text is broken up by multiple elements. In this case, you can provide a function for your text matcher to 
make your matcher more flexible.

Ignored nodes: comments, script, style
[36m<body>[31m
  [36m<div>[31m
    [36m<div[31m
      [33mclass[31m=[32m"text-xs h-4 flex items-center gap-1"[31m
    [36m>[31m
      [36m<span[31m
        [33mclass[31m=[32m"text-gray-400 "[31m
      [36m>[31m
        [0mEsperando CSS...[0m
      [36m</span>[31m
    [36m</div>[31m
  [36m</div>[31m
  [36m<div>[31m
    [36m<div[31m
      [33mclass[31m=[32m"text-xs h-4 flex items-center gap-1"[31m
    [36m>[31m
      [36m<span[31m
        [33mclass[31m=[32m"text-green-400 flex items-center gap-1 "[31m
      [36m>[31m
        [36m<i[31m
          [33mclass[31m=[32m"fas fa-check-circle"[31m
        [36m/>[31m
        [0m [0m
        [0mCSS v├ílido[0m
        [36m<span[31m
          [33mclass[31m=[32m"text-gray-400"[31m
        [36m>[31m
          [0m┬À [0m
          [0m5[0m
          [0m l├¡neas ┬À [0m
          [0m120[0m
          [0m caracteres ┬À [0m
          [0m120[0m
          [0m bytes[0m
        [36m</span>[31m
      [36m</span>[31m
    [36m</div>[31m
  [36m</div>[31m
  [36m<div>[31m
    [36m<div[31m
      [33mclass[31m=[32m"text-xs h-4 flex items-center gap-1"[31m
    [36m>[31m
      [36m<span[31m
        [33mclass[31m=[32m"text-red-400 flex items-center gap-1 "[31m
      [36m>[31m
        [36m<i[31m
          [33mclass[31m=[32m"fas fa-exclamation-circle"[31m
        [36m/>[31m
        [0m [0m
        [0mSyntax error[0m
      [36m</span>[31m
    [36m</div>[31m
  [36m</div>[31m
  [36m<div>[31m
    [36m<div[31m
      [33mclass[31m=[32m"text-xs h-4 flex items-center gap-1"[31m
    [36m>[31m
      [36m<span[31m
        [33mclass[31m=[32m"text-green-400 flex items-center gap-1 "[31m
      [36m>[31m
        [36m<i[31m
          [33mclass[31m=[32m"fas fa-check-circle"[31m
        [36m/>[31m
        [0m [0m
        [0mCSS v├ílido[0m
        [36m<span[31m
          [33mclass[31m=[32m"text-gray-400"[31m
        [36m>[31m
          [0m┬À [0m
          [0m5[0m
          [0m l├¡neas ┬À [0m
          [0m120[0m
          [0m caracteres ┬À [0m
          [0m120[0m
          [0m bytes[0m
        [36m</span>[31m
        [36m<span[31m
          [33mclass[31m=[32m"text-amber-400 ml-2 truncate"[31m
        [36m>[31m
          [0mInput truncated[0m
        [36m</span>[31m
      [36m</span>[31m
    [36m</div>[31m
  [36m</div>[31m
  [36m<div>[31m
    [36m<div[31m
      [33mclass[31m=[32m"text-xs h-4 flex items-center gap-1"[31m
    [36m>[31m
      [36m<span[31m
        [33mclass[31m=[32m"text-yellow-400 flex items-center gap-1"[31m
      [36m>[31m
        [36m<i[31m
          [33maria-hidden[31m=[32m"true"[31m
          [33mclass[31m=[32m"fas fa-spinner fa-spin"[31m
        [36m/>[31m
        [0m [0m
        [0mcommon.processing[0m
      [36m</span>[31m
    [36m</div>[31m
  [36m</div>[31m
[36m</body>[31m[39m
[90m [2mÔØ»[22m Object.getElementError 
node_modules/.pnpm/@testing-library+dom@10.4.1/node_modules/@testing-library/dom/dist/config.js:[2m37:19[22m[39m
[90m [2mÔØ»[22m node_modules/.pnpm/@testing-library+dom@10.4.1/node_modules/@testing-library/dom/dist/query-helpers.
js:[2m76:38[22m[39m
[90m [2mÔØ»[22m node_modules/.pnpm/@testing-library+dom@10.4.1/node_modules/@testing-library/dom/dist/query-helpers.
js:[2m52:17[22m[39m
[90m [2mÔØ»[22m node_modules/.pnpm/@testing-library+dom@10.4.1/node_modules/@testing-library/dom/dist/query-helpers.
js:[2m95:19[22m[39m
[36m [2mÔØ»[22m src/components/common/EditorFooter.test.tsx:[2m92:27[22m[39m
    [90m 90| [39m      )[33m;[39m
    [90m 91| [39m
    [90m 92| [39m      expect(renderResult.getByText("Procesando...")).toBeInTheDocumenÔÇª
    [90m   | [39m                          [31m^[39m
    [90m 93| [39m    })[33m;[39m
    [90m 94| [39m

[31m[2mÔÄ»ÔÄ»ÔÄ»ÔÄ»ÔÄ»ÔÄ»ÔÄ»ÔÄ»ÔÄ»ÔÄ»ÔÄ»ÔÄ»ÔÄ»ÔÄ»ÔÄ»ÔÄ»ÔÄ»ÔÄ»ÔÄ»ÔÄ»ÔÄ»[37/288]ÔÄ»[22m[39m

[41m[1m FAIL [22m[49m src/components/common/EditorFooter.test.tsx[2m > [22mEditorFooter[2m > [22moutput 
variant[2m > [22mrenders waiting message when output is empty
[31m[1mTestingLibraryElementError[22m: Unable to find an element with the text: Procesando.... This could be 
because the text is broken up by multiple elements. In this case, you can provide a function for your text matcher to 
make your matcher more flexible.

Ignored nodes: comments, script, style
[36m<body>[31m
  [36m<div>[31m
    [36m<div[31m
      [33mclass[31m=[32m"text-xs h-4 flex items-center gap-1"[31m
    [36m>[31m
      [36m<span[31m
        [33mclass[31m=[32m"text-gray-400 "[31m
      [36m>[31m
        [0mEsperando CSS...[0m
      [36m</span>[31m
    [36m</div>[31m
  [36m</div>[31m
  [36m<div>[31m
    [36m<div[31m
      [33mclass[31m=[32m"text-xs h-4 flex items-center gap-1"[31m
    [36m>[31m
      [36m<span[31m
        [33mclass[31m=[32m"text-green-400 flex items-center gap-1 "[31m
      [36m>[31m
        [36m<i[31m
          [33mclass[31m=[32m"fas fa-check-circle"[31m
        [36m/>[31m
        [0m [0m
        [0mCSS v├ílido[0m
        [36m<span[31m
          [33mclass[31m=[32m"text-gray-400"[31m
        [36m>[31m
          [0m┬À [0m
          [0m5[0m
          [0m l├¡neas ┬À [0m
          [0m120[0m
          [0m caracteres ┬À [0m
          [0m120[0m
          [0m bytes[0m
        [36m</span>[31m
      [36m</span>[31m
    [36m</div>[31m
  [36m</div>[31m
  [36m<div>[31m
    [36m<div[31m
      [33mclass[31m=[32m"text-xs h-4 flex items-center gap-1"[31m
    [36m>[31m
      [36m<span[31m
        [33mclass[31m=[32m"text-red-400 flex items-center gap-1 "[31m
      [36m>[31m
        [36m<i[31m
          [33mclass[31m=[32m"fas fa-exclamation-circle"[31m
        [36m/>[31m
        [0m [0m
        [0mSyntax error[0m
      [36m</span>[31m
    [36m</div>[31m
  [36m</div>[31m
  [36m<div>[31m
    [36m<div[31m
      [33mclass[31m=[32m"text-xs h-4 flex items-center gap-1"[31m
    [36m>[31m
      [36m<span[31m
        [33mclass[31m=[32m"text-green-400 flex items-center gap-1 "[31m
      [36m>[31m
        [36m<i[31m
          [33mclass[31m=[32m"fas fa-check-circle"[31m
        [36m/>[31m
        [0m [0m
        [0mCSS v├ílido[0m
        [36m<span[31m
          [33mclass[31m=[32m"text-gray-400"[31m
        [36m>[31m
          [0m┬À [0m
          [0m5[0m
          [0m l├¡neas ┬À [0m
          [0m120[0m
          [0m caracteres ┬À [0m
          [0m120[0m
          [0m bytes[0m
        [36m</span>[31m
        [36m<span[31m
          [33mclass[31m=[32m"text-amber-400 ml-2 truncate"[31m
        [36m>[31m
          [0mInput truncated[0m
        [36m</span>[31m
      [36m</span>[31m
    [36m</div>[31m
  [36m</div>[31m
  [36m<div>[31m
    [36m<div[31m
      [33mclass[31m=[32m"text-xs h-4 flex items-center gap-1"[31m
    [36m>[31m
      [36m<span[31m
        [33mclass[31m=[32m"text-yellow-400 flex items-center gap-1"[31m
      [36m>[31m
        [36m<i[31m
          [33maria-hidden[31m=[32m"true"[31m
          [33mclass[31m=[32m"fas fa-spinner fa-spin"[31m
        [36m/>[31m
        [0m [0m
        [0mcommon.processing[0m
      [36m</span>[31m
    [36m</div>[31m
  [36m</div>[31m
  [36m<div>[31m
    [36m<div[31m
      [33mclass[31m=[32m"text-xs h-4 flex items-center gap-1"[31m
    [36m>[31m
      [36m<span[31m
        [33mclass[31m=[32m"text-yellow-400 flex items-center gap-1"[31m
      [36m>[31m
        [36m<i[31m
          [33maria-hidden[31m=[32m"true"[31m
          [33mclass[31m=[32m"fas fa-spinner fa-spin"[31m
        [36m/>[31m
        [0m [0m
        [0mcommon.processing[0m
      [36m</span>[31m
    [36m</div>[31m
  [36m</div>[31m
[36m</body>[31m[39m
[90m [2mÔØ»[22m Object.getElementError 
node_modules/.pnpm/@testing-library+dom@10.4.1/node_modules/@testing-library/dom/dist/config.js:[2m37:19[22m[39m
[90m [2mÔØ»[22m node_modules/.pnpm/@testing-library+dom@10.4.1/node_modules/@testing-library/dom/dist/query-helpers.
js:[2m76:38[22m[39m
[90m [2mÔØ»[22m node_modules/.pnpm/@testing-library+dom@10.4.1/node_modules/@testing-library/dom/dist/query-helpers.
js:[2m52:17[22m[39m
[90m [2mÔØ»[22m node_modules/.pnpm/@testing-library+dom@10.4.1/node_modules/@testing-library/dom/dist/query-helpers.
js:[2m95:19[22m[39m
[36m [2mÔØ»[22m src/components/common/EditorFooter.test.tsx:[2m92:27[22m[39m
    [90m 90| [39m      )[33m;[39m
    [90m 91| [39m
    [90m 92| [39m      expect(renderResult.getByText("Procesando...")).toBeInTheDocumenÔÇª
    [90m   | [39m                          [31m^[39m
    [90m 93| [39m    })[33m;[39m
    [90m 94| [39m

[31m[2mÔÄ»ÔÄ»ÔÄ»ÔÄ»ÔÄ»ÔÄ»ÔÄ»ÔÄ»ÔÄ»ÔÄ»ÔÄ»ÔÄ»ÔÄ»ÔÄ»ÔÄ»ÔÄ»ÔÄ»ÔÄ»ÔÄ»ÔÄ»ÔÄ»[38/288]ÔÄ»[22m[39m

[41m[1m FAIL [22m[49m src/components/common/ErrorBoundary.test.tsx[2m > [22mErrorBoundary[2m > [22mrenders 
children when there is no error
[41m[1m FAIL [22m[49m src/components/common/ErrorBoundary.test.tsx[2m > [22mErrorBoundary[2m > [22mrenders 
children when there is no error
[31m[1mTestingLibraryElementError[22m: Unable to find an element with the text: Contenido OK. This could be because 
the text is broken up by multiple elements. In this case, you can provide a function for your text matcher to make 
your matcher more flexible.

Ignored nodes: comments, script, style
[36m<body />[31m[39m
[90m [2mÔØ»[22m Object.getElementError 
node_modules/.pnpm/@testing-library+dom@10.4.1/node_modules/@testing-library/dom/dist/config.js:[2m37:19[22m[39m
[90m [2mÔØ»[22m node_modules/.pnpm/@testing-library+dom@10.4.1/node_modules/@testing-library/dom/dist/query-helpers.
js:[2m76:38[22m[39m
[90m [2mÔØ»[22m node_modules/.pnpm/@testing-library+dom@10.4.1/node_modules/@testing-library/dom/dist/query-helpers.
js:[2m52:17[22m[39m
[90m [2mÔØ»[22m node_modules/.pnpm/@testing-library+dom@10.4.1/node_modules/@testing-library/dom/dist/query-helpers.
js:[2m95:19[22m[39m
[36m [2mÔØ»[22m src/components/common/ErrorBoundary.test.tsx:[2m31:19[22m[39m
    [90m 29| [39m    )[33m;[39m
    [90m 30| [39m
    [90m 31| [39m    [34mexpect[39m(screen[33m.[39m[34mgetByText[39m([32m"Contenido 
OK"[39m))[33m.[39m[34mtoBeInTheDocument[39m()[33m;[39m
    [90m   | [39m                  [31m^[39m
    [90m 32| [39m  })[33m;[39m
    [90m 33| [39m

[31m[2mÔÄ»ÔÄ»ÔÄ»ÔÄ»ÔÄ»ÔÄ»ÔÄ»ÔÄ»ÔÄ»ÔÄ»ÔÄ»ÔÄ»ÔÄ»ÔÄ»ÔÄ»ÔÄ»ÔÄ»ÔÄ»ÔÄ»ÔÄ»ÔÄ»[39/288]ÔÄ»[22m[39m

[41m[1m FAIL [22m[49m src/components/common/ErrorBoundary.test.tsx[2m > [22mErrorBoundary[2m > [22mrenders 
fallback UI when a child throws
[41m[1m FAIL [22m[49m src/components/common/ErrorBoundary.test.tsx[2m > [22mErrorBoundary[2m > [22mrenders 
fallback UI when a child throws
[31m[1mTestingLibraryElementError[22m: Unable to find an element with the text: Algo sali├│ mal. This could be 
because the text is broken up by multiple elements. In this case, you can provide a function for your text matcher to 
make your matcher more flexible.

Ignored nodes: comments, script, style
[36m<body />[31m[39m
[90m [2mÔØ»[22m Object.getElementError 
node_modules/.pnpm/@testing-library+dom@10.4.1/node_modules/@testing-library/dom/dist/config.js:[2m37:19[22m[39m
[90m [2mÔØ»[22m node_modules/.pnpm/@testing-library+dom@10.4.1/node_modules/@testing-library/dom/dist/query-helpers.
js:[2m76:38[22m[39m
[90m [2mÔØ»[22m node_modules/.pnpm/@testing-library+dom@10.4.1/node_modules/@testing-library/dom/dist/query-helpers.
js:[2m52:17[22m[39m
[90m [2mÔØ»[22m node_modules/.pnpm/@testing-library+dom@10.4.1/node_modules/@testing-library/dom/dist/query-helpers.
js:[2m95:19[22m[39m
[36m [2mÔØ»[22m src/components/common/ErrorBoundary.test.tsx:[2m41:19[22m[39m
    [90m 39| [39m    )[33m;[39m
    [90m 40| [39m
    [90m 41| [39m    [34mexpect[39m(screen[33m.[39m[34mgetByText[39m([32m"Algo sali├│ 
mal"[39m))[33m.[39m[34mtoBeInTheDocument[39m()[33m;[39m
    [90m   | [39m                  [31m^[39m
    [90m 42| [39m    [34mexpect[39m(screen[33m.[39m[34mgetByText[39m([32m"Test error 
message"[39m))[33m.[39m[34mtoBeInTheDocument[39m()[33m;[39m
    [90m 43| [39m    expect(screen.getByRole("button", { name: /Reintentar/i })).toBeInÔÇª

[31m[2mÔÄ»ÔÄ»ÔÄ»ÔÄ»ÔÄ»ÔÄ»ÔÄ»ÔÄ»ÔÄ»ÔÄ»ÔÄ»ÔÄ»ÔÄ»ÔÄ»ÔÄ»ÔÄ»ÔÄ»ÔÄ»ÔÄ»ÔÄ»ÔÄ»[40/288]ÔÄ»[22m[39m

[41m[1m FAIL [22m[49m src/components/common/ErrorBoundary.test.tsx[2m > [22mErrorBoundary[2m > [22mrenders 
named fallback when name prop is provided
[41m[1m FAIL [22m[49m src/components/common/ErrorBoundary.test.tsx[2m > [22mErrorBoundary[2m > [22mrenders 
named fallback when name prop is provided
[31m[1mTestingLibraryElementError[22m: Unable to find an element with the text: Error en CSS Playground. This could 
be because the text is broken up by multiple elements. In this case, you can provide a function for your text matcher 
to make your matcher more flexible.

Ignored nodes: comments, script, style
[36m<body />[31m[39m
[90m [2mÔØ»[22m Object.getElementError 
node_modules/.pnpm/@testing-library+dom@10.4.1/node_modules/@testing-library/dom/dist/config.js:[2m37:19[22m[39m
[90m [2mÔØ»[22m node_modules/.pnpm/@testing-library+dom@10.4.1/node_modules/@testing-library/dom/dist/query-helpers.
js:[2m76:38[22m[39m
[90m [2mÔØ»[22m node_modules/.pnpm/@testing-library+dom@10.4.1/node_modules/@testing-library/dom/dist/query-helpers.
js:[2m52:17[22m[39m
[90m [2mÔØ»[22m node_modules/.pnpm/@testing-library+dom@10.4.1/node_modules/@testing-library/dom/dist/query-helpers.
js:[2m95:19[22m[39m
[36m [2mÔØ»[22m src/components/common/ErrorBoundary.test.tsx:[2m54:19[22m[39m
    [90m 52| [39m    )[33m;[39m
    [90m 53| [39m
    [90m 54| [39m    expect(screen.getByText("Error en CSS Playground")).toBeInTheDocumÔÇª
    [90m   | [39m                  [31m^[39m
    [90m 55| [39m  })[33m;[39m
    [90m 56| [39m

[31m[2mÔÄ»ÔÄ»ÔÄ»ÔÄ»ÔÄ»ÔÄ»ÔÄ»ÔÄ»ÔÄ»ÔÄ»ÔÄ»ÔÄ»ÔÄ»ÔÄ»ÔÄ»ÔÄ»ÔÄ»ÔÄ»ÔÄ»ÔÄ»ÔÄ»[41/288]ÔÄ»[22m[39m

[41m[1m FAIL [22m[49m src/components/common/ErrorBoundary.test.tsx[2m > [22mErrorBoundary[2m > [22mresets 
state when Reintentar is clicked
[41m[1m FAIL [22m[49m src/components/common/ErrorBoundary.test.tsx[2m > [22mErrorBoundary[2m > [22mresets 
state when Reintentar is clicked
[31m[1mTestingLibraryElementError[22m: Unable to find an element with the text: Algo sali├│ mal. This could be 
because the text is broken up by multiple elements. In this case, you can provide a function for your text matcher to 
make your matcher more flexible.

Ignored nodes: comments, script, style
[36m<body />[31m[39m
[90m [2mÔØ»[22m Object.getElementError 
node_modules/.pnpm/@testing-library+dom@10.4.1/node_modules/@testing-library/dom/dist/config.js:[2m37:19[22m[39m
[90m [2mÔØ»[22m node_modules/.pnpm/@testing-library+dom@10.4.1/node_modules/@testing-library/dom/dist/query-helpers.
js:[2m76:38[22m[39m
[90m [2mÔØ»[22m node_modules/.pnpm/@testing-library+dom@10.4.1/node_modules/@testing-library/dom/dist/query-helpers.
js:[2m52:17[22m[39m
[90m [2mÔØ»[22m node_modules/.pnpm/@testing-library+dom@10.4.1/node_modules/@testing-library/dom/dist/query-helpers.
js:[2m95:19[22m[39m
[36m [2mÔØ»[22m src/components/common/ErrorBoundary.test.tsx:[2m64:19[22m[39m
    [90m 62| [39m    )[33m;[39m
    [90m 63| [39m
    [90m 64| [39m    [34mexpect[39m(screen[33m.[39m[34mgetByText[39m([32m"Algo sali├│ 
mal"[39m))[33m.[39m[34mtoBeInTheDocument[39m()[33m;[39m
    [90m   | [39m                  [31m^[39m
    [90m 65| [39m    const retryButton = screen.getByRole("button", { name: /ReintentarÔÇª
    [90m 66| [39m

[31m[2mÔÄ»ÔÄ»ÔÄ»ÔÄ»ÔÄ»ÔÄ»ÔÄ»ÔÄ»ÔÄ»ÔÄ»ÔÄ»ÔÄ»ÔÄ»ÔÄ»ÔÄ»ÔÄ»ÔÄ»ÔÄ»ÔÄ»ÔÄ»ÔÄ»[42/288]ÔÄ»[22m[39m

[41m[1m FAIL [22m[49m src/components/common/JsonPathHistoryModal.test.tsx[2m > [22mJsonPathHistoryModal[2m > 
[22mshould render when open
[41m[1m FAIL [22m[49m src/components/common/JsonPathHistoryModal.test.tsx[2m > [22mJsonPathHistoryModal[2m > 
[22mshould render when open
[31m[1mTestingLibraryElementError[22m: Unable to find an element with the text: Borrar Historial. This could be 
because the text is broken up by multiple elements. In this case, you can provide a function for your text matcher to 
make your matcher more flexible.

Ignored nodes: comments, script, style
[36m<body />[31m[39m
[90m [2mÔØ»[22m Object.getElementError 
node_modules/.pnpm/@testing-library+dom@10.4.1/node_modules/@testing-library/dom/dist/config.js:[2m37:19[22m[39m
[90m [2mÔØ»[22m node_modules/.pnpm/@testing-library+dom@10.4.1/node_modules/@testing-library/dom/dist/query-helpers.
js:[2m76:38[22m[39m
[90m [2mÔØ»[22m node_modules/.pnpm/@testing-library+dom@10.4.1/node_modules/@testing-library/dom/dist/query-helpers.
js:[2m52:17[22m[39m
[90m [2mÔØ»[22m node_modules/.pnpm/@testing-library+dom@10.4.1/node_modules/@testing-library/dom/dist/query-helpers.
js:[2m95:19[22m[39m
[36m [2mÔØ»[22m src/components/common/JsonPathHistoryModal.test.tsx:[2m66:32[22m[39m
    [90m 64| [39m    )[33m;[39m
    [90m 65| [39m
    [90m 66| [39m    [35mconst[39m clearButton [33m=[39m screen[33m.[39m[34mgetByText[39m([32m"Borrar 
Historial"[39m)[33m;[39m
    [90m   | [39m                               [31m^[39m
    [90m 67| [39m    fireEvent[33m.[39m[34mclick[39m(clearButton)[33m;[39m
    [90m 68| [39m

[31m[2mÔÄ»ÔÄ»ÔÄ»ÔÄ»ÔÄ»ÔÄ»ÔÄ»ÔÄ»ÔÄ»ÔÄ»ÔÄ»ÔÄ»ÔÄ»ÔÄ»ÔÄ»ÔÄ»ÔÄ»ÔÄ»ÔÄ»ÔÄ»ÔÄ»[43/288]ÔÄ»[22m[39m

[41m[1m FAIL [22m[49m src/components/common/JsonPathHistoryModal.test.tsx[2m > [22mJsonPathHistoryModal[2m > 
[22mshould display timestamps for history items
[41m[1m FAIL [22m[49m src/components/common/JsonPathHistoryModal.test.tsx[2m > [22mJsonPathHistoryModal[2m > 
[22mshould display timestamps for history items
[31m[1mTestingLibraryElementError[22m: Unable to find an element with the text: /\d{1,2}\/\d{1,2}\/\d{4}/. This 
could be because the text is broken up by multiple elements. In this case, you can provide a function for your text 
matcher to make your matcher more flexible.

Ignored nodes: comments, script, style
[36m<body />[31m[39m
[90m [2mÔØ»[22m Object.getElementError 
node_modules/.pnpm/@testing-library+dom@10.4.1/node_modules/@testing-library/dom/dist/config.js:[2m37:19[22m[39m
[90m [2mÔØ»[22m node_modules/.pnpm/@testing-library+dom@10.4.1/node_modules/@testing-library/dom/dist/query-helpers.
js:[2m76:38[22m[39m
[90m [2mÔØ»[22m node_modules/.pnpm/@testing-library+dom@10.4.1/node_modules/@testing-library/dom/dist/query-helpers.
js:[2m109:15[22m[39m
[36m [2mÔØ»[22m src/components/common/JsonPathHistoryModal.test.tsx:[2m85:31[22m[39m
    [90m 83| [39m
    [90m 84| [39m    [90m// Check that dates are rendered (locale string format)[39m
    [90m 85| [39m    [35mconst[39m timestamps [33m=[39m 
screen[33m.[39m[34mgetAllByText[39m([36m/\d{1,2}\/\d{1,2}\/\d{4}/[39m)[33m;[39m
    [90m   | [39m                              [31m^[39m
    [90m 86| [39m    
[34mexpect[39m(timestamps[33m.[39mlength)[33m.[39m[34mtoBeGreaterThan[39m([34m0[39m)[33m;[39m
    [90m 87| [39m  })[33m;[39m

[31m[2mÔÄ»ÔÄ»ÔÄ»ÔÄ»ÔÄ»ÔÄ»ÔÄ»ÔÄ»ÔÄ»ÔÄ»ÔÄ»ÔÄ»ÔÄ»ÔÄ»ÔÄ»ÔÄ»ÔÄ»ÔÄ»ÔÄ»ÔÄ»ÔÄ»[44/288]ÔÄ»[22m[39m

[41m[1m FAIL [22m[49m src/components/common/PlaygroundLoader.test.tsx[2m > [22mPlaygroundLoader[2m > 
[22mdisplays the playground name
[41m[1m FAIL [22m[49m src/components/common/PlaygroundLoader.test.tsx[2m > [22mPlaygroundLoader[2m > 
[22mdisplays the playground name
[31m[1mTestingLibraryElementError[22m: Unable to find an element with the text: Cargando CSS Tools. This could be 
because the text is broken up by multiple elements. In this case, you can provide a function for your text matcher to 
make your matcher more flexible.

Ignored nodes: comments, script, style
[36m<body />[31m[39m
[90m [2mÔØ»[22m Object.getElementError 
node_modules/.pnpm/@testing-library+dom@10.4.1/node_modules/@testing-library/dom/dist/config.js:[2m37:19[22m[39m
[90m [2mÔØ»[22m node_modules/.pnpm/@testing-library+dom@10.4.1/node_modules/@testing-library/dom/dist/query-helpers.
js:[2m76:38[22m[39m
[90m [2mÔØ»[22m node_modules/.pnpm/@testing-library+dom@10.4.1/node_modules/@testing-library/dom/dist/query-helpers.
js:[2m52:17[22m[39m
[90m [2mÔØ»[22m node_modules/.pnpm/@testing-library+dom@10.4.1/node_modules/@testing-library/dom/dist/query-helpers.
js:[2m95:19[22m[39m
[36m [2mÔØ»[22m src/components/common/PlaygroundLoader.test.tsx:[2m9:19[22m[39m
    [90m  7| [39m  [34mit[39m([32m"displays the playground name"[39m[33m,[39m () [33m=>[39m {
    [90m  8| [39m    [34mrenderWithI18n[39m([33m<[39m[33mPlaygroundLoader[39m 
[33mname[39m[33m=[39m[32m"CSS"[39m [33m/[39m[33m>[39m)[33m;[39m
    [90m  9| [39m    [34mexpect[39m(screen[33m.[39m[34mgetByText[39m([32m"Cargando CSS 
Tools"[39m))[33m.[39m[34mtoBeInTheDocument[39m()[33m;[39m
    [90m   | [39m                  [31m^[39m
    [90m 10| [39m  })[33m;[39m
    [90m 11| [39m

[31m[2mÔÄ»ÔÄ»ÔÄ»ÔÄ»ÔÄ»ÔÄ»ÔÄ»ÔÄ»ÔÄ»ÔÄ»ÔÄ»ÔÄ»ÔÄ»ÔÄ»ÔÄ»ÔÄ»ÔÄ»ÔÄ»ÔÄ»ÔÄ»ÔÄ»[45/288]ÔÄ»[22m[39m

[41m[1m FAIL [22m[49m src/components/common/PlaygroundLoader.test.tsx[2m > [22mPlaygroundLoader[2m > [22mshows 
the preparing message
[41m[1m FAIL [22m[49m src/components/common/PlaygroundLoader.test.tsx[2m > [22mPlaygroundLoader[2m > [22mshows 
the preparing message
[31m[1mTestingLibraryElementError[22m: Unable to find an element with the text: Preparando el playground.... This 
could be because the text is broken up by multiple elements. In this case, you can provide a function for your text 
matcher to make your matcher more flexible.

Ignored nodes: comments, script, style
[36m<body />[31m[39m
[90m [2mÔØ»[22m Object.getElementError 
node_modules/.pnpm/@testing-library+dom@10.4.1/node_modules/@testing-library/dom/dist/config.js:[2m37:19[22m[39m
[90m [2mÔØ»[22m node_modules/.pnpm/@testing-library+dom@10.4.1/node_modules/@testing-library/dom/dist/query-helpers.
js:[2m76:38[22m[39m
[90m [2mÔØ»[22m node_modules/.pnpm/@testing-library+dom@10.4.1/node_modules/@testing-library/dom/dist/query-helpers.
js:[2m52:17[22m[39m
[90m [2mÔØ»[22m node_modules/.pnpm/@testing-library+dom@10.4.1/node_modules/@testing-library/dom/dist/query-helpers.
js:[2m95:19[22m[39m
[36m [2mÔØ»[22m src/components/common/PlaygroundLoader.test.tsx:[2m14:19[22m[39m
    [90m 12| [39m  [34mit[39m([32m"shows the preparing message"[39m[33m,[39m () [33m=>[39m {
    [90m 13| [39m    [34mrenderWithI18n[39m([33m<[39m[33mPlaygroundLoader[39m 
[33mname[39m[33m=[39m[32m"JavaScript"[39m [33m/[39m[33m>[39m)[33m;[39m
    [90m 14| [39m    expect(screen.getByText("Preparando el playground...")).toBeInTheDÔÇª
    [90m   | [39m                  [31m^[39m
    [90m 15| [39m  })[33m;[39m
    [90m 16| [39m

[31m[2mÔÄ»ÔÄ»ÔÄ»ÔÄ»ÔÄ»ÔÄ»ÔÄ»ÔÄ»ÔÄ»ÔÄ»ÔÄ»ÔÄ»ÔÄ»ÔÄ»ÔÄ»ÔÄ»ÔÄ»ÔÄ»ÔÄ»ÔÄ»ÔÄ»[46/288]ÔÄ»[22m[39m

[41m[1m FAIL [22m[49m src/components/common/RadioGroup.test.tsx[2m > [22mRadioGroup[2m > [22mshould render all 
radio options
[41m[1m FAIL [22m[49m src/components/common/RadioGroup.test.tsx[2m > [22mRadioGroup[2m > [22mshould render all 
radio options
[31m[1mTestingLibraryElementError[22m: Unable to find a label with the text of: Opci├│n 1

Ignored nodes: comments, script, style
[36m<body />[31m[39m
[90m [2mÔØ»[22m Object.getElementError 
node_modules/.pnpm/@testing-library+dom@10.4.1/node_modules/@testing-library/dom/dist/config.js:[2m37:19[22m[39m
[90m [2mÔØ»[22m getAllByLabelText node_modules/.pnpm/@testing-library+dom@10.4.1/node_modules/@testing-library/dom/d
ist/queries/label-text.js:[2m111:38[22m[39m
[90m [2mÔØ»[22m node_modules/.pnpm/@testing-library+dom@10.4.1/node_modules/@testing-library/dom/dist/query-helpers.
js:[2m52:17[22m[39m
[90m [2mÔØ»[22m node_modules/.pnpm/@testing-library+dom@10.4.1/node_modules/@testing-library/dom/dist/query-helpers.
js:[2m95:19[22m[39m
[36m [2mÔØ»[22m src/components/common/RadioGroup.test.tsx:[2m17:21[22m[39m
    [90m 15| [39m
    [90m 16| [39m    options[33m.[39m[34mforEach[39m((option) [33m=>[39m {
    [90m 17| [39m      [34mexpect[39m(screen[33m.[39m[34mgetByLabelText[39m(option[33m.[39mlabel))[33m.[39m
[34mtoBeInTheDocument[39m()[33m;[39m
    [90m   | [39m                    [31m^[39m
    [90m 18| [39m    })[33m;[39m
    [90m 19| [39m  })[33m;[39m
[90m [2mÔØ»[22m src/components/common/RadioGroup.test.tsx:[2m16:13[22m[39m

[31m[2mÔÄ»ÔÄ»ÔÄ»ÔÄ»ÔÄ»ÔÄ»ÔÄ»ÔÄ»ÔÄ»ÔÄ»ÔÄ»ÔÄ»ÔÄ»ÔÄ»ÔÄ»ÔÄ»ÔÄ»ÔÄ»ÔÄ»ÔÄ»ÔÄ»[47/288]ÔÄ»[22m[39m

[41m[1m FAIL [22m[49m src/components/common/RadioGroup.test.tsx[2m > [22mRadioGroup[2m > [22mshould select the 
correct option
[41m[1m FAIL [22m[49m src/components/common/RadioGroup.test.tsx[2m > [22mRadioGroup[2m > [22mshould select the 
correct option
[31m[1mTestingLibraryElementError[22m: Unable to find a label with the text of: Opci├│n 2

Ignored nodes: comments, script, style
[36m<body />[31m[39m
[90m [2mÔØ»[22m Object.getElementError 
node_modules/.pnpm/@testing-library+dom@10.4.1/node_modules/@testing-library/dom/dist/config.js:[2m37:19[22m[39m
[90m [2mÔØ»[22m getAllByLabelText node_modules/.pnpm/@testing-library+dom@10.4.1/node_modules/@testing-library/dom/d
ist/queries/label-text.js:[2m111:38[22m[39m
[90m [2mÔØ»[22m node_modules/.pnpm/@testing-library+dom@10.4.1/node_modules/@testing-library/dom/dist/query-helpers.
js:[2m52:17[22m[39m
[90m [2mÔØ»[22m node_modules/.pnpm/@testing-library+dom@10.4.1/node_modules/@testing-library/dom/dist/query-helpers.
js:[2m95:19[22m[39m
[36m [2mÔØ»[22m src/components/common/RadioGroup.test.tsx:[2m24:34[22m[39m
    [90m 22| [39m    renderWithI18n(<RadioGroup name="test-group" options={options} valÔÇª
    [90m 23| [39m
    [90m 24| [39m    [35mconst[39m selectedRadio [33m=[39m 
screen[33m.[39m[34mgetByLabelText[39m([32m"Opci├│n 2"[39m)[33m;[39m
    [90m   | [39m                                 [31m^[39m
    [90m 25| [39m    [34mexpect[39m(selectedRadio)[33m.[39m[34mtoBeChecked[39m()[33m;[39m
    [90m 26| [39m  })[33m;[39m

[31m[2mÔÄ»ÔÄ»ÔÄ»ÔÄ»ÔÄ»ÔÄ»ÔÄ»ÔÄ»ÔÄ»ÔÄ»ÔÄ»ÔÄ»ÔÄ»ÔÄ»ÔÄ»ÔÄ»ÔÄ»ÔÄ»ÔÄ»ÔÄ»ÔÄ»[48/288]ÔÄ»[22m[39m

[41m[1m FAIL [22m[49m src/components/common/RadioGroup.test.tsx[2m > [22mRadioGroup[2m > [22mshould not check 
unselected options
[41m[1m FAIL [22m[49m src/components/common/RadioGroup.test.tsx[2m > [22mRadioGroup[2m > [22mshould not check 
unselected options
[31m[1mTestingLibraryElementError[22m: Unable to find a label with the text of: Opci├│n 1

Ignored nodes: comments, script, style
[36m<body />[31m[39m
[90m [2mÔØ»[22m Object.getElementError 
node_modules/.pnpm/@testing-library+dom@10.4.1/node_modules/@testing-library/dom/dist/config.js:[2m37:19[22m[39m
[90m [2mÔØ»[22m getAllByLabelText node_modules/.pnpm/@testing-library+dom@10.4.1/node_modules/@testing-library/dom/d
ist/queries/label-text.js:[2m111:38[22m[39m
[90m [2mÔØ»[22m node_modules/.pnpm/@testing-library+dom@10.4.1/node_modules/@testing-library/dom/dist/query-helpers.
js:[2m52:17[22m[39m
[90m [2mÔØ»[22m node_modules/.pnpm/@testing-library+dom@10.4.1/node_modules/@testing-library/dom/dist/query-helpers.
js:[2m95:19[22m[39m
[36m [2mÔØ»[22m src/components/common/RadioGroup.test.tsx:[2m31:31[22m[39m
    [90m 29| [39m    renderWithI18n(<RadioGroup name="test-group" options={options} valÔÇª
    [90m 30| [39m
    [90m 31| [39m    [35mconst[39m firstRadio [33m=[39m screen[33m.[39m[34mgetByLabelText[39m([32m"Opci├│n 
1"[39m)[33m;[39m
    [90m   | [39m                              [31m^[39m
    [90m 32| [39m    [35mconst[39m thirdRadio [33m=[39m screen[33m.[39m[34mgetByLabelText[39m([32m"Opci├│n 
3"[39m)[33m;[39m
    [90m 33| [39m

[31m[2mÔÄ»ÔÄ»ÔÄ»ÔÄ»ÔÄ»ÔÄ»ÔÄ»ÔÄ»ÔÄ»ÔÄ»ÔÄ»ÔÄ»ÔÄ»ÔÄ»ÔÄ»ÔÄ»ÔÄ»ÔÄ»ÔÄ»ÔÄ»ÔÄ»[49/288]ÔÄ»[22m[39m

[41m[1m FAIL [22m[49m src/components/common/RadioGroup.test.tsx[2m > [22mRadioGroup[2m > [22mshould call 
onChange when option is clicked
[41m[1m FAIL [22m[49m src/components/common/RadioGroup.test.tsx[2m > [22mRadioGroup[2m > [22mshould call 
onChange when option is clicked
[31m[1mTestingLibraryElementError[22m: Unable to find a label with the text of: Opci├│n 3

Ignored nodes: comments, script, style
[36m<body />[31m[39m
[90m [2mÔØ»[22m Object.getElementError 
node_modules/.pnpm/@testing-library+dom@10.4.1/node_modules/@testing-library/dom/dist/config.js:[2m37:19[22m[39m
[90m [2mÔØ»[22m getAllByLabelText node_modules/.pnpm/@testing-library+dom@10.4.1/node_modules/@testing-library/dom/d
ist/queries/label-text.js:[2m111:38[22m[39m
[90m [2mÔØ»[22m node_modules/.pnpm/@testing-library+dom@10.4.1/node_modules/@testing-library/dom/dist/query-helpers.
js:[2m52:17[22m[39m
[90m [2mÔØ»[22m node_modules/.pnpm/@testing-library+dom@10.4.1/node_modules/@testing-library/dom/dist/query-helpers.
js:[2m95:19[22m[39m
[36m [2mÔØ»[22m src/components/common/RadioGroup.test.tsx:[2m44:26[22m[39m
    [90m 42| [39m    )[33m;[39m
    [90m 43| [39m
    [90m 44| [39m    [35mconst[39m radio [33m=[39m screen[33m.[39m[34mgetByLabelText[39m([32m"Opci├│n 
3"[39m)[33m;[39m
    [90m   | [39m                         [31m^[39m
    [90m 45| [39m    fireEvent[33m.[39m[34mclick[39m(radio)[33m;[39m
    [90m 46| [39m

[31m[2mÔÄ»ÔÄ»ÔÄ»ÔÄ»ÔÄ»ÔÄ»ÔÄ»ÔÄ»ÔÄ»ÔÄ»ÔÄ»ÔÄ»ÔÄ»ÔÄ»ÔÄ»ÔÄ»ÔÄ»ÔÄ»ÔÄ»ÔÄ»ÔÄ»[50/288]ÔÄ»[22m[39m

[41m[1m FAIL [22m[49m src/components/common/RadioGroup.test.tsx[2m > [22mRadioGroup[2m > [22mshould use the 
provided name attribute
[41m[1m FAIL [22m[49m src/components/common/RadioGroup.test.tsx[2m > [22mRadioGroup[2m > [22mshould use the 
provided name attribute
[31m[1mTestingLibraryElementError[22m: Unable to find an accessible element with the role "radio"

There are no accessible roles. But there might be some inaccessible roles. If you wish to access them, then set the 
`hidden` option to `true`. Learn more about this here: 
https://testing-library.com/docs/dom-testing-library/api-queries#byrole

Ignored nodes: comments, script, style
[36m<body />[31m[39m
[90m [2mÔØ»[22m Object.getElementError 
node_modules/.pnpm/@testing-library+dom@10.4.1/node_modules/@testing-library/dom/dist/config.js:[2m37:19[22m[39m
[90m [2mÔØ»[22m node_modules/.pnpm/@testing-library+dom@10.4.1/node_modules/@testing-library/dom/dist/query-helpers.
js:[2m76:38[22m[39m
[90m [2mÔØ»[22m node_modules/.pnpm/@testing-library+dom@10.4.1/node_modules/@testing-library/dom/dist/query-helpers.
js:[2m109:15[22m[39m
[36m [2mÔØ»[22m src/components/common/RadioGroup.test.tsx:[2m56:27[22m[39m
    [90m 54| [39m
    [90m 55| [39m    // eslint-disable-next-line @typescript-eslint/no-unnecessary-typeÔÇª
    [90m 56| [39m    [35mconst[39m radios [33m=[39m screen[33m.[39m[34mgetAllByRole[39m([32m"radio"[39m) 
[35mas[39m [33mHTMLInputElement[39m[][33m;[39m
    [90m   | [39m                          [31m^[39m
    [90m 57| [39m    radios[33m.[39m[34mforEach[39m((radio) [33m=>[39m {
    [90m 58| [39m      
[34mexpect[39m(radio[33m.[39mname)[33m.[39m[34mtoBe[39m([32m"my-custom-name"[39m)[33m;[39m

[31m[2mÔÄ»ÔÄ»ÔÄ»ÔÄ»ÔÄ»ÔÄ»ÔÄ»ÔÄ»ÔÄ»ÔÄ»ÔÄ»ÔÄ»ÔÄ»ÔÄ»ÔÄ»ÔÄ»ÔÄ»ÔÄ»ÔÄ»ÔÄ»ÔÄ»[51/288]ÔÄ»[22m[39m

[41m[1m FAIL [22m[49m src/components/common/RadioGroup.test.tsx[2m > [22mRadioGroup[2m > [22mshould work with 
single option
[41m[1m FAIL [22m[49m src/components/common/RadioGroup.test.tsx[2m > [22mRadioGroup[2m > [22mshould work with 
single option
[31m[1mTestingLibraryElementError[22m: Unable to find a label with the text of: ├Ünica Opci├│n

Ignored nodes: comments, script, style
[36m<body />[31m[39m
[90m [2mÔØ»[22m Object.getElementError 
node_modules/.pnpm/@testing-library+dom@10.4.1/node_modules/@testing-library/dom/dist/config.js:[2m37:19[22m[39m
[90m [2mÔØ»[22m getAllByLabelText node_modules/.pnpm/@testing-library+dom@10.4.1/node_modules/@testing-library/dom/d
ist/queries/label-text.js:[2m111:38[22m[39m
[90m [2mÔØ»[22m node_modules/.pnpm/@testing-library+dom@10.4.1/node_modules/@testing-library/dom/dist/query-helpers.
js:[2m52:17[22m[39m
[90m [2mÔØ»[22m node_modules/.pnpm/@testing-library+dom@10.4.1/node_modules/@testing-library/dom/dist/query-helpers.
js:[2m95:19[22m[39m
[36m [2mÔØ»[22m src/components/common/RadioGroup.test.tsx:[2m66:26[22m[39m
    [90m 64| [39m    renderWithI18n(<RadioGroup name="single" options={singleOption} vaÔÇª
    [90m 65| [39m
    [90m 66| [39m    [35mconst[39m radio [33m=[39m screen[33m.[39m[34mgetByLabelText[39m([32m"├Ünica 
Opci├│n"[39m)[33m;[39m
    [90m   | [39m                         [31m^[39m
    [90m 67| [39m    [34mexpect[39m(radio)[33m.[39m[34mtoBeChecked[39m()[33m;[39m
    [90m 68| [39m  })[33m;[39m

[31m[2mÔÄ»ÔÄ»ÔÄ»ÔÄ»ÔÄ»ÔÄ»ÔÄ»ÔÄ»ÔÄ»ÔÄ»ÔÄ»ÔÄ»ÔÄ»ÔÄ»ÔÄ»ÔÄ»ÔÄ»ÔÄ»ÔÄ»ÔÄ»ÔÄ»[52/288]ÔÄ»[22m[39m

[41m[1m FAIL [22m[49m src/components/common/RadioGroup.test.tsx[2m > [22mRadioGroup[2m > [22mshould render 
radiogroup role
[41m[1m FAIL [22m[49m src/components/common/RadioGroup.test.tsx[2m > [22mRadioGroup[2m > [22mshould render 
radiogroup role
[31m[1mTestingLibraryElementError[22m: Unable to find an accessible element with the role "radiogroup"

There are no accessible roles. But there might be some inaccessible roles. If you wish to access them, then set the 
`hidden` option to `true`. Learn more about this here: 
https://testing-library.com/docs/dom-testing-library/api-queries#byrole

Ignored nodes: comments, script, style
[36m<body />[31m[39m
[90m [2mÔØ»[22m Object.getElementError 
node_modules/.pnpm/@testing-library+dom@10.4.1/node_modules/@testing-library/dom/dist/config.js:[2m37:19[22m[39m
[90m [2mÔØ»[22m node_modules/.pnpm/@testing-library+dom@10.4.1/node_modules/@testing-library/dom/dist/query-helpers.
js:[2m76:38[22m[39m
[90m [2mÔØ»[22m node_modules/.pnpm/@testing-library+dom@10.4.1/node_modules/@testing-library/dom/dist/query-helpers.
js:[2m52:17[22m[39m
[90m [2mÔØ»[22m node_modules/.pnpm/@testing-library+dom@10.4.1/node_modules/@testing-library/dom/dist/query-helpers.
js:[2m95:19[22m[39m
[36m [2mÔØ»[22m src/components/common/RadioGroup.test.tsx:[2m75:19[22m[39m
    [90m 73| [39m    )[33m;[39m
    [90m 74| [39m
    [90m 75| [39m    [34mexpect[39m(screen[33m.[39m[34mgetByRole[39m([32m"radiogroup"[39m))[33m.[39m[34mto
BeInTheDocument[39m()[33m;[39m
    [90m   | [39m                  [31m^[39m
    [90m 76| [39m  })[33m;[39m
    [90m 77| [39m

[31m[2mÔÄ»ÔÄ»ÔÄ»ÔÄ»ÔÄ»ÔÄ»ÔÄ»ÔÄ»ÔÄ»ÔÄ»ÔÄ»ÔÄ»ÔÄ»ÔÄ»ÔÄ»ÔÄ»ÔÄ»ÔÄ»ÔÄ»ÔÄ»ÔÄ»[53/288]ÔÄ»[22m[39m

[41m[1m FAIL [22m[49m src/components/common/RadioGroup.test.tsx[2m > [22mRadioGroup[2m > [22mshould apply 
default blue color classes when color is not provided
[41m[1m FAIL [22m[49m src/components/common/RadioGroup.test.tsx[2m > [22mRadioGroup[2m > [22mshould apply 
default blue color classes when color is not provided
[31m[1mTestingLibraryElementError[22m: Unable to find a label with the text of: Opci├│n 1

Ignored nodes: comments, script, style
[36m<body />[31m[39m
[90m [2mÔØ»[22m Object.getElementError 
node_modules/.pnpm/@testing-library+dom@10.4.1/node_modules/@testing-library/dom/dist/config.js:[2m37:19[22m[39m
[90m [2mÔØ»[22m getAllByLabelText node_modules/.pnpm/@testing-library+dom@10.4.1/node_modules/@testing-library/dom/d
ist/queries/label-text.js:[2m111:38[22m[39m
[90m [2mÔØ»[22m node_modules/.pnpm/@testing-library+dom@10.4.1/node_modules/@testing-library/dom/dist/query-helpers.
js:[2m52:17[22m[39m
[90m [2mÔØ»[22m node_modules/.pnpm/@testing-library+dom@10.4.1/node_modules/@testing-library/dom/dist/query-helpers.
js:[2m95:19[22m[39m
[36m [2mÔØ»[22m src/components/common/RadioGroup.test.tsx:[2m83:31[22m[39m
    [90m 81| [39m    )[33m;[39m
    [90m 82| [39m
    [90m 83| [39m    [35mconst[39m firstRadio [33m=[39m screen[33m.[39m[34mgetByLabelText[39m([32m"Opci├│n 
1"[39m)[33m;[39m
    [90m   | [39m                              [31m^[39m
    [90m 84| [39m    
[34mexpect[39m(firstRadio)[33m.[39m[34mtoHaveClass[39m([32m"text-blue-500"[39m)[33m;[39m
    [90m 85| [39m    
[34mexpect[39m(firstRadio)[33m.[39m[34mtoHaveClass[39m([32m"focus:ring-blue-500"[39m)[33m;[39m

[31m[2mÔÄ»ÔÄ»ÔÄ»ÔÄ»ÔÄ»ÔÄ»ÔÄ»ÔÄ»ÔÄ»ÔÄ»ÔÄ»ÔÄ»ÔÄ»ÔÄ»ÔÄ»ÔÄ»ÔÄ»ÔÄ»ÔÄ»ÔÄ»ÔÄ»[54/288]ÔÄ»[22m[39m

[41m[1m FAIL [22m[49m src/components/common/RadioGroup.test.tsx[2m > [22mRadioGroup[2m > [22mshould apply 
custom color classes
[41m[1m FAIL [22m[49m src/components/common/RadioGroup.test.tsx[2m > [22mRadioGroup[2m > [22mshould apply 
custom color classes
[31m[1mTestingLibraryElementError[22m: Unable to find a label with the text of: Opci├│n 1

Ignored nodes: comments, script, style
[36m<body />[31m[39m
[90m [2mÔØ»[22m Object.getElementError 
node_modules/.pnpm/@testing-library+dom@10.4.1/node_modules/@testing-library/dom/dist/config.js:[2m37:19[22m[39m
[90m [2mÔØ»[22m getAllByLabelText node_modules/.pnpm/@testing-library+dom@10.4.1/node_modules/@testing-library/dom/d
ist/queries/label-text.js:[2m111:38[22m[39m
[90m [2mÔØ»[22m node_modules/.pnpm/@testing-library+dom@10.4.1/node_modules/@testing-library/dom/dist/query-helpers.
js:[2m52:17[22m[39m
[90m [2mÔØ»[22m node_modules/.pnpm/@testing-library+dom@10.4.1/node_modules/@testing-library/dom/dist/query-helpers.
js:[2m95:19[22m[39m
[36m [2mÔØ»[22m src/components/common/RadioGroup.test.tsx:[2m99:31[22m[39m
    [90m 97| [39m    )[33m;[39m
    [90m 98| [39m
    [90m 99| [39m    [35mconst[39m firstRadio [33m=[39m screen[33m.[39m[34mgetByLabelText[39m([32m"Opci├│n 
1"[39m)[33m;[39m
    [90m   | [39m                              [31m^[39m
    [90m100| [39m    
[34mexpect[39m(firstRadio)[33m.[39m[34mtoHaveClass[39m([32m"text-orange-500"[39m)[33m;[39m
    [90m101| [39m    
[34mexpect[39m(firstRadio)[33m.[39m[34mtoHaveClass[39m([32m"focus:ring-orange-500"[39m)[33m;[39m

[31m[2mÔÄ»ÔÄ»ÔÄ»ÔÄ»ÔÄ»ÔÄ»ÔÄ»ÔÄ»ÔÄ»ÔÄ»ÔÄ»ÔÄ»ÔÄ»ÔÄ»ÔÄ»ÔÄ»ÔÄ»ÔÄ»ÔÄ»ÔÄ»ÔÄ»[55/288]ÔÄ»[22m[39m

[41m[1m FAIL [22m[49m src/components/common/RadioGroup.test.tsx[2m > [22mRadioGroup[2m > [22mshould append 
custom className to container
[41m[1m FAIL [22m[49m src/components/common/RadioGroup.test.tsx[2m > [22mRadioGroup[2m > [22mshould append 
custom className to container
[31m[1mTestingLibraryElementError[22m: Unable to find an accessible element with the role "radiogroup"

There are no accessible roles. But there might be some inaccessible roles. If you wish to access them, then set the 
`hidden` option to `true`. Learn more about this here: 
https://testing-library.com/docs/dom-testing-library/api-queries#byrole

Ignored nodes: comments, script, style
[36m<body />[31m[39m
[90m [2mÔØ»[22m Object.getElementError 
node_modules/.pnpm/@testing-library+dom@10.4.1/node_modules/@testing-library/dom/dist/config.js:[2m37:19[22m[39m
[90m [2mÔØ»[22m node_modules/.pnpm/@testing-library+dom@10.4.1/node_modules/@testing-library/dom/dist/query-helpers.
js:[2m76:38[22m[39m
[90m [2mÔØ»[22m node_modules/.pnpm/@testing-library+dom@10.4.1/node_modules/@testing-library/dom/dist/query-helpers.
js:[2m52:17[22m[39m
[90m [2mÔØ»[22m node_modules/.pnpm/@testing-library+dom@10.4.1/node_modules/@testing-library/dom/dist/query-helpers.
js:[2m95:19[22m[39m
[36m [2mÔØ»[22m src/components/common/RadioGroup.test.tsx:[2m116:26[22m[39m
    [90m114| [39m    )[33m;[39m
    [90m115| [39m
    [90m116| [39m    [35mconst[39m group [33m=[39m 
screen[33m.[39m[34mgetByRole[39m([32m"radiogroup"[39m)[33m;[39m
    [90m   | [39m                         [31m^[39m
    [90m117| [39m    [34mexpect[39m(group)[33m.[39m[34mtoHaveClass[39m([32m"flex"[39m)[33m;[39m
    [90m118| [39m    [34mexpect[39m(group)[33m.[39m[34mtoHaveClass[39m([32m"gap-4"[39m)[33m;[39m

[31m[2mÔÄ»ÔÄ»ÔÄ»ÔÄ»ÔÄ»ÔÄ»ÔÄ»ÔÄ»ÔÄ»ÔÄ»ÔÄ»ÔÄ»ÔÄ»ÔÄ»ÔÄ»ÔÄ»ÔÄ»ÔÄ»ÔÄ»ÔÄ»ÔÄ»[56/288]ÔÄ»[22m[39m

[41m[1m FAIL [22m[49m src/components/common/RadioGroup.test.tsx[2m > [22mRadioGroup[2m > [22mshould update 
checked option after rerender
[41m[1m FAIL [22m[49m src/components/common/RadioGroup.test.tsx[2m > [22mRadioGroup[2m > [22mshould update 
checked option after rerender
[31m[1mTestingLibraryElementError[22m: Unable to find a label with the text of: Opci├│n 1

Ignored nodes: comments, script, style
[36m<body />[31m[39m
[90m [2mÔØ»[22m Object.getElementError 
node_modules/.pnpm/@testing-library+dom@10.4.1/node_modules/@testing-library/dom/dist/config.js:[2m37:19[22m[39m
[90m [2mÔØ»[22m getAllByLabelText node_modules/.pnpm/@testing-library+dom@10.4.1/node_modules/@testing-library/dom/d
ist/queries/label-text.js:[2m111:38[22m[39m
[90m [2mÔØ»[22m node_modules/.pnpm/@testing-library+dom@10.4.1/node_modules/@testing-library/dom/dist/query-helpers.
js:[2m52:17[22m[39m
[90m [2mÔØ»[22m node_modules/.pnpm/@testing-library+dom@10.4.1/node_modules/@testing-library/dom/dist/query-helpers.
js:[2m95:19[22m[39m
[36m [2mÔØ»[22m src/components/common/RadioGroup.test.tsx:[2m128:19[22m[39m
    [90m126| [39m    )[33m;[39m
    [90m127| [39m
    [90m128| [39m    [34mexpect[39m(screen[33m.[39m[34mgetByLabelText[39m([32m"Opci├│n 
1"[39m))[33m.[39m[34mtoBeChecked[39m()[33m;[39m
    [90m   | [39m                  [31m^[39m
    [90m129| [39m    [34mexpect[39m(screen[33m.[39m[34mgetByLabelText[39m([32m"Opci├│n 
2"[39m))[33m.[39mnot[33m.[39m[34mtoBeChecked[39m()[33m;[39m
    [90m130| [39m

[31m[2mÔÄ»ÔÄ»ÔÄ»ÔÄ»ÔÄ»ÔÄ»ÔÄ»ÔÄ»ÔÄ»ÔÄ»ÔÄ»ÔÄ»ÔÄ»ÔÄ»ÔÄ»ÔÄ»ÔÄ»ÔÄ»ÔÄ»ÔÄ»ÔÄ»[57/288]ÔÄ»[22m[39m

[41m[1m FAIL [22m[49m src/components/common/RadioGroup.test.tsx[2m > [22mRadioGroup[2m > [22mshould render 
empty group when options are empty
[41m[1m FAIL [22m[49m src/components/common/RadioGroup.test.tsx[2m > [22mRadioGroup[2m > [22mshould render 
empty group when options are empty
[31m[1mTestingLibraryElementError[22m: Unable to find an accessible element with the role "radiogroup" and name 
"grupo-vac├¡o"

There are no accessible roles. But there might be some inaccessible roles. If you wish to access them, then set the 
`hidden` option to `true`. Learn more about this here: 
https://testing-library.com/docs/dom-testing-library/api-queries#byrole

Ignored nodes: comments, script, style
[36m<body />[31m[39m
[90m [2mÔØ»[22m Object.getElementError 
node_modules/.pnpm/@testing-library+dom@10.4.1/node_modules/@testing-library/dom/dist/config.js:[2m37:19[22m[39m
[90m [2mÔØ»[22m node_modules/.pnpm/@testing-library+dom@10.4.1/node_modules/@testing-library/dom/dist/query-helpers.
js:[2m76:38[22m[39m
[90m [2mÔØ»[22m node_modules/.pnpm/@testing-library+dom@10.4.1/node_modules/@testing-library/dom/dist/query-helpers.
js:[2m52:17[22m[39m
[90m [2mÔØ»[22m node_modules/.pnpm/@testing-library+dom@10.4.1/node_modules/@testing-library/dom/dist/query-helpers.
js:[2m95:19[22m[39m
[36m [2mÔØ»[22m src/components/common/RadioGroup.test.tsx:[2m142:19[22m[39m
    [90m140| [39m    renderWithI18n(<RadioGroup name="grupo-vac├¡o" options={[]} value={ÔÇª
    [90m141| [39m
    [90m142| [39m    expect(screen.getByRole("radiogroup", { name: "grupo-vac├¡o" })).toÔÇª
    [90m   | [39m                  [31m^[39m
    [90m143| [39m    [34mexpect[39m(screen[33m.[39m[34mqueryAllByRole[39m([32m"radio"[39m))[33m.[39m[34mto
HaveLength[39m([34m0[39m)[33m;[39m
    [90m144| [39m  })[33m;[39m

[31m[2mÔÄ»ÔÄ»ÔÄ»ÔÄ»ÔÄ»ÔÄ»ÔÄ»ÔÄ»ÔÄ»ÔÄ»ÔÄ»ÔÄ»ÔÄ»ÔÄ»ÔÄ»ÔÄ»ÔÄ»ÔÄ»ÔÄ»ÔÄ»ÔÄ»[58/288]ÔÄ»[22m[39m

[41m[1m FAIL [22m[49m src/components/common/ShortcutsModal.test.tsx[2m > [22mShortcutsModal[2m > [22mshows 
modal content when isOpen is true
[41m[1m FAIL [22m[49m src/components/common/ShortcutsModal.test.tsx[2m > [22mShortcutsModal[2m > [22mshows 
modal content when isOpen is true
[31m[1mTestingLibraryElementError[22m: Unable to find an element with the text: Atajos de teclado. This could be 
because the text is broken up by multiple elements. In this case, you can provide a function for your text matcher to 
make your matcher more flexible.

Ignored nodes: comments, script, style
[36m<body />[31m[39m
[90m [2mÔØ»[22m Object.getElementError 
node_modules/.pnpm/@testing-library+dom@10.4.1/node_modules/@testing-library/dom/dist/config.js:[2m37:19[22m[39m
[90m [2mÔØ»[22m node_modules/.pnpm/@testing-library+dom@10.4.1/node_modules/@testing-library/dom/dist/query-helpers.
js:[2m76:38[22m[39m
[90m [2mÔØ»[22m node_modules/.pnpm/@testing-library+dom@10.4.1/node_modules/@testing-library/dom/dist/query-helpers.
js:[2m52:17[22m[39m
[90m [2mÔØ»[22m node_modules/.pnpm/@testing-library+dom@10.4.1/node_modules/@testing-library/dom/dist/query-helpers.
js:[2m95:19[22m[39m
[36m [2mÔØ»[22m src/components/common/ShortcutsModal.test.tsx:[2m16:19[22m[39m
    [90m 14| [39m    [34mrenderWithI18n[39m([33m<[39m[33mShortcutsModal[39m 
[33misOpen[39m[33m=[39m[33m{[39m[35mtrue[39m[33m}[39m 
[33monClose[39m[33m=[39m[33m{[39mvi[33m.[39m[34mfn[39m()[33m}[39m [33m/[39m[33m>[39m)[33m;[39m
    [90m 15| [39m
    [90m 16| [39m    [34mexpect[39m(screen[33m.[39m[34mgetByText[39m([32m"Atajos de 
teclado"[39m))[33m.[39m[34mtoBeInTheDocument[39m()[33m;[39m
    [90m   | [39m                  [31m^[39m
    [90m 17| [39m  })[33m;[39m
    [90m 18| [39m

[31m[2mÔÄ»ÔÄ»ÔÄ»ÔÄ»ÔÄ»ÔÄ»ÔÄ»ÔÄ»ÔÄ»ÔÄ»ÔÄ»ÔÄ»ÔÄ»ÔÄ»ÔÄ»ÔÄ»ÔÄ»ÔÄ»ÔÄ»ÔÄ»ÔÄ»[59/288]ÔÄ»[22m[39m

[41m[1m FAIL [22m[49m src/components/common/ShortcutsModal.test.tsx[2m > [22mShortcutsModal[2m > [22mrenders 
'Limpiar vac├¡os' row when hasClean is true
[41m[1m FAIL [22m[49m src/components/common/ShortcutsModal.test.tsx[2m > [22mShortcutsModal[2m > [22mrenders 
'Limpiar vac├¡os' row when hasClean is true
[31m[1mTestingLibraryElementError[22m: Unable to find an element with the text: Limpiar vac├¡os. This could be 
because the text is broken up by multiple elements. In this case, you can provide a function for your text matcher to 
make your matcher more flexible.

Ignored nodes: comments, script, style
[36m<body />[31m[39m
[90m [2mÔØ»[22m Object.getElementError 
node_modules/.pnpm/@testing-library+dom@10.4.1/node_modules/@testing-library/dom/dist/config.js:[2m37:19[22m[39m
[90m [2mÔØ»[22m node_modules/.pnpm/@testing-library+dom@10.4.1/node_modules/@testing-library/dom/dist/query-helpers.
js:[2m76:38[22m[39m
[90m [2mÔØ»[22m node_modules/.pnpm/@testing-library+dom@10.4.1/node_modules/@testing-library/dom/dist/query-helpers.
js:[2m52:17[22m[39m
[90m [2mÔØ»[22m node_modules/.pnpm/@testing-library+dom@10.4.1/node_modules/@testing-library/dom/dist/query-helpers.
js:[2m95:19[22m[39m
[36m [2mÔØ»[22m src/components/common/ShortcutsModal.test.tsx:[2m34:19[22m[39m
    [90m 32| [39m    renderWithI18n(<ShortcutsModal isOpen={true} onClose={vi.fn()} hasÔÇª
    [90m 33| [39m
    [90m 34| [39m    [34mexpect[39m(screen[33m.[39m[34mgetByText[39m([32m"Limpiar 
vac├¡os"[39m))[33m.[39m[34mtoBeInTheDocument[39m()[33m;[39m
    [90m   | [39m                  [31m^[39m
    [90m 35| [39m  })[33m;[39m
    [90m 36| [39m})[33m;[39m

[31m[2mÔÄ»ÔÄ»ÔÄ»ÔÄ»ÔÄ»ÔÄ»ÔÄ»ÔÄ»ÔÄ»ÔÄ»ÔÄ»ÔÄ»ÔÄ»ÔÄ»ÔÄ»ÔÄ»ÔÄ»ÔÄ»ÔÄ»ÔÄ»ÔÄ»[60/288]ÔÄ»[22m[39m

[41m[1m FAIL [22m[49m src/components/common/StatusIndicator.test.tsx[2m > [22mStatusIndicator[2m > [22moutput 
mode (without isValid)[2m > [22mhides valid label when showValidLabel is false
[41m[1m FAIL [22m[49m src/components/common/StatusIndicator.test.tsx[2m > [22mStatusIndicator[2m > [22moutput 
mode (without isValid)[2m > [22mhides valid label when showValidLabel is false
[31m[1mError[22m: [2mexpect([22m[31melement[31m[2m).not.toBeInTheDocument()[22m

[31mexpected document not to contain element, found <span
  class="text-green-400 flex items-center gap-1 "
>
  <i
    class="fas fa-check-circle"
  />
   
  JSON v├ílido
</span> instead[31m[39m
[36m [2mÔØ»[22m src/components/common/StatusIndicator.test.tsx:[2m130:57[22m[39m
    [90m128| [39m      [33m/[39m[33m>[39m[33m,[39m
    [90m129| [39m    )[33m;[39m
    [90m130| [39m    expect(renderResult.queryByText("JSON v├ílido")).not.toBeInTheDocumÔÇª
    [90m   | [39m                                                        [31m^[39m
    [90m131| [39m  })[33m;[39m
    [90m132| [39m  })[33m;[39m

[31m[2mÔÄ»ÔÄ»ÔÄ»ÔÄ»ÔÄ»ÔÄ»ÔÄ»ÔÄ»ÔÄ»ÔÄ»ÔÄ»ÔÄ»ÔÄ»ÔÄ»ÔÄ»ÔÄ»ÔÄ»ÔÄ»ÔÄ»ÔÄ»ÔÄ»[61/288]ÔÄ»[22m[39m

[41m[1m FAIL [22m[49m src/components/common/TipsModal.test.tsx[2m > [22mTipsModal[2m > [22mshould render when 
open
[41m[1m FAIL [22m[49m src/components/common/TipsModal.test.tsx[2m > [22mTipsModal[2m > [22mshould render when 
open
[31m[1mTestingLibraryElementError[22m: Unable to find an element with the text: JSON Path Tips. This could be 
because the text is broken up by multiple elements. In this case, you can provide a function for your text matcher to 
make your matcher more flexible.

Ignored nodes: comments, script, style
[36m<body />[31m[39m
[90m [2mÔØ»[22m Object.getElementError 
node_modules/.pnpm/@testing-library+dom@10.4.1/node_modules/@testing-library/dom/dist/config.js:[2m37:19[22m[39m
[90m [2mÔØ»[22m node_modules/.pnpm/@testing-library+dom@10.4.1/node_modules/@testing-library/dom/dist/query-helpers.
js:[2m76:38[22m[39m
[90m [2mÔØ»[22m node_modules/.pnpm/@testing-library+dom@10.4.1/node_modules/@testing-library/dom/dist/query-helpers.
js:[2m52:17[22m[39m
[90m [2mÔØ»[22m node_modules/.pnpm/@testing-library+dom@10.4.1/node_modules/@testing-library/dom/dist/query-helpers.
js:[2m95:19[22m[39m
[36m [2mÔØ»[22m src/components/common/TipsModal.test.tsx:[2m87:19[22m[39m
    [90m 85| [39m    )[33m;[39m
    [90m 86| [39m
    [90m 87| [39m    [34mexpect[39m(screen[33m.[39m[34mgetByText[39m([32m"JSON Path 
Tips"[39m))[33m.[39m[34mtoBeInTheDocument[39m()[33m;[39m
    [90m   | [39m                  [31m^[39m
    [90m 88| [39m  })[33m;[39m
    [90m 89| [39m

[31m[2mÔÄ»ÔÄ»ÔÄ»ÔÄ»ÔÄ»ÔÄ»ÔÄ»ÔÄ»ÔÄ»ÔÄ»ÔÄ»ÔÄ»ÔÄ»ÔÄ»ÔÄ»ÔÄ»ÔÄ»ÔÄ»ÔÄ»ÔÄ»ÔÄ»[62/288]ÔÄ»[22m[39m

[41m[1m FAIL [22m[49m src/components/common/TipsModal.test.tsx[2m > [22mTipsModal[2m > [22mshould render all 
tip categories
[41m[1m FAIL [22m[49m src/components/common/TipsModal.test.tsx[2m > [22mTipsModal[2m > [22mshould render all 
tip categories
[31m[1mTestingLibraryElementError[22m: Unable to find an element with the text: Basic Operations. This could be 
because the text is broken up by multiple elements. In this case, you can provide a function for your text matcher to 
make your matcher more flexible.

Ignored nodes: comments, script, style
[36m<body />[31m[39m
[90m [2mÔØ»[22m Object.getElementError 
node_modules/.pnpm/@testing-library+dom@10.4.1/node_modules/@testing-library/dom/dist/config.js:[2m37:19[22m[39m
[90m [2mÔØ»[22m node_modules/.pnpm/@testing-library+dom@10.4.1/node_modules/@testing-library/dom/dist/query-helpers.
js:[2m76:38[22m[39m
[90m [2mÔØ»[22m node_modules/.pnpm/@testing-library+dom@10.4.1/node_modules/@testing-library/dom/dist/query-helpers.
js:[2m52:17[22m[39m
[90m [2mÔØ»[22m node_modules/.pnpm/@testing-library+dom@10.4.1/node_modules/@testing-library/dom/dist/query-helpers.
js:[2m95:19[22m[39m
[36m [2mÔØ»[22m src/components/common/TipsModal.test.tsx:[2m102:19[22m[39m
    [90m100| [39m    )[33m;[39m
    [90m101| [39m
    [90m102| [39m    [34mexpect[39m(screen[33m.[39m[34mgetByText[39m([32m"Basic 
Operations"[39m))[33m.[39m[34mtoBeInTheDocument[39m()[33m;[39m
    [90m   | [39m                  [31m^[39m
    [90m103| [39m    [34mexpect[39m(screen[33m.[39m[34mgetByText[39m([32m"Advanced"[39m))[33m.[39m[34mtoBe
InTheDocument[39m()[33m;[39m
    [90m104| [39m  })[33m;[39m

[31m[2mÔÄ»ÔÄ»ÔÄ»ÔÄ»ÔÄ»ÔÄ»ÔÄ»ÔÄ»ÔÄ»ÔÄ»ÔÄ»ÔÄ»ÔÄ»ÔÄ»ÔÄ»ÔÄ»ÔÄ»ÔÄ»ÔÄ»ÔÄ»ÔÄ»[63/288]ÔÄ»[22m[39m

[41m[1m FAIL [22m[49m src/components/common/TipsModal.test.tsx[2m > [22mTipsModal[2m > [22mshould render all 
tip items
[41m[1m FAIL [22m[49m src/components/common/TipsModal.test.tsx[2m > [22mTipsModal[2m > [22mshould render all 
tip items
[31m[1mTestingLibraryElementError[22m: Unable to find an element with the text: $.property. This could be because 
the text is broken up by multiple elements. In this case, you can provide a function for your text matcher to make 
your matcher more flexible.

Ignored nodes: comments, script, style
[36m<body />[31m[39m
[90m [2mÔØ»[22m Object.getElementError 
node_modules/.pnpm/@testing-library+dom@10.4.1/node_modules/@testing-library/dom/dist/config.js:[2m37:19[22m[39m
[90m [2mÔØ»[22m node_modules/.pnpm/@testing-library+dom@10.4.1/node_modules/@testing-library/dom/dist/query-helpers.
js:[2m76:38[22m[39m
[90m [2mÔØ»[22m node_modules/.pnpm/@testing-library+dom@10.4.1/node_modules/@testing-library/dom/dist/query-helpers.
js:[2m52:17[22m[39m
[90m [2mÔØ»[22m node_modules/.pnpm/@testing-library+dom@10.4.1/node_modules/@testing-library/dom/dist/query-helpers.
js:[2m95:19[22m[39m
[36m [2mÔØ»[22m src/components/common/TipsModal.test.tsx:[2m118:19[22m[39m
    [90m116| [39m    )[33m;[39m
    [90m117| [39m
    [90m118| [39m    [34mexpect[39m(screen[33m.[39m[34mgetByText[39m([32m"$.property"[39m))[33m.[39m[34mto
BeInTheDocument[39m()[33m;[39m
    [90m   | [39m                  [31m^[39m
    [90m119| [39m    [34mexpect[39m(screen[33m.[39m[34mgetByText[39m([36m/Access 
property/[39m))[33m.[39m[34mtoBeInTheDocument[39m()[33m;[39m
    [90m120| [39m    [34mexpect[39m(screen[33m.[39m[34mgetByText[39m([32m"$.array[0]"[39m))[33m.[39m[34mto
BeInTheDocument[39m()[33m;[39m

[31m[2mÔÄ»ÔÄ»ÔÄ»ÔÄ»ÔÄ»ÔÄ»ÔÄ»ÔÄ»ÔÄ»ÔÄ»ÔÄ»ÔÄ»ÔÄ»ÔÄ»ÔÄ»ÔÄ»ÔÄ»ÔÄ»ÔÄ»ÔÄ»ÔÄ»[64/288]ÔÄ»[22m[39m

[41m[1m FAIL [22m[49m src/components/common/TipsModal.test.tsx[2m > [22mTipsModal[2m > [22mshould call onClose 
when close button is clicked
[41m[1m FAIL [22m[49m src/components/common/TipsModal.test.tsx[2m > [22mTipsModal[2m > [22mshould call onClose 
when close button is clicked
[31m[1mTestingLibraryElementError[22m: Unable to find a label with the text of: Cerrar modal

Ignored nodes: comments, script, style
[36m<body />[31m[39m
[90m [2mÔØ»[22m Object.getElementError 
node_modules/.pnpm/@testing-library+dom@10.4.1/node_modules/@testing-library/dom/dist/config.js:[2m37:19[22m[39m
[90m [2mÔØ»[22m getAllByLabelText node_modules/.pnpm/@testing-library+dom@10.4.1/node_modules/@testing-library/dom/d
ist/queries/label-text.js:[2m111:38[22m[39m
[90m [2mÔØ»[22m node_modules/.pnpm/@testing-library+dom@10.4.1/node_modules/@testing-library/dom/dist/query-helpers.
js:[2m52:17[22m[39m
[90m [2mÔØ»[22m node_modules/.pnpm/@testing-library+dom@10.4.1/node_modules/@testing-library/dom/dist/query-helpers.
js:[2m95:19[22m[39m
[36m [2mÔØ»[22m src/components/common/TipsModal.test.tsx:[2m139:32[22m[39m
    [90m137| [39m    )[33m;[39m
    [90m138| [39m
    [90m139| [39m    [35mconst[39m closeButton [33m=[39m screen[33m.[39m[34mgetByLabelText[39m([32m"Cerrar 
modal"[39m)[33m;[39m
    [90m   | [39m                               [31m^[39m
    [90m140| [39m    fireEvent[33m.[39m[34mclick[39m(closeButton)[33m;[39m
    [90m141| [39m

[31m[2mÔÄ»ÔÄ»ÔÄ»ÔÄ»ÔÄ»ÔÄ»ÔÄ»ÔÄ»ÔÄ»ÔÄ»ÔÄ»ÔÄ»ÔÄ»ÔÄ»ÔÄ»ÔÄ»ÔÄ»ÔÄ»ÔÄ»ÔÄ»ÔÄ»[65/288]ÔÄ»[22m[39m

[41m[1m FAIL [22m[49m src/components/common/TipsModal.test.tsx[2m > [22mTipsModal[2m > [22mshould render quick 
examples when provided
[41m[1m FAIL [22m[49m src/components/common/TipsModal.test.tsx[2m > [22mTipsModal[2m > [22mshould render quick 
examples when provided
[31m[1mTestingLibraryElementError[22m: Unable to find an element with the text: Ejemplos R├ípidos. This could be 
because the text is broken up by multiple elements. In this case, you can provide a function for your text matcher to 
make your matcher more flexible.

Ignored nodes: comments, script, style
[36m<body />[31m[39m
[90m [2mÔØ»[22m Object.getElementError 
node_modules/.pnpm/@testing-library+dom@10.4.1/node_modules/@testing-library/dom/dist/config.js:[2m37:19[22m[39m
[90m [2mÔØ»[22m node_modules/.pnpm/@testing-library+dom@10.4.1/node_modules/@testing-library/dom/dist/query-helpers.
js:[2m76:38[22m[39m
[90m [2mÔØ»[22m node_modules/.pnpm/@testing-library+dom@10.4.1/node_modules/@testing-library/dom/dist/query-helpers.
js:[2m52:17[22m[39m
[90m [2mÔØ»[22m node_modules/.pnpm/@testing-library+dom@10.4.1/node_modules/@testing-library/dom/dist/query-helpers.
js:[2m95:19[22m[39m
[36m [2mÔØ»[22m src/components/common/TipsModal.test.tsx:[2m158:19[22m[39m
    [90m156| [39m    )[33m;[39m
    [90m157| [39m
    [90m158| [39m    [34mexpect[39m(screen[33m.[39m[34mgetByText[39m([32m"Ejemplos 
R├ípidos"[39m))[33m.[39m[34mtoBeInTheDocument[39m()[33m;[39m
    [90m   | [39m                  [31m^[39m
    [90m159| [39m    [34mexpect[39m(screen[33m.[39m[34mgetByText[39m([32m"Name"[39m))[33m.[39m[34mtoBeInTh
eDocument[39m()[33m;[39m
    [90m160| [39m    [34mexpect[39m(screen[33m.[39m[34mgetByText[39m([32m"Get name 
property"[39m))[33m.[39m[34mtoBeInTheDocument[39m()[33m;[39m

[31m[2mÔÄ»ÔÄ»ÔÄ»ÔÄ»ÔÄ»ÔÄ»ÔÄ»ÔÄ»ÔÄ»ÔÄ»ÔÄ»ÔÄ»ÔÄ»ÔÄ»ÔÄ»ÔÄ»ÔÄ»ÔÄ»ÔÄ»ÔÄ»ÔÄ»[66/288]ÔÄ»[22m[39m

[41m[1m FAIL [22m[49m src/components/common/TipsModal.test.tsx[2m > [22mTipsModal[2m > [22mshould call 
onTryExample when quick example button is clicked
[41m[1m FAIL [22m[49m src/components/common/TipsModal.test.tsx[2m > [22mTipsModal[2m > [22mshould call 
onTryExample when quick example button is clicked
[31m[1mTestingLibraryElementError[22m: Unable to find an element with the text: Name. This could be because the 
text is broken up by multiple elements. In this case, you can provide a function for your text matcher to make your 
matcher more flexible.

Ignored nodes: comments, script, style
[36m<body />[31m[39m
[90m [2mÔØ»[22m Object.getElementError 
node_modules/.pnpm/@testing-library+dom@10.4.1/node_modules/@testing-library/dom/dist/config.js:[2m37:19[22m[39m
[90m [2mÔØ»[22m node_modules/.pnpm/@testing-library+dom@10.4.1/node_modules/@testing-library/dom/dist/query-helpers.
js:[2m76:38[22m[39m
[90m [2mÔØ»[22m node_modules/.pnpm/@testing-library+dom@10.4.1/node_modules/@testing-library/dom/dist/query-helpers.
js:[2m52:17[22m[39m
[90m [2mÔØ»[22m node_modules/.pnpm/@testing-library+dom@10.4.1/node_modules/@testing-library/dom/dist/query-helpers.
js:[2m95:19[22m[39m
[36m [2mÔØ»[22m src/components/common/TipsModal.test.tsx:[2m195:39[22m[39m
    [90m193| [39m    )[33m;[39m
    [90m194| [39m
    [90m195| [39m    const firstExampleButton = screen.getByText("Name").closest("buttoÔÇª
    [90m   | [39m                                      [31m^[39m
    [90m196| [39m    [35mif[39m (firstExampleButton) {
    [90m197| [39m      fireEvent[33m.[39m[34mclick[39m(firstExampleButton)[33m;[39m

[31m[2mÔÄ»ÔÄ»ÔÄ»ÔÄ»ÔÄ»ÔÄ»ÔÄ»ÔÄ»ÔÄ»ÔÄ»ÔÄ»ÔÄ»ÔÄ»ÔÄ»ÔÄ»ÔÄ»ÔÄ»ÔÄ»ÔÄ»ÔÄ»ÔÄ»[67/288]ÔÄ»[22m[39m

[41m[1m FAIL [22m[49m src/components/common/Toast.test.tsx[2m > [22mToast[2m > [22mrenders message with 
success variant
[41m[1m FAIL [22m[49m src/components/common/Toast.test.tsx[2m > [22mToast[2m > [22mrenders message with 
success variant
[31m[1mTestingLibraryElementError[22m: Unable to find an element by: [data-testid="toast-message"]

Ignored nodes: comments, script, style
[36m<body />[31m[39m
[90m [2mÔØ»[22m Object.getElementError 
node_modules/.pnpm/@testing-library+dom@10.4.1/node_modules/@testing-library/dom/dist/config.js:[2m37:19[22m[39m
[90m [2mÔØ»[22m node_modules/.pnpm/@testing-library+dom@10.4.1/node_modules/@testing-library/dom/dist/query-helpers.
js:[2m76:38[22m[39m
[90m [2mÔØ»[22m node_modules/.pnpm/@testing-library+dom@10.4.1/node_modules/@testing-library/dom/dist/query-helpers.
js:[2m52:17[22m[39m
[90m [2mÔØ»[22m node_modules/.pnpm/@testing-library+dom@10.4.1/node_modules/@testing-library/dom/dist/query-helpers.
js:[2m95:19[22m[39m
[36m [2mÔØ»[22m src/components/common/Toast.test.tsx:[2m30:19[22m[39m
    [90m 28| [39m    )[33m;[39m
    [90m 29| [39m
    [90m 30| [39m    expect(screen.getByTestId("toast-message")).toHaveTextContent("OpeÔÇª
    [90m   | [39m                  [31m^[39m
    [90m 31| [39m    expect(screen.getByLabelText("Close notification")).toBeInTheDocumÔÇª
    [90m 32| [39m  })[33m;[39m

[31m[2mÔÄ»ÔÄ»ÔÄ»ÔÄ»ÔÄ»ÔÄ»ÔÄ»ÔÄ»ÔÄ»ÔÄ»ÔÄ»ÔÄ»ÔÄ»ÔÄ»ÔÄ»ÔÄ»ÔÄ»ÔÄ»ÔÄ»ÔÄ»ÔÄ»[68/288]ÔÄ»[22m[39m

[41m[1m FAIL [22m[49m src/components/common/Toast.test.tsx[2m > [22mToast[2m > [22mrenders message with error 
variant
[41m[1m FAIL [22m[49m src/components/common/Toast.test.tsx[2m > [22mToast[2m > [22mrenders message with error 
variant
[31m[1mTestingLibraryElementError[22m: Unable to find an element by: [data-testid="toast-message"]

Ignored nodes: comments, script, style
[36m<body />[31m[39m
[90m [2mÔØ»[22m Object.getElementError 
node_modules/.pnpm/@testing-library+dom@10.4.1/node_modules/@testing-library/dom/dist/config.js:[2m37:19[22m[39m
[90m [2mÔØ»[22m node_modules/.pnpm/@testing-library+dom@10.4.1/node_modules/@testing-library/dom/dist/query-helpers.
js:[2m76:38[22m[39m
[90m [2mÔØ»[22m node_modules/.pnpm/@testing-library+dom@10.4.1/node_modules/@testing-library/dom/dist/query-helpers.
js:[2m52:17[22m[39m
[90m [2mÔØ»[22m node_modules/.pnpm/@testing-library+dom@10.4.1/node_modules/@testing-library/dom/dist/query-helpers.
js:[2m95:19[22m[39m
[36m [2mÔØ»[22m src/components/common/Toast.test.tsx:[2m42:19[22m[39m
    [90m 40| [39m    )[33m;[39m
    [90m 41| [39m
    [90m 42| [39m    expect(screen.getByTestId("toast-message")).toHaveTextContent("SomÔÇª
    [90m   | [39m                  [31m^[39m
    [90m 43| [39m  })[33m;[39m
    [90m 44| [39m

[31m[2mÔÄ»ÔÄ»ÔÄ»ÔÄ»ÔÄ»ÔÄ»ÔÄ»ÔÄ»ÔÄ»ÔÄ»ÔÄ»ÔÄ»ÔÄ»ÔÄ»ÔÄ»ÔÄ»ÔÄ»ÔÄ»ÔÄ»ÔÄ»ÔÄ»[69/288]ÔÄ»[22m[39m

[41m[1m FAIL [22m[49m src/components/common/Toast.test.tsx[2m > [22mToast[2m > [22mrenders message with info 
variant
[41m[1m FAIL [22m[49m src/components/common/Toast.test.tsx[2m > [22mToast[2m > [22mrenders message with info 
variant
[31m[1mTestingLibraryElementError[22m: Unable to find an element by: [data-testid="toast-message"]

Ignored nodes: comments, script, style
[36m<body />[31m[39m
[90m [2mÔØ»[22m Object.getElementError 
node_modules/.pnpm/@testing-library+dom@10.4.1/node_modules/@testing-library/dom/dist/config.js:[2m37:19[22m[39m
[90m [2mÔØ»[22m node_modules/.pnpm/@testing-library+dom@10.4.1/node_modules/@testing-library/dom/dist/query-helpers.
js:[2m76:38[22m[39m
[90m [2mÔØ»[22m node_modules/.pnpm/@testing-library+dom@10.4.1/node_modules/@testing-library/dom/dist/query-helpers.
js:[2m52:17[22m[39m
[90m [2mÔØ»[22m node_modules/.pnpm/@testing-library+dom@10.4.1/node_modules/@testing-library/dom/dist/query-helpers.
js:[2m95:19[22m[39m
[36m [2mÔØ»[22m src/components/common/Toast.test.tsx:[2m53:19[22m[39m
    [90m 51| [39m    )[33m;[39m
    [90m 52| [39m
    [90m 53| [39m    expect(screen.getByTestId("toast-message")).toHaveTextContent("InfÔÇª
    [90m   | [39m                  [31m^[39m
    [90m 54| [39m  })[33m;[39m
    [90m 55| [39m

[31m[2mÔÄ»ÔÄ»ÔÄ»ÔÄ»ÔÄ»ÔÄ»ÔÄ»ÔÄ»ÔÄ»ÔÄ»ÔÄ»ÔÄ»ÔÄ»ÔÄ»ÔÄ»ÔÄ»ÔÄ»ÔÄ»ÔÄ»ÔÄ»ÔÄ»[70/288]ÔÄ»[22m[39m

[41m[1m FAIL [22m[49m src/components/common/Toast.test.tsx[2m > [22mToast[2m > [22mcalls onRemove when close 
button is clicked
[41m[1m FAIL [22m[49m src/components/common/Toast.test.tsx[2m > [22mToast[2m > [22mcalls onRemove when close 
button is clicked
[31m[1mTestingLibraryElementError[22m: Unable to find a label with the text of: Close notification

Ignored nodes: comments, script, style
[36m<body />[31m[39m
[90m [2mÔØ»[22m Object.getElementError 
node_modules/.pnpm/@testing-library+dom@10.4.1/node_modules/@testing-library/dom/dist/config.js:[2m37:19[22m[39m
[90m [2mÔØ»[22m getAllByLabelText node_modules/.pnpm/@testing-library+dom@10.4.1/node_modules/@testing-library/dom/d
ist/queries/label-text.js:[2m111:38[22m[39m
[90m [2mÔØ»[22m node_modules/.pnpm/@testing-library+dom@10.4.1/node_modules/@testing-library/dom/dist/query-helpers.
js:[2m52:17[22m[39m
[90m [2mÔØ»[22m node_modules/.pnpm/@testing-library+dom@10.4.1/node_modules/@testing-library/dom/dist/query-helpers.
js:[2m95:19[22m[39m
[36m [2mÔØ»[22m src/components/common/Toast.test.tsx:[2m80:28[22m[39m
    [90m 78| [39m    )[33m;[39m
    [90m 79| [39m
    [90m 80| [39m    fireEvent[33m.[39m[34mclick[39m(screen[33m.[39m[34mgetByLabelText[39m([32m"Close 
notification"[39m))[33m;[39m
    [90m   | [39m                           [31m^[39m
    [90m 81| [39m
    [90m 82| [39m    [90m// Animation delay before onRemove is called[39m

[31m[2mÔÄ»ÔÄ»ÔÄ»ÔÄ»ÔÄ»ÔÄ»ÔÄ»ÔÄ»ÔÄ»ÔÄ»ÔÄ»ÔÄ»ÔÄ»ÔÄ»ÔÄ»ÔÄ»ÔÄ»ÔÄ»ÔÄ»ÔÄ»ÔÄ»[71/288]ÔÄ»[22m[39m

[41m[1m FAIL [22m[49m src/components/common/Toast.test.tsx[2m > [22mToast[2m > [22mapplies correct CSS classes 
for success variant
[41m[1m FAIL [22m[49m src/components/common/Toast.test.tsx[2m > [22mToast[2m > [22mapplies correct CSS classes 
for success variant
[31m[1mTestingLibraryElementError[22m: Unable to find an element by: [data-testid="toast-message"]

Ignored nodes: comments, script, style
[36m<body />[31m[39m
[90m [2mÔØ»[22m Object.getElementError 
node_modules/.pnpm/@testing-library+dom@10.4.1/node_modules/@testing-library/dom/dist/config.js:[2m37:19[22m[39m
[90m [2mÔØ»[22m node_modules/.pnpm/@testing-library+dom@10.4.1/node_modules/@testing-library/dom/dist/query-helpers.
js:[2m76:38[22m[39m
[90m [2mÔØ»[22m node_modules/.pnpm/@testing-library+dom@10.4.1/node_modules/@testing-library/dom/dist/query-helpers.
js:[2m52:17[22m[39m
[90m [2mÔØ»[22m node_modules/.pnpm/@testing-library+dom@10.4.1/node_modules/@testing-library/dom/dist/query-helpers.
js:[2m95:19[22m[39m
[36m [2mÔØ»[22m src/components/common/Toast.test.tsx:[2m118:28[22m[39m
    [90m116| [39m
    [90m117| [39m    [90m// Get the outermost div (with the transform classes)[39m
    [90m118| [39m    [35mconst[39m element [33m=[39m 
screen[33m.[39m[34mgetByTestId[39m([32m"toast-message"[39m)[33m;[39m
    [90m   | [39m                           [31m^[39m
    [90m119| [39m    [35mconst[39m outerDiv [33m=[39m 
element[33m.[39mparentElement[33m?.[39mparentElement[33m;[39m
    [90m120| [39m    
[34mexpect[39m(outerDiv[33m?.[39mclassName)[33m.[39m[34mtoContain[39m([32m"transform"[39m)[33m;[39m

[31m[2mÔÄ»ÔÄ»ÔÄ»ÔÄ»ÔÄ»ÔÄ»ÔÄ»ÔÄ»ÔÄ»ÔÄ»ÔÄ»ÔÄ»ÔÄ»ÔÄ»ÔÄ»ÔÄ»ÔÄ»ÔÄ»ÔÄ»ÔÄ»ÔÄ»[72/288]ÔÄ»[22m[39m

[41m[1m FAIL [22m[49m src/components/common/Toast.test.tsx[2m > [22mToast[2m > [22mrenders with correct icon 
for success variant
[41m[1m FAIL [22m[49m src/components/common/Toast.test.tsx[2m > [22mToast[2m > [22mrenders with correct icon 
for success variant
[31m[1mTestingLibraryElementError[22m: Unable to find an element by: [data-testid="toast-message"]

Ignored nodes: comments, script, style
[36m<body />[31m[39m
[90m [2mÔØ»[22m Object.getElementError 
node_modules/.pnpm/@testing-library+dom@10.4.1/node_modules/@testing-library/dom/dist/config.js:[2m37:19[22m[39m
[90m [2mÔØ»[22m node_modules/.pnpm/@testing-library+dom@10.4.1/node_modules/@testing-library/dom/dist/query-helpers.
js:[2m76:38[22m[39m
[90m [2mÔØ»[22m node_modules/.pnpm/@testing-library+dom@10.4.1/node_modules/@testing-library/dom/dist/query-helpers.
js:[2m52:17[22m[39m
[90m [2mÔØ»[22m node_modules/.pnpm/@testing-library+dom@10.4.1/node_modules/@testing-library/dom/dist/query-helpers.
js:[2m95:19[22m[39m
[36m [2mÔØ»[22m src/components/common/Toast.test.tsx:[2m169:25[22m[39m
    [90m167| [39m    )[33m;[39m
    [90m168| [39m
    [90m169| [39m    const icon = screen.getByTestId("toast-message").parentElement?.quÔÇª
    [90m   | [39m                        [31m^[39m
    [90m170| [39m    
[34mexpect[39m(icon[33m?.[39mclassName)[33m.[39m[34mtoContain[39m([32m"fa-check-circle"[39m)[33m;[39m
    [90m171| [39m  })[33m;[39m

[31m[2mÔÄ»ÔÄ»ÔÄ»ÔÄ»ÔÄ»ÔÄ»ÔÄ»ÔÄ»ÔÄ»ÔÄ»ÔÄ»ÔÄ»ÔÄ»ÔÄ»ÔÄ»ÔÄ»ÔÄ»ÔÄ»ÔÄ»ÔÄ»ÔÄ»[73/288]ÔÄ»[22m[39m

[41m[1m FAIL [22m[49m src/components/common/Toast.test.tsx[2m > [22mToast[2m > [22mrenders with correct icon 
for error variant
[41m[1m FAIL [22m[49m src/components/common/Toast.test.tsx[2m > [22mToast[2m > [22mrenders with correct icon 
for error variant
[31m[1mTestingLibraryElementError[22m: Unable to find an element by: [data-testid="toast-message"]

Ignored nodes: comments, script, style
[36m<body />[31m[39m
[90m [2mÔØ»[22m Object.getElementError 
node_modules/.pnpm/@testing-library+dom@10.4.1/node_modules/@testing-library/dom/dist/config.js:[2m37:19[22m[39m
[90m [2mÔØ»[22m node_modules/.pnpm/@testing-library+dom@10.4.1/node_modules/@testing-library/dom/dist/query-helpers.
js:[2m76:38[22m[39m
[90m [2mÔØ»[22m node_modules/.pnpm/@testing-library+dom@10.4.1/node_modules/@testing-library/dom/dist/query-helpers.
js:[2m52:17[22m[39m
[90m [2mÔØ»[22m node_modules/.pnpm/@testing-library+dom@10.4.1/node_modules/@testing-library/dom/dist/query-helpers.
js:[2m95:19[22m[39m
[36m [2mÔØ»[22m src/components/common/Toast.test.tsx:[2m181:25[22m[39m
    [90m179| [39m    )[33m;[39m
    [90m180| [39m
    [90m181| [39m    const icon = screen.getByTestId("toast-message").parentElement?.quÔÇª
    [90m   | [39m                        [31m^[39m
    [90m182| [39m    
[34mexpect[39m(icon[33m?.[39mclassName)[33m.[39m[34mtoContain[39m([32m"fa-exclamation-circle"[39m)[33m;[39m
    [90m183| [39m  })[33m;[39m

[31m[2mÔÄ»ÔÄ»ÔÄ»ÔÄ»ÔÄ»ÔÄ»ÔÄ»ÔÄ»ÔÄ»ÔÄ»ÔÄ»ÔÄ»ÔÄ»ÔÄ»ÔÄ»ÔÄ»ÔÄ»ÔÄ»ÔÄ»ÔÄ»ÔÄ»[74/288]ÔÄ»[22m[39m

[41m[1m FAIL [22m[49m src/components/common/Toast.test.tsx[2m > [22mToast[2m > [22mrenders with correct icon 
for info variant
[41m[1m FAIL [22m[49m src/components/common/Toast.test.tsx[2m > [22mToast[2m > [22mrenders with correct icon 
for info variant
[31m[1mTestingLibraryElementError[22m: Unable to find an element by: [data-testid="toast-message"]

Ignored nodes: comments, script, style
[36m<body />[31m[39m
[90m [2mÔØ»[22m Object.getElementError 
node_modules/.pnpm/@testing-library+dom@10.4.1/node_modules/@testing-library/dom/dist/config.js:[2m37:19[22m[39m
[90m [2mÔØ»[22m node_modules/.pnpm/@testing-library+dom@10.4.1/node_modules/@testing-library/dom/dist/query-helpers.
js:[2m76:38[22m[39m
[90m [2mÔØ»[22m node_modules/.pnpm/@testing-library+dom@10.4.1/node_modules/@testing-library/dom/dist/query-helpers.
js:[2m52:17[22m[39m
[90m [2mÔØ»[22m node_modules/.pnpm/@testing-library+dom@10.4.1/node_modules/@testing-library/dom/dist/query-helpers.
js:[2m95:19[22m[39m
[36m [2mÔØ»[22m src/components/common/Toast.test.tsx:[2m193:25[22m[39m
    [90m191| [39m    )[33m;[39m
    [90m192| [39m
    [90m193| [39m    const icon = screen.getByTestId("toast-message").parentElement?.quÔÇª
    [90m   | [39m                        [31m^[39m
    [90m194| [39m    
[34mexpect[39m(icon[33m?.[39mclassName)[33m.[39m[34mtoContain[39m([32m"fa-info-circle"[39m)[33m;[39m
    [90m195| [39m  })[33m;[39m

[31m[2mÔÄ»ÔÄ»ÔÄ»ÔÄ»ÔÄ»ÔÄ»ÔÄ»ÔÄ»ÔÄ»ÔÄ»ÔÄ»ÔÄ»ÔÄ»ÔÄ»ÔÄ»ÔÄ»ÔÄ»ÔÄ»ÔÄ»ÔÄ»ÔÄ»[75/288]ÔÄ»[22m[39m

[41m[1m FAIL [22m[49m src/components/common/ToggleButtonGroup.test.tsx[2m > [22mToggleButtonGroup[2m > 
[22mshould render all options
[41m[1m FAIL [22m[49m src/components/common/ToggleButtonGroup.test.tsx[2m > [22mToggleButtonGroup[2m > 
[22mshould render all options
[31m[1mTestingLibraryElementError[22m: Unable to find an element with the text: 2 spaces. This could be because the 
text is broken up by multiple elements. In this case, you can provide a function for your text matcher to make your 
matcher more flexible.

Ignored nodes: comments, script, style
[36m<body />[31m[39m
[90m [2mÔØ»[22m Object.getElementError 
node_modules/.pnpm/@testing-library+dom@10.4.1/node_modules/@testing-library/dom/dist/config.js:[2m37:19[22m[39m
[90m [2mÔØ»[22m node_modules/.pnpm/@testing-library+dom@10.4.1/node_modules/@testing-library/dom/dist/query-helpers.
js:[2m76:38[22m[39m
[90m [2mÔØ»[22m node_modules/.pnpm/@testing-library+dom@10.4.1/node_modules/@testing-library/dom/dist/query-helpers.
js:[2m52:17[22m[39m
[90m [2mÔØ»[22m node_modules/.pnpm/@testing-library+dom@10.4.1/node_modules/@testing-library/dom/dist/query-helpers.
js:[2m95:19[22m[39m
[36m [2mÔØ»[22m src/components/common/ToggleButtonGroup.test.tsx:[2m16:19[22m[39m
    [90m 14| [39m    renderWithI18n(<ToggleButtonGroup options={options} value="2" onChÔÇª
    [90m 15| [39m
    [90m 16| [39m    [34mexpect[39m(screen[33m.[39m[34mgetByText[39m([32m"2 
spaces"[39m))[33m.[39m[34mtoBeInTheDocument[39m()[33m;[39m
    [90m   | [39m                  [31m^[39m
    [90m 17| [39m    [34mexpect[39m(screen[33m.[39m[34mgetByText[39m([32m"4 
spaces"[39m))[33m.[39m[34mtoBeInTheDocument[39m()[33m;[39m
    [90m 18| [39m    [34mexpect[39m(screen[33m.[39m[34mgetByText[39m([32m"Tab"[39m))[33m.[39m[34mtoBeInThe
Document[39m()[33m;[39m

[31m[2mÔÄ»ÔÄ»ÔÄ»ÔÄ»ÔÄ»ÔÄ»ÔÄ»ÔÄ»ÔÄ»ÔÄ»ÔÄ»ÔÄ»ÔÄ»ÔÄ»ÔÄ»ÔÄ»ÔÄ»ÔÄ»ÔÄ»ÔÄ»ÔÄ»[76/288]ÔÄ»[22m[39m

[41m[1m FAIL [22m[49m src/components/common/ToggleButtonGroup.test.tsx[2m > [22mToggleButtonGroup[2m > 
[22mshould highlight selected value
[41m[1m FAIL [22m[49m src/components/common/ToggleButtonGroup.test.tsx[2m > [22mToggleButtonGroup[2m > 
[22mshould highlight selected value
[31m[1mTestingLibraryElementError[22m: Unable to find an element with the text: 4 spaces. This could be because the 
text is broken up by multiple elements. In this case, you can provide a function for your text matcher to make your 
matcher more flexible.

Ignored nodes: comments, script, style
[36m<body />[31m[39m
[90m [2mÔØ»[22m Object.getElementError 
node_modules/.pnpm/@testing-library+dom@10.4.1/node_modules/@testing-library/dom/dist/config.js:[2m37:19[22m[39m
[90m [2mÔØ»[22m node_modules/.pnpm/@testing-library+dom@10.4.1/node_modules/@testing-library/dom/dist/query-helpers.
js:[2m76:38[22m[39m
[90m [2mÔØ»[22m node_modules/.pnpm/@testing-library+dom@10.4.1/node_modules/@testing-library/dom/dist/query-helpers.
js:[2m52:17[22m[39m
[90m [2mÔØ»[22m node_modules/.pnpm/@testing-library+dom@10.4.1/node_modules/@testing-library/dom/dist/query-helpers.
js:[2m95:19[22m[39m
[36m [2mÔØ»[22m src/components/common/ToggleButtonGroup.test.tsx:[2m24:35[22m[39m
    [90m 22| [39m    renderWithI18n(<ToggleButtonGroup options={options} value="4" onChÔÇª
    [90m 23| [39m
    [90m 24| [39m    [35mconst[39m selectedButton [33m=[39m screen[33m.[39m[34mgetByText[39m([32m"4 
spaces"[39m)[33m;[39m
    [90m   | [39m                                  [31m^[39m
    [90m 25| [39m    
[34mexpect[39m(selectedButton)[33m.[39m[34mtoHaveClass[39m([32m"bg-blue-500/30"[39m)[33m;[39m
    [90m 26| [39m    
[34mexpect[39m(selectedButton)[33m.[39m[34mtoHaveAttribute[39m([32m"aria-pressed"[39m[33m,[39m 
[32m"true"[39m)[33m;[39m

[31m[2mÔÄ»ÔÄ»ÔÄ»ÔÄ»ÔÄ»ÔÄ»ÔÄ»ÔÄ»ÔÄ»ÔÄ»ÔÄ»ÔÄ»ÔÄ»ÔÄ»ÔÄ»ÔÄ»ÔÄ»ÔÄ»ÔÄ»ÔÄ»ÔÄ»[77/288]ÔÄ»[22m[39m

[41m[1m FAIL [22m[49m src/components/common/ToggleButtonGroup.test.tsx[2m > [22mToggleButtonGroup[2m > 
[22mshould not highlight unselected value
[41m[1m FAIL [22m[49m src/components/common/ToggleButtonGroup.test.tsx[2m > [22mToggleButtonGroup[2m > 
[22mshould not highlight unselected value
[31m[1mTestingLibraryElementError[22m: Unable to find an element with the text: 2 spaces. This could be because the 
text is broken up by multiple elements. In this case, you can provide a function for your text matcher to make your 
matcher more flexible.

Ignored nodes: comments, script, style
[36m<body />[31m[39m
[90m [2mÔØ»[22m Object.getElementError 
node_modules/.pnpm/@testing-library+dom@10.4.1/node_modules/@testing-library/dom/dist/config.js:[2m37:19[22m[39m
[90m [2mÔØ»[22m node_modules/.pnpm/@testing-library+dom@10.4.1/node_modules/@testing-library/dom/dist/query-helpers.
js:[2m76:38[22m[39m
[90m [2mÔØ»[22m node_modules/.pnpm/@testing-library+dom@10.4.1/node_modules/@testing-library/dom/dist/query-helpers.
js:[2m52:17[22m[39m
[90m [2mÔØ»[22m node_modules/.pnpm/@testing-library+dom@10.4.1/node_modules/@testing-library/dom/dist/query-helpers.
js:[2m95:19[22m[39m
[36m [2mÔØ»[22m src/components/common/ToggleButtonGroup.test.tsx:[2m32:37[22m[39m
    [90m 30| [39m    renderWithI18n(<ToggleButtonGroup options={options} value="4" onChÔÇª
    [90m 31| [39m
    [90m 32| [39m    [35mconst[39m unselectedButton [33m=[39m screen[33m.[39m[34mgetByText[39m([32m"2 
spaces"[39m)[33m;[39m
    [90m   | [39m                                    [31m^[39m
    [90m 33| [39m    
[34mexpect[39m(unselectedButton)[33m.[39m[34mtoHaveClass[39m([32m"bg-white/10"[39m)[33m;[39m
    [90m 34| [39m    
[34mexpect[39m(unselectedButton)[33m.[39m[34mtoHaveAttribute[39m([32m"aria-pressed"[39m[33m,[39m 
[32m"false"[39m)[33m;[39m

[31m[2mÔÄ»ÔÄ»ÔÄ»ÔÄ»ÔÄ»ÔÄ»ÔÄ»ÔÄ»ÔÄ»ÔÄ»ÔÄ»ÔÄ»ÔÄ»ÔÄ»ÔÄ»ÔÄ»ÔÄ»ÔÄ»ÔÄ»ÔÄ»ÔÄ»[78/288]ÔÄ»[22m[39m

[41m[1m FAIL [22m[49m src/components/common/ToggleButtonGroup.test.tsx[2m > [22mToggleButtonGroup[2m > 
[22mshould call onChange when option is clicked
[41m[1m FAIL [22m[49m src/components/common/ToggleButtonGroup.test.tsx[2m > [22mToggleButtonGroup[2m > 
[22mshould call onChange when option is clicked
[31m[1mTestingLibraryElementError[22m: Unable to find an element with the text: 4 spaces. This could be because the 
text is broken up by multiple elements. In this case, you can provide a function for your text matcher to make your 
matcher more flexible.

Ignored nodes: comments, script, style
[36m<body />[31m[39m
[90m [2mÔØ»[22m Object.getElementError 
node_modules/.pnpm/@testing-library+dom@10.4.1/node_modules/@testing-library/dom/dist/config.js:[2m37:19[22m[39m
[90m [2mÔØ»[22m node_modules/.pnpm/@testing-library+dom@10.4.1/node_modules/@testing-library/dom/dist/query-helpers.
js:[2m76:38[22m[39m
[90m [2mÔØ»[22m node_modules/.pnpm/@testing-library+dom@10.4.1/node_modules/@testing-library/dom/dist/query-helpers.
js:[2m52:17[22m[39m
[90m [2mÔØ»[22m node_modules/.pnpm/@testing-library+dom@10.4.1/node_modules/@testing-library/dom/dist/query-helpers.
js:[2m95:19[22m[39m
[36m [2mÔØ»[22m src/components/common/ToggleButtonGroup.test.tsx:[2m41:27[22m[39m
    [90m 39| [39m    renderWithI18n(<ToggleButtonGroup options={options} value="2" onChÔÇª
    [90m 40| [39m
    [90m 41| [39m    [35mconst[39m button [33m=[39m screen[33m.[39m[34mgetByText[39m([32m"4 
spaces"[39m)[33m;[39m
    [90m   | [39m                          [31m^[39m
    [90m 42| [39m    [35mawait[39m [34mact[39m([35masync[39m () [33m=>[39m {
    [90m 43| [39m      fireEvent[33m.[39m[34mclick[39m(button)[33m;[39m

[31m[2mÔÄ»ÔÄ»ÔÄ»ÔÄ»ÔÄ»ÔÄ»ÔÄ»ÔÄ»ÔÄ»ÔÄ»ÔÄ»ÔÄ»ÔÄ»ÔÄ»ÔÄ»ÔÄ»ÔÄ»ÔÄ»ÔÄ»ÔÄ»ÔÄ»[79/288]ÔÄ»[22m[39m

[41m[1m FAIL [22m[49m src/components/common/ToggleButtonGroup.test.tsx[2m > [22mToggleButtonGroup[2m > 
[22mshould not call onChange when clicking already selected option
[41m[1m FAIL [22m[49m src/components/common/ToggleButtonGroup.test.tsx[2m > [22mToggleButtonGroup[2m > 
[22mshould not call onChange when clicking already selected option
[31m[1mTestingLibraryElementError[22m: Unable to find an element with the text: 2 spaces. This could be because the 
text is broken up by multiple elements. In this case, you can provide a function for your text matcher to make your 
matcher more flexible.

Ignored nodes: comments, script, style
[36m<body />[31m[39m
[90m [2mÔØ»[22m Object.getElementError 
node_modules/.pnpm/@testing-library+dom@10.4.1/node_modules/@testing-library/dom/dist/config.js:[2m37:19[22m[39m
[90m [2mÔØ»[22m node_modules/.pnpm/@testing-library+dom@10.4.1/node_modules/@testing-library/dom/dist/query-helpers.
js:[2m76:38[22m[39m
[90m [2mÔØ»[22m node_modules/.pnpm/@testing-library+dom@10.4.1/node_modules/@testing-library/dom/dist/query-helpers.
js:[2m52:17[22m[39m
[90m [2mÔØ»[22m node_modules/.pnpm/@testing-library+dom@10.4.1/node_modules/@testing-library/dom/dist/query-helpers.
js:[2m95:19[22m[39m
[36m [2mÔØ»[22m src/components/common/ToggleButtonGroup.test.tsx:[2m53:27[22m[39m
    [90m 51| [39m    renderWithI18n(<ToggleButtonGroup options={options} value="2" onChÔÇª
    [90m 52| [39m
    [90m 53| [39m    [35mconst[39m button [33m=[39m screen[33m.[39m[34mgetByText[39m([32m"2 
spaces"[39m)[33m;[39m
    [90m   | [39m                          [31m^[39m
    [90m 54| [39m    [35mawait[39m [34mact[39m([35masync[39m () [33m=>[39m {
    [90m 55| [39m      fireEvent[33m.[39m[34mclick[39m(button)[33m;[39m

[31m[2mÔÄ»ÔÄ»ÔÄ»ÔÄ»ÔÄ»ÔÄ»ÔÄ»ÔÄ»ÔÄ»ÔÄ»ÔÄ»ÔÄ»ÔÄ»ÔÄ»ÔÄ»ÔÄ»ÔÄ»ÔÄ»ÔÄ»ÔÄ»ÔÄ»[80/288]ÔÄ»[22m[39m

[41m[1m FAIL [22m[49m src/components/common/ToggleButtonGroup.test.tsx[2m > [22mToggleButtonGroup[2m > 
[22mshould handle tab character value
[41m[1m FAIL [22m[49m src/components/common/ToggleButtonGroup.test.tsx[2m > [22mToggleButtonGroup[2m > 
[22mshould handle tab character value
[31m[1mTestingLibraryElementError[22m: Unable to find an element with the text: Tab. This could be because the text 
is broken up by multiple elements. In this case, you can provide a function for your text matcher to make your matcher 
more flexible.

Ignored nodes: comments, script, style
[36m<body />[31m[39m
[90m [2mÔØ»[22m Object.getElementError 
node_modules/.pnpm/@testing-library+dom@10.4.1/node_modules/@testing-library/dom/dist/config.js:[2m37:19[22m[39m
[90m [2mÔØ»[22m node_modules/.pnpm/@testing-library+dom@10.4.1/node_modules/@testing-library/dom/dist/query-helpers.
js:[2m76:38[22m[39m
[90m [2mÔØ»[22m node_modules/.pnpm/@testing-library+dom@10.4.1/node_modules/@testing-library/dom/dist/query-helpers.
js:[2m52:17[22m[39m
[90m [2mÔØ»[22m node_modules/.pnpm/@testing-library+dom@10.4.1/node_modules/@testing-library/dom/dist/query-helpers.
js:[2m95:19[22m[39m
[36m [2mÔØ»[22m src/components/common/ToggleButtonGroup.test.tsx:[2m66:30[22m[39m
    [90m 64| [39m    renderWithI18n(<ToggleButtonGroup options={options} value="2" onChÔÇª
    [90m 65| [39m
    [90m 66| [39m    [35mconst[39m tabButton [33m=[39m 
screen[33m.[39m[34mgetByText[39m([32m"Tab"[39m)[33m;[39m
    [90m   | [39m                             [31m^[39m
    [90m 67| [39m    [35mawait[39m [34mact[39m([35masync[39m () [33m=>[39m {
    [90m 68| [39m      fireEvent[33m.[39m[34mclick[39m(tabButton)[33m;[39m

[31m[2mÔÄ»ÔÄ»ÔÄ»ÔÄ»ÔÄ»ÔÄ»ÔÄ»ÔÄ»ÔÄ»ÔÄ»ÔÄ»ÔÄ»ÔÄ»ÔÄ»ÔÄ»ÔÄ»ÔÄ»ÔÄ»ÔÄ»ÔÄ»ÔÄ»[81/288]ÔÄ»[22m[39m

[41m[1m FAIL [22m[49m src/components/layout/Header.test.tsx[2m > [22mHeader[2m > [22mrenders header with title
[41m[1m FAIL [22m[49m src/components/layout/Header.test.tsx[2m > [22mHeader[2m > [22mrenders header with title
[31m[1mTestingLibraryElementError[22m: Unable to find an element with the text: JSON Tools. This could be because 
the text is broken up by multiple elements. In this case, you can provide a function for your text matcher to make 
your matcher more flexible.

Ignored nodes: comments, script, style
[36m<body />[31m[39m
[90m [2mÔØ»[22m Object.getElementError 
node_modules/.pnpm/@testing-library+dom@10.4.1/node_modules/@testing-library/dom/dist/config.js:[2m37:19[22m[39m
[90m [2mÔØ»[22m node_modules/.pnpm/@testing-library+dom@10.4.1/node_modules/@testing-library/dom/dist/query-helpers.
js:[2m76:38[22m[39m
[90m [2mÔØ»[22m node_modules/.pnpm/@testing-library+dom@10.4.1/node_modules/@testing-library/dom/dist/query-helpers.
js:[2m52:17[22m[39m
[90m [2mÔØ»[22m node_modules/.pnpm/@testing-library+dom@10.4.1/node_modules/@testing-library/dom/dist/query-helpers.
js:[2m95:19[22m[39m
[36m [2mÔØ»[22m src/components/layout/Header.test.tsx:[2m13:19[22m[39m
    [90m 11| [39m    })[33m;[39m
    [90m 12| [39m
    [90m 13| [39m    [34mexpect[39m(screen[33m.[39m[34mgetByText[39m([32m"JSON 
Tools"[39m))[33m.[39m[34mtoBeInTheDocument[39m()[33m;[39m
    [90m   | [39m                  [31m^[39m
    [90m 14| [39m  })[33m;[39m
    [90m 15| [39m

[31m[2mÔÄ»ÔÄ»ÔÄ»ÔÄ»ÔÄ»ÔÄ»ÔÄ»ÔÄ»ÔÄ»ÔÄ»ÔÄ»ÔÄ»ÔÄ»ÔÄ»ÔÄ»ÔÄ»ÔÄ»ÔÄ»ÔÄ»ÔÄ»ÔÄ»[82/288]ÔÄ»[22m[39m

[41m[1m FAIL [22m[49m src/components/layout/Header.test.tsx[2m > [22mHeader[2m > [22mrenders with code icon
[41m[1m FAIL [22m[49m src/components/layout/Header.test.tsx[2m > [22mHeader[2m > [22mrenders with code icon
[31m[1mTestingLibraryElementError[22m: Unable to find an element with the text: JSON Tools. This could be because 
the text is broken up by multiple elements. In this case, you can provide a function for your text matcher to make 
your matcher more flexible.

Ignored nodes: comments, script, style
[36m<body />[31m[39m
[90m [2mÔØ»[22m Object.getElementError 
node_modules/.pnpm/@testing-library+dom@10.4.1/node_modules/@testing-library/dom/dist/config.js:[2m37:19[22m[39m
[90m [2mÔØ»[22m node_modules/.pnpm/@testing-library+dom@10.4.1/node_modules/@testing-library/dom/dist/query-helpers.
js:[2m76:38[22m[39m
[90m [2mÔØ»[22m node_modules/.pnpm/@testing-library+dom@10.4.1/node_modules/@testing-library/dom/dist/query-helpers.
js:[2m52:17[22m[39m
[90m [2mÔØ»[22m node_modules/.pnpm/@testing-library+dom@10.4.1/node_modules/@testing-library/dom/dist/query-helpers.
js:[2m95:19[22m[39m
[36m [2mÔØ»[22m src/components/layout/Header.test.tsx:[2m21:25[22m[39m
    [90m 19| [39m    })[33m;[39m
    [90m 20| [39m
    [90m 21| [39m    const icon = screen.getByText("JSON Tools").parentElement?.querySeÔÇª
    [90m   | [39m                        [31m^[39m
    [90m 22| [39m    
[34mexpect[39m(icon[33m?.[39mclassName)[33m.[39m[34mtoContain[39m([32m"fa-code"[39m)[33m;[39m
    [90m 23| [39m  })[33m;[39m

[31m[2mÔÄ»ÔÄ»ÔÄ»ÔÄ»ÔÄ»ÔÄ»ÔÄ»ÔÄ»ÔÄ»ÔÄ»ÔÄ»ÔÄ»ÔÄ»ÔÄ»ÔÄ»ÔÄ»ÔÄ»ÔÄ»ÔÄ»ÔÄ»ÔÄ»[83/288]ÔÄ»[22m[39m

[41m[1m FAIL [22m[49m src/components/layout/Panel.test.tsx[2m > [22mPanel[2m > [22mrenders title and children
[41m[1m FAIL [22m[49m src/components/layout/Panel.test.tsx[2m > [22mPanel[2m > [22mrenders title and children
[31m[1mTestingLibraryElementError[22m: Unable to find an element with the text: CSS Editor. This could be because 
the text is broken up by multiple elements. In this case, you can provide a function for your text matcher to make 
your matcher more flexible.

Ignored nodes: comments, script, style
[36m<body />[31m[39m
[90m [2mÔØ»[22m Object.getElementError 
node_modules/.pnpm/@testing-library+dom@10.4.1/node_modules/@testing-library/dom/dist/config.js:[2m37:19[22m[39m
[90m [2mÔØ»[22m node_modules/.pnpm/@testing-library+dom@10.4.1/node_modules/@testing-library/dom/dist/query-helpers.
js:[2m76:38[22m[39m
[90m [2mÔØ»[22m node_modules/.pnpm/@testing-library+dom@10.4.1/node_modules/@testing-library/dom/dist/query-helpers.
js:[2m52:17[22m[39m
[90m [2mÔØ»[22m node_modules/.pnpm/@testing-library+dom@10.4.1/node_modules/@testing-library/dom/dist/query-helpers.
js:[2m95:19[22m[39m
[36m [2mÔØ»[22m src/components/layout/Panel.test.tsx:[2m14:19[22m[39m
    [90m 12| [39m    )[33m;[39m
    [90m 13| [39m
    [90m 14| [39m    [34mexpect[39m(screen[33m.[39m[34mgetByText[39m([32m"CSS 
Editor"[39m))[33m.[39m[34mtoBeInTheDocument[39m()[33m;[39m
    [90m   | [39m                  [31m^[39m
    [90m 15| [39m    [34mexpect[39m(screen[33m.[39m[34mgetByText[39m([32m"Editor 
content"[39m))[33m.[39m[34mtoBeInTheDocument[39m()[33m;[39m
    [90m 16| [39m  })[33m;[39m

[31m[2mÔÄ»ÔÄ»ÔÄ»ÔÄ»ÔÄ»ÔÄ»ÔÄ»ÔÄ»ÔÄ»ÔÄ»ÔÄ»ÔÄ»ÔÄ»ÔÄ»ÔÄ»ÔÄ»ÔÄ»ÔÄ»ÔÄ»ÔÄ»ÔÄ»[84/288]ÔÄ»[22m[39m

[41m[1m FAIL [22m[49m src/components/layout/Panel.test.tsx[2m > [22mPanel[2m > [22mrenders actions when 
provided
[41m[1m FAIL [22m[49m src/components/layout/Panel.test.tsx[2m > [22mPanel[2m > [22mrenders actions when 
provided
[31m[1mTestingLibraryElementError[22m: Unable to find an element with the text: Copy. This could be because the 
text is broken up by multiple elements. In this case, you can provide a function for your text matcher to make your 
matcher more flexible.

Ignored nodes: comments, script, style
[36m<body />[31m[39m
[90m [2mÔØ»[22m Object.getElementError 
node_modules/.pnpm/@testing-library+dom@10.4.1/node_modules/@testing-library/dom/dist/config.js:[2m37:19[22m[39m
[90m [2mÔØ»[22m node_modules/.pnpm/@testing-library+dom@10.4.1/node_modules/@testing-library/dom/dist/query-helpers.
js:[2m76:38[22m[39m
[90m [2mÔØ»[22m node_modules/.pnpm/@testing-library+dom@10.4.1/node_modules/@testing-library/dom/dist/query-helpers.
js:[2m52:17[22m[39m
[90m [2mÔØ»[22m node_modules/.pnpm/@testing-library+dom@10.4.1/node_modules/@testing-library/dom/dist/query-helpers.
js:[2m95:19[22m[39m
[36m [2mÔØ»[22m src/components/layout/Panel.test.tsx:[2m25:19[22m[39m
    [90m 23| [39m    )[33m;[39m
    [90m 24| [39m
    [90m 25| [39m    [34mexpect[39m(screen[33m.[39m[34mgetByText[39m([32m"Copy"[39m))[33m.[39m[34mtoBeInTh
eDocument[39m()[33m;[39m
    [90m   | [39m                  [31m^[39m
    [90m 26| [39m  })[33m;[39m
    [90m 27| [39m

[31m[2mÔÄ»ÔÄ»ÔÄ»ÔÄ»ÔÄ»ÔÄ»ÔÄ»ÔÄ»ÔÄ»ÔÄ»ÔÄ»ÔÄ»ÔÄ»ÔÄ»ÔÄ»ÔÄ»ÔÄ»ÔÄ»ÔÄ»ÔÄ»ÔÄ»[85/288]ÔÄ»[22m[39m

[41m[1m FAIL [22m[49m src/components/layout/Panel.test.tsx[2m > [22mPanel[2m > [22mrenders footer when provided
[41m[1m FAIL [22m[49m src/components/layout/Panel.test.tsx[2m > [22mPanel[2m > [22mrenders footer when provided
[31m[1mTestingLibraryElementError[22m: Unable to find an element with the text: 3 l├¡neas. This could be because 
the text is broken up by multiple elements. In this case, you can provide a function for your text matcher to make 
your matcher more flexible.

Ignored nodes: comments, script, style
[36m<body />[31m[39m
[90m [2mÔØ»[22m Object.getElementError 
node_modules/.pnpm/@testing-library+dom@10.4.1/node_modules/@testing-library/dom/dist/config.js:[2m37:19[22m[39m
[90m [2mÔØ»[22m node_modules/.pnpm/@testing-library+dom@10.4.1/node_modules/@testing-library/dom/dist/query-helpers.
js:[2m76:38[22m[39m
[90m [2mÔØ»[22m node_modules/.pnpm/@testing-library+dom@10.4.1/node_modules/@testing-library/dom/dist/query-helpers.
js:[2m52:17[22m[39m
[90m [2mÔØ»[22m node_modules/.pnpm/@testing-library+dom@10.4.1/node_modules/@testing-library/dom/dist/query-helpers.
js:[2m95:19[22m[39m
[36m [2mÔØ»[22m src/components/layout/Panel.test.tsx:[2m35:19[22m[39m
    [90m 33| [39m    )[33m;[39m
    [90m 34| [39m
    [90m 35| [39m    [34mexpect[39m(screen[33m.[39m[34mgetByText[39m([32m"3 
l├¡neas"[39m))[33m.[39m[34mtoBeInTheDocument[39m()[33m;[39m
    [90m   | [39m                  [31m^[39m
    [90m 36| [39m  })[33m;[39m
    [90m 37| [39m

[31m[2mÔÄ»ÔÄ»ÔÄ»ÔÄ»ÔÄ»ÔÄ»ÔÄ»ÔÄ»ÔÄ»ÔÄ»ÔÄ»ÔÄ»ÔÄ»ÔÄ»ÔÄ»ÔÄ»ÔÄ»ÔÄ»ÔÄ»ÔÄ»ÔÄ»[86/288]ÔÄ»[22m[39m

[41m[1m FAIL [22m[49m src/components/layout/PlaygroundLayout.test.tsx[2m > [22mPlaygroundLayout[2m > 
[22mrenders editors and toolbar slots
[41m[1m FAIL [22m[49m src/components/layout/PlaygroundLayout.test.tsx[2m > [22mPlaygroundLayout[2m > 
[22mrenders editors and toolbar slots
[31m[1mTestingLibraryElementError[22m: Unable to find an element with the text: Editors content. This could be 
because the text is broken up by multiple elements. In this case, you can provide a function for your text matcher to 
make your matcher more flexible.

Ignored nodes: comments, script, style
[36m<body />[31m[39m
[90m [2mÔØ»[22m Object.getElementError 
node_modules/.pnpm/@testing-library+dom@10.4.1/node_modules/@testing-library/dom/dist/config.js:[2m37:19[22m[39m
[90m [2mÔØ»[22m node_modules/.pnpm/@testing-library+dom@10.4.1/node_modules/@testing-library/dom/dist/query-helpers.
js:[2m76:38[22m[39m
[90m [2mÔØ»[22m node_modules/.pnpm/@testing-library+dom@10.4.1/node_modules/@testing-library/dom/dist/query-helpers.
js:[2m52:17[22m[39m
[90m [2mÔØ»[22m node_modules/.pnpm/@testing-library+dom@10.4.1/node_modules/@testing-library/dom/dist/query-helpers.
js:[2m95:19[22m[39m
[36m [2mÔØ»[22m src/components/layout/PlaygroundLayout.test.tsx:[2m15:19[22m[39m
    [90m 13| [39m    )[33m;[39m
    [90m 14| [39m
    [90m 15| [39m    [34mexpect[39m(screen[33m.[39m[34mgetByText[39m([32m"Editors 
content"[39m))[33m.[39m[34mtoBeInTheDocument[39m()[33m;[39m
    [90m   | [39m                  [31m^[39m
    [90m 16| [39m    [34mexpect[39m(screen[33m.[39m[34mgetByText[39m([32m"Toolbar 
content"[39m))[33m.[39m[34mtoBeInTheDocument[39m()[33m;[39m
    [90m 17| [39m  })[33m;[39m

[31m[2mÔÄ»ÔÄ»ÔÄ»ÔÄ»ÔÄ»ÔÄ»ÔÄ»ÔÄ»ÔÄ»ÔÄ»ÔÄ»ÔÄ»ÔÄ»ÔÄ»ÔÄ»ÔÄ»ÔÄ»ÔÄ»ÔÄ»ÔÄ»ÔÄ»[87/288]ÔÄ»[22m[39m

[41m[1m FAIL [22m[49m src/components/layout/PlaygroundLayout.test.tsx[2m > [22mPlaygroundLayout[2m > 
[22mrenders optional panel slot when provided
[41m[1m FAIL [22m[49m src/components/layout/PlaygroundLayout.test.tsx[2m > [22mPlaygroundLayout[2m > 
[22mrenders optional panel slot when provided
[31m[1mTestingLibraryElementError[22m: Unable to find an element with the text: Panel content. This could be 
because the text is broken up by multiple elements. In this case, you can provide a function for your text matcher to 
make your matcher more flexible.

Ignored nodes: comments, script, style
[36m<body />[31m[39m
[90m [2mÔØ»[22m Object.getElementError 
node_modules/.pnpm/@testing-library+dom@10.4.1/node_modules/@testing-library/dom/dist/config.js:[2m37:19[22m[39m
[90m [2mÔØ»[22m node_modules/.pnpm/@testing-library+dom@10.4.1/node_modules/@testing-library/dom/dist/query-helpers.
js:[2m76:38[22m[39m
[90m [2mÔØ»[22m node_modules/.pnpm/@testing-library+dom@10.4.1/node_modules/@testing-library/dom/dist/query-helpers.
js:[2m52:17[22m[39m
[90m [2mÔØ»[22m node_modules/.pnpm/@testing-library+dom@10.4.1/node_modules/@testing-library/dom/dist/query-helpers.
js:[2m95:19[22m[39m
[36m [2mÔØ»[22m src/components/layout/PlaygroundLayout.test.tsx:[2m28:19[22m[39m
    [90m 26| [39m    )[33m;[39m
    [90m 27| [39m
    [90m 28| [39m    [34mexpect[39m(screen[33m.[39m[34mgetByText[39m([32m"Panel 
content"[39m))[33m.[39m[34mtoBeInTheDocument[39m()[33m;[39m
    [90m   | [39m                  [31m^[39m
    [90m 29| [39m  })[33m;[39m
    [90m 30| [39m

[31m[2mÔÄ»ÔÄ»ÔÄ»ÔÄ»ÔÄ»ÔÄ»ÔÄ»ÔÄ»ÔÄ»ÔÄ»ÔÄ»ÔÄ»ÔÄ»ÔÄ»ÔÄ»ÔÄ»ÔÄ»ÔÄ»ÔÄ»ÔÄ»ÔÄ»[88/288]ÔÄ»[22m[39m

[41m[1m FAIL [22m[49m src/components/layout/Toolbar.test.tsx[2m > [22mToolbar[2m > [22mrenders generic variant 
and triggers actions
[41m[1m FAIL [22m[49m src/components/layout/Toolbar.test.tsx[2m > [22mToolbar[2m > [22mrenders generic variant 
and triggers actions
[31m[1mTestingLibraryElementError[22m: Unable to find an element with the text: Herramientas. This could be because 
the text is broken up by multiple elements. In this case, you can provide a function for your text matcher to make 
your matcher more flexible.

Ignored nodes: comments, script, style
[36m<body />[31m[39m
[90m [2mÔØ»[22m Object.getElementError 
node_modules/.pnpm/@testing-library+dom@10.4.1/node_modules/@testing-library/dom/dist/config.js:[2m37:19[22m[39m
[90m [2mÔØ»[22m node_modules/.pnpm/@testing-library+dom@10.4.1/node_modules/@testing-library/dom/dist/query-helpers.
js:[2m76:38[22m[39m
[90m [2mÔØ»[22m node_modules/.pnpm/@testing-library+dom@10.4.1/node_modules/@testing-library/dom/dist/query-helpers.
js:[2m52:17[22m[39m
[90m [2mÔØ»[22m node_modules/.pnpm/@testing-library+dom@10.4.1/node_modules/@testing-library/dom/dist/query-helpers.
js:[2m95:19[22m[39m
[36m [2mÔØ»[22m src/components/layout/Toolbar.test.tsx:[2m68:19[22m[39m
    [90m 66| [39m    )[33m;[39m
    [90m 67| [39m
    [90m 68| [39m    [34mexpect[39m(screen[33m.[39m[34mgetByText[39m([32m"Herramientas"[39m))[33m.[39m[34m
toBeInTheDocument[39m()[33m;[39m
    [90m   | [39m                  [31m^[39m
    [90m 69| [39m
    [90m 70| [39m    
fireEvent[33m.[39m[34mclick[39m(screen[33m.[39m[34mgetByRole[39m([32m"button"[39m[33m,[39m { 
name[33m:[39m [36m/Action A/i[39m }))[33m;[39m

[31m[2mÔÄ»ÔÄ»ÔÄ»ÔÄ»ÔÄ»ÔÄ»ÔÄ»ÔÄ»ÔÄ»ÔÄ»ÔÄ»ÔÄ»ÔÄ»ÔÄ»ÔÄ»ÔÄ»ÔÄ»ÔÄ»ÔÄ»ÔÄ»ÔÄ»[89/288]ÔÄ»[22m[39m

[41m[1m FAIL [22m[49m src/components/layout/Toolbar.test.tsx[2m > [22mToolbar[2m > [22mrenders generic config 
button when provided
[41m[1m FAIL [22m[49m src/components/layout/Toolbar.test.tsx[2m > [22mToolbar[2m > [22mrenders generic config 
button when provided
[31m[1mTestingLibraryElementError[22m: Unable to find an accessible element with the role "button" and name "Abrir 
config"

There are no accessible roles. But there might be some inaccessible roles. If you wish to access them, then set the 
`hidden` option to `true`. Learn more about this here: 
https://testing-library.com/docs/dom-testing-library/api-queries#byrole

Ignored nodes: comments, script, style
[36m<body />[31m[39m
[90m [2mÔØ»[22m Object.getElementError 
node_modules/.pnpm/@testing-library+dom@10.4.1/node_modules/@testing-library/dom/dist/config.js:[2m37:19[22m[39m
[90m [2mÔØ»[22m node_modules/.pnpm/@testing-library+dom@10.4.1/node_modules/@testing-library/dom/dist/query-helpers.
js:[2m76:38[22m[39m
[90m [2mÔØ»[22m node_modules/.pnpm/@testing-library+dom@10.4.1/node_modules/@testing-library/dom/dist/query-helpers.
js:[2m52:17[22m[39m
[90m [2mÔØ»[22m node_modules/.pnpm/@testing-library+dom@10.4.1/node_modules/@testing-library/dom/dist/query-helpers.
js:[2m95:19[22m[39m
[36m [2mÔØ»[22m src/components/layout/Toolbar.test.tsx:[2m93:28[22m[39m
    [90m 91| [39m    )[33m;[39m
    [90m 92| [39m
    [90m 93| [39m    fireEvent.click(screen.getByRole("button", { name: "Abrir config" ÔÇª
    [90m   | [39m                           [31m^[39m
    [90m 94| [39m
    [90m 95| [39m    [34mexpect[39m(onOpenConfig)[33m.[39m[34mtoHaveBeenCalledOnce[39m()[33m;[39m

[31m[2mÔÄ»ÔÄ»ÔÄ»ÔÄ»ÔÄ»ÔÄ»ÔÄ»ÔÄ»ÔÄ»ÔÄ»ÔÄ»ÔÄ»ÔÄ»ÔÄ»ÔÄ»ÔÄ»ÔÄ»ÔÄ»ÔÄ»ÔÄ»ÔÄ»[90/288]ÔÄ»[22m[39m

[41m[1m FAIL [22m[49m src/components/layout/Toolbar.test.tsx[2m > [22mToolbar[2m > [22mrenders extraContent 
alongside tools in two-column layout
[41m[1m FAIL [22m[49m src/components/layout/Toolbar.test.tsx[2m > [22mToolbar[2m > [22mrenders extraContent 
alongside tools in two-column layout
[31m[1mTestingLibraryElementError[22m: Unable to find an element with the text: Format. This could be because the 
text is broken up by multiple elements. In this case, you can provide a function for your text matcher to make your 
matcher more flexible.

Ignored nodes: comments, script, style
[36m<body />[31m[39m
[90m [2mÔØ»[22m Object.getElementError 
node_modules/.pnpm/@testing-library+dom@10.4.1/node_modules/@testing-library/dom/dist/config.js:[2m37:19[22m[39m
[90m [2mÔØ»[22m node_modules/.pnpm/@testing-library+dom@10.4.1/node_modules/@testing-library/dom/dist/query-helpers.
js:[2m76:38[22m[39m
[90m [2mÔØ»[22m node_modules/.pnpm/@testing-library+dom@10.4.1/node_modules/@testing-library/dom/dist/query-helpers.
js:[2m52:17[22m[39m
[90m [2mÔØ»[22m node_modules/.pnpm/@testing-library+dom@10.4.1/node_modules/@testing-library/dom/dist/query-helpers.
js:[2m95:19[22m[39m
[36m [2mÔØ»[22m src/components/layout/Toolbar.test.tsx:[2m111:19[22m[39m
    [90m109| [39m    )[33m;[39m
    [90m110| [39m
    [90m111| [39m    [34mexpect[39m(screen[33m.[39m[34mgetByText[39m([32m"Format"[39m))[33m.[39m[34mtoBeIn
TheDocument[39m()[33m;[39m
    [90m   | [39m                  [31m^[39m
    [90m112| [39m    [34mexpect[39m(screen[33m.[39m[34mgetByTestId[39m([32m"extra-section"[39m))[33m.[39m[
34mtoBeInTheDocument[39m()[33m;[39m
    [90m113| [39m    [34mexpect[39m(screen[33m.[39m[34mgetByText[39m([32m"Extra 
Content"[39m))[33m.[39m[34mtoBeInTheDocument[39m()[33m;[39m

[31m[2mÔÄ»ÔÄ»ÔÄ»ÔÄ»ÔÄ»ÔÄ»ÔÄ»ÔÄ»ÔÄ»ÔÄ»ÔÄ»ÔÄ»ÔÄ»ÔÄ»ÔÄ»ÔÄ»ÔÄ»ÔÄ»ÔÄ»ÔÄ»ÔÄ»[91/288]ÔÄ»[22m[39m

[41m[1m FAIL [22m[49m src/components/layout/Toolbar.test.tsx[2m > [22mToolbar[2m > [22mopens local config 
state and closes via modal callback for json mode
[41m[1m FAIL [22m[49m src/components/layout/Toolbar.test.tsx[2m > [22mToolbar[2m > [22mopens local config 
state and closes via modal callback for json mode
[31m[1mTestingLibraryElementError[22m: Unable to find an element with the text: config-closed. This could be 
because the text is broken up by multiple elements. In this case, you can provide a function for your text matcher to 
make your matcher more flexible.

Ignored nodes: comments, script, style
[36m<body />[31m[39m
[90m [2mÔØ»[22m Object.getElementError 
node_modules/.pnpm/@testing-library+dom@10.4.1/node_modules/@testing-library/dom/dist/config.js:[2m37:19[22m[39m
[90m [2mÔØ»[22m node_modules/.pnpm/@testing-library+dom@10.4.1/node_modules/@testing-library/dom/dist/query-helpers.
js:[2m76:38[22m[39m
[90m [2mÔØ»[22m node_modules/.pnpm/@testing-library+dom@10.4.1/node_modules/@testing-library/dom/dist/query-helpers.
js:[2m52:17[22m[39m
[90m [2mÔØ»[22m node_modules/.pnpm/@testing-library+dom@10.4.1/node_modules/@testing-library/dom/dist/query-helpers.
js:[2m95:19[22m[39m
[36m [2mÔØ»[22m src/components/layout/Toolbar.test.tsx:[2m135:19[22m[39m
    [90m133| [39m    )[33m;[39m
    [90m134| [39m
    [90m135| [39m    [34mexpect[39m(screen[33m.[39m[34mgetByText[39m([32m"config-closed"[39m))[33m.[39m[34
mtoBeInTheDocument[39m()[33m;[39m
    [90m   | [39m                  [31m^[39m
    [90m136| [39m    fireEvent.click(screen.getByRole("button", { name: /Configurar herÔÇª
    [90m137| [39m    [34mexpect[39m(screen[33m.[39m[34mgetByText[39m([32m"config-open"[39m))[33m.[39m[34mt
oBeInTheDocument[39m()[33m;[39m

[31m[2mÔÄ»ÔÄ»ÔÄ»ÔÄ»ÔÄ»ÔÄ»ÔÄ»ÔÄ»ÔÄ»ÔÄ»ÔÄ»ÔÄ»ÔÄ»ÔÄ»ÔÄ»ÔÄ»ÔÄ»ÔÄ»ÔÄ»ÔÄ»ÔÄ»[92/288]ÔÄ»[22m[39m

[41m[1m FAIL [22m[49m src/components/layout/Toolbar.test.tsx[2m > [22mToolbar[2m > [22muses external config 
open state handlers when provided
[41m[1m FAIL [22m[49m src/components/layout/Toolbar.test.tsx[2m > [22mToolbar[2m > [22muses external config 
open state handlers when provided
[31m[1mTestingLibraryElementError[22m: Unable to find an element with the text: config-open. This could be because 
the text is broken up by multiple elements. In this case, you can provide a function for your text matcher to make 
your matcher more flexible.

Ignored nodes: comments, script, style
[36m<body />[31m[39m
[90m [2mÔØ»[22m Object.getElementError 
node_modules/.pnpm/@testing-library+dom@10.4.1/node_modules/@testing-library/dom/dist/config.js:[2m37:19[22m[39m
[90m [2mÔØ»[22m node_modules/.pnpm/@testing-library+dom@10.4.1/node_modules/@testing-library/dom/dist/query-helpers.
js:[2m76:38[22m[39m
[90m [2mÔØ»[22m node_modules/.pnpm/@testing-library+dom@10.4.1/node_modules/@testing-library/dom/dist/query-helpers.
js:[2m52:17[22m[39m
[90m [2mÔØ»[22m node_modules/.pnpm/@testing-library+dom@10.4.1/node_modules/@testing-library/dom/dist/query-helpers.
js:[2m95:19[22m[39m
[36m [2mÔØ»[22m src/components/layout/Toolbar.test.tsx:[2m166:19[22m[39m
    [90m164| [39m    )[33m;[39m
    [90m165| [39m
    [90m166| [39m    [34mexpect[39m(screen[33m.[39m[34mgetByText[39m([32m"config-open"[39m))[33m.[39m[34mt
oBeInTheDocument[39m()[33m;[39m
    [90m   | [39m                  [31m^[39m
    [90m167| [39m    fireEvent.click(screen.getByRole("button", { name: /Configurar herÔÇª
    [90m168| [39m    fireEvent.click(screen.getByRole("button", { name: "close-config" ÔÇª

[31m[2mÔÄ»ÔÄ»ÔÄ»ÔÄ»ÔÄ»ÔÄ»ÔÄ»ÔÄ»ÔÄ»ÔÄ»ÔÄ»ÔÄ»ÔÄ»ÔÄ»ÔÄ»ÔÄ»ÔÄ»ÔÄ»ÔÄ»ÔÄ»ÔÄ»[93/288]ÔÄ»[22m[39m

[41m[1m FAIL [22m[49m src/playgrounds/colors/ColorsPlayground.test.tsx[2m > [22mColorsPlayground[2m > 
[22mrenders with default color and example input
[41m[1m FAIL [22m[49m src/playgrounds/colors/ColorsPlayground.test.tsx[2m > [22mColorsPlayground[2m > 
[22mrenders with default color and example input
[31m[1mTestingLibraryElementError[22m: Unable to find an element with the placeholder text of: /HEX, RGB, HSL/i

Ignored nodes: comments, script, style
[36m<body />[31m[39m
[90m [2mÔØ»[22m Object.getElementError 
node_modules/.pnpm/@testing-library+dom@10.4.1/node_modules/@testing-library/dom/dist/config.js:[2m37:19[22m[39m
[90m [2mÔØ»[22m node_modules/.pnpm/@testing-library+dom@10.4.1/node_modules/@testing-library/dom/dist/query-helpers.
js:[2m76:38[22m[39m
[90m [2mÔØ»[22m node_modules/.pnpm/@testing-library+dom@10.4.1/node_modules/@testing-library/dom/dist/query-helpers.
js:[2m52:17[22m[39m
[90m [2mÔØ»[22m node_modules/.pnpm/@testing-library+dom@10.4.1/node_modules/@testing-library/dom/dist/query-helpers.
js:[2m95:19[22m[39m
[36m [2mÔØ»[22m src/playgrounds/colors/ColorsPlayground.test.tsx:[2m56:26[22m[39m
    [90m 54| [39m    [34mrenderWithProviders[39m([33m<[39m[33mColorsPlayground[39m 
[33m/[39m[33m>[39m)[33m;[39m
    [90m 55| [39m
    [90m 56| [39m    [35mconst[39m input [33m=[39m screen[33m.[39m[34mgetByPlaceholderText[39m([36m/HEX, 
RGB, HSL/i[39m)[33m;[39m
    [90m   | [39m                         [31m^[39m
    [90m 57| [39m    [34mexpect[39m(input)[33m.[39m[34mtoBeInTheDocument[39m()[33m;[39m
    [90m 58| [39m    [34mexpect[39m(input)[33m.[39m[34mtoHaveValue[39m([32m"#3498db"[39m)[33m;[39m

[31m[2mÔÄ»ÔÄ»ÔÄ»ÔÄ»ÔÄ»ÔÄ»ÔÄ»ÔÄ»ÔÄ»ÔÄ»ÔÄ»ÔÄ»ÔÄ»ÔÄ»ÔÄ»ÔÄ»ÔÄ»ÔÄ»ÔÄ»ÔÄ»ÔÄ»[94/288]ÔÄ»[22m[39m

[41m[1m FAIL [22m[49m src/playgrounds/colors/ColorsPlayground.test.tsx[2m > [22mColorsPlayground[2m > 
[22mupdates color when input changes to valid hex
[41m[1m FAIL [22m[49m src/playgrounds/colors/ColorsPlayground.test.tsx[2m > [22mColorsPlayground[2m > 
[22mupdates color when input changes to valid hex
[31m[1mTestingLibraryElementError[22m: Unable to find an element with the placeholder text of: /HEX, RGB, HSL/i

Ignored nodes: comments, script, style
[36m<body />[31m[39m
[90m [2mÔØ»[22m Object.getElementError 
node_modules/.pnpm/@testing-library+dom@10.4.1/node_modules/@testing-library/dom/dist/config.js:[2m37:19[22m[39m
[90m [2mÔØ»[22m node_modules/.pnpm/@testing-library+dom@10.4.1/node_modules/@testing-library/dom/dist/query-helpers.
js:[2m76:38[22m[39m
[90m [2mÔØ»[22m node_modules/.pnpm/@testing-library+dom@10.4.1/node_modules/@testing-library/dom/dist/query-helpers.
js:[2m52:17[22m[39m
[90m [2mÔØ»[22m node_modules/.pnpm/@testing-library+dom@10.4.1/node_modules/@testing-library/dom/dist/query-helpers.
js:[2m95:19[22m[39m
[36m [2mÔØ»[22m src/playgrounds/colors/ColorsPlayground.test.tsx:[2m64:26[22m[39m
    [90m 62| [39m    [34mrenderWithProviders[39m([33m<[39m[33mColorsPlayground[39m 
[33m/[39m[33m>[39m)[33m;[39m
    [90m 63| [39m
    [90m 64| [39m    [35mconst[39m input [33m=[39m screen[33m.[39m[34mgetByPlaceholderText[39m([36m/HEX, 
RGB, HSL/i[39m)[33m;[39m
    [90m   | [39m                         [31m^[39m
    [90m 65| [39m
    [90m 66| [39m    [35mawait[39m [34mact[39m([35masync[39m () [33m=>[39m {

[31m[2mÔÄ»ÔÄ»ÔÄ»ÔÄ»ÔÄ»ÔÄ»ÔÄ»ÔÄ»ÔÄ»ÔÄ»ÔÄ»ÔÄ»ÔÄ»ÔÄ»ÔÄ»ÔÄ»ÔÄ»ÔÄ»ÔÄ»ÔÄ»ÔÄ»[95/288]ÔÄ»[22m[39m

[41m[1m FAIL [22m[49m src/playgrounds/colors/ColorsPlayground.test.tsx[2m > [22mColorsPlayground[2m > 
[22mshows format values when valid color is entered
[41m[1m FAIL [22m[49m src/playgrounds/colors/ColorsPlayground.test.tsx[2m > [22mColorsPlayground[2m > 
[22mshows format values when valid color is entered
[31m[1mTestingLibraryElementError[22m: Unable to find an element with the placeholder text of: /HEX, RGB, HSL/i

Ignored nodes: comments, script, style
[36m<body />[31m[39m
[90m [2mÔØ»[22m Object.getElementError 
node_modules/.pnpm/@testing-library+dom@10.4.1/node_modules/@testing-library/dom/dist/config.js:[2m37:19[22m[39m
[90m [2mÔØ»[22m node_modules/.pnpm/@testing-library+dom@10.4.1/node_modules/@testing-library/dom/dist/query-helpers.
js:[2m76:38[22m[39m
[90m [2mÔØ»[22m node_modules/.pnpm/@testing-library+dom@10.4.1/node_modules/@testing-library/dom/dist/query-helpers.
js:[2m52:17[22m[39m
[90m [2mÔØ»[22m node_modules/.pnpm/@testing-library+dom@10.4.1/node_modules/@testing-library/dom/dist/query-helpers.
js:[2m95:19[22m[39m
[36m [2mÔØ»[22m src/playgrounds/colors/ColorsPlayground.test.tsx:[2m76:26[22m[39m
    [90m 74| [39m    [34mrenderWithProviders[39m([33m<[39m[33mColorsPlayground[39m 
[33m/[39m[33m>[39m)[33m;[39m
    [90m 75| [39m
    [90m 76| [39m    [35mconst[39m input [33m=[39m screen[33m.[39m[34mgetByPlaceholderText[39m([36m/HEX, 
RGB, HSL/i[39m)[33m;[39m
    [90m   | [39m                         [31m^[39m
    [90m 77| [39m
    [90m 78| [39m    [35mawait[39m [34mact[39m([35masync[39m () [33m=>[39m {

[31m[2mÔÄ»ÔÄ»ÔÄ»ÔÄ»ÔÄ»ÔÄ»ÔÄ»ÔÄ»ÔÄ»ÔÄ»ÔÄ»ÔÄ»ÔÄ»ÔÄ»ÔÄ»ÔÄ»ÔÄ»ÔÄ»ÔÄ»ÔÄ»ÔÄ»[96/288]ÔÄ»[22m[39m

[41m[1m FAIL [22m[49m src/playgrounds/colors/ColorsPlayground.test.tsx[2m > [22mColorsPlayground[2m > 
[22mcopies format value to clipboard when copy button is clicked
[41m[1m FAIL [22m[49m src/playgrounds/colors/ColorsPlayground.test.tsx[2m > [22mColorsPlayground[2m > 
[22mcopies format value to clipboard when copy button is clicked
[31m[1mTestingLibraryElementError[22m: Unable to find an element with the placeholder text of: /HEX, RGB, HSL/i

Ignored nodes: comments, script, style
[36m<body />[31m[39m
[90m [2mÔØ»[22m Object.getElementError 
node_modules/.pnpm/@testing-library+dom@10.4.1/node_modules/@testing-library/dom/dist/config.js:[2m37:19[22m[39m
[90m [2mÔØ»[22m node_modules/.pnpm/@testing-library+dom@10.4.1/node_modules/@testing-library/dom/dist/query-helpers.
js:[2m76:38[22m[39m
[90m [2mÔØ»[22m node_modules/.pnpm/@testing-library+dom@10.4.1/node_modules/@testing-library/dom/dist/query-helpers.
js:[2m52:17[22m[39m
[90m [2mÔØ»[22m node_modules/.pnpm/@testing-library+dom@10.4.1/node_modules/@testing-library/dom/dist/query-helpers.
js:[2m95:19[22m[39m
[36m [2mÔØ»[22m src/playgrounds/colors/ColorsPlayground.test.tsx:[2m89:26[22m[39m
    [90m 87| [39m    [34mrenderWithProviders[39m([33m<[39m[33mColorsPlayground[39m 
[33m/[39m[33m>[39m)[33m;[39m
    [90m 88| [39m
    [90m 89| [39m    [35mconst[39m input [33m=[39m screen[33m.[39m[34mgetByPlaceholderText[39m([36m/HEX, 
RGB, HSL/i[39m)[33m;[39m
    [90m   | [39m                         [31m^[39m
    [90m 90| [39m
    [90m 91| [39m    [35mawait[39m [34mact[39m([35masync[39m () [33m=>[39m {

[31m[2mÔÄ»ÔÄ»ÔÄ»ÔÄ»ÔÄ»ÔÄ»ÔÄ»ÔÄ»ÔÄ»ÔÄ»ÔÄ»ÔÄ»ÔÄ»ÔÄ»ÔÄ»ÔÄ»ÔÄ»ÔÄ»ÔÄ»ÔÄ»ÔÄ»[97/288]ÔÄ»[22m[39m

[41m[1m FAIL [22m[49m src/playgrounds/colors/ColorsPlayground.test.tsx[2m > [22mColorsPlayground[2m > 
[22mhandles invalid color input gracefully
[41m[1m FAIL [22m[49m src/playgrounds/colors/ColorsPlayground.test.tsx[2m > [22mColorsPlayground[2m > 
[22mhandles invalid color input gracefully
[31m[1mTestingLibraryElementError[22m: Unable to find an element with the placeholder text of: /HEX, RGB, HSL/i

Ignored nodes: comments, script, style
[36m<body />[31m[39m
[90m [2mÔØ»[22m Object.getElementError 
node_modules/.pnpm/@testing-library+dom@10.4.1/node_modules/@testing-library/dom/dist/config.js:[2m37:19[22m[39m
[90m [2mÔØ»[22m node_modules/.pnpm/@testing-library+dom@10.4.1/node_modules/@testing-library/dom/dist/query-helpers.
js:[2m76:38[22m[39m
[90m [2mÔØ»[22m node_modules/.pnpm/@testing-library+dom@10.4.1/node_modules/@testing-library/dom/dist/query-helpers.
js:[2m52:17[22m[39m
[90m [2mÔØ»[22m node_modules/.pnpm/@testing-library+dom@10.4.1/node_modules/@testing-library/dom/dist/query-helpers.
js:[2m95:19[22m[39m
[36m [2mÔØ»[22m src/playgrounds/colors/ColorsPlayground.test.tsx:[2m108:26[22m[39m
    [90m106| [39m    [34mrenderWithProviders[39m([33m<[39m[33mColorsPlayground[39m 
[33m/[39m[33m>[39m)[33m;[39m
    [90m107| [39m
    [90m108| [39m    [35mconst[39m input [33m=[39m screen[33m.[39m[34mgetByPlaceholderText[39m([36m/HEX, 
RGB, HSL/i[39m)[33m;[39m
    [90m   | [39m                         [31m^[39m
    [90m109| [39m
    [90m110| [39m    [35mawait[39m [34mact[39m([35masync[39m () [33m=>[39m {

[31m[2mÔÄ»ÔÄ»ÔÄ»ÔÄ»ÔÄ»ÔÄ»ÔÄ»ÔÄ»ÔÄ»ÔÄ»ÔÄ»ÔÄ»ÔÄ»ÔÄ»ÔÄ»ÔÄ»ÔÄ»ÔÄ»ÔÄ»ÔÄ»ÔÄ»[98/288]ÔÄ»[22m[39m

[41m[1m FAIL [22m[49m src/playgrounds/colors/ColorsPlayground.test.tsx[2m > [22mColorsPlayground[2m > 
[22mrenders color picker component
[41m[1m FAIL [22m[49m src/playgrounds/colors/ColorsPlayground.test.tsx[2m > [22mColorsPlayground[2m > 
[22mrenders color picker component
[31m[1mTestingLibraryElementError[22m: Unable to find an element by: [data-testid="color-picker"]

Ignored nodes: comments, script, style
[36m<body />[31m[39m
[90m [2mÔØ»[22m Object.getElementError 
node_modules/.pnpm/@testing-library+dom@10.4.1/node_modules/@testing-library/dom/dist/config.js:[2m37:19[22m[39m
[90m [2mÔØ»[22m node_modules/.pnpm/@testing-library+dom@10.4.1/node_modules/@testing-library/dom/dist/query-helpers.
js:[2m76:38[22m[39m
[90m [2mÔØ»[22m node_modules/.pnpm/@testing-library+dom@10.4.1/node_modules/@testing-library/dom/dist/query-helpers.
js:[2m52:17[22m[39m
[90m [2mÔØ»[22m node_modules/.pnpm/@testing-library+dom@10.4.1/node_modules/@testing-library/dom/dist/query-helpers.
js:[2m95:19[22m[39m
[36m [2mÔØ»[22m src/playgrounds/colors/ColorsPlayground.test.tsx:[2m121:19[22m[39m
    [90m119| [39m    [34mrenderWithProviders[39m([33m<[39m[33mColorsPlayground[39m 
[33m/[39m[33m>[39m)[33m;[39m
    [90m120| [39m
    [90m121| [39m    [34mexpect[39m(screen[33m.[39m[34mgetByTestId[39m([32m"color-picker"[39m))[33m.[39m[3
4mtoBeInTheDocument[39m()[33m;[39m
    [90m   | [39m                  [31m^[39m
    [90m122| [39m  })[33m;[39m
    [90m123| [39m

[31m[2mÔÄ»ÔÄ»ÔÄ»ÔÄ»ÔÄ»ÔÄ»ÔÄ»ÔÄ»ÔÄ»ÔÄ»ÔÄ»ÔÄ»ÔÄ»ÔÄ»ÔÄ»ÔÄ»ÔÄ»ÔÄ»ÔÄ»ÔÄ»ÔÄ»[99/288]ÔÄ»[22m[39m

[41m[1m FAIL [22m[49m src/playgrounds/colors/ColorsPlayground.test.tsx[2m > [22mColorsPlayground[2m > 
[22mupdates color when picker changes
[41m[1m FAIL [22m[49m src/playgrounds/colors/ColorsPlayground.test.tsx[2m > [22mColorsPlayground[2m > 
[22mupdates color when picker changes
[31m[1mTestingLibraryElementError[22m: Unable to find an element by: [data-testid="color-picker"]

Ignored nodes: comments, script, style
[36m<body />[31m[39m
[90m [2mÔØ»[22m Object.getElementError 
node_modules/.pnpm/@testing-library+dom@10.4.1/node_modules/@testing-library/dom/dist/config.js:[2m37:19[22m[39m
[90m [2mÔØ»[22m node_modules/.pnpm/@testing-library+dom@10.4.1/node_modules/@testing-library/dom/dist/query-helpers.
js:[2m76:38[22m[39m
[90m [2mÔØ»[22m node_modules/.pnpm/@testing-library+dom@10.4.1/node_modules/@testing-library/dom/dist/query-helpers.
js:[2m52:17[22m[39m
[90m [2mÔØ»[22m node_modules/.pnpm/@testing-library+dom@10.4.1/node_modules/@testing-library/dom/dist/query-helpers.
js:[2m95:19[22m[39m
[36m [2mÔØ»[22m src/playgrounds/colors/ColorsPlayground.test.tsx:[2m127:27[22m[39m
    [90m125| [39m    [34mrenderWithProviders[39m([33m<[39m[33mColorsPlayground[39m 
[33m/[39m[33m>[39m)[33m;[39m
    [90m126| [39m
    [90m127| [39m    [35mconst[39m picker [33m=[39m 
screen[33m.[39m[34mgetByTestId[39m([32m"color-picker"[39m)[33m;[39m
    [90m   | [39m                          [31m^[39m
    [90m128| [39m
    [90m129| [39m    [35mawait[39m [34mact[39m([35masync[39m () [33m=>[39m {

[31m[2mÔÄ»ÔÄ»ÔÄ»ÔÄ»ÔÄ»ÔÄ»ÔÄ»ÔÄ»ÔÄ»ÔÄ»ÔÄ»ÔÄ»ÔÄ»ÔÄ»ÔÄ»ÔÄ»ÔÄ»ÔÄ»ÔÄ»ÔÄ»[100/288]ÔÄ»[22m[39m

[41m[1m FAIL [22m[49m src/playgrounds/hash/HashPlayground.test.tsx[2m > [22mHashPlayground[2m > [22mrenders 
with text mode by default
[41m[1m FAIL [22m[49m src/playgrounds/hash/HashPlayground.test.tsx[2m > [22mHashPlayground[2m > [22mrenders 
with text mode by default
[31m[1mTestingLibraryElementError[22m: Unable to find an element with the placeholder text of: /texto para generar 
hashes/i

Ignored nodes: comments, script, style
[36m<body />[31m[39m
[90m [2mÔØ»[22m Object.getElementError 
node_modules/.pnpm/@testing-library+dom@10.4.1/node_modules/@testing-library/dom/dist/config.js:[2m37:19[22m[39m
[90m [2mÔØ»[22m node_modules/.pnpm/@testing-library+dom@10.4.1/node_modules/@testing-library/dom/dist/query-helpers.
js:[2m76:38[22m[39m
[90m [2mÔØ»[22m node_modules/.pnpm/@testing-library+dom@10.4.1/node_modules/@testing-library/dom/dist/query-helpers.
js:[2m52:17[22m[39m
[90m [2mÔØ»[22m node_modules/.pnpm/@testing-library+dom@10.4.1/node_modules/@testing-library/dom/dist/query-helpers.
js:[2m95:19[22m[39m
[36m [2mÔØ»[22m src/playgrounds/hash/HashPlayground.test.tsx:[2m83:19[22m[39m
    [90m 81| [39m    [35mawait[39m [34mrenderWithProviders[39m([33m<[39m[33mHashPlayground[39m 
[33m/[39m[33m>[39m)[33m;[39m
    [90m 82| [39m
    [90m 83| [39m    expect(screen.getByPlaceholderText(/texto para generar hashes/i)).ÔÇª
    [90m   | [39m                  [31m^[39m
    [90m 84| [39m    expect(screen.getByRole("button", { name: /Texto/i })).toBeInTheDoÔÇª
    [90m 85| [39m    expect(screen.getByRole("button", { name: /Archivo/i })).toBeInTheÔÇª

[31m[2mÔÄ»ÔÄ»ÔÄ»ÔÄ»ÔÄ»ÔÄ»ÔÄ»ÔÄ»ÔÄ»ÔÄ»ÔÄ»ÔÄ»ÔÄ»ÔÄ»ÔÄ»ÔÄ»ÔÄ»ÔÄ»ÔÄ»ÔÄ»[101/288]ÔÄ»[22m[39m

[41m[1m FAIL [22m[49m src/playgrounds/hash/HashPlayground.test.tsx[2m > [22mHashPlayground[2m > [22mrenders 
generate button
[41m[1m FAIL [22m[49m src/playgrounds/hash/HashPlayground.test.tsx[2m > [22mHashPlayground[2m > [22mrenders 
generate button
[31m[1mTestingLibraryElementError[22m: Unable to find an accessible element with the role "button" and name 
`/Generar/i`

There are no accessible roles. But there might be some inaccessible roles. If you wish to access them, then set the 
`hidden` option to `true`. Learn more about this here: 
https://testing-library.com/docs/dom-testing-library/api-queries#byrole

Ignored nodes: comments, script, style
[36m<body />[31m[39m
[90m [2mÔØ»[22m Object.getElementError 
node_modules/.pnpm/@testing-library+dom@10.4.1/node_modules/@testing-library/dom/dist/config.js:[2m37:19[22m[39m
[90m [2mÔØ»[22m node_modules/.pnpm/@testing-library+dom@10.4.1/node_modules/@testing-library/dom/dist/query-helpers.
js:[2m76:38[22m[39m
[90m [2mÔØ»[22m node_modules/.pnpm/@testing-library+dom@10.4.1/node_modules/@testing-library/dom/dist/query-helpers.
js:[2m52:17[22m[39m
[90m [2mÔØ»[22m node_modules/.pnpm/@testing-library+dom@10.4.1/node_modules/@testing-library/dom/dist/query-helpers.
js:[2m95:19[22m[39m
[36m [2mÔØ»[22m src/playgrounds/hash/HashPlayground.test.tsx:[2m91:19[22m[39m
    [90m 89| [39m    [35mawait[39m [34mrenderWithProviders[39m([33m<[39m[33mHashPlayground[39m 
[33m/[39m[33m>[39m)[33m;[39m
    [90m 90| [39m
    [90m 91| [39m    expect(screen.getByRole("button", { name: /Generar/i })).toBeInTheÔÇª
    [90m   | [39m                  [31m^[39m
    [90m 92| [39m  })[33m;[39m
    [90m 93| [39m

[31m[2mÔÄ»ÔÄ»ÔÄ»ÔÄ»ÔÄ»ÔÄ»ÔÄ»ÔÄ»ÔÄ»ÔÄ»ÔÄ»ÔÄ»ÔÄ»ÔÄ»ÔÄ»ÔÄ»ÔÄ»ÔÄ»ÔÄ»ÔÄ»[102/288]ÔÄ»[22m[39m

[41m[1m FAIL [22m[49m src/playgrounds/hash/HashPlayground.test.tsx[2m > [22mHashPlayground[2m > [22mswitches 
to file mode when file button is clicked
[41m[1m FAIL [22m[49m src/playgrounds/hash/HashPlayground.test.tsx[2m > [22mHashPlayground[2m > [22mswitches 
to file mode when file button is clicked
[31m[1mTestingLibraryElementError[22m: Unable to find an accessible element with the role "button" and name 
`/Archivo/i`

There are no accessible roles. But there might be some inaccessible roles. If you wish to access them, then set the 
`hidden` option to `true`. Learn more about this here: 
https://testing-library.com/docs/dom-testing-library/api-queries#byrole

Ignored nodes: comments, script, style
[36m<body />[31m[39m
[90m [2mÔØ»[22m Object.getElementError 
node_modules/.pnpm/@testing-library+dom@10.4.1/node_modules/@testing-library/dom/dist/config.js:[2m37:19[22m[39m
[90m [2mÔØ»[22m node_modules/.pnpm/@testing-library+dom@10.4.1/node_modules/@testing-library/dom/dist/query-helpers.
js:[2m76:38[22m[39m
[90m [2mÔØ»[22m node_modules/.pnpm/@testing-library+dom@10.4.1/node_modules/@testing-library/dom/dist/query-helpers.
js:[2m52:17[22m[39m
[90m [2mÔØ»[22m node_modules/.pnpm/@testing-library+dom@10.4.1/node_modules/@testing-library/dom/dist/query-helpers.
js:[2m95:19[22m[39m
[36m [2mÔØ»[22m src/playgrounds/hash/HashPlayground.test.tsx:[2m97:28[22m[39m
    [90m 95| [39m    [35mawait[39m [34mrenderWithProviders[39m([33m<[39m[33mHashPlayground[39m 
[33m/[39m[33m>[39m)[33m;[39m
    [90m 96| [39m
    [90m 97| [39m    [35mconst[39m fileBtn [33m=[39m 
screen[33m.[39m[34mgetByRole[39m([32m"button"[39m[33m,[39m { name[33m:[39m [36m/Archivo/i[39m })[33m;[39m
    [90m   | [39m                           [31m^[39m
    [90m 98| [39m    [35mawait[39m [34mact[39m([35masync[39m () [33m=>[39m {
    [90m 99| [39m      fireEvent[33m.[39m[34mclick[39m(fileBtn)[33m;[39m

[31m[2mÔÄ»ÔÄ»ÔÄ»ÔÄ»ÔÄ»ÔÄ»ÔÄ»ÔÄ»ÔÄ»ÔÄ»ÔÄ»ÔÄ»ÔÄ»ÔÄ»ÔÄ»ÔÄ»ÔÄ»ÔÄ»ÔÄ»ÔÄ»[103/288]ÔÄ»[22m[39m

[41m[1m FAIL [22m[49m src/playgrounds/hash/HashPlayground.test.tsx[2m > [22mHashPlayground[2m > [22mgenerates 
hashes when generate button is clicked
[41m[1m FAIL [22m[49m src/playgrounds/hash/HashPlayground.test.tsx[2m > [22mHashPlayground[2m > [22mgenerates 
hashes when generate button is clicked
[31m[1mTestingLibraryElementError[22m: Unable to find an accessible element with the role "button" and name 
`/Generar/i`

There are no accessible roles. But there might be some inaccessible roles. If you wish to access them, then set the 
`hidden` option to `true`. Learn more about this here: 
https://testing-library.com/docs/dom-testing-library/api-queries#byrole

Ignored nodes: comments, script, style
[36m<body />[31m[39m
[90m [2mÔØ»[22m Object.getElementError 
node_modules/.pnpm/@testing-library+dom@10.4.1/node_modules/@testing-library/dom/dist/config.js:[2m37:19[22m[39m
[90m [2mÔØ»[22m node_modules/.pnpm/@testing-library+dom@10.4.1/node_modules/@testing-library/dom/dist/query-helpers.
js:[2m76:38[22m[39m
[90m [2mÔØ»[22m node_modules/.pnpm/@testing-library+dom@10.4.1/node_modules/@testing-library/dom/dist/query-helpers.
js:[2m52:17[22m[39m
[90m [2mÔØ»[22m node_modules/.pnpm/@testing-library+dom@10.4.1/node_modules/@testing-library/dom/dist/query-helpers.
js:[2m95:19[22m[39m
[36m [2mÔØ»[22m src/playgrounds/hash/HashPlayground.test.tsx:[2m109:32[22m[39m
    [90m107| [39m    [35mawait[39m [34mrenderWithProviders[39m([33m<[39m[33mHashPlayground[39m 
[33m/[39m[33m>[39m)[33m;[39m
    [90m108| [39m
    [90m109| [39m    const generateBtn = screen.getByRole("button", { name: /Generar/i ÔÇª
    [90m   | [39m                               [31m^[39m
    [90m110| [39m    [35mawait[39m [34mact[39m([35masync[39m () [33m=>[39m {
    [90m111| [39m      fireEvent[33m.[39m[34mclick[39m(generateBtn)[33m;[39m

[31m[2mÔÄ»ÔÄ»ÔÄ»ÔÄ»ÔÄ»ÔÄ»ÔÄ»ÔÄ»ÔÄ»ÔÄ»ÔÄ»ÔÄ»ÔÄ»ÔÄ»ÔÄ»ÔÄ»ÔÄ»ÔÄ»ÔÄ»ÔÄ»[104/288]ÔÄ»[22m[39m

[41m[1m FAIL [22m[49m src/playgrounds/hash/HashPlayground.test.tsx[2m > [22mHashPlayground[2m > [22mcopies 
hash value to clipboard when copy button is clicked
[41m[1m FAIL [22m[49m src/playgrounds/hash/HashPlayground.test.tsx[2m > [22mHashPlayground[2m > [22mcopies 
hash value to clipboard when copy button is clicked
[31m[1mTestingLibraryElementError[22m: Unable to find an accessible element with the role "button" and name 
`/Generar/i`

There are no accessible roles. But there might be some inaccessible roles. If you wish to access them, then set the 
`hidden` option to `true`. Learn more about this here: 
https://testing-library.com/docs/dom-testing-library/api-queries#byrole

Ignored nodes: comments, script, style
[36m<body />[31m[39m
[90m [2mÔØ»[22m Object.getElementError 
node_modules/.pnpm/@testing-library+dom@10.4.1/node_modules/@testing-library/dom/dist/config.js:[2m37:19[22m[39m
[90m [2mÔØ»[22m node_modules/.pnpm/@testing-library+dom@10.4.1/node_modules/@testing-library/dom/dist/query-helpers.
js:[2m76:38[22m[39m
[90m [2mÔØ»[22m node_modules/.pnpm/@testing-library+dom@10.4.1/node_modules/@testing-library/dom/dist/query-helpers.
js:[2m52:17[22m[39m
[90m [2mÔØ»[22m node_modules/.pnpm/@testing-library+dom@10.4.1/node_modules/@testing-library/dom/dist/query-helpers.
js:[2m95:19[22m[39m
[36m [2mÔØ»[22m src/playgrounds/hash/HashPlayground.test.tsx:[2m126:32[22m[39m
    [90m124| [39m
    [90m125| [39m    [90m// Generate hashes first[39m
    [90m126| [39m    const generateBtn = screen.getByRole("button", { name: /Generar/i ÔÇª
    [90m   | [39m                               [31m^[39m
    [90m127| [39m    [35mawait[39m [34mact[39m([35masync[39m () [33m=>[39m {
    [90m128| [39m      fireEvent[33m.[39m[34mclick[39m(generateBtn)[33m;[39m

[31m[2mÔÄ»ÔÄ»ÔÄ»ÔÄ»ÔÄ»ÔÄ»ÔÄ»ÔÄ»ÔÄ»ÔÄ»ÔÄ»ÔÄ»ÔÄ»ÔÄ»ÔÄ»ÔÄ»ÔÄ»ÔÄ»ÔÄ»ÔÄ»[105/288]ÔÄ»[22m[39m

[41m[1m FAIL [22m[49m src/playgrounds/hash/HashPlayground.test.tsx[2m > [22mHashPlayground[2m > [22mtoggles 
uppercase when checkbox is clicked
[41m[1m FAIL [22m[49m src/playgrounds/hash/HashPlayground.test.tsx[2m > [22mHashPlayground[2m > [22mtoggles 
uppercase when checkbox is clicked
[31m[1mTestingLibraryElementError[22m: Unable to find an accessible element with the role "checkbox" and name 
`/May├║sculas/i`

There are no accessible roles. But there might be some inaccessible roles. If you wish to access them, then set the 
`hidden` option to `true`. Learn more about this here: 
https://testing-library.com/docs/dom-testing-library/api-queries#byrole

Ignored nodes: comments, script, style
[36m<body />[31m[39m
[90m [2mÔØ»[22m Object.getElementError 
node_modules/.pnpm/@testing-library+dom@10.4.1/node_modules/@testing-library/dom/dist/config.js:[2m37:19[22m[39m
[90m [2mÔØ»[22m node_modules/.pnpm/@testing-library+dom@10.4.1/node_modules/@testing-library/dom/dist/query-helpers.
js:[2m76:38[22m[39m
[90m [2mÔØ»[22m node_modules/.pnpm/@testing-library+dom@10.4.1/node_modules/@testing-library/dom/dist/query-helpers.
js:[2m52:17[22m[39m
[90m [2mÔØ»[22m node_modules/.pnpm/@testing-library+dom@10.4.1/node_modules/@testing-library/dom/dist/query-helpers.
js:[2m95:19[22m[39m
[36m [2mÔØ»[22m src/playgrounds/hash/HashPlayground.test.tsx:[2m143:29[22m[39m
    [90m141| [39m    [35mawait[39m [34mrenderWithProviders[39m([33m<[39m[33mHashPlayground[39m 
[33m/[39m[33m>[39m)[33m;[39m
    [90m142| [39m
    [90m143| [39m    const checkbox = screen.getByRole("checkbox", { name: /May├║sculas/ÔÇª
    [90m   | [39m                            [31m^[39m
    [90m144| [39m    [35mawait[39m [34mact[39m([35masync[39m () [33m=>[39m {
    [90m145| [39m      fireEvent[33m.[39m[34mclick[39m(checkbox)[33m;[39m

[31m[2mÔÄ»ÔÄ»ÔÄ»ÔÄ»ÔÄ»ÔÄ»ÔÄ»ÔÄ»ÔÄ»ÔÄ»ÔÄ»ÔÄ»ÔÄ»ÔÄ»ÔÄ»ÔÄ»ÔÄ»ÔÄ»ÔÄ»ÔÄ»[106/288]ÔÄ»[22m[39m

[41m[1m FAIL [22m[49m src/playgrounds/hash/HashPlayground.test.tsx[2m > [22mHashPlayground[2m > [22mshows 
compare section
[41m[1m FAIL [22m[49m src/playgrounds/hash/HashPlayground.test.tsx[2m > [22mHashPlayground[2m > [22mshows 
compare section
[31m[1mTestingLibraryElementError[22m: Unable to find an element with the text: /Comparar Hash/i. This could be 
because the text is broken up by multiple elements. In this case, you can provide a function for your text matcher to 
make your matcher more flexible.

Ignored nodes: comments, script, style
[36m<body />[31m[39m
[90m [2mÔØ»[22m Object.getElementError 
node_modules/.pnpm/@testing-library+dom@10.4.1/node_modules/@testing-library/dom/dist/config.js:[2m37:19[22m[39m
[90m [2mÔØ»[22m node_modules/.pnpm/@testing-library+dom@10.4.1/node_modules/@testing-library/dom/dist/query-helpers.
js:[2m76:38[22m[39m
[90m [2mÔØ»[22m node_modules/.pnpm/@testing-library+dom@10.4.1/node_modules/@testing-library/dom/dist/query-helpers.
js:[2m52:17[22m[39m
[90m [2mÔØ»[22m node_modules/.pnpm/@testing-library+dom@10.4.1/node_modules/@testing-library/dom/dist/query-helpers.
js:[2m95:19[22m[39m
[36m [2mÔØ»[22m src/playgrounds/hash/HashPlayground.test.tsx:[2m154:19[22m[39m
    [90m152| [39m    [35mawait[39m [34mrenderWithProviders[39m([33m<[39m[33mHashPlayground[39m 
[33m/[39m[33m>[39m)[33m;[39m
    [90m153| [39m
    [90m154| [39m    [34mexpect[39m(screen[33m.[39m[34mgetByText[39m([36m/Comparar 
Hash/i[39m))[33m.[39m[34mtoBeInTheDocument[39m()[33m;[39m
    [90m   | [39m                  [31m^[39m
    [90m155| [39m  })[33m;[39m
    [90m156| [39m

[31m[2mÔÄ»ÔÄ»ÔÄ»ÔÄ»ÔÄ»ÔÄ»ÔÄ»ÔÄ»ÔÄ»ÔÄ»ÔÄ»ÔÄ»ÔÄ»ÔÄ»ÔÄ»ÔÄ»ÔÄ»ÔÄ»ÔÄ»ÔÄ»[107/288]ÔÄ»[22m[39m

[41m[1m FAIL [22m[49m src/playgrounds/hash/HashPlayground.test.tsx[2m > [22mHashPlayground[2m > [22mshows 
compare input field
[41m[1m FAIL [22m[49m src/playgrounds/hash/HashPlayground.test.tsx[2m > [22mHashPlayground[2m > [22mshows 
compare input field
[31m[1mTestingLibraryElementError[22m: Unable to find an element with the placeholder text of: /hash para comparar/i

Ignored nodes: comments, script, style
[36m<body />[31m[39m
[90m [2mÔØ»[22m Object.getElementError 
node_modules/.pnpm/@testing-library+dom@10.4.1/node_modules/@testing-library/dom/dist/config.js:[2m37:19[22m[39m
[90m [2mÔØ»[22m node_modules/.pnpm/@testing-library+dom@10.4.1/node_modules/@testing-library/dom/dist/query-helpers.
js:[2m76:38[22m[39m
[90m [2mÔØ»[22m node_modules/.pnpm/@testing-library+dom@10.4.1/node_modules/@testing-library/dom/dist/query-helpers.
js:[2m52:17[22m[39m
[90m [2mÔØ»[22m node_modules/.pnpm/@testing-library+dom@10.4.1/node_modules/@testing-library/dom/dist/query-helpers.
js:[2m95:19[22m[39m
[36m [2mÔØ»[22m src/playgrounds/hash/HashPlayground.test.tsx:[2m160:19[22m[39m
    [90m158| [39m    [35mawait[39m [34mrenderWithProviders[39m([33m<[39m[33mHashPlayground[39m 
[33m/[39m[33m>[39m)[33m;[39m
    [90m159| [39m
    [90m160| [39m    expect(screen.getByPlaceholderText(/hash para comparar/i)).toBeInTÔÇª
    [90m   | [39m                  [31m^[39m
    [90m161| [39m  })[33m;[39m
    [90m162| [39m

[31m[2mÔÄ»ÔÄ»ÔÄ»ÔÄ»ÔÄ»ÔÄ»ÔÄ»ÔÄ»ÔÄ»ÔÄ»ÔÄ»ÔÄ»ÔÄ»ÔÄ»ÔÄ»ÔÄ»ÔÄ»ÔÄ»ÔÄ»ÔÄ»[108/288]ÔÄ»[22m[39m

[41m[1m FAIL [22m[49m src/playgrounds/hash/HashPlayground.test.tsx[2m > [22mHashPlayground[2m > [22mshows 
compare button
[41m[1m FAIL [22m[49m src/playgrounds/hash/HashPlayground.test.tsx[2m > [22mHashPlayground[2m > [22mshows 
compare button
[31m[1mTestingLibraryElementError[22m: Unable to find an accessible element with the role "button" and name 
`/Comparar/i`

There are no accessible roles. But there might be some inaccessible roles. If you wish to access them, then set the 
`hidden` option to `true`. Learn more about this here: 
https://testing-library.com/docs/dom-testing-library/api-queries#byrole

Ignored nodes: comments, script, style
[36m<body />[31m[39m
[90m [2mÔØ»[22m Object.getElementError 
node_modules/.pnpm/@testing-library+dom@10.4.1/node_modules/@testing-library/dom/dist/config.js:[2m37:19[22m[39m
[90m [2mÔØ»[22m node_modules/.pnpm/@testing-library+dom@10.4.1/node_modules/@testing-library/dom/dist/query-helpers.
js:[2m76:38[22m[39m
[90m [2mÔØ»[22m node_modules/.pnpm/@testing-library+dom@10.4.1/node_modules/@testing-library/dom/dist/query-helpers.
js:[2m52:17[22m[39m
[90m [2mÔØ»[22m node_modules/.pnpm/@testing-library+dom@10.4.1/node_modules/@testing-library/dom/dist/query-helpers.
js:[2m95:19[22m[39m
[36m [2mÔØ»[22m src/playgrounds/hash/HashPlayground.test.tsx:[2m166:19[22m[39m
    [90m164| [39m    [35mawait[39m [34mrenderWithProviders[39m([33m<[39m[33mHashPlayground[39m 
[33m/[39m[33m>[39m)[33m;[39m
    [90m165| [39m
    [90m166| [39m    expect(screen.getByRole("button", { name: /Comparar/i })).toBeInThÔÇª
    [90m   | [39m                  [31m^[39m
    [90m167| [39m  })[33m;[39m
    [90m168| [39m

[31m[2mÔÄ»ÔÄ»ÔÄ»ÔÄ»ÔÄ»ÔÄ»ÔÄ»ÔÄ»ÔÄ»ÔÄ»ÔÄ»ÔÄ»ÔÄ»ÔÄ»ÔÄ»ÔÄ»ÔÄ»ÔÄ»ÔÄ»ÔÄ»[109/288]ÔÄ»[22m[39m

[41m[1m FAIL [22m[49m src/playgrounds/hash/HashPlayground.test.tsx[2m > [22mHashPlayground[2m > [22mshows 
match result when comparing valid hash
[41m[1m FAIL [22m[49m src/playgrounds/hash/HashPlayground.test.tsx[2m > [22mHashPlayground[2m > [22mshows 
match result when comparing valid hash
[31m[1mTestingLibraryElementError[22m: Unable to find an accessible element with the role "button" and name 
`/Generar/i`

There are no accessible roles. But there might be some inaccessible roles. If you wish to access them, then set the 
`hidden` option to `true`. Learn more about this here: 
https://testing-library.com/docs/dom-testing-library/api-queries#byrole

Ignored nodes: comments, script, style
[36m<body />[31m[39m
[90m [2mÔØ»[22m Object.getElementError 
node_modules/.pnpm/@testing-library+dom@10.4.1/node_modules/@testing-library/dom/dist/config.js:[2m37:19[22m[39m
[90m [2mÔØ»[22m node_modules/.pnpm/@testing-library+dom@10.4.1/node_modules/@testing-library/dom/dist/query-helpers.
js:[2m76:38[22m[39m
[90m [2mÔØ»[22m node_modules/.pnpm/@testing-library+dom@10.4.1/node_modules/@testing-library/dom/dist/query-helpers.
js:[2m52:17[22m[39m
[90m [2mÔØ»[22m node_modules/.pnpm/@testing-library+dom@10.4.1/node_modules/@testing-library/dom/dist/query-helpers.
js:[2m95:19[22m[39m
[36m [2mÔØ»[22m src/playgrounds/hash/HashPlayground.test.tsx:[2m173:32[22m[39m
    [90m171| [39m
    [90m172| [39m    [90m// Generate hashes first[39m
    [90m173| [39m    const generateBtn = screen.getByRole("button", { name: /Generar/i ÔÇª
    [90m   | [39m                               [31m^[39m
    [90m174| [39m    [35mawait[39m [34mact[39m([35masync[39m () [33m=>[39m {
    [90m175| [39m      fireEvent[33m.[39m[34mclick[39m(generateBtn)[33m;[39m

[31m[2mÔÄ»ÔÄ»ÔÄ»ÔÄ»ÔÄ»ÔÄ»ÔÄ»ÔÄ»ÔÄ»ÔÄ»ÔÄ»ÔÄ»ÔÄ»ÔÄ»ÔÄ»ÔÄ»ÔÄ»ÔÄ»ÔÄ»ÔÄ»[110/288]ÔÄ»[22m[39m

[41m[1m FAIL [22m[49m src/playgrounds/hash/HashPlayground.test.tsx[2m > [22mHashPlayground[2m > [22mshows no 
match when comparing invalid hash
[41m[1m FAIL [22m[49m src/playgrounds/hash/HashPlayground.test.tsx[2m > [22mHashPlayground[2m > [22mshows no 
match when comparing invalid hash
[31m[1mTestingLibraryElementError[22m: Unable to find an accessible element with the role "button" and name 
`/Generar/i`

There are no accessible roles. But there might be some inaccessible roles. If you wish to access them, then set the 
`hidden` option to `true`. Learn more about this here: 
https://testing-library.com/docs/dom-testing-library/api-queries#byrole

Ignored nodes: comments, script, style
[36m<body />[31m[39m
[90m [2mÔØ»[22m Object.getElementError 
node_modules/.pnpm/@testing-library+dom@10.4.1/node_modules/@testing-library/dom/dist/config.js:[2m37:19[22m[39m
[90m [2mÔØ»[22m node_modules/.pnpm/@testing-library+dom@10.4.1/node_modules/@testing-library/dom/dist/query-helpers.
js:[2m76:38[22m[39m
[90m [2mÔØ»[22m node_modules/.pnpm/@testing-library+dom@10.4.1/node_modules/@testing-library/dom/dist/query-helpers.
js:[2m52:17[22m[39m
[90m [2mÔØ»[22m node_modules/.pnpm/@testing-library+dom@10.4.1/node_modules/@testing-library/dom/dist/query-helpers.
js:[2m95:19[22m[39m
[36m [2mÔØ»[22m src/playgrounds/hash/HashPlayground.test.tsx:[2m190:32[22m[39m
    [90m188| [39m
    [90m189| [39m    [90m// Generate hashes first[39m
    [90m190| [39m    const generateBtn = screen.getByRole("button", { name: /Generar/i ÔÇª
    [90m   | [39m                               [31m^[39m
    [90m191| [39m    [35mawait[39m [34mact[39m([35masync[39m () [33m=>[39m {
    [90m192| [39m      fireEvent[33m.[39m[34mclick[39m(generateBtn)[33m;[39m

[31m[2mÔÄ»ÔÄ»ÔÄ»ÔÄ»ÔÄ»ÔÄ»ÔÄ»ÔÄ»ÔÄ»ÔÄ»ÔÄ»ÔÄ»ÔÄ»ÔÄ»ÔÄ»ÔÄ»ÔÄ»ÔÄ»ÔÄ»ÔÄ»[111/288]ÔÄ»[22m[39m

[41m[1m FAIL [22m[49m src/playgrounds/css/CssPlayground.test.tsx[2m > [22mCssPlayground[2m > [22mrenders the 
example CSS by default
[41m[1m FAIL [22m[49m src/playgrounds/css/CssPlayground.test.tsx[2m > [22mCssPlayground[2m > [22mrenders the 
example CSS by default
[31m[1mTestingLibraryElementError[22m: Unable to find an accessible element with the role "textbox"

There are no accessible roles. But there might be some inaccessible roles. If you wish to access them, then set the 
`hidden` option to `true`. Learn more about this here: 
https://testing-library.com/docs/dom-testing-library/api-queries#byrole

Ignored nodes: comments, script, style
[36m<body />[31m[39m
[90m [2mÔØ»[22m Object.getElementError 
node_modules/.pnpm/@testing-library+dom@10.4.1/node_modules/@testing-library/dom/dist/config.js:[2m37:19[22m[39m
[90m [2mÔØ»[22m node_modules/.pnpm/@testing-library+dom@10.4.1/node_modules/@testing-library/dom/dist/query-helpers.
js:[2m76:38[22m[39m
[90m [2mÔØ»[22m node_modules/.pnpm/@testing-library+dom@10.4.1/node_modules/@testing-library/dom/dist/query-helpers.
js:[2m109:15[22m[39m
[36m [2mÔØ»[22m src/playgrounds/css/CssPlayground.test.tsx:[2m76:28[22m[39m
    [90m 74| [39m    [34mrenderWithProviders[39m([33m<[39m[33mCssPlayground[39m 
[33m/[39m[33m>[39m)[33m;[39m
    [90m 75| [39m
    [90m 76| [39m    [35mconst[39m editors [33m=[39m 
screen[33m.[39m[34mgetAllByRole[39m([32m"textbox"[39m)[33m;[39m
    [90m   | [39m                           [31m^[39m
    [90m 77| [39m    [35mconst[39m input [33m=[39m editors[[34m0[39m] [35mas[39m 
[33mHTMLTextAreaElement[39m[33m;[39m
    [90m 78| [39m

[31m[2mÔÄ»ÔÄ»ÔÄ»ÔÄ»ÔÄ»ÔÄ»ÔÄ»ÔÄ»ÔÄ»ÔÄ»ÔÄ»ÔÄ»ÔÄ»ÔÄ»ÔÄ»ÔÄ»ÔÄ»ÔÄ»ÔÄ»ÔÄ»[112/288]ÔÄ»[22m[39m

[41m[1m FAIL [22m[49m src/playgrounds/css/CssPlayground.test.tsx[2m > [22mCssPlayground[2m > [22mformats and 
minifies input CSS
[41m[1m FAIL [22m[49m src/playgrounds/css/CssPlayground.test.tsx[2m > [22mCssPlayground[2m > [22mformats and 
minifies input CSS
[31m[1mTestingLibraryElementError[22m: Unable to find an accessible element with the role "textbox"

There are no accessible roles. But there might be some inaccessible roles. If you wish to access them, then set the 
`hidden` option to `true`. Learn more about this here: 
https://testing-library.com/docs/dom-testing-library/api-queries#byrole

Ignored nodes: comments, script, style
[36m<body />[31m[39m
[90m [2mÔØ»[22m Object.getElementError 
node_modules/.pnpm/@testing-library+dom@10.4.1/node_modules/@testing-library/dom/dist/config.js:[2m37:19[22m[39m
[90m [2mÔØ»[22m node_modules/.pnpm/@testing-library+dom@10.4.1/node_modules/@testing-library/dom/dist/query-helpers.
js:[2m76:38[22m[39m
[90m [2mÔØ»[22m node_modules/.pnpm/@testing-library+dom@10.4.1/node_modules/@testing-library/dom/dist/query-helpers.
js:[2m109:15[22m[39m
[36m [2mÔØ»[22m src/playgrounds/css/CssPlayground.test.tsx:[2m85:28[22m[39m
    [90m 83| [39m    [34mrenderWithProviders[39m([33m<[39m[33mCssPlayground[39m 
[33m/[39m[33m>[39m)[33m;[39m
    [90m 84| [39m
    [90m 85| [39m    [35mconst[39m editors [33m=[39m 
screen[33m.[39m[34mgetAllByRole[39m([32m"textbox"[39m)[33m;[39m
    [90m   | [39m                           [31m^[39m
    [90m 86| [39m    [35mconst[39m input [33m=[39m editors[[34m0[39m] [35mas[39m 
[33mHTMLTextAreaElement[39m[33m;[39m
    [90m 87| [39m    [35mconst[39m output [33m=[39m editors[[34m1[39m] [35mas[39m 
[33mHTMLTextAreaElement[39m[33m;[39m

[31m[2mÔÄ»ÔÄ»ÔÄ»ÔÄ»ÔÄ»ÔÄ»ÔÄ»ÔÄ»ÔÄ»ÔÄ»ÔÄ»ÔÄ»ÔÄ»ÔÄ»ÔÄ»ÔÄ»ÔÄ»ÔÄ»ÔÄ»ÔÄ»[113/288]ÔÄ»[22m[39m

[41m[1m FAIL [22m[49m src/playgrounds/html/HtmlPlayground.test.tsx[2m > [22mHtmlPlayground[2m > [22mrenders 
the example HTML by default
[41m[1m FAIL [22m[49m src/playgrounds/html/HtmlPlayground.test.tsx[2m > [22mHtmlPlayground[2m > [22mrenders 
the example HTML by default
[31m[1mTestingLibraryElementError[22m: Unable to find an accessible element with the role "textbox"

There are no accessible roles. But there might be some inaccessible roles. If you wish to access them, then set the 
`hidden` option to `true`. Learn more about this here: 
https://testing-library.com/docs/dom-testing-library/api-queries#byrole

Ignored nodes: comments, script, style
[36m<body />[31m[39m
[90m [2mÔØ»[22m Object.getElementError 
node_modules/.pnpm/@testing-library+dom@10.4.1/node_modules/@testing-library/dom/dist/config.js:[2m37:19[22m[39m
[90m [2mÔØ»[22m node_modules/.pnpm/@testing-library+dom@10.4.1/node_modules/@testing-library/dom/dist/query-helpers.
js:[2m76:38[22m[39m
[90m [2mÔØ»[22m node_modules/.pnpm/@testing-library+dom@10.4.1/node_modules/@testing-library/dom/dist/query-helpers.
js:[2m109:15[22m[39m
[36m [2mÔØ»[22m src/playgrounds/html/HtmlPlayground.test.tsx:[2m77:28[22m[39m
    [90m 75| [39m    [34mrenderWithProviders[39m([33m<[39m[33mHtmlPlayground[39m 
[33m/[39m[33m>[39m)[33m;[39m
    [90m 76| [39m
    [90m 77| [39m    [35mconst[39m editors [33m=[39m 
screen[33m.[39m[34mgetAllByRole[39m([32m"textbox"[39m)[33m;[39m
    [90m   | [39m                           [31m^[39m
    [90m 78| [39m    [35mconst[39m input [33m=[39m editors[[34m0[39m] [35mas[39m 
[33mHTMLTextAreaElement[39m[33m;[39m
    [90m 79| [39m

[31m[2mÔÄ»ÔÄ»ÔÄ»ÔÄ»ÔÄ»ÔÄ»ÔÄ»ÔÄ»ÔÄ»ÔÄ»ÔÄ»ÔÄ»ÔÄ»ÔÄ»ÔÄ»ÔÄ»ÔÄ»ÔÄ»ÔÄ»ÔÄ»[114/288]ÔÄ»[22m[39m

[41m[1m FAIL [22m[49m src/playgrounds/html/HtmlPlayground.test.tsx[2m > [22mHtmlPlayground[2m > [22mtoggles 
HTML preview and shows DOM inspection
[41m[1m FAIL [22m[49m src/playgrounds/html/HtmlPlayground.test.tsx[2m > [22mHtmlPlayground[2m > [22mtoggles 
HTML preview and shows DOM inspection
[31m[1mTestingLibraryElementError[22m: Unable to find a label with the text of: Ver vista previa

Ignored nodes: comments, script, style
[36m<body />[31m[39m
[90m [2mÔØ»[22m Object.getElementError 
node_modules/.pnpm/@testing-library+dom@10.4.1/node_modules/@testing-library/dom/dist/config.js:[2m37:19[22m[39m
[90m [2mÔØ»[22m getAllByLabelText node_modules/.pnpm/@testing-library+dom@10.4.1/node_modules/@testing-library/dom/d
ist/queries/label-text.js:[2m111:38[22m[39m
[90m [2mÔØ»[22m node_modules/.pnpm/@testing-library+dom@10.4.1/node_modules/@testing-library/dom/dist/query-helpers.
js:[2m52:17[22m[39m
[90m [2mÔØ»[22m node_modules/.pnpm/@testing-library+dom@10.4.1/node_modules/@testing-library/dom/dist/query-helpers.
js:[2m95:19[22m[39m
[36m [2mÔØ»[22m src/playgrounds/html/HtmlPlayground.test.tsx:[2m88:28[22m[39m
    [90m 86| [39m    [34mexpect[39m(screen[33m.[39m[34mqueryByText[39m([32m"Vista 
previa"[39m))[33m.[39mnot[33m.[39m[34mtoBeInTheDocument[39m()[33m;[39m
    [90m 87| [39m
    [90m 88| [39m    fireEvent[33m.[39m[34mclick[39m(screen[33m.[39m[34mgetByLabelText[39m([32m"Ver vista 
previa"[39m))[33m;[39m
    [90m   | [39m                           [31m^[39m
    [90m 89| [39m    [34mexpect[39m(screen[33m.[39m[34mgetByText[39m([32m"Vista 
previa"[39m))[33m.[39m[34mtoBeInTheDocument[39m()[33m;[39m
    [90m 90| [39m    [34mexpect[39m(screen[33m.[39m[34mgetByTitle[39m([32m"Vista previa 
HTML"[39m))[33m.[39m[34mtoBeInTheDocument[39m()[33m;[39m

[31m[2mÔÄ»ÔÄ»ÔÄ»ÔÄ»ÔÄ»ÔÄ»ÔÄ»ÔÄ»ÔÄ»ÔÄ»ÔÄ»ÔÄ»ÔÄ»ÔÄ»ÔÄ»ÔÄ»ÔÄ»ÔÄ»ÔÄ»ÔÄ»[115/288]ÔÄ»[22m[39m

[41m[1m FAIL [22m[49m src/playgrounds/html/HtmlPlayground.test.tsx[2m > [22mHtmlPlayground[2m > [22mformats 
and minifies input HTML
[41m[1m FAIL [22m[49m src/playgrounds/html/HtmlPlayground.test.tsx[2m > [22mHtmlPlayground[2m > [22mformats 
and minifies input HTML
[31m[1mTestingLibraryElementError[22m: Unable to find an accessible element with the role "textbox"

There are no accessible roles. But there might be some inaccessible roles. If you wish to access them, then set the 
`hidden` option to `true`. Learn more about this here: 
https://testing-library.com/docs/dom-testing-library/api-queries#byrole

Ignored nodes: comments, script, style
[36m<body />[31m[39m
[90m [2mÔØ»[22m Object.getElementError 
node_modules/.pnpm/@testing-library+dom@10.4.1/node_modules/@testing-library/dom/dist/config.js:[2m37:19[22m[39m
[90m [2mÔØ»[22m node_modules/.pnpm/@testing-library+dom@10.4.1/node_modules/@testing-library/dom/dist/query-helpers.
js:[2m76:38[22m[39m
[90m [2mÔØ»[22m node_modules/.pnpm/@testing-library+dom@10.4.1/node_modules/@testing-library/dom/dist/query-helpers.
js:[2m109:15[22m[39m
[36m [2mÔØ»[22m src/playgrounds/html/HtmlPlayground.test.tsx:[2m100:28[22m[39m
    [90m 98| [39m    [34mrenderWithProviders[39m([33m<[39m[33mHtmlPlayground[39m 
[33m/[39m[33m>[39m)[33m;[39m
    [90m 99| [39m
    [90m100| [39m    [35mconst[39m editors [33m=[39m 
screen[33m.[39m[34mgetAllByRole[39m([32m"textbox"[39m)[33m;[39m
    [90m   | [39m                           [31m^[39m
    [90m101| [39m    [35mconst[39m input [33m=[39m editors[[34m0[39m] [35mas[39m 
[33mHTMLTextAreaElement[39m[33m;[39m
    [90m102| [39m    [35mconst[39m output [33m=[39m editors[[34m1[39m] [35mas[39m 
[33mHTMLTextAreaElement[39m[33m;[39m

[31m[2mÔÄ»ÔÄ»ÔÄ»ÔÄ»ÔÄ»ÔÄ»ÔÄ»ÔÄ»ÔÄ»ÔÄ»ÔÄ»ÔÄ»ÔÄ»ÔÄ»ÔÄ»ÔÄ»ÔÄ»ÔÄ»ÔÄ»ÔÄ»[116/288]ÔÄ»[22m[39m

[41m[1m FAIL [22m[49m src/playgrounds/json/JsonPlayground.test.tsx[2m > [22mJsonPlayground[2m > [22mrenders 
with example input by default
[41m[1m FAIL [22m[49m src/playgrounds/json/JsonPlayground.test.tsx[2m > [22mJsonPlayground[2m > [22mrenders 
with example input by default
[31m[1mTestingLibraryElementError[22m: Unable to find an element by: [data-testid="input-editor"]

Ignored nodes: comments, script, style
[36m<body />[31m[39m
[90m [2mÔØ»[22m Object.getElementError 
node_modules/.pnpm/@testing-library+dom@10.4.1/node_modules/@testing-library/dom/dist/config.js:[2m37:19[22m[39m
[90m [2mÔØ»[22m node_modules/.pnpm/@testing-library+dom@10.4.1/node_modules/@testing-library/dom/dist/query-helpers.
js:[2m76:38[22m[39m
[90m [2mÔØ»[22m node_modules/.pnpm/@testing-library+dom@10.4.1/node_modules/@testing-library/dom/dist/query-helpers.
js:[2m52:17[22m[39m
[90m [2mÔØ»[22m node_modules/.pnpm/@testing-library+dom@10.4.1/node_modules/@testing-library/dom/dist/query-helpers.
js:[2m95:19[22m[39m
[36m [2mÔØ»[22m src/playgrounds/json/JsonPlayground.test.tsx:[2m114:26[22m[39m
    [90m112| [39m    )[33m;[39m
    [90m113| [39m
    [90m114| [39m    const input = screen.getByTestId("input-editor") as HTMLTextAreaElÔÇª
    [90m   | [39m                         [31m^[39m
    [90m115| [39m
    [90m116| [39m    
[34mexpect[39m(input[33m.[39mvalue)[33m.[39m[34mtoContain[39m([32m"users"[39m)[33m;[39m

[31m[2mÔÄ»ÔÄ»ÔÄ»ÔÄ»ÔÄ»ÔÄ»ÔÄ»ÔÄ»ÔÄ»ÔÄ»ÔÄ»ÔÄ»ÔÄ»ÔÄ»ÔÄ»ÔÄ»ÔÄ»ÔÄ»ÔÄ»ÔÄ»[117/288]ÔÄ»[22m[39m

[41m[1m FAIL [22m[49m src/playgrounds/json/JsonPlayground.test.tsx[2m > [22mJsonPlayground[2m > [22mrenders 
with saved JSON from localStorage
[41m[1m FAIL [22m[49m src/playgrounds/json/JsonPlayground.test.tsx[2m > [22mJsonPlayground[2m > [22mrenders 
with saved JSON from localStorage
[31m[1mTestingLibraryElementError[22m: Unable to find an element by: [data-testid="input-editor"]

Ignored nodes: comments, script, style
[36m<body />[31m[39m
[90m [2mÔØ»[22m Object.getElementError 
node_modules/.pnpm/@testing-library+dom@10.4.1/node_modules/@testing-library/dom/dist/config.js:[2m37:19[22m[39m
[90m [2mÔØ»[22m node_modules/.pnpm/@testing-library+dom@10.4.1/node_modules/@testing-library/dom/dist/query-helpers.
js:[2m76:38[22m[39m
[90m [2mÔØ»[22m node_modules/.pnpm/@testing-library+dom@10.4.1/node_modules/@testing-library/dom/dist/query-helpers.
js:[2m52:17[22m[39m
[90m [2mÔØ»[22m node_modules/.pnpm/@testing-library+dom@10.4.1/node_modules/@testing-library/dom/dist/query-helpers.
js:[2m95:19[22m[39m
[36m [2mÔØ»[22m src/playgrounds/json/JsonPlayground.test.tsx:[2m129:26[22m[39m
    [90m127| [39m    )[33m;[39m
    [90m128| [39m
    [90m129| [39m    const input = screen.getByTestId("input-editor") as HTMLTextAreaElÔÇª
    [90m   | [39m                         [31m^[39m
    [90m130| [39m
    [90m131| [39m    
[34mexpect[39m(input[33m.[39mvalue)[33m.[39m[34mtoContain[39m([32m"saved"[39m)[33m;[39m

[31m[2mÔÄ»ÔÄ»ÔÄ»ÔÄ»ÔÄ»ÔÄ»ÔÄ»ÔÄ»ÔÄ»ÔÄ»ÔÄ»ÔÄ»ÔÄ»ÔÄ»ÔÄ»ÔÄ»ÔÄ»ÔÄ»ÔÄ»ÔÄ»[118/288]ÔÄ»[22m[39m

[41m[1m FAIL [22m[49m src/playgrounds/password/PasswordPlayground.sdd.test.tsx[2m > [22mPasswordPlayground[2m > 
[22mrenders password input and generate button
[41m[1m FAIL [22m[49m src/playgrounds/password/PasswordPlayground.sdd.test.tsx[2m > [22mPasswordPlayground[2m > 
[22mrenders password input and generate button
[31m[1mTestingLibraryElementError[22m: Unable to find an element with the placeholder text of: /Tu contrase├▒a 
aparecer├í aqu├¡/i

Ignored nodes: comments, script, style
[36m<body />[31m[39m
[90m [2mÔØ»[22m Object.getElementError 
node_modules/.pnpm/@testing-library+dom@10.4.1/node_modules/@testing-library/dom/dist/config.js:[2m37:19[22m[39m
[90m [2mÔØ»[22m node_modules/.pnpm/@testing-library+dom@10.4.1/node_modules/@testing-library/dom/dist/query-helpers.
js:[2m76:38[22m[39m
[90m [2mÔØ»[22m node_modules/.pnpm/@testing-library+dom@10.4.1/node_modules/@testing-library/dom/dist/query-helpers.
js:[2m52:17[22m[39m
[90m [2mÔØ»[22m node_modules/.pnpm/@testing-library+dom@10.4.1/node_modules/@testing-library/dom/dist/query-helpers.
js:[2m95:19[22m[39m
[36m [2mÔØ»[22m src/playgrounds/password/PasswordPlayground.sdd.test.tsx:[2m18:26[22m[39m
    [90m 16| [39m  [34mit[39m([32m"renders password input and generate button"[39m[33m,[39m () [33m=>[39m {
    [90m 17| [39m    [34mrenderWithHistory[39m()[33m;[39m
    [90m 18| [39m    const input = screen.getByPlaceholderText(/Tu contrase├▒a aparecer├íÔÇª
    [90m   | [39m                         [31m^[39m
    [90m 19| [39m    const generateBtn = screen.getByRole("button", { name: /Generar/i ÔÇª
    [90m 20| [39m    [34mexpect[39m(input)[33m.[39m[34mtoBeInTheDocument[39m()[33m;[39m

[31m[2mÔÄ»ÔÄ»ÔÄ»ÔÄ»ÔÄ»ÔÄ»ÔÄ»ÔÄ»ÔÄ»ÔÄ»ÔÄ»ÔÄ»ÔÄ»ÔÄ»ÔÄ»ÔÄ»ÔÄ»ÔÄ»ÔÄ»ÔÄ»[119/288]ÔÄ»[22m[39m

[41m[1m FAIL [22m[49m src/playgrounds/password/PasswordPlayground.sdd.test.tsx[2m > [22mPasswordPlayground[2m > 
[22mgenerates a password when generate button is clicked
[41m[1m FAIL [22m[49m src/playgrounds/password/PasswordPlayground.sdd.test.tsx[2m > [22mPasswordPlayground[2m > 
[22mgenerates a password when generate button is clicked
[31m[1mTestingLibraryElementError[22m: Unable to find an accessible element with the role "button" and name 
`/Generar/i`

There are no accessible roles. But there might be some inaccessible roles. If you wish to access them, then set the 
`hidden` option to `true`. Learn more about this here: 
https://testing-library.com/docs/dom-testing-library/api-queries#byrole

Ignored nodes: comments, script, style
[36m<body />[31m[39m
[90m [2mÔØ»[22m Object.getElementError 
node_modules/.pnpm/@testing-library+dom@10.4.1/node_modules/@testing-library/dom/dist/config.js:[2m37:19[22m[39m
[90m [2mÔØ»[22m node_modules/.pnpm/@testing-library+dom@10.4.1/node_modules/@testing-library/dom/dist/query-helpers.
js:[2m76:38[22m[39m
[90m [2mÔØ»[22m node_modules/.pnpm/@testing-library+dom@10.4.1/node_modules/@testing-library/dom/dist/query-helpers.
js:[2m52:17[22m[39m
[90m [2mÔØ»[22m node_modules/.pnpm/@testing-library+dom@10.4.1/node_modules/@testing-library/dom/dist/query-helpers.
js:[2m95:19[22m[39m
[36m [2mÔØ»[22m generatePassword src/test-utils/renderWithHistory.tsx:[2m30:34[22m[39m
    [90m 28| [39m    [90m// Helper to generate a password[39m
    [90m 29| [39m    generatePassword[33m:[39m () [33m=>[39m {
    [90m 30| [39m      const generateBtn = screen.getByRole("button", { name: /Generar/ÔÇª
    [90m   | [39m                                 [31m^[39m
    [90m 31| [39m      [34mact[39m(() [33m=>[39m {
    [90m 32| [39m        fireEvent[33m.[39m[34mclick[39m(generateBtn)[33m;[39m
[90m [2mÔØ»[22m src/playgrounds/password/PasswordPlayground.sdd.test.tsx:[2m26:5[22m[39m

[31m[2mÔÄ»ÔÄ»ÔÄ»ÔÄ»ÔÄ»ÔÄ»ÔÄ»ÔÄ»ÔÄ»ÔÄ»ÔÄ»ÔÄ»ÔÄ»ÔÄ»ÔÄ»ÔÄ»ÔÄ»ÔÄ»ÔÄ»ÔÄ»[120/288]ÔÄ»[22m[39m

[41m[1m FAIL [22m[49m src/playgrounds/password/PasswordPlayground.sdd.test.tsx[2m > [22mPasswordPlayground[2m > 
[22mcopies password to clipboard when copy button is clicked
[41m[1m FAIL [22m[49m src/playgrounds/password/PasswordPlayground.sdd.test.tsx[2m > [22mPasswordPlayground[2m > 
[22mcopies password to clipboard when copy button is clicked
[31m[1mTestingLibraryElementError[22m: Unable to find an accessible element with the role "button" and name 
`/Generar/i`

There are no accessible roles. But there might be some inaccessible roles. If you wish to access them, then set the 
`hidden` option to `true`. Learn more about this here: 
https://testing-library.com/docs/dom-testing-library/api-queries#byrole

Ignored nodes: comments, script, style
[36m<body />[31m[39m
[90m [2mÔØ»[22m Object.getElementError 
node_modules/.pnpm/@testing-library+dom@10.4.1/node_modules/@testing-library/dom/dist/config.js:[2m37:19[22m[39m
[90m [2mÔØ»[22m node_modules/.pnpm/@testing-library+dom@10.4.1/node_modules/@testing-library/dom/dist/query-helpers.
js:[2m76:38[22m[39m
[90m [2mÔØ»[22m node_modules/.pnpm/@testing-library+dom@10.4.1/node_modules/@testing-library/dom/dist/query-helpers.
js:[2m52:17[22m[39m
[90m [2mÔØ»[22m node_modules/.pnpm/@testing-library+dom@10.4.1/node_modules/@testing-library/dom/dist/query-helpers.
js:[2m95:19[22m[39m
[36m [2mÔØ»[22m generatePassword src/test-utils/renderWithHistory.tsx:[2m30:34[22m[39m
    [90m 28| [39m    [90m// Helper to generate a password[39m
    [90m 29| [39m    generatePassword[33m:[39m () [33m=>[39m {
    [90m 30| [39m      const generateBtn = screen.getByRole("button", { name: /Generar/ÔÇª
    [90m   | [39m                                 [31m^[39m
    [90m 31| [39m      [34mact[39m(() [33m=>[39m {
    [90m 32| [39m        fireEvent[33m.[39m[34mclick[39m(generateBtn)[33m;[39m
[90m [2mÔØ»[22m src/playgrounds/password/PasswordPlayground.sdd.test.tsx:[2m33:5[22m[39m

[31m[2mÔÄ»ÔÄ»ÔÄ»ÔÄ»ÔÄ»ÔÄ»ÔÄ»ÔÄ»ÔÄ»ÔÄ»ÔÄ»ÔÄ»ÔÄ»ÔÄ»ÔÄ»ÔÄ»ÔÄ»ÔÄ»ÔÄ»ÔÄ»[121/288]ÔÄ»[22m[39m

[41m[1m FAIL [22m[49m src/playgrounds/password/PasswordPlayground.sdd.test.tsx[2m > [22mPasswordPlayground[2m > 
[22mkeeps history of last 5 passwords
[41m[1m FAIL [22m[49m src/playgrounds/password/PasswordPlayground.sdd.test.tsx[2m > [22mPasswordPlayground[2m > 
[22mkeeps history of last 5 passwords
[31m[1mTestingLibraryElementError[22m: Unable to find an accessible element with the role "button" and name 
`/Generar/i`

There are no accessible roles. But there might be some inaccessible roles. If you wish to access them, then set the 
`hidden` option to `true`. Learn more about this here: 
https://testing-library.com/docs/dom-testing-library/api-queries#byrole

Ignored nodes: comments, script, style
[36m<body />[31m[39m
[90m [2mÔØ»[22m Object.getElementError 
node_modules/.pnpm/@testing-library+dom@10.4.1/node_modules/@testing-library/dom/dist/config.js:[2m37:19[22m[39m
[90m [2mÔØ»[22m node_modules/.pnpm/@testing-library+dom@10.4.1/node_modules/@testing-library/dom/dist/query-helpers.
js:[2m76:38[22m[39m
[90m [2mÔØ»[22m node_modules/.pnpm/@testing-library+dom@10.4.1/node_modules/@testing-library/dom/dist/query-helpers.
js:[2m52:17[22m[39m
[90m [2mÔØ»[22m node_modules/.pnpm/@testing-library+dom@10.4.1/node_modules/@testing-library/dom/dist/query-helpers.
js:[2m95:19[22m[39m
[36m [2mÔØ»[22m generatePassword src/test-utils/renderWithHistory.tsx:[2m30:34[22m[39m
    [90m 28| [39m    [90m// Helper to generate a password[39m
    [90m 29| [39m    generatePassword[33m:[39m () [33m=>[39m {
    [90m 30| [39m      const generateBtn = screen.getByRole("button", { name: /Generar/ÔÇª
    [90m   | [39m                                 [31m^[39m
    [90m 31| [39m      [34mact[39m(() [33m=>[39m {
    [90m 32| [39m        fireEvent[33m.[39m[34mclick[39m(generateBtn)[33m;[39m
[90m [2mÔØ»[22m src/playgrounds/password/PasswordPlayground.sdd.test.tsx:[2m50:7[22m[39m

[31m[2mÔÄ»ÔÄ»ÔÄ»ÔÄ»ÔÄ»ÔÄ»ÔÄ»ÔÄ»ÔÄ»ÔÄ»ÔÄ»ÔÄ»ÔÄ»ÔÄ»ÔÄ»ÔÄ»ÔÄ»ÔÄ»ÔÄ»ÔÄ»[122/288]ÔÄ»[22m[39m

[41m[1m FAIL [22m[49m src/playgrounds/js/JsPlayground.test.tsx[2m > [22mJsPlayground[2m > [22mrenders the 
example code by default
[41m[1m FAIL [22m[49m src/playgrounds/js/JsPlayground.test.tsx[2m > [22mJsPlayground[2m > [22mrenders the 
example code by default
[31m[1mTestingLibraryElementError[22m: Unable to find an accessible element with the role "textbox"

There are no accessible roles. But there might be some inaccessible roles. If you wish to access them, then set the 
`hidden` option to `true`. Learn more about this here: 
https://testing-library.com/docs/dom-testing-library/api-queries#byrole

Ignored nodes: comments, script, style
[36m<body />[31m[39m
[90m [2mÔØ»[22m Object.getElementError 
node_modules/.pnpm/@testing-library+dom@10.4.1/node_modules/@testing-library/dom/dist/config.js:[2m37:19[22m[39m
[90m [2mÔØ»[22m node_modules/.pnpm/@testing-library+dom@10.4.1/node_modules/@testing-library/dom/dist/query-helpers.
js:[2m76:38[22m[39m
[90m [2mÔØ»[22m node_modules/.pnpm/@testing-library+dom@10.4.1/node_modules/@testing-library/dom/dist/query-helpers.
js:[2m109:15[22m[39m
[36m [2mÔØ»[22m src/playgrounds/js/JsPlayground.test.tsx:[2m101:28[22m[39m
    [90m 99| [39m    [35mawait[39m [34mrenderWithProviders[39m([33m<[39m[33mJsPlayground[39m 
[33m/[39m[33m>[39m)[33m;[39m
    [90m100| [39m
    [90m101| [39m    [35mconst[39m editors [33m=[39m 
screen[33m.[39m[34mgetAllByRole[39m([32m"textbox"[39m)[33m;[39m
    [90m   | [39m                           [31m^[39m
    [90m102| [39m    [35mconst[39m input [33m=[39m editors[[34m0[39m] [35mas[39m 
[33mHTMLTextAreaElement[39m[33m;[39m
    [90m103| [39m

[31m[2mÔÄ»ÔÄ»ÔÄ»ÔÄ»ÔÄ»ÔÄ»ÔÄ»ÔÄ»ÔÄ»ÔÄ»ÔÄ»ÔÄ»ÔÄ»ÔÄ»ÔÄ»ÔÄ»ÔÄ»ÔÄ»ÔÄ»ÔÄ»[123/288]ÔÄ»[22m[39m

[41m[1m FAIL [22m[49m src/playgrounds/js/JsPlayground.test.tsx[2m > [22mJsPlayground[2m > [22mexecutes code 
and displays console output
[41m[1m FAIL [22m[49m src/playgrounds/js/JsPlayground.test.tsx[2m > [22mJsPlayground[2m > [22mexecutes code 
and displays console output
[31m[1mTestingLibraryElementError[22m: Unable to find an accessible element with the role "textbox"

There are no accessible roles. But there might be some inaccessible roles. If you wish to access them, then set the 
`hidden` option to `true`. Learn more about this here: 
https://testing-library.com/docs/dom-testing-library/api-queries#byrole

Ignored nodes: comments, script, style
[36m<body />[31m[39m
[90m [2mÔØ»[22m Object.getElementError 
node_modules/.pnpm/@testing-library+dom@10.4.1/node_modules/@testing-library/dom/dist/config.js:[2m37:19[22m[39m
[90m [2mÔØ»[22m node_modules/.pnpm/@testing-library+dom@10.4.1/node_modules/@testing-library/dom/dist/query-helpers.
js:[2m76:38[22m[39m
[90m [2mÔØ»[22m node_modules/.pnpm/@testing-library+dom@10.4.1/node_modules/@testing-library/dom/dist/query-helpers.
js:[2m109:15[22m[39m
[36m [2mÔØ»[22m src/playgrounds/js/JsPlayground.test.tsx:[2m110:28[22m[39m
    [90m108| [39m    [35mawait[39m [34mrenderWithProviders[39m([33m<[39m[33mJsPlayground[39m 
[33m/[39m[33m>[39m)[33m;[39m
    [90m109| [39m
    [90m110| [39m    [35mconst[39m editors [33m=[39m 
screen[33m.[39m[34mgetAllByRole[39m([32m"textbox"[39m)[33m;[39m
    [90m   | [39m                           [31m^[39m
    [90m111| [39m    [35mconst[39m input [33m=[39m editors[[34m0[39m] [35mas[39m 
[33mHTMLTextAreaElement[39m[33m;[39m
    [90m112| [39m    [35mconst[39m output [33m=[39m editors[[34m1[39m] [35mas[39m 
[33mHTMLTextAreaElement[39m[33m;[39m

[31m[2mÔÄ»ÔÄ»ÔÄ»ÔÄ»ÔÄ»ÔÄ»ÔÄ»ÔÄ»ÔÄ»ÔÄ»ÔÄ»ÔÄ»ÔÄ»ÔÄ»ÔÄ»ÔÄ»ÔÄ»ÔÄ»ÔÄ»ÔÄ»[124/288]ÔÄ»[22m[39m

[41m[1m FAIL [22m[49m src/playgrounds/js/JsPlayground.test.tsx[2m > [22mJsPlayground[2m > [22mshows runtime 
errors when execution fails
[41m[1m FAIL [22m[49m src/playgrounds/js/JsPlayground.test.tsx[2m > [22mJsPlayground[2m > [22mshows runtime 
errors when execution fails
[31m[1mTestingLibraryElementError[22m: Unable to find an accessible element with the role "textbox"

There are no accessible roles. But there might be some inaccessible roles. If you wish to access them, then set the 
`hidden` option to `true`. Learn more about this here: 
https://testing-library.com/docs/dom-testing-library/api-queries#byrole

Ignored nodes: comments, script, style
[36m<body />[31m[39m
[90m [2mÔØ»[22m Object.getElementError 
node_modules/.pnpm/@testing-library+dom@10.4.1/node_modules/@testing-library/dom/dist/config.js:[2m37:19[22m[39m
[90m [2mÔØ»[22m node_modules/.pnpm/@testing-library+dom@10.4.1/node_modules/@testing-library/dom/dist/query-helpers.
js:[2m76:38[22m[39m
[90m [2mÔØ»[22m node_modules/.pnpm/@testing-library+dom@10.4.1/node_modules/@testing-library/dom/dist/query-helpers.
js:[2m109:15[22m[39m
[36m [2mÔØ»[22m src/playgrounds/js/JsPlayground.test.tsx:[2m125:28[22m[39m
    [90m123| [39m    [35mawait[39m [34mrenderWithProviders[39m([33m<[39m[33mJsPlayground[39m 
[33m/[39m[33m>[39m)[33m;[39m
    [90m124| [39m
    [90m125| [39m    [35mconst[39m editors [33m=[39m 
screen[33m.[39m[34mgetAllByRole[39m([32m"textbox"[39m)[33m;[39m
    [90m   | [39m                           [31m^[39m
    [90m126| [39m    [35mconst[39m input [33m=[39m editors[[34m0[39m] [35mas[39m 
[33mHTMLTextAreaElement[39m[33m;[39m
    [90m127| [39m

[31m[2mÔÄ»ÔÄ»ÔÄ»ÔÄ»ÔÄ»ÔÄ»ÔÄ»ÔÄ»ÔÄ»ÔÄ»ÔÄ»ÔÄ»ÔÄ»ÔÄ»ÔÄ»ÔÄ»ÔÄ»ÔÄ»ÔÄ»ÔÄ»[125/288]ÔÄ»[22m[39m

[41m[1m FAIL [22m[49m src/playgrounds/js/JsPlayground.test.tsx[2m > [22mJsPlayground[2m > [22mformats and 
minifies input code
[41m[1m FAIL [22m[49m src/playgrounds/js/JsPlayground.test.tsx[2m > [22mJsPlayground[2m > [22mformats and 
minifies input code
[31m[1mTestingLibraryElementError[22m: Unable to find an accessible element with the role "textbox"

There are no accessible roles. But there might be some inaccessible roles. If you wish to access them, then set the 
`hidden` option to `true`. Learn more about this here: 
https://testing-library.com/docs/dom-testing-library/api-queries#byrole

Ignored nodes: comments, script, style
[36m<body />[31m[39m
[90m [2mÔØ»[22m Object.getElementError 
node_modules/.pnpm/@testing-library+dom@10.4.1/node_modules/@testing-library/dom/dist/config.js:[2m37:19[22m[39m
[90m [2mÔØ»[22m node_modules/.pnpm/@testing-library+dom@10.4.1/node_modules/@testing-library/dom/dist/query-helpers.
js:[2m76:38[22m[39m
[90m [2mÔØ»[22m node_modules/.pnpm/@testing-library+dom@10.4.1/node_modules/@testing-library/dom/dist/query-helpers.
js:[2m109:15[22m[39m
[36m [2mÔØ»[22m src/playgrounds/js/JsPlayground.test.tsx:[2m141:28[22m[39m
    [90m139| [39m    [35mawait[39m [34mrenderWithProviders[39m([33m<[39m[33mJsPlayground[39m 
[33m/[39m[33m>[39m)[33m;[39m
    [90m140| [39m
    [90m141| [39m    [35mconst[39m editors [33m=[39m 
screen[33m.[39m[34mgetAllByRole[39m([32m"textbox"[39m)[33m;[39m
    [90m   | [39m                           [31m^[39m
    [90m142| [39m    [35mconst[39m input [33m=[39m editors[[34m0[39m] [35mas[39m 
[33mHTMLTextAreaElement[39m[33m;[39m
    [90m143| [39m    [35mconst[39m output [33m=[39m editors[[34m1[39m] [35mas[39m 
[33mHTMLTextAreaElement[39m[33m;[39m

[31m[2mÔÄ»ÔÄ»ÔÄ»ÔÄ»ÔÄ»ÔÄ»ÔÄ»ÔÄ»ÔÄ»ÔÄ»ÔÄ»ÔÄ»ÔÄ»ÔÄ»ÔÄ»ÔÄ»ÔÄ»ÔÄ»ÔÄ»ÔÄ»[126/288]ÔÄ»[22m[39m

[41m[1m FAIL [22m[49m src/playgrounds/js/JsPlayground.test.tsx[2m > [22mJsPlayground[2m > [22mformats 
multi-line blocks
[41m[1m FAIL [22m[49m src/playgrounds/js/JsPlayground.test.tsx[2m > [22mJsPlayground[2m > [22mformats 
multi-line blocks
[31m[1mTestingLibraryElementError[22m: Unable to find an accessible element with the role "textbox"

There are no accessible roles. But there might be some inaccessible roles. If you wish to access them, then set the 
`hidden` option to `true`. Learn more about this here: 
https://testing-library.com/docs/dom-testing-library/api-queries#byrole

Ignored nodes: comments, script, style
[36m<body />[31m[39m
[90m [2mÔØ»[22m Object.getElementError 
node_modules/.pnpm/@testing-library+dom@10.4.1/node_modules/@testing-library/dom/dist/config.js:[2m37:19[22m[39m
[90m [2mÔØ»[22m node_modules/.pnpm/@testing-library+dom@10.4.1/node_modules/@testing-library/dom/dist/query-helpers.
js:[2m76:38[22m[39m
[90m [2mÔØ»[22m node_modules/.pnpm/@testing-library+dom@10.4.1/node_modules/@testing-library/dom/dist/query-helpers.
js:[2m109:15[22m[39m
[36m [2mÔØ»[22m src/playgrounds/js/JsPlayground.test.tsx:[2m164:28[22m[39m
    [90m162| [39m    [35mawait[39m [34mrenderWithProviders[39m([33m<[39m[33mJsPlayground[39m 
[33m/[39m[33m>[39m)[33m;[39m
    [90m163| [39m
    [90m164| [39m    [35mconst[39m editors [33m=[39m 
screen[33m.[39m[34mgetAllByRole[39m([32m"textbox"[39m)[33m;[39m
    [90m   | [39m                           [31m^[39m
    [90m165| [39m    [35mconst[39m input [33m=[39m editors[[34m0[39m] [35mas[39m 
[33mHTMLTextAreaElement[39m[33m;[39m
    [90m166| [39m    [35mconst[39m output [33m=[39m editors[[34m1[39m] [35mas[39m 
[33mHTMLTextAreaElement[39m[33m;[39m

[31m[2mÔÄ»ÔÄ»ÔÄ»ÔÄ»ÔÄ»ÔÄ»ÔÄ»ÔÄ»ÔÄ»ÔÄ»ÔÄ»ÔÄ»ÔÄ»ÔÄ»ÔÄ»ÔÄ»ÔÄ»ÔÄ»ÔÄ»ÔÄ»[127/288]ÔÄ»[22m[39m

[41m[1m FAIL [22m[49m src/playgrounds/js/JsPlayground.test.tsx[2m > [22mJsPlayground[2m > [22mminifies by 
removing comments and whitespace
[41m[1m FAIL [22m[49m src/playgrounds/js/JsPlayground.test.tsx[2m > [22mJsPlayground[2m > [22mminifies by 
removing comments and whitespace
[31m[1mTestingLibraryElementError[22m: Unable to find an accessible element with the role "textbox"

There are no accessible roles. But there might be some inaccessible roles. If you wish to access them, then set the 
`hidden` option to `true`. Learn more about this here: 
https://testing-library.com/docs/dom-testing-library/api-queries#byrole

Ignored nodes: comments, script, style
[36m<body />[31m[39m
[90m [2mÔØ»[22m Object.getElementError 
node_modules/.pnpm/@testing-library+dom@10.4.1/node_modules/@testing-library/dom/dist/config.js:[2m37:19[22m[39m
[90m [2mÔØ»[22m node_modules/.pnpm/@testing-library+dom@10.4.1/node_modules/@testing-library/dom/dist/query-helpers.
js:[2m76:38[22m[39m
[90m [2mÔØ»[22m node_modules/.pnpm/@testing-library+dom@10.4.1/node_modules/@testing-library/dom/dist/query-helpers.
js:[2m109:15[22m[39m
[36m [2mÔØ»[22m src/playgrounds/js/JsPlayground.test.tsx:[2m183:28[22m[39m
    [90m181| [39m    [35mawait[39m [34mrenderWithProviders[39m([33m<[39m[33mJsPlayground[39m 
[33m/[39m[33m>[39m)[33m;[39m
    [90m182| [39m
    [90m183| [39m    [35mconst[39m editors [33m=[39m 
screen[33m.[39m[34mgetAllByRole[39m([32m"textbox"[39m)[33m;[39m
    [90m   | [39m                           [31m^[39m
    [90m184| [39m    [35mconst[39m input [33m=[39m editors[[34m0[39m] [35mas[39m 
[33mHTMLTextAreaElement[39m[33m;[39m
    [90m185| [39m    [35mconst[39m output [33m=[39m editors[[34m1[39m] [35mas[39m 
[33mHTMLTextAreaElement[39m[33m;[39m

[31m[2mÔÄ»ÔÄ»ÔÄ»ÔÄ»ÔÄ»ÔÄ»ÔÄ»ÔÄ»ÔÄ»ÔÄ»ÔÄ»ÔÄ»ÔÄ»ÔÄ»ÔÄ»ÔÄ»ÔÄ»ÔÄ»ÔÄ»ÔÄ»[128/288]ÔÄ»[22m[39m

[41m[1m FAIL [22m[49m src/playgrounds/timestamp/TimestampPlayground.test.tsx[2m > [22mTimestampPlayground[2m > 
[22mrenders with example timestamp
[41m[1m FAIL [22m[49m src/playgrounds/timestamp/TimestampPlayground.test.tsx[2m > [22mTimestampPlayground[2m > 
[22mrenders with example timestamp
[31m[1mTestingLibraryElementError[22m: Unable to find an element with the placeholder text of: /Unix timestamp o 
fecha/i

Ignored nodes: comments, script, style
[36m<body />[31m[39m
[90m [2mÔØ»[22m Object.getElementError 
node_modules/.pnpm/@testing-library+dom@10.4.1/node_modules/@testing-library/dom/dist/config.js:[2m37:19[22m[39m
[90m [2mÔØ»[22m node_modules/.pnpm/@testing-library+dom@10.4.1/node_modules/@testing-library/dom/dist/query-helpers.
js:[2m76:38[22m[39m
[90m [2mÔØ»[22m node_modules/.pnpm/@testing-library+dom@10.4.1/node_modules/@testing-library/dom/dist/query-helpers.
js:[2m52:17[22m[39m
[90m [2mÔØ»[22m node_modules/.pnpm/@testing-library+dom@10.4.1/node_modules/@testing-library/dom/dist/query-helpers.
js:[2m95:19[22m[39m
[36m [2mÔØ»[22m src/playgrounds/timestamp/TimestampPlayground.test.tsx:[2m80:19[22m[39m
    [90m 78| [39m    [34mrenderWithProviders[39m([33m<[39m[33mTimestampPlayground[39m 
[33m/[39m[33m>[39m)[33m;[39m
    [90m 79| [39m
    [90m 80| [39m    expect(screen.getByPlaceholderText(/Unix timestamp o fecha/i)).toBÔÇª
    [90m   | [39m                  [31m^[39m
    [90m 81| [39m  })[33m;[39m
    [90m 82| [39m

[31m[2mÔÄ»ÔÄ»ÔÄ»ÔÄ»ÔÄ»ÔÄ»ÔÄ»ÔÄ»ÔÄ»ÔÄ»ÔÄ»ÔÄ»ÔÄ»ÔÄ»ÔÄ»ÔÄ»ÔÄ»ÔÄ»ÔÄ»ÔÄ»[129/288]ÔÄ»[22m[39m

[41m[1m FAIL [22m[49m src/playgrounds/timestamp/TimestampPlayground.test.tsx[2m > [22mTimestampPlayground[2m > 
[22mrenders convert button
[41m[1m FAIL [22m[49m src/playgrounds/timestamp/TimestampPlayground.test.tsx[2m > [22mTimestampPlayground[2m > 
[22mrenders convert button
[31m[1mTestingLibraryElementError[22m: Unable to find an accessible element with the role "button" and name 
`/Convertir/i`

There are no accessible roles. But there might be some inaccessible roles. If you wish to access them, then set the 
`hidden` option to `true`. Learn more about this here: 
https://testing-library.com/docs/dom-testing-library/api-queries#byrole

Ignored nodes: comments, script, style
[36m<body />[31m[39m
[90m [2mÔØ»[22m Object.getElementError 
node_modules/.pnpm/@testing-library+dom@10.4.1/node_modules/@testing-library/dom/dist/config.js:[2m37:19[22m[39m
[90m [2mÔØ»[22m node_modules/.pnpm/@testing-library+dom@10.4.1/node_modules/@testing-library/dom/dist/query-helpers.
js:[2m76:38[22m[39m
[90m [2mÔØ»[22m node_modules/.pnpm/@testing-library+dom@10.4.1/node_modules/@testing-library/dom/dist/query-helpers.
js:[2m52:17[22m[39m
[90m [2mÔØ»[22m node_modules/.pnpm/@testing-library+dom@10.4.1/node_modules/@testing-library/dom/dist/query-helpers.
js:[2m95:19[22m[39m
[36m [2mÔØ»[22m src/playgrounds/timestamp/TimestampPlayground.test.tsx:[2m86:19[22m[39m
    [90m 84| [39m    [34mrenderWithProviders[39m([33m<[39m[33mTimestampPlayground[39m 
[33m/[39m[33m>[39m)[33m;[39m
    [90m 85| [39m
    [90m 86| [39m    expect(screen.getByRole("button", { name: /Convertir/i })).toBeInTÔÇª
    [90m   | [39m                  [31m^[39m
    [90m 87| [39m  })[33m;[39m
    [90m 88| [39m

[31m[2mÔÄ»ÔÄ»ÔÄ»ÔÄ»ÔÄ»ÔÄ»ÔÄ»ÔÄ»ÔÄ»ÔÄ»ÔÄ»ÔÄ»ÔÄ»ÔÄ»ÔÄ»ÔÄ»ÔÄ»ÔÄ»ÔÄ»ÔÄ»[130/288]ÔÄ»[22m[39m

[41m[1m FAIL [22m[49m src/playgrounds/timestamp/TimestampPlayground.test.tsx[2m > [22mTimestampPlayground[2m > 
[22mrenders now button
[41m[1m FAIL [22m[49m src/playgrounds/timestamp/TimestampPlayground.test.tsx[2m > [22mTimestampPlayground[2m > 
[22mrenders now button
[31m[1mTestingLibraryElementError[22m: Unable to find an accessible element with the role "button" and name 
`/Ahora/i`

There are no accessible roles. But there might be some inaccessible roles. If you wish to access them, then set the 
`hidden` option to `true`. Learn more about this here: 
https://testing-library.com/docs/dom-testing-library/api-queries#byrole

Ignored nodes: comments, script, style
[36m<body />[31m[39m
[90m [2mÔØ»[22m Object.getElementError 
node_modules/.pnpm/@testing-library+dom@10.4.1/node_modules/@testing-library/dom/dist/config.js:[2m37:19[22m[39m
[90m [2mÔØ»[22m node_modules/.pnpm/@testing-library+dom@10.4.1/node_modules/@testing-library/dom/dist/query-helpers.
js:[2m76:38[22m[39m
[90m [2mÔØ»[22m node_modules/.pnpm/@testing-library+dom@10.4.1/node_modules/@testing-library/dom/dist/query-helpers.
js:[2m52:17[22m[39m
[90m [2mÔØ»[22m node_modules/.pnpm/@testing-library+dom@10.4.1/node_modules/@testing-library/dom/dist/query-helpers.
js:[2m95:19[22m[39m
[36m [2mÔØ»[22m src/playgrounds/timestamp/TimestampPlayground.test.tsx:[2m92:19[22m[39m
    [90m 90| [39m    [34mrenderWithProviders[39m([33m<[39m[33mTimestampPlayground[39m 
[33m/[39m[33m>[39m)[33m;[39m
    [90m 91| [39m
    [90m 92| [39m    expect(screen.getByRole("button", { name: /Ahora/i })).toBeInTheDoÔÇª
    [90m   | [39m                  [31m^[39m
    [90m 93| [39m  })[33m;[39m
    [90m 94| [39m

[31m[2mÔÄ»ÔÄ»ÔÄ»ÔÄ»ÔÄ»ÔÄ»ÔÄ»ÔÄ»ÔÄ»ÔÄ»ÔÄ»ÔÄ»ÔÄ»ÔÄ»ÔÄ»ÔÄ»ÔÄ»ÔÄ»ÔÄ»ÔÄ»[131/288]ÔÄ»[22m[39m

[41m[1m FAIL [22m[49m src/playgrounds/timestamp/TimestampPlayground.test.tsx[2m > [22mTimestampPlayground[2m > 
[22mrenders clear button
[41m[1m FAIL [22m[49m src/playgrounds/timestamp/TimestampPlayground.test.tsx[2m > [22mTimestampPlayground[2m > 
[22mrenders clear button
[31m[1mTestingLibraryElementError[22m: Unable to find an accessible element with the role "button" and name 
`/Limpiar/i`

There are no accessible roles. But there might be some inaccessible roles. If you wish to access them, then set the 
`hidden` option to `true`. Learn more about this here: 
https://testing-library.com/docs/dom-testing-library/api-queries#byrole

Ignored nodes: comments, script, style
[36m<body />[31m[39m
[90m [2mÔØ»[22m Object.getElementError 
node_modules/.pnpm/@testing-library+dom@10.4.1/node_modules/@testing-library/dom/dist/config.js:[2m37:19[22m[39m
[90m [2mÔØ»[22m node_modules/.pnpm/@testing-library+dom@10.4.1/node_modules/@testing-library/dom/dist/query-helpers.
js:[2m76:38[22m[39m
[90m [2mÔØ»[22m node_modules/.pnpm/@testing-library+dom@10.4.1/node_modules/@testing-library/dom/dist/query-helpers.
js:[2m52:17[22m[39m
[90m [2mÔØ»[22m node_modules/.pnpm/@testing-library+dom@10.4.1/node_modules/@testing-library/dom/dist/query-helpers.
js:[2m95:19[22m[39m
[36m [2mÔØ»[22m src/playgrounds/timestamp/TimestampPlayground.test.tsx:[2m98:19[22m[39m
    [90m 96| [39m    [34mrenderWithProviders[39m([33m<[39m[33mTimestampPlayground[39m 
[33m/[39m[33m>[39m)[33m;[39m
    [90m 97| [39m
    [90m 98| [39m    expect(screen.getByRole("button", { name: /Limpiar/i })).toBeInTheÔÇª
    [90m   | [39m                  [31m^[39m
    [90m 99| [39m  })[33m;[39m
    [90m100| [39m

[31m[2mÔÄ»ÔÄ»ÔÄ»ÔÄ»ÔÄ»ÔÄ»ÔÄ»ÔÄ»ÔÄ»ÔÄ»ÔÄ»ÔÄ»ÔÄ»ÔÄ»ÔÄ»ÔÄ»ÔÄ»ÔÄ»ÔÄ»ÔÄ»[132/288]ÔÄ»[22m[39m

[41m[1m FAIL [22m[49m src/playgrounds/timestamp/TimestampPlayground.test.tsx[2m > [22mTimestampPlayground[2m > 
[22mrenders timezone selector
[41m[1m FAIL [22m[49m src/playgrounds/timestamp/TimestampPlayground.test.tsx[2m > [22mTimestampPlayground[2m > 
[22mrenders timezone selector
[31m[1mTestingLibraryElementError[22m: Unable to find an element with the text: /Zona horaria:/i. This could be 
because the text is broken up by multiple elements. In this case, you can provide a function for your text matcher to 
make your matcher more flexible.

Ignored nodes: comments, script, style
[36m<body />[31m[39m
[90m [2mÔØ»[22m Object.getElementError 
node_modules/.pnpm/@testing-library+dom@10.4.1/node_modules/@testing-library/dom/dist/config.js:[2m37:19[22m[39m
[90m [2mÔØ»[22m node_modules/.pnpm/@testing-library+dom@10.4.1/node_modules/@testing-library/dom/dist/query-helpers.
js:[2m76:38[22m[39m
[90m [2mÔØ»[22m node_modules/.pnpm/@testing-library+dom@10.4.1/node_modules/@testing-library/dom/dist/query-helpers.
js:[2m52:17[22m[39m
[90m [2mÔØ»[22m node_modules/.pnpm/@testing-library+dom@10.4.1/node_modules/@testing-library/dom/dist/query-helpers.
js:[2m95:19[22m[39m
[36m [2mÔØ»[22m src/playgrounds/timestamp/TimestampPlayground.test.tsx:[2m104:19[22m[39m
    [90m102| [39m    [34mrenderWithProviders[39m([33m<[39m[33mTimestampPlayground[39m 
[33m/[39m[33m>[39m)[33m;[39m
    [90m103| [39m
    [90m104| [39m    [34mexpect[39m(screen[33m.[39m[34mgetByText[39m([36m/Zona 
horaria:/i[39m))[33m.[39m[34mtoBeInTheDocument[39m()[33m;[39m
    [90m   | [39m                  [31m^[39m
    [90m105| [39m    [34mexpect[39m(screen[33m.[39m[34mgetByRole[39m([32m"combobox"[39m))[33m.[39m[34mtoBe
InTheDocument[39m()[33m;[39m
    [90m106| [39m  })[33m;[39m

[31m[2mÔÄ»ÔÄ»ÔÄ»ÔÄ»ÔÄ»ÔÄ»ÔÄ»ÔÄ»ÔÄ»ÔÄ»ÔÄ»ÔÄ»ÔÄ»ÔÄ»ÔÄ»ÔÄ»ÔÄ»ÔÄ»ÔÄ»ÔÄ»[133/288]ÔÄ»[22m[39m

[41m[1m FAIL [22m[49m src/playgrounds/timestamp/TimestampPlayground.test.tsx[2m > [22mTimestampPlayground[2m > 
[22mconverts valid timestamp when convert button is clicked
[41m[1m FAIL [22m[49m src/playgrounds/timestamp/TimestampPlayground.test.tsx[2m > [22mTimestampPlayground[2m > 
[22mconverts valid timestamp when convert button is clicked
[31m[1mTestingLibraryElementError[22m: Unable to find an element with the placeholder text of: /Unix timestamp o 
fecha/i

Ignored nodes: comments, script, style
[36m<body />[31m[39m
[90m [2mÔØ»[22m Object.getElementError 
node_modules/.pnpm/@testing-library+dom@10.4.1/node_modules/@testing-library/dom/dist/config.js:[2m37:19[22m[39m
[90m [2mÔØ»[22m node_modules/.pnpm/@testing-library+dom@10.4.1/node_modules/@testing-library/dom/dist/query-helpers.
js:[2m76:38[22m[39m
[90m [2mÔØ»[22m node_modules/.pnpm/@testing-library+dom@10.4.1/node_modules/@testing-library/dom/dist/query-helpers.
js:[2m52:17[22m[39m
[90m [2mÔØ»[22m node_modules/.pnpm/@testing-library+dom@10.4.1/node_modules/@testing-library/dom/dist/query-helpers.
js:[2m95:19[22m[39m
[36m [2mÔØ»[22m src/playgrounds/timestamp/TimestampPlayground.test.tsx:[2m111:26[22m[39m
    [90m109| [39m    [34mrenderWithProviders[39m([33m<[39m[33mTimestampPlayground[39m 
[33m/[39m[33m>[39m)[33m;[39m
    [90m110| [39m
    [90m111| [39m    const input = screen.getByPlaceholderText(/Unix timestamp o fecha/ÔÇª
    [90m   | [39m                         [31m^[39m
    [90m112| [39m    [35mawait[39m [34mact[39m([35masync[39m () [33m=>[39m {
    [90m113| [39m      fireEvent[33m.[39m[34mchange[39m(input[33m,[39m { target[33m:[39m { value[33m:[39m 
[32m"1704067200"[39m } })[33m;[39m

[31m[2mÔÄ»ÔÄ»ÔÄ»ÔÄ»ÔÄ»ÔÄ»ÔÄ»ÔÄ»ÔÄ»ÔÄ»ÔÄ»ÔÄ»ÔÄ»ÔÄ»ÔÄ»ÔÄ»ÔÄ»ÔÄ»ÔÄ»ÔÄ»[134/288]ÔÄ»[22m[39m

[41m[1m FAIL [22m[49m src/playgrounds/timestamp/TimestampPlayground.test.tsx[2m > [22mTimestampPlayground[2m > 
[22mshows current timestamp when now button is clicked
[41m[1m FAIL [22m[49m src/playgrounds/timestamp/TimestampPlayground.test.tsx[2m > [22mTimestampPlayground[2m > 
[22mshows current timestamp when now button is clicked
[31m[1mTestingLibraryElementError[22m: Unable to find an accessible element with the role "button" and name 
`/Ahora/i`

There are no accessible roles. But there might be some inaccessible roles. If you wish to access them, then set the 
`hidden` option to `true`. Learn more about this here: 
https://testing-library.com/docs/dom-testing-library/api-queries#byrole

Ignored nodes: comments, script, style
[36m<body />[31m[39m
[90m [2mÔØ»[22m Object.getElementError 
node_modules/.pnpm/@testing-library+dom@10.4.1/node_modules/@testing-library/dom/dist/config.js:[2m37:19[22m[39m
[90m [2mÔØ»[22m node_modules/.pnpm/@testing-library+dom@10.4.1/node_modules/@testing-library/dom/dist/query-helpers.
js:[2m76:38[22m[39m
[90m [2mÔØ»[22m node_modules/.pnpm/@testing-library+dom@10.4.1/node_modules/@testing-library/dom/dist/query-helpers.
js:[2m52:17[22m[39m
[90m [2mÔØ»[22m node_modules/.pnpm/@testing-library+dom@10.4.1/node_modules/@testing-library/dom/dist/query-helpers.
js:[2m95:19[22m[39m
[36m [2mÔØ»[22m src/playgrounds/timestamp/TimestampPlayground.test.tsx:[2m128:27[22m[39m
    [90m126| [39m    [34mrenderWithProviders[39m([33m<[39m[33mTimestampPlayground[39m 
[33m/[39m[33m>[39m)[33m;[39m
    [90m127| [39m
    [90m128| [39m    [35mconst[39m nowBtn [33m=[39m 
screen[33m.[39m[34mgetByRole[39m([32m"button"[39m[33m,[39m { name[33m:[39m [36m/Ahora/i[39m })[33m;[39m
    [90m   | [39m                          [31m^[39m
    [90m129| [39m    [35mawait[39m [34mact[39m([35masync[39m () [33m=>[39m {
    [90m130| [39m      fireEvent[33m.[39m[34mclick[39m(nowBtn)[33m;[39m

[31m[2mÔÄ»ÔÄ»ÔÄ»ÔÄ»ÔÄ»ÔÄ»ÔÄ»ÔÄ»ÔÄ»ÔÄ»ÔÄ»ÔÄ»ÔÄ»ÔÄ»ÔÄ»ÔÄ»ÔÄ»ÔÄ»ÔÄ»ÔÄ»[135/288]ÔÄ»[22m[39m

[41m[1m FAIL [22m[49m src/playgrounds/timestamp/TimestampPlayground.test.tsx[2m > [22mTimestampPlayground[2m > 
[22mclears input when clear button is clicked
[41m[1m FAIL [22m[49m src/playgrounds/timestamp/TimestampPlayground.test.tsx[2m > [22mTimestampPlayground[2m > 
[22mclears input when clear button is clicked
[31m[1mTestingLibraryElementError[22m: Unable to find an element with the placeholder text of: /Unix timestamp o 
fecha/i

Ignored nodes: comments, script, style
[36m<body />[31m[39m
[90m [2mÔØ»[22m Object.getElementError 
node_modules/.pnpm/@testing-library+dom@10.4.1/node_modules/@testing-library/dom/dist/config.js:[2m37:19[22m[39m
[90m [2mÔØ»[22m node_modules/.pnpm/@testing-library+dom@10.4.1/node_modules/@testing-library/dom/dist/query-helpers.
js:[2m76:38[22m[39m
[90m [2mÔØ»[22m node_modules/.pnpm/@testing-library+dom@10.4.1/node_modules/@testing-library/dom/dist/query-helpers.
js:[2m52:17[22m[39m
[90m [2mÔØ»[22m node_modules/.pnpm/@testing-library+dom@10.4.1/node_modules/@testing-library/dom/dist/query-helpers.
js:[2m95:19[22m[39m
[36m [2mÔØ»[22m src/playgrounds/timestamp/TimestampPlayground.test.tsx:[2m140:26[22m[39m
    [90m138| [39m    [34mrenderWithProviders[39m([33m<[39m[33mTimestampPlayground[39m 
[33m/[39m[33m>[39m)[33m;[39m
    [90m139| [39m
    [90m140| [39m    const input = screen.getByPlaceholderText(/Unix timestamp o fecha/ÔÇª
    [90m   | [39m                         [31m^[39m
    [90m141| [39m    [35mawait[39m [34mact[39m([35masync[39m () [33m=>[39m {
    [90m142| [39m      fireEvent[33m.[39m[34mchange[39m(input[33m,[39m { target[33m:[39m { value[33m:[39m 
[32m"1704067200"[39m } })[33m;[39m

[31m[2mÔÄ»ÔÄ»ÔÄ»ÔÄ»ÔÄ»ÔÄ»ÔÄ»ÔÄ»ÔÄ»ÔÄ»ÔÄ»ÔÄ»ÔÄ»ÔÄ»ÔÄ»ÔÄ»ÔÄ»ÔÄ»ÔÄ»ÔÄ»[136/288]ÔÄ»[22m[39m

[41m[1m FAIL [22m[49m src/services/json/worker.test.ts[2m > [22mworker async services[2m > [22muses worker for 
large format input and returns success
[41m[1m FAIL [22m[49m src/services/json/worker.test.ts[2m > [22mworker async services[2m > [22muses worker for 
large format input and returns success
[31m[1mAssertionError[22m: expected { ok: true, ÔÇª(1) } to deeply equal { ok: true, value: 'formatted' }[39m

[32m- Expected[39m
[31m+ Received[39m

[2m  {[22m
[2m    "ok": true,[22m
[32m-   "value": "formatted",[39m
[31m+   "value": "{[39m
[31m+   \"data\": \"xxxxxxxxxxxxxxxxxxxxxxxxxxxxxxxxxxxxxxxxxxxxxxxxxxxxxxxxxxxxxxxxxxxxxxxxxxxxxxxxxxxxxxxxxxxxxxxxxx
xxxxxxxxxxxxxxxxxxxxxxxxxxxxxxxxxxxxxxxxxxxxxxxxxxxxxxxxxxxxxxxxxxxxxxxxxxxxxxxxxxxxxxxxxxxxxxxxxxxxxxxxxxxxxxxxxxxxxxx
xxxxxxxxxxxxxxxxxxxxxxxxxxxxxxxxxxxxxxxxxxxxxxxxxxxxxxxxxxxxxxxxxxxxxxxxxxxxxxxxxxxxxxxxxxxxxxxxxxxxxxxxxxxxxxxxxxxxxxx
xxxxxxxxxxxxxxxxxxxxxxxxxxxxxxxxxxxxxxxxxxxxxxxxxxxxxxxxxxxxxxxxxxxxxxxxxxxxxxxxxxxxxxxxxxxxxxxxxxxxxxxxxxxxxxxxxxxxxxx
xxxxxxxxxxxxxxxxxxxxxxxxxxxxxxxxxxxxxxxxxxxxxxxxxxxxxxxxxxxxxxxxxxxxxxxxxxxxxxxxxxxxxxxxxxxxxxxxxxxxxxxxxxxxxxxxxxxxxxx
xxxxxxxxxxxxxxxxxxxxxxxxxxxxxxxxxxxxxxxxxxxxxxxxxxxxxxxxxxxxxxxxxxxxxxxxxxxxxxxxxxxxxxxxxxxxxxxxxxxxxxxxxxxxxxxxxxxxxxx
xxxxxxxxxxxxxxxxxxxxxxxxxxxxxxxxxxxxxxxxxxxxxxxxxxxxxxxxxxxxxxxxxxxxxxxxxxxxxxxxxxxxxxxxxxxxxxxxxxxxxxxxxxxxxxxxxxxxxxx
xxxxxxxxxxxxxxxxxxxxxxxxxxxxxxxxxxxxxxxxxxxxxxxxxxxxxxxxxxxxxxxxxxxxxxxxxxxxxxxxxxxxxxxxxxxxxxxxxxxxxxxxxxxxxxxxxxxxxxx
xxxxxxxxxxxxxxxxxxxxxxxxxxxxxxxxxxxxxxxxxxxxxxxxxxxxxxxxxxxxxxxxxxxxxxxxxxxxxxxxxxxxxxxxxxxxxxxxxxxxxxxxxxxxxxxxxxxxxxx
xxxxxxxxxxxxxxxxxxxxxxxxxxxxxxxxxxxxxxxxxxxxxxxxxxxxxxxxxxxxxxxxxxxxxxxxxxxxxxxxxxxxxxxxxxxxxxxxxxxxxxxxxxxxxxxxxxxxxxx
xxxxxxxxxxxxxxxxxxxxxxxxxxxxxxxxxxxxxxxxxxxxxxxxxxxxxxxxxxxxxxxxxxxxxxxxxxxxxxxxxxxxxxxxxxxxxxxxxxxxxxxxxxxxxxxxxxxxxxx
xxxxxxxxxxxxxxxxxxxxxxxxxxxxxxxxxxxxxxxxxxxxxxxxxxxxxxxxxxxxxxxxxxxxxxxxxxxxxxxxxxxxxxxxxxxxxxxxxxxxxxxxxxxxxxxxxxxxxxx
xxxxxxxxxxxxxxxxxxxxxxxxxxxxxxxxxxxxxxxxxxxxxxxxxxxxxxxxxxxxxxxxxxxxxxxxxxxxxxxxxxxxxxxxxxxxxxxxxxxxxxxxxxxxxxxxxxxxxxx
xxxxxxxxxxxxxxxxxxxxxxxxxxxxxxxxxxxxxxxxxxxxxxxxxxxxxxxxxxxxxxxxxxxxxxxxxxxxxxxxxxxxxxxxxxxxxxxxxxxxxxxxxxxxxxxxxxxxxxx
xxxxxxxxxxxxxxxxxxxxxxxxxxxxxxxxxxxxxxxxxxxxxxxxxxxxxxxxxxxxxxxxxxxxxxxxxxxxxxxxxxxxxxxxxxxxxxxxxxxxxxxxxxxxxxxxxxxxxxx
xxxxxxxxxxxxxxxxxxxxxxxxxxxxxxxxxxxxxxxxxxxxxxxxxxxxxxxxxxxxxxxxxxxxxxxxxxxxxxxxxxxxxxxxxxxxxxxxxxxxxxxxxxxxxxxxxxxxxxx
xxxxxxxxxxxxxxxxxxxxxxxxxxxxxxxxxxxxxxxxxxxxxxxxxxxxxxxxxxxxxxxxxxxxxxxxxxxxxxxxxxxxxxxxxxxxxxxxxxxxxxxxxxxxxxxxxxxxxxx
xxxxxxxxxxxxxxxxxxxxxxxxxxxxxxxxxxxxxxxxxxxxxxxxxxxxxxxxxxxxxxxxxxxxxxxxxxxxxxxxxxxxxxxxxxxxxxxxxxxxxxxxxxxxxxxxxxxxxxx
xxxxxxxxxxxxxxxxxxxxxxxxxxxxxxxxxxxxxxxxxxxxxxxxxxxxxxxxxxxxxxxxxxxxxxxxxxxxxxxxxxxxxxxxxxxxxxxxxxxxxxxxxxxxxxxxxxxxxxx
xxxxxxxxxxxxxxxxxxxxxxxxxxxxxxxxxxxxxxxxxxxxxxxxxxxxxxxxxxxxxxxxxxxxxxxxxxxxxxxxxxxxxxxxxxxxxxxxxxxxxxxxxxxxxxxxxxxxxxx
xxxxxxxxxxxxxxxxxxxxxxxxxxxxxxxxxxxxxxxxxxxxxxxxxxxxxxxxxxxxxxxxxxxxxxxxxxxxxxxxxxxxxxxxxxxxxxxxxxxxxxxxxxxxxxxxxxxxxxx
xxxxxxxxxxxxxxxxxxxxxxxxxxxxxxxxxxxxxxxxxxxxxxxxxxxxxxxxxxxxxxxxxxxxxxxxxxxxxxxxxxxxxxxxxxxxxxxxxxxxxxxxxxxxxxxxxxxxxxx
xxxxxxxxxxxxxxxxxxxxxxxxxxxxxxxxxxxxxxxxxxxxxxxxxxxxxxxxxxxxxxxxxxxxxxxxxxxxxxxxxxxxxxxxxxxxxxxxxxxxxxxxxxxxxxxxxxxxxxx
xxxxxxxxxxxxxxxxxxxxxxxxxxxxxxxxxxxxxxxxxxxxxxxxxxxxxxxxxxxxxxxxxxxxxxxxxxxxxxxxxxxxxxxxxxxxxxxxxxxxxxxxxxxxxxxxxxxxxxx
xxxxxxxxxxxxxxxxxxxxxxxxxxxxxxxxxxxxxxxxxxxxxxxxxxxxxxxxxxxxxxxxxxxxxxxxxxxxxxxxxxxxxxxxxxxxxxxxxxxxxxxxxxxxxxxxxxxxxxx
xxxxxxxxxxxxxxxxxxxxxxxxxxxxxxxxxxxxxxxxxxxxxxxxxxxxxxxxxxxxxxxxxxxxxxxxxxxxxxxxxxxxxxxxxxxxxxxxxxxxxxxxxxxxxxxxxxxxxxx
xxxxxxxxxxxxxxxxxxxxxxxxxxxxxxxxxxxxxxxxxxxxxxxxxxxxxxxxxxxxxxxxxxxxxxxxxxxxxxxxxxxxxxxxxxxxxxxxxxxxxxxxxxxxxxxxxxxxxxx
xxxxxxxxxxxxxxxxxxxxxxxxxxxxxxxxxxxxxxxxxxxxxxxxxxxxxxxxxxxxxxxxxxxxxxxxxxxxxxxxxxxxxxxxxxxxxxxxxxxxxxxxxxxxxxxxxxxxxxx
xxxxxxxxxxxxxxxxxxxxxxxxxxxxxxxxxxxxxxxxxxxxxxxxxxxxxxxxxxxxxxxxxxxxxxxxxxxxxxxxxxxxxxxxxxxxxxxxxxxxxxxxxxxxxxxxxxxxxxx
xxxxxxxxxxxxxxxxxxxxxxxxxxxxxxxxxxxxxxxxxxxxxxxxxxxxxxxxxxxxxxxxxxxxxxxxxxxxxxxxxxxxxxxxxxxxxxxxxxxxxxxxxxxxxxxxxxxxxxx
xxxxxxxxxxxxxxxxxxxxxxxxxxxxxxxxxxxxxxxxxxxxxxxxxxxxxxxxxxxxxxxxxxxxxxxxxxxxxxxxxxxxxxxxxxxxxxxxxxxxxxxxxxxxxxxxxxxxxxx
xxxxxxxxxxxxxxxxxxxxxxxxxxxxxxxxxxxxxxxxxxxxxxxxxxxxxxxxxxxxxxxxxxxxxxxxxxxxxxxxxxxxxxxxxxxxxxxxxxxxxxxxxxxxxxxxxxxxxxx
xxxxxxxxxxxxxxxxxxxxxxxxxxxxxxxxxxxxxxxxxxxxxxxxxxxxxxxxxxxxxxxxxxxxxxxxxxxxxxxxxxxxxxxxxxxxxxxxxxxxxxxxxxxxxxxxxxxxxxx
xxxxxxxxxxxxxxxxxxxxxxxxxxxxxxxxxxxxxxxxxxxxxxxxxxxxxxxxxxxxxxxxxxxxxxxxxxxxxxxxxxxxxxxxxxxxxxxxxxxxxxxxxxxxxxxxxxxxxxx
xxxxxxxxxxxxxxxxxxxxxxxxxxxxxxxxxxxxxxxxxxxxxxxxxxxxxxxxxxxxxxxxxxxxxxxxxxxxxxxxxxxxxxxxxxxxxxxxxxxxxxxxxxxxxxxxxxxxxxx
xxxxxxxxxxxxxxxxxxxxxxxxxxxxxxxxxxxxxxxxxxxxxxxxxxxxxxxxxxxxxxxxxxxxxxxxxxxxxxxxxxxxxxxxxxxxxxxxxxxxxxxxxxxxxxxxxxxxxxx
xxxxxxxxxxxxxxxxxxxxxxxxxxxxxxxxxxxxxxxxxxxxxxxxxxxxxxxxxxxxxxxxxxxxxxxxxxxxxxxxxxxxxxxxxxxxxxxxxxxxxxxxxxxxxxxxxxxxxxx
xxxxxxxxxxxxxxxxxxxxxxxxxxxxxxxxxxxxxxxxxxxxxxxxxxxxxxxxxxxxxxxxxxxxxxxxxxxxxxxxxxxxxxxxxxxxxxxxxxxxxxxxxxxxxxxxxxxxxxx
xxxxxxxxxxxxxxxxxxxxxxxxxxxxxxxxxxxxxxxxxxxxxxxxxxxxxxxxxxxxxxxxxxxxxxxxxxxxxxxxxxxxxxxxxxxxxxxxxxxxxxxxxxxxxxxxxxxxxxx
xxxxxxxxxxxxxxxxxxxxxxxxxxxxxxxxxxxxxxxxxxxxxxxxxxxxxxxxxxxxxxxxxxxxxxxxxxxxxxxxxxxxxxxxxxxxxxxxxxxxxxxxxxxxxxxxxxxxxxx
xxxxxxxxxxxxxxxxxxxxxxxxxxxxxxxxxxxxxxxxxxxxxxxxxxxxxxxxxxxxxxxxxxxxxxxxxxxxxxxxxxxxxxxxxxxxxxxxxxxxxxxxxxxxxxxxxxxxxxx
xxxxxxxxxxxxxxxxxxxxxxxxxxxxxxxxxxxxxxxxxxxxxxxxxxxxxxxxxxxxxxxxxxxxxxxxxxxxxxxxxxxxxxxxxxxxxxxxxxxxxxxxxxxxxxxxxxxxxxx
xxxxxxxxxxxxxxxxxxxxxxxxxxxxxxxxxxxxxxxxxxxxxxxxxxxxxxxxxxxxxxxxxxxxxxxxxxxxxxxxxxxxxxxxxxxxxxxxxxxxxxxxxxxxxxxxxxxxxxx
xxxxxxxxxxxxxxxxxxxxxxxxxxxxxxxxxxxxxxxxxxxxxxxxxxxxxxxxxxxxxxxxxxxxxxxxxxxxxxxxxxxxxxxxxxxxxxxxxxxxxxxxxxxxxxxxxxxxxxx
xxxxxxxxxxxxxxxxxxxxxxxxxxxxxxxxxxxxxxxxxxxxxxxxxxxxxxxxxxxxxxxxxxxxxxxxxxxxxxxxxxxxxxxxxxxxxxxxxxxxxxxxxxxxxxxxxxxxxxx
xxxxxxxxxxxxxxxxxxxxxxxxxxxxxxxxxxxxxxxxxxxxxxxxxxxxxxxxxxxxxxxxxxxxxxxxxxxxxxxxxxxxxxxxxxxxxxxxxxxxxxxxxxxxxxxxxxxxxxx
xxxxxxxxxxxxxxxxxxxxxxxxxxxxxxxxxxxxxxxxxxxxxxxxxxxxxxxxxxxxxxxxxxxxxxxxxxxxxxxxxxxxxxxxxxxxxxxxxxxxxxxxxxxxxxxxxxxxxxx
xxxxxxxxxxxxxxxxxxxxxxxxxxxxxxxxxxxxxxxxxxxxxxxxxxxxxxxxxxxxxxxxxxxxxxxxxxxxxxxxxxxxxxxxxxxxxxxxxxxxxxxxxxxxxxxxxxxxxxx
xxxxxxxxxxxxxxxxxxxxxxxxxxxxxxxxxxxxxxxxxxxxxxxxxxxxxxxxxxxxxxxxxxxxxxxxxxxxxxxxxxxxxxxxxxxxxxxxxxxxxxxxxxxxxxxxxxxxxxx
xxxxxxxxxxxxxxxxxxxxxxxxxxxxxxxxxxxxxxxxxxxxxxxxxxxxxxxxxxxxxxxxxxxxxxxxxxxxxxxxxxxxxxxxxxxxxxxxxxxxxxxxxxxxxxxxxxxxxxx
xxxxxxxxxxxxxxxxxxxxxxxxxxxxxxxxxxxxxxxxxxxxxxxxxxxxxxxxxxxxxxxxxxxxxxxxxxxxxxxxxxxxxxxxxxxxxxxxxxxxxxxxxxxxxxxxxxxxxxx
xxxxxxxxxxxxxxxxxxxxxxxxxxxxxxxxxxxxxxxxxxxxxxxxxxxxxxxxxxxxxxxxxxxxxxxxxxxxxxxxxxxxxxxxxxxxxxxxxxxxxxxxxxxxxxxxxxxxxxx
xxxxxxxxxxxxxxxxxxxxxxxxxxxxxxxxxxxxxxxxxxxxxxxxxxxxxxxxxxxxxxxxxxxxxxxxxxxxxxxxxxxxxxxxxxxxxxxxxxxxxxxxxxxxxxxxxxxxxxx
xxxxxxxxxxxxxxxxxxxxxxxxxxxxxxxxxxxxxxxxxxxxxxxxxxxxxxxxxxxxxxxxxxxxxxxxxxxxxxxxxxxxxxxxxxxxxxxxxxxxxxxxxxxxxxxxxxxxxxx
xxxxxxxxxxxxxxxxxxxxxxxxxxxxxxxxxxxxxxxxxxxxxxxxxxxxxxxxxxxxxxxxxxxxxxxxxxxxxxxxxxxxxxxxxxxxxxxxxxxxxxxxxxxxxxxxxxxxxxx
xxxxxxxxxxxxxxxxxxxxxxxxxxxxxxxxxxxxxxxxxxxxxxxxxxxxxxxxxxxxxxxxxxxxxxxxxxxxxxxxxxxxxxxxxxxxxxxxxxxxxxxxxxxxxxxxxxxxxxx
xxxxxxxxxxxxxxxxxxxxxxxxxxxxxxxxxxxxxxxxxxxxxxxxxxxxxxxxxxxxxxxxxxxxxxxxxxxxxxxxxxxxxxxxxxxxxxxxxxxxxxxxxxxxxxxxxxxxxxx
xxxxxxxxxxxxxxxxxxxxxxxxxxxxxxxxxxxxxxxxxxxxxxxxxxxxxxxxxxxxxxxxxxxxxxxxxxxxxxxxxxxxxxxxxxxxxxxxxxxxxxxxxxxxxxxxxxxxxxx
xxxxxxxxxxxxxxxxxxxxxxxxxxxxxxxxxxxxxxxxxxxxxxxxxxxxxxxxxxxxxxxxxxxxxxxxxxxxxxxxxxxxxxxxxxxxxxxxxxxxxxxxxxxxxxxxxxxxxxx
xxxxxxxxxxxxxxxxxxxxxxxxxxxxxxxxxxxxxxxxxxxxxxxxxxxxxxxxxxxxxxxxxxxxxxxxxxxxxxxxxxxxxxxxxxxxxxxxxxxxxxxxxxxxxxxxxxxxxxx
xxxxxxxxxxxxxxxxxxxxxxxxxxxxxxxxxxxxxxxxxxxxxxxxxxxxxxxxxxxxxxxxxxxxxxxxxxxxxxxxxxxxxxxxxxxxxxxxxxxxxxxxxxxxxxxxxxxxxxx
xxxxxxxxxxxxxxxxxxxxxxxxxxxxxxxxxxxxxxxxxxxxxxxxxxxxxxxxxxxxxxxxxxxxxxxxxxxxxxxxxxxxxxxxxxxxxxxxxxxxxxxxxxxxxxxxxxxxxxx
xxxxxxxxxxxxxxxxxxxxxxxxxxxxxxxxxxxxxxxxxxxxxxxxxxxxxxxxxxxxxxxxxxxxxxxxxxxxxxxxxxxxxxxxxxxxxxxxxxxxxxxxxxxxxxxxxxxxxxx
xxxxxxxxxxxxxxxxxxxxxxxxxxxxxxxxxxxxxxxxxxxxxxxxxxxxxxxxxxxxxxxxxxxxxxxxxxxxxxxxxxxxxxxxxxxxxxxxxxxxxxxxxxxxxxxxxxxxxxx
xxxxxxxxxxxxxxxxxxxxxxxxxxxxxxxxxxxxxxxxxxxxxxxxxxxxxxxxxxxxxxxxxxxxxxxxxxxxxxxxxxxxxxxxxxxxxxxxxxxxxxxxxxxxxxxxxxxxxxx
xxxxxxxxxxxxxxxxxxxxxxxxxxxxxxxxxxxxxxxxxxxxxxxxxxxxxxxxxxxxxxxxxxxxxxxxxxxxxxxxxxxxxxxxxxxxxxxxxxxxxxxxxxxxxxxxxxxxxxx
xxxxxxxxxxxxxxxxxxxxxxxxxxxxxxxxxxxxxxxxxxxxxxxxxxxxxxxxxxxxxxxxxxxxxxxxxxxxxxxxxxxxxxxxxxxxxxxxxxxxxxxxxxxxxxxxxxxxxxx
xxxxxxxxxxxxxxxxxxxxxxxxxxxxxxxxxxxxxxxxxxxxxxxxxxxxxxxxxxxxxxxxxxxxxxxxxxxxxxxxxxxxxxxxxxxxxxxxxxxxxxxxxxxxxxxxxxxxxxx
xxxxxxxxxxxxxxxxxxxxxxxxxxxxxxxxxxxxxxxxxxxxxxxxxxxxxxxxxxxxxxxxxxxxxxxxxxxxxxxxxxxxxxxxxxxxxxxxxxxxxxxxxxxxxxxxxxxxxxx
xxxxxxxxxxxxxxxxxxxxxxxxxxxxxxxxxxxxxxxxxxxxxxxxxxxxxxxxxxxxxxxxxxxxxxxxxxxxxxxxxxxxxxxxxxxxxxxxxxxxxxxxxxxxxxxxxxxxxxx
xxxxxxxxxxxxxxxxxxxxxxxxxxxxxxxxxxxxxxxxxxxxxxxxxxxxxxxxxxxxxxxxxxxxxxxxxxxxxxxxxxxxxxxxxxxxxxxxxxxxxxxxxxxxxxxxxxxxxxx
xxxxxxxxxxxxxxxxxxxxxxxxxxxxxxxxxxxxxxxxxxxxxxxxxxxxxxxxxxxxxxxxxxxxxxxxxxxxxxxxxxxxxxxxxxxxxxxxxxxxxxxxxxxxxxxxxxxxxxx
xxxxxxxxxxxxxxxxxxxxxxxxxxxxxxxxxxxxxxxxxxxxxxxxxxxxxxxxxxxxxxxxxxxxxxxxxxxxxxxxxxxxxxxxxxxxxxxxxxxxxxxxxxxxxxxxxxxxxxx
xxxxxxxxxxxxxxxxxxxxxxxxxxxxxxxxxxxxxxxxxxxxxxxxxxxxxxxxxxxxxxxxxxxxxxxxxxxxxxxxxxxxxxxxxxxxxxxxxxxxxxxxxxxxxxxxxxxxxxx
xxxxxxxxxxxxxxxxxxxxxxxxxxxxxxxxxxxxxxxxxxxxxxxxxxxxxxxxxxxxxxxxxxxxxxxxxxxxxxxxxxxxxxxxxxxxxxxxxxxxxxxxxxxxxxxxxxxxxxx
xxxxxxxxxxxxxxxxxxxxxxxxxxxxxxxxxxxxxxxxxxxxxxxxxxxxxxxxxxxxxxxxxxxxxxxxxxxxxxxxxxxxxxxxxxxxxxxxxxxxxxxxxxxxxxxxxxxxxxx
xxxxxxxxxxxxxxxxxxxxxxxxxxxxxxxxxxxxxxxxxxxxxxxxxxxxxxxxxxxxxxxxxxxxxxxxxxxxxxxxxxxxxxxxxxxxxxxxxxxxxxxxxxxxxxxxxxxxxxx
xxxxxxxxxxxxxxxxxxxxxxxxxxxxxxxxxxxxxxxxxxxxxxxxxxxxxxxxxxxxxxxxxxxxxxxxxxxxxxxxxxxxxxxxxxxxxxxxxxxxxxxxxxxxxxxxxxxxxxx
xxxxxxxxxxxxxxxxxxxxxxxxxxxxxxxxxxxxxxxxxxxxxxxxxxxxxxxxxxxxxxxxxxxxxxxxxxxxxxxxxxxxxxxxxxxxxxxxxxxxxxxxxxxxxxxxxxxxxxx
xxxxxxxxxxxxxxxxxxxxxxxxxxxxxxxxxxxxxxxxxxxxxxxxxxxxxxxxxxxxxxxxxxxxxxxxxxxxxxxxxxxxxxxxxxxxxxxxxxxxxxxxxxxxxxxxxxxxxxx
xxxxxxxxxxxxxxxxxxxxxxxxxxxxxxxxxxxxxxxxxxxxxxxxxxxxxxxxxxxxxxxxxxxxxxxxxxxxxxxxxxxxxxxxxxxxxxxxxxxxxxxxxxxxxxxxxxxxxxx
xxxxxxxxxxxxxxxxxxxxxxxxxxxxxxxxxxxxxxxxxxxxxxxxxxxxxxxxxxxxxxxxxxxxxxxxxxxxxxxxxxxxxxxxxxxxxxxxxxxxxxxxxxxxxxxxxxxxxxx
xxxxxxxxxxxxxxxxxxxxxxxxxxxxxxxxxxxxxxxxxxxxxxxxxxxxxxxxxxxxxxxxxxxxxxxxxxxxxxxxxxxxxxxxxxxxxxxxxxxxxxxxxxxxxxxxxxxxxxx
xxxxxxxxxxxxxxxxxxxxxxxxxxxxxxxxxxxxxxxxxxxxxxxxxxxxxxxxxxxxxxxxxxxxxxxxxxxxxxxxxxxxxxxxxxxxxxxxxxxxxxxxxxxxxxxxxxxxxxx
xxxxxxxxxxxxxxxxxxxxxxxxxxxxxxxxxxxxxxxxxxxxxxxxxxxxxxxxxxxxxxxxxxxxxxxxxxxxxxxxxxxxxxxxxxxxxxxxxxxxxxxxxxxxxxxxxxxxxxx
xxxxxxxxxxxxxxxxxxxxxxxxxxxxxxxxxxxxxxxxxxxxxxxxxxxxxxxxxxxxxxxxxxxxxxxxxxxxxxxxxxxxxxxxxxxxxxxxxxxxxxxxxxxxxxxxxxxxxxx
xxxxxxxxxxxxxxxxxxxxxxxxxxxxxxxxxxxxxxxxxxxxxxxxxxxxxxxxxxxxxxxxxxxxxxxxxxxxxxxxxxxxxxxxxxxxxxxxxxxxxxxxxxxxxxxxxxxxxxx
xxxxxxxxxxxxxxxxxxxxxxxxxxxxxxxxxxxxxxxxxxxxxxxxxxxxxxxxxxxxxxxxxxxxxxxxxxxxxxxxxxxxxxxxxxxxxxxxxxxxxxxxxxxxxxxxxxxxxxx
xxxxxxxxxxxxxxxxxxxxxxxxxxxxxxxxxxxxxxxxxxxxxxxxxxxxxxxxxxxxxxxxxxxxxxxxxxxxxxxxxxxxxxxxxxxxxxxxxxxxxxxxxxxxxxxxxxxxxxx
xxxxxxxxxxxxxxxxxxxxxxxxxxxxxxxxxxxxxxxxxxxxxxxxxxxxxxxxxxxxxxxxxxxxxxxxxxxxxxxxxxxxxxxxxxxxxxxxxxxxxxxxxxxxxxxxxxxxxxx
xxxxxxxxxxxxxxxxxxxxxxxxxxxxxxxxxxxxxxxxxxxxxxxxxxxxxxxxxxxxxxxxxxxxxxxxxxxxxxxxxxxxxxxxxxxxxxxxxxxxxxxxxxxxxxxxxxxxxxx
xxxxxxxxxxxxxxxxxxxxxxxxxxxxxxxxxxxxxxxxxxxxxxxxxxxxxxxxxxxxxxxxxxxxxxxxxxxxxxxxxxxxxxxxxxxxxxxxxxxxxxxxxxxxxxxxxxxxxxx
xxxxxxxxxxxxxxxxxxxxxxxxxxxxxxxxxxxxxxxxxxxxxxxxxxxxxxxxxxxxxxxxxxxxxxxxxxxxxxxxxxxxxxxxxxxxxxxxxxxxxxxxxxxxxxxxxxxxxxx
xxxxxxxxxxxxxxxxxxxxxxxxxxxxxxxxxxxxxxxxxxxxxxxxxxxxxxxxxxxxxxxxxxxxxxxxxxxxxxxxxxxxxxxxxxxxxxxxxxxxxxxxxxxxxxxxxxxxxxx
xxxxxxxxxxxxxxxxxxxxxxxxxxxxxxxxxxxxxxxxxxxxxxxxxxxxxxxxxxxxxxxxxxxxxxxxxxxxxxxxxxxxxxxxxxxxxxxxxxxxxxxxxxxxxxxxxxxxxxx
xxxxxxxxxxxxxxxxxxxxxxxxxxxxxxxxxxxxxxxxxxxxxxxxxxxxxxxxxxxxxxxxxxxxxxxxxxxxxxxxxxxxxxxxxxxxxxxxxxxxxxxxxxxxxxxxxxxxxxx
xxxxxxxxxxxxxxxxxxxxxxxxxxxxxxxxxxxxxxxxxxxxxxxxxxxxxxxxxxxxxxxxxxxxxxxxxxxxxxxxxxxxxxxxxxxxxxxxxxxxxxxxxxxxxxxxxxxxxxx
xxxxxxxxxxxxxxxxxxxxxxxxxxxxxxxxxxxxxxxxxxxxxxxxxxxxxxxxxxxxxxxxxxxxxxxxxxxxxxxxxxxxxxxxxxxxxxxxxxxxxxxxxxxxxxxxxxxxxxx
xxxxxxxxxxxxxxxxxxxxxxxxxxxxxxxxxxxxxxxxxxxxxxxxxxxxxxxxxxxxxxxxxxxxxxxxxxxxxxxxxxxxxxxxxxxxxxxxxxxxxxxxxxxxxxxxxxxxxxx
xxxxxxxxxxxxxxxxxxxxxxxxxxxxxxxxxxxxxxxxxxxxxxxxxxxxxxxxxxxxxxxxxxxxxxxxxxxxxxxxxxxxxxxxxxxxxxxxxxxxxxxxxxxxxxxxxxxxxxx
xxxxxxxxxxxxxxxxxxxxxxxxxxxxxxxxxxxxxxxxxxxxxxxxxxxxxxxxxxxxxxxxxxxxxxxxxxxxxxxxxxxxxxxxxxxxxxxxxxxxxxxxxxxxxxxxxxxxxxx
xxxxxxxxxxxxxxxxxxxxxxxxxxxxxxxxxxxxxxxxxxxxxxxxxxxxxxxxxxxxxxxxxxxxxxxxxxxxxxxxxxxxxxxxxxxxxxxxxxxxxxxxxxxxxxxxxxxxxxx
xxxxxxxxxxxxxxxxxxxxxxxxxxxxxxxxxxxxxxxxxxxxxxxxxxxxxxxxxxxxxxxxxxxxxxxxxxxxxxxxxxxxxxxxxxxxxxxxxxxxxxxxxxxxxxxxxxxxxxx
xxxxxxxxxxxxxxxxxxxxxxxxxxxxxxxxxxxxxxxxxxxxxxxxxxxxxxxxxxxxxxxxxxxxxxxxxxxxxxxxxxxxxxxxxxxxxxxxxxxxxxxxxxxxxxxxxxxxxxx
xxxxxxxxxxxxxxxxxxxxxxxxxxxxxxxxxxxxxxxxxxxxxxxxxxxxxxxxxxxxxxxxxxxxxxxxxxxxxxxxxxxxxxxxxxxxxxxxxxxxxxxxxxxxxxxxxxxxxxx
xxxxxxxxxxxxxxxxxxxxxxxxxxxxxxxxxxxxxxxxxxxxxxxxxxxxxxxxxxxxxxxxxxxxxxxxxxxxxxxxxxxxxxxxxxxxxxxxxxxxxxxxxxxxxxxxxxxxxxx
xxxxxxxxxxxxxxxxxxxxxxxxxxxxxxxxxxxxxxxxxxxxxxxxxxxxxxxxxxxxxxxxxxxxxxxxxxxxxxxxxxxxxxxxxxxxxxxxxxxxxxxxxxxxxxxxxxxxxxx
xxxxxxxxxxxxxxxxxxxxxxxxxxxxxxxxxxxxxxxxxxxxxxxxxxxxxxxxxxxxxxxxxxxxxxxxxxxxxxxxxxxxxxxxxxxxxxxxxxxxxxxxxxxxxxxxxxxxxxx
xxxxxxxxxxxxxxxxxxxxxxxxxxxxxxxxxxxxxxxxxxxxxxxxxxxxxxxxxxxxxxxxxxxxxxxxxxxxxxxxxxxxxxxxxxxxxxxxxxxxxxxxxxxxxxxxxxxxxxx
xxxxxxxxxxxxxxxxxxxxxxxxxxxxxxxxxxxxxxxxxxxxxxxxxxxxxxxxxxxxxxxxxxxxxxxxxxxxxxxxxxxxxxxxxxxxxxxxxxxxxxxxxxxxxxxxxxxxxxx
xxxxxxxxxxxxxxxxxxxxxxxxxxxxxxxxxxxxxxxxxxxxxxxxxxxxxxxxxxxxxxxxxxxxxxxxxxxxxxxxxxxxxxxxxxxxxxxxxxxxxxxxxxxxxxxxxxxxxxx
xxxxxxxxxxxxxxxxxxxxxxxxxxxxxxxxxxxxxxxxxxxxxxxxxxxxxxxxxxxxxxxxxxxxxxxxxxxxxxxxxxxxxxxxxxxxxxxxxxxxxxxxxxxxxxxxxxxxxxx
xxxxxxxxxxxxxxxxxxxxxxxxxxxxxxxxxxxxxxxxxxxxxxxxxxxxxxxxxxxxxxxxxxxxxxxxxxxxxxxxxxxxxxxxxxxxxxxxxxxxxxxxxxxxxxxxxxxxxxx
xxxxxxxxxxxxxxxxxxxxxxxxxxxxxxxxxxxxxxxxxxxxxxxxxxxxxxxxxxxxxxxxxxxxxxxxxxxxxxxxxxxxxxxxxxxxxxxxxxxxxxxxxxxxxxxxxxxxxxx
xxxxxxxxxxxxxxxxxxxxxxxxxxxxxxxxxxxxxxxxxxxxxxxxxxxxxxxxxxxxxxxxxxxxxxxxxxxxxxxxxxxxxxxxxxxxxxxxxxxxxxxxxxxxxxxxxxxxxxx
xxxxxxxxxxxxxxxxxxxxxxxxxxxxxxxxxxxxxxxxxxxxxxxxxxxxxxxxxxxxxxxxxxxxxxxxxxxxxxxxxxxxxxxxxxxxxxxxxxxxxxxxxxxxxxxxxxxxxxx
xxxxxxxxxxxxxxxxxxxxxxxxxxxxxxxxxxxxxxxxxxxxxxxxxxxxxxxxxxxxxxxxxxxxxxxxxxxxxxxxxxxxxxxxxxxxxxxxxxxxxxxxxxxxxxxxxxxxxxx
xxxxxxxxxxxxxxxxxxxxxxxxxxxxxxxxxxxxxxxxxxxxxxxxxxxxxxxxxxxxxxxxxxxxxxxxxxxxxxxxxxxxxxxxxxxxxxxxxxxxxxxxxxxxxxxxxxxxxxx
xxxxxxxxxxxxxxxxxxxxxxxxxxxxxxxxxxxxxxxxxxxxxxxxxxxxxxxxxxxxxxxxxxxxxxxxxxxxxxxxxxxxxxxxxxxxxxxxxxxxxxxxxxxxxxxxxxxxxxx
xxxxxxxxxxxxxxxxxxxxxxxxxxxxxxxxxxxxxxxxxxxxxxxxxxxxxxxxxxxxxxxxxxxxxxxxxxxxxxxxxxxxxxxxxxxxxxxxxxxxxxxxxxxxxxxxxxxxxxx
xxxxxxxxxxxxxxxxxxxxxxxxxxxxxxxxxxxxxxxxxxxxxxxxxxxxxxxxxxxxxxxxxxxxxxxxxxxxxxxxxxxxxxxxxxxxxxxxxxxxxxxxxxxxxxxxxxxxxxx
xxxxxxxxxxxxxxxxxxxxxxxxxxxxxxxxxxxxxxxxxxxxxxxxxxxxxxxxxxxxxxxxxxxxxxxxxxxxxxxxxxxxxxxxxxxxxxxxxxxxxxxxxxxxxxxxxxxxxxx
xxxxxxxxxxxxxxxxxxxxxxxxxxxxxxxxxxxxxxxxxxxxxxxxxxxxxxxxxxxxxxxxxxxxxxxxxxxxxxxxxxxxxxxxxxxxxxxxxxxxxxxxxxxxxxxxxxxxxxx
xxxxxxxxxxxxxxxxxxxxxxxxxxxxxxxxxxxxxxxxxxxxxxxxxxxxxxxxxxxxxxxxxxxxxxxxxxxxxxxxxxxxxxxxxxxxxxxxxxxxxxxxxxxxxxxxxxxxxxx
xxxxxxxxxxxxxxxxxxxxxxxxxxxxxxxxxxxxxxxxxxxxxxxxxxxxxxxxxxxxxxxxxxxxxxxxxxxxxxxxxxxxxxxxxxxxxxxxxxxxxxxxxxxxxxxxxxxxxxx
xxxxxxxxxxxxxxxxxxxxxxxxxxxxxxxxxxxxxxxxxxxxxxxxxxxxxxxxxxxxxxxxxxxxxxxxxxxxxxxxxxxxxxxxxxxxxxxxxxxxxxxxxxxxxxxxxxxxxxx
xxxxxxxxxxxxxxxxxxxxxxxxxxxxxxxxxxxxxxxxxxxxxxxxxxxxxxxxxxxxxxxxxxxxxxxxxxxxxxxxxxxxxxxxxxxxxxxxxxxxxxxxxxxxxxxxxxxxxxx
xxxxxxxxxxxxxxxxxxxxxxxxxxxxxxxxxxxxxxxxxxxxxxxxxxxxxxxxxxxxxxxxxxxxxxxxxxxxxxxxxxxxxxxxxxxxxxxxxxxxxxxxxxxxxxxxxxxxxxx
xxxxxxxxxxxxxxxxxxxxxxxxxxxxxxxxxxxxxxxxxxxxxxxxxxxxxxxxxxxxxxxxxxxxxxxxxxxxxxxxxxxxxxxxxxxxxxxxxxxxxxxxxxxxxxxxxxxxxxx
xxxxxxxxxxxxxxxxxxxxxxxxxxxxxxxxxxxxxxxxxxxxxxxxxxxxxxxxxxxxxxxxxxxxxxxxxxxxxxxxxxxxxxxxxxxxxxxxxxxxxxxxxxxxxxxxxxxxxxx
xxxxxxxxxxxxxxxxxxxxxxxxxxxxxxxxxxxxxxxxxxxxxxxxxxxxxxxxxxxxxxxxxxxxxxxxxxxxxxxxxxxxxxxxxxxxxxxxxxxxxxxxxxxxxxxxxxxxxxx
xxxxxxxxxxxxxxxxxxxxxxxxxxxxxxxxxxxxxxxxxxxxxxxxxxxxxxxxxxxxxxxxxxxxxxxxxxxxxxxxxxxxxxxxxxxxxxxxxxxxxxxxxxxxxxxxxxxxxxx
xxxxxxxxxxxxxxxxxxxxxxxxxxxxxxxxxxxxxxxxxxxxxxxxxxxxxxxxxxxxxxxxxxxxxxxxxxxxxxxxxxxxxxxxxxxxxxxxxxxxxxxxxxxxxxxxxxxxxxx
xxxxxxxxxxxxxxxxxxxxxxxxxxxxxxxxxxxxxxxxxxxxxxxxxxxxxxxxxxxxxxxxxxxxxxxxxxxxxxxxxxxxxxxxxxxxxxxxxxxxxxxxxxxxxxxxxxxxxxx
xxxxxxxxxxxxxxxxxxxxxxxxxxxxxxxxxxxxxxxxxxxxxxxxxxxxxxxxxxxxxxxxxxxxxxxxxxxxxxxxxxxxxxxxxxxxxxxxxxxxxxxxxxxxxxxxxxxxxxx
xxxxxxxxxxxxxxxxxxxxxxxxxxxxxxxxxxxxxxxxxxxxxxxxxxxxxxxxxxxxxxxxxxxxxxxxxxxxxxxxxxxxxxxxxxxxxxxxxxxxxxxxxxxxxxxxxxxxxxx
xxxxxxxxxxxxxxxxxxxxxxxxxxxxxxxxxxxxxxxxxxxxxxxxxxxxxxxxxxxxxxxxxxxxxxxxxxxxxxxxxxxxxxxxxxxxxxxxxxxxxxxxxxxxxxxxxxxxxxx
xxxxxxxxxxxxxxxxxxxxxxxxxxxxxxxxxxxxxxxxxxxxxxxxxxxxxxxxxxxxxxxxxxxxxxxxxxxxxxxxxxxxxxxxxxxxxxxxxxxxxxxxxxxxxxxxxxxxxxx
xxxxxxxxxxxxxxxxxxxxxxxxxxxxxxxxxxxxxxxxxxxxxxxxxxxxxxxxxxxxxxxxxxxxxxxxxxxxxxxxxxxxxxxxxxxxxxxxxxxxxxxxxxxxxxxxxxxxxxx
xxxxxxxxxxxxxxxxxxxxxxxxxxxxxxxxxxxxxxxxxxxxxxxxxxxxxxxxxxxxxxxxxxxxxxxxxxxxxxxxxxxxxxxxxxxxxxxxxxxxxxxxxxxxxxxxxxxxxxx
xxxxxxxxxxxxxxxxxxxxxxxxxxxxxxxxxxxxxxxxxxxxxxxxxxxxxxxxxxxxxxxxxxxxxxxxxxxxxxxxxxxxxxxxxxxxxxxxxxxxxxxxxxxxxxxxxxxxxxx
xxxxxxxxxxxxxxxxxxxxxxxxxxxxxxxxxxxxxxxxxxxxxxxxxxxxxxxxxxxxxxxxxxxxxxxxxxxxxxxxxxxxxxxxxxxxxxxxxxxxxxxxxxxxxxxxxxxxxxx
xxxxxxxxxxxxxxxxxxxxxxxxxxxxxxxxxxxxxxxxxxxxxxxxxxxxxxxxxxxxxxxxxxxxxxxxxxxxxxxxxxxxxxxxxxxxxxxxxxxxxxxxxxxxxxxxxxxxxxx
xxxxxxxxxxxxxxxxxxxxxxxxxxxxxxxxxxxxxxxxxxxxxxxxxxxxxxxxxxxxxxxxxxxxxxxxxxxxxxxxxxxxxxxxxxxxxxxxxxxxxxxxxxxxxxxxxxxxxxx
xxxxxxxxxxxxxxxxxxxxxxxxxxxxxxxxxxxxxxxxxxxxxxxxxxxxxxxxxxxxxxxxxxxxxxxxxxxxxxxxxxxxxxxxxxxxxxxxxxxxxxxxxxxxxxxxxxxxxxx
xxxxxxxxxxxxxxxxxxxxxxxxxxxxxxxxxxxxxxxxxxxxxxxxxxxxxxxxxxxxxxxxxxxxxxxxxxxxxxxxxxxxxxxxxxxxxxxxxxxxxxxxxxxxxxxxxxxxxxx
xxxxxxxxxxxxxxxxxxxxxxxxxxxxxxxxxxxxxxxxxxxxxxxxxxxxxxxxxxxxxxxxxxxxxxxxxxxxxxxxxxxxxxxxxxxxxxxxxxxxxxxxxxxxxxxxxxxxxxx
xxxxxxxxxxxxxxxxxxxxxxxxxxxxxxxxxxxxxxxxxxxxxxxxxxxxxxxxxxxxxxxxxxxxxxxxxxxxxxxxxxxxxxxxxxxxxxxxxxxxxxxxxxxxxxxxxxxxxxx
xxxxxxxxxxxxxxxxxxxxxxxxxxxxxxxxxxxxxxxxxxxxxxxxxxxxxxxxxxxxxxxxxxxxxxxxxxxxxxxxxxxxxxxxxxxxxxxxxxxxxxxxxxxxxxxxxxxxxxx
xxxxxxxxxxxxxxxxxxxxxxxxxxxxxxxxxxxxxxxxxxxxxxxxxxxxxxxxxxxxxxxxxxxxxxxxxxxxxxxxxxxxxxxxxxxxxxxxxxxxxxxxxxxxxxxxxxxxxxx
xxxxxxxxxxxxxxxxxxxxxxxxxxxxxxxxxxxxxxxxxxxxxxxxxxxxxxxxxxxxxxxxxxxxxxxxxxxxxxxxxxxxxxxxxxxxxxxxxxxxxxxxxxxxxxxxxxxxxxx
xxxxxxxxxxxxxxxxxxxxxxxxxxxxxxxxxxxxxxxxxxxxxxxxxxxxxxxxxxxxxxxxxxxxxxxxxxxxxxxxxxxxxxxxxxxxxxxxxxxxxxxxxxxxxxxxxxxxxxx
xxxxxxxxxxxxxxxxxxxxxxxxxxxxxxxxxxxxxxxxxxxxxxxxxxxxxxxxxxxxxxxxxxxxxxxxxxxxxxxxxxxxxxxxxxxxxxxxxxxxxxxxxxxxxxxxxxxxxxx
xxxxxxxxxxxxxxxxxxxxxxxxxxxxxxxxxxxxxxxxxxxxxxxxxxxxxxxxxxxxxxxxxxxxxxxxxxxxxxxxxxxxxxxxxxxxxxxxxxxxxxxxxxxxxxxxxxxxxxx
xxxxxxxxxxxxxxxxxxxxxxxxxxxxxxxxxxxxxxxxxxxxxxxxxxxxxxxxxxxxxxxxxxxxxxxxxxxxxxxxxxxxxxxxxxxxxxxxxxxxxxxxxxxxxxxxxxxxxxx
xxxxxxxxxxxxxxxxxxxxxxxxxxxxxxxxxxxxxxxxxxxxxxxxxxxxxxxxxxxxxxxxxxxxxxxxxxxxxxxxxxxxxxxxxxxxxxxxxxxxxxxxxxxxxxxxxxxxxxx
xxxxxxxxxxxxxxxxxxxxxxxxxxxxxxxxxxxxxxxxxxxxxxxxxxxxxxxxxxxxxxxxxxxxxxxxxxxxxxxxxxxxxxxxxxxxxxxxxxxxxxxxxxxxxxxxxxxxxxx
xxxxxxxxxxxxxxxxxxxxxxxxxxxxxxxxxxxxxxxxxxxxxxxxxxxxxxxxxxxxxxxxxxxxxxxxxxxxxxxxxxxxxxxxxxxxxxxxxxxxxxxxxxxxxxxxxxxxxxx
xxxxxxxxxxxxxxxxxxxxxxxxxxxxxxxxxxxxxxxxxxxxxxxxxxxxxxxxxxxxxxxxxxxxxxxxxxxxxxxxxxxxxxxxxxxxxxxxxxxxxxxxxxxxxxxxxxxxxxx
xxxxxxxxxxxxxxxxxxxxxxxxxxxxxxxxxxxxxxxxxxxxxxxxxxxxxxxxxxxxxxxxxxxxxxxxxxxxxxxxxxxxxxxxxxxxxxxxxxxxxxxxxxxxxxxxxxxxxxx
xxxxxxxxxxxxxxxxxxxxxxxxxxxxxxxxxxxxxxxxxxxxxxxxxxxxxxxxxxxxxxxxxxxxxxxxxxxxxxxxxxxxxxxxxxxxxxxxxxxxxxxxxxxxxxxxxxxxxxx
xxxxxxxxxxxxxxxxxxxxxxxxxxxxxxxxxxxxxxxxxxxxxxxxxxxxxxxxxxxxxxxxxxxxxxxxxxxxxxxxxxxxxxxxxxxxxxxxxxxxxxxxxxxxxxxxxxxxxxx
xxxxxxxxxxxxxxxxxxxxxxxxxxxxxxxxxxxxxxxxxxxxxxxxxxxxxxxxxxxxxxxxxxxxxxxxxxxxxxxxxxxxxxxxxxxxxxxxxxxxxxxxxxxxxxxxxxxxxxx
xxxxxxxxxxxxxxxxxxxxxxxxxxxxxxxxxxxxxxxxxxxxxxxxxxxxxxxxxxxxxxxxxxxxxxxxxxxxxxxxxxxxxxxxxxxxxxxxxxxxxxxxxxxxxxxxxxxxxxx
xxxxxxxxxxxxxxxxxxxxxxxxxxxxxxxxxxxxxxxxxxxxxxxxxxxxxxxxxxxxxxxxxxxxxxxxxxxxxxxxxxxxxxxxxxxxxxxxxxxxxxxxxxxxxxxxxxxxxxx
xxxxxxxxxxxxxxxxxxxxxxxxxxxxxxxxxxxxxxxxxxxxxxxxxxxxxxxxxxxxxxxxxxxxxxxxxxxxxxxxxxxxxxxxxxxxxxxxxxxxxxxxxxxxxxxxxxxxxxx
xxxxxxxxxxxxxxxxxxxxxxxxxxxxxxxxxxxxxxxxxxxxxxxxxxxxxxxxxxxxxxxxxxxxxxxxxxxxxxxxxxxxxxxxxxxxxxxxxxxxxxxxxxxxxxxxxxxxxxx
xxxxxxxxxxxxxxxxxxxxxxxxxxxxxxxxxxxxxxxxxxxxxxxxxxxxxxxxxxxxxxxxxxxxxxxxxxxxxxxxxxxxxxxxxxxxxxxxxxxxxxxxxxxxxxxxxxxxxxx
xxxxxxxxxxxxxxxxxxxxxxxxxxxxxxxxxxxxxxxxxxxxxxxxxxxxxxxxxxxxxxxxxxxxxxxxxxxxxxxxxxxxxxxxxxxxxxxxxxxxxxxxxxxxxxxxxxxxxxx
xxxxxxxxxxxxxxxxxxxxxxxxxxxxxxxxxxxxxxxxxxxxxxxxxxxxxxxxxxxxxxxxxxxxxxxxxxxxxxxxxxxxxxxxxxxxxxxxxxxxxxxxxxxxxxxxxxxxxxx
xxxxxxxxxxxxxxxxxxxxxxxxxxxxxxxxxxxxxxxxxxxxxxxxxxxxxxxxxxxxxxxxxxxxxxxxxxxxxxxxxxxxxxxxxxxxxxxxxxxxxxxxxxxxxxxxxxxxxxx
xxxxxxxxxxxxxxxxxxxxxxxxxxxxxxxxxxxxxxxxxxxxxxxxxxxxxxxxxxxxxxxxxxxxxxxxxxxxxxxxxxxxxxxxxxxxxxxxxxxxxxxxxxxxxxxxxxxxxxx
xxxxxxxxxxxxxxxxxxxxxxxxxxxxxxxxxxxxxxxxxxxxxxxxxxxxxxxxxxxxxxxxxxxxxxxxxxxxxxxxxxxxxxxxxxxxxxxxxxxxxxxxxxxxxxxxxxxxxxx
xxxxxxxxxxxxxxxxxxxxxxxxxxxxxxxxxxxxxxxxxxxxxxxxxxxxxxxxxxxxxxxxxxxxxxxxxxxxxxxxxxxxxxxxxxxxxxxxxxxxxxxxxxxxxxxxxxxxxxx
xxxxxxxxxxxxxxxxxxxxxxxxxxxxxxxxxxxxxxxxxxxxxxxxxxxxxxxxxxxxxxxxxxxxxxxxxxxxxxxxxxxxxxxxxxxxxxxxxxxxxxxxxxxxxxxxxxxxxxx
xxxxxxxxxxxxxxxxxxxxxxxxxxxxxxxxxxxxxxxxxxxxxxxxxxxxxxxxxxxxxxxxxxxxxxxxxxxxxxxxxxxxxxxxxxxxxxxxxxxxxxxxxxxxxxxxxxxxxxx
xxxxxxxxxxxxxxxxxxxxxxxxxxxxxxxxxxxxxxxxxxxxxxxxxxxxxxxxxxxxxxxxxxxxxxxxxxxxxxxxxxxxxxxxxxxxxxxxxxxxxxxxxxxxxxxxxxxxxxx
xxxxxxxxxxxxxxxxxxxxxxxxxxxxxxxxxxxxxxxxxxxxxxxxxxxxxxxxxxxxxxxxxxxxxxxxxxxxxxxxxxxxxxxxxxxxxxxxxxxxxxxxxxxxxxxxxxxxxxx
xxxxxxxxxxxxxxxxxxxxxxxxxxxxxxxxxxxxxxxxxxxxxxxxxxxxxxxxxxxxxxxxxxxxxxxxxxxxxxxxxxxxxxxxxxxxxxxxxxxxxxxxxxxxxxxxxxxxxxx
xxxxxxxxxxxxxxxxxxxxxxxxxxxxxxxxxxxxxxxxxxxxxxxxxxxxxxxxxxxxxxxxxxxxxxxxxxxxxxxxxxxxxxxxxxxxxxxxxxxxxxxxxxxxxxxxxxxxxxx
xxxxxxxxxxxxxxxxxxxxxxxxxxxxxxxxxxxxxxxxxxxxxxxxxxxxxxxxxxxxxxxxxxxxxxxxxxxxxxxxxxxxxxxxxxxxxxxxxxxxxxxxxxxxxxxxxxxxxxx
xxxxxxxxxxxxxxxxxxxxxxxxxxxxxxxxxxxxxxxxxxxxxxxxxxxxxxxxxxxxxxxxxxxxxxxxxxxxxxxxxxxxxxxxxxxxxxxxxxxxxxxxxxxxxxxxxxxxxxx
xxxxxxxxxxxxxxxxxxxxxxxxxxxxxxxxxxxxxxxxxxxxxxxxxxxxxxxxxxxxxxxxxxxxxxxxxxxxxxxxxxxxxxxxxxxxxxxxxxxxxxxxxxxxxxxxxxxxxxx
xxxxxxxxxxxxxxxxxxxxxxxxxxxxxxxxxxxxxxxxxxxxxxxxxxxxxxxxxxxxxxxxxxxxxxxxxxxxxxxxxxxxxxxxxxxxxxxxxxxxxxxxxxxxxxxxxxxxxxx
xxxxxxxxxxxxxxxxxxxxxxxxxxxxxxxxxxxxxxxxxxxxxxxxxxxxxxxxxxxxxxxxxxxxxxxxxxxxxxxxxxxxxxxxxxxxxxxxxxxxxxxxxxxxxxxxxxxxxxx
xxxxxxxxxxxxxxxxxxxxxxxxxxxxxxxxxxxxxxxxxxxxxxxxxxxxxxxxxxxxxxxxxxxxxxxxxxxxxxxxxxxxxxxxxxxxxxxxxxxxxxxxxxxxxxxxxxxxxxx
xxxxxxxxxxxxxxxxxxxxxxxxxxxxxxxxxxxxxxxxxxxxxxxxxxxxxxxxxxxxxxxxxxxxxxxxxxxxxxxxxxxxxxxxxxxxxxxxxxxxxxxxxxxxxxxxxxxxxxx
xxxxxxxxxxxxxxxxxxxxxxxxxxxxxxxxxxxxxxxxxxxxxxxxxxxxxxxxxxxxxxxxxxxxxxxxxxxxxxxxxxxxxxxxxxxxxxxxxxxxxxxxxxxxxxxxxxxxxxx
xxxxxxxxxxxxxxxxxxxxxxxxxxxxxxxxxxxxxxxxxxxxxxxxxxxxxxxxxxxxxxxxxxxxxxxxxxxxxxxxxxxxxxxxxxxxxxxxxxxxxxxxxxxxxxxxxxxxxxx
xxxxxxxxxxxxxxxxxxxxxxxxxxxxxxxxxxxxxxxxxxxxxxxxxxxxxxxxxxxxxxxxxxxxxxxxxxxxxxxxxxxxxxxxxxxxxxxxxxxxxxxxxxxxxxxxxxxxxxx
xxxxxxxxxxxxxxxxxxxxxxxxxxxxxxxxxxxxxxxxxxxxxxxxxxxxxxxxxxxxxxxxxxxxxxxxxxxxxxxxxxxxxxxxxxxxxxxxxxxxxxxxxxxxxxxxxxxxxxx
xxxxxxxxxxxxxxxxxxxxxxxxxxxxxxxxxxxxxxxxxxxxxxxxxxxxxxxxxxxxxxxxxxxxxxxxxxxxxxxxxxxxxxxxxxxxxxxxxxxxxxxxxxxxxxxxxxxxxxx
xxxxxxxxxxxxxxxxxxxxxxxxxxxxxxxxxxxxxxxxxxxxxxxxxxxxxxxxxxxxxxxxxxxxxxxxxxxxxxxxxxxxxxxxxxxxxxxxxxxxxxxxxxxxxxxxxxxxxxx
xxxxxxxxxxxxxxxxxxxxxxxxxxxxxxxxxxxxxxxxxxxxxxxxxxxxxxxxxxxxxxxxxxxxxxxxxxxxxxxxxxxxxxxxxxxxxxxxxxxxxxxxxxxxxxxxxxxxxxx
xxxxxxxxxxxxxxxxxxxxxxxxxxxxxxxxxxxxxxxxxxxxxxxxxxxxxxxxxxxxxxxxxxxxxxxxxxxxxxxxxxxxxxxxxxxxxxxxxxxxxxxxxxxxxxxxxxxxxxx
xxxxxxxxxxxxxxxxxxxxxxxxxxxxxxxxxxxxxxxxxxxxxxxxxxxxxxxxxxxxxxxxxxxxxxxxxxxxxxxxxxxxxxxxxxxxxxxxxxxxxxxxxxxxxxxxxxxxxxx
xxxxxxxxxxxxxxxxxxxxxxxxxxxxxxxxxxxxxxxxxxxxxxxxxxxxxxxxxxxxxxxxxxxxxxxxxxxxxxxxxxxxxxxxxxxxxxxxxxxxxxxxxxxxxxxxxxxxxxx
xxxxxxxxxxxxxxxxxxxxxxxxxxxxxxxxxxxxxxxxxxxxxxxxxxxxxxxxxxxxxxxxxxxxxxxxxxxxxxxxxxxxxxxxxxxxxxxxxxxxxxxxxxxxxxxxxxxxxxx
xxxxxxxxxxxxxxxxxxxxxxxxxxxxxxxxxxxxxxxxxxxxxxxxxxxxxxxxxxxxxxxxxxxxxxxxxxxxxxxxxxxxxxxxxxxxxxxxxxxxxxxxxxxxxxxxxxxxxxx
xxxxxxxxxxxxxxxxxxxxxxxxxxxxxxxxxxxxxxxxxxxxxxxxxxxxxxxxxxxxxxxxxxxxxxxxxxxxxxxxxxxxxxxxxxxxxxxxxxxxxxxxxxxxxxxxxxxxxxx
xxxxxxxxxxxxxxxxxxxxxxxxxxxxxxxxxxxxxxxxxxxxxxxxxxxxxxxxxxxxxxxxxxxxxxxxxxxxxxxxxxxxxxxxxxxxxxxxxxxxxxxxxxxxxxxxxxxxxxx
xxxxxxxxxxxxxxxxxxxxxxxxxxxxxxxxxxxxxxxxxxxxxxxxxxxxxxxxxxxxxxxxxxxxxxxxxxxxxxxxxxxxxxxxxxxxxxxxxxxxxxxxxxxxxxxxxxxxxxx
xxxxxxxxxxxxxxxxxxxxxxxxxxxxxxxxxxxxxxxxxxxxxxxxxxxxxxxxxxxxxxxxxxxxxxxxxxxxxxxxxxxxxxxxxxxxxxxxxxxxxxxxxxxxxxxxxxxxxxx
xxxxxxxxxxxxxxxxxxxxxxxxxxxxxxxxxxxxxxxxxxxxxxxxxxxxxxxxxxxxxxxxxxxxxxxxxxxxxxxxxxxxxxxxxxxxxxxxxxxxxxxxxxxxxxxxxxxxxxx
xxxxxxxxxxxxxxxxxxxxxxxxxxxxxxxxxxxxxxxxxxxxxxxxxxxxxxxxxxxxxxxxxxxxxxxxxxxxxxxxxxxxxxxxxxxxxxxxxxxxxxxxxxxxxxxxxxxxxxx
xxxxxxxxxxxxxxxxxxxxxxxxxxxxxxxxxxxxxxxxxxxxxxxxxxxxxxxxxxxxxxxxxxxxxxxxxxxxxxxxxxxxxxxxxxxxxxxxxxxxxxxxxxxxxxxxxxxxxxx
xxxxxxxxxxxxxxxxxxxxxxxxxxxxxxxxxxxxxxxxxxxxxxxxxxxxxxxxxxxxxxxxxxxxxxxxxxxxxxxxxxxxxxxxxxxxxxxxxxxxxxxxxxxxxxxxxxxxxxx
xxxxxxxxxxxxxxxxxxxxxxxxxxxxxxxxxxxxxxxxxxxxxxxxxxxxxxxxxxxxxxxxxxxxxxxxxxxxxxxxxxxxxxxxxxxxxxxxxxxxxxxxxxxxxxxxxxxxxxx
xxxxxxxxxxxxxxxxxxxxxxxxxxxxxxxxxxxxxxxxxxxxxxxxxxxxxxxxxxxxxxxxxxxxxxxxxxxxxxxxxxxxxxxxxxxxxxxxxxxxxxxxxxxxxxxxxxxxxxx
xxxxxxxxxxxxxxxxxxxxxxxxxxxxxxxxxxxxxxxxxxxxxxxxxxxxxxxxxxxxxxxxxxxxxxxxxxxxxxxxxxxxxxxxxxxxxxxxxxxxxxxxxxxxxxxxxxxxxxx
xxxxxxxxxxxxxxxxxxxxxxxxxxxxxxxxxxxxxxxxxxxxxxxxxxxxxxxxxxxxxxxxxxxxxxxxxxxxxxxxxxxxxxxxxxxxxxxxxxxxxxxxxxxxxxxxxxxxxxx
xxxxxxxxxxxxxxxxxxxxxxxxxxxxxxxxxxxxxxxxxxxxxxxxxxxxxxxxxxxxxxxxxxxxxxxxxxxxxxxxxxxxxxxxxxxxxxxxxxxxxxxxxxxxxxxxxxxxxxx
xxxxxxxxxxxxxxxxxxxxxxxxxxxxxxxxxxxxxxxxxxxxxxxxxxxxxxxxxxxxxxxxxxxxxxxxxxxxxxxxxxxxxxxxxxxxxxxxxxxxxxxxxxxxxxxxxxxxxxx
xxxxxxxxxxxxxxxxxxxxxxxxxxxxxxxxxxxxxxxxxxxxxxxxxxxxxxxxxxxxxxxxxxxxxxxxxxxxxxxxxxxxxxxxxxxxxxxxxxxxxxxxxxxxxxxxxxxxxxx
xxxxxxxxxxxxxxxxxxxxxxxxxxxxxxxxxxxxxxxxxxxxxxxxxxxxxxxxxxxxxxxxxxxxxxxxxxxxxxxxxxxxxxxxxxxxxxxxxxxxxxxxxxxxxxxxxxxxxxx
xxxxxxxxxxxxxxxxxxxxxxxxxxxxxxxxxxxxxxxxxxxxxxxxxxxxxxxxxxxxxxxxxxxxxxxxxxxxxxxxxxxxxxxxxxxxxxxxxxxxxxxxxxxxxxxxxxxxxxx
xxxxxxxxxxxxxxxxxxxxxxxxxxxxxxxxxxxxxxxxxxxxxxxxxxxxxxxxxxxxxxxxxxxxxxxxxxxxxxxxxxxxxxxxxxxxxxxxxxxxxxxxxxxxxxxxxxxxxxx
xxxxxxxxxxxxxxxxxxxxxxxxxxxxxxxxxxxxxxxxxxxxxxxxxxxxxxxxxxxxxxxxxxxxxxxxxxxxxxxxxxxxxxxxxxxxxxxxxxxxxxxxxxxxxxxxxxxxxxx
xxxxxxxxxxxxxxxxxxxxxxxxxxxxxxxxxxxxxxxxxxxxxxxxxxxxxxxxxxxxxxxxxxxxxxxxxxxxxxxxxxxxxxxxxxxxxxxxxxxxxxxxxxxxxxxxxxxxxxx
xxxxxxxxxxxxxxxxxxxxxxxxxxxxxxxxxxxxxxxxxxxxxxxxxxxxxxxxxxxxxxxxxxxxxxxxxxxxxxxxxxxxxxxxxxxxxxxxxxxxxxxxxxxxxxxxxxxxxxx
xxxxxxxxxxxxxxxxxxxxxxxxxxxxxxxxxxxxxxxxxxxxxxxxxxxxxxxxxxxxxxxxxxxxxxxxxxxxxxxxxxxxxxxxxxxxxxxxxxxxxxxxxxxxxxxxxxxxxxx
xxxxxxxxxxxxxxxxxxxxxxxxxxxxxxxxxxxxxxxxxxxxxxxxxxxxxxxxxxxxxxxxxxxxxxxxxxxxxxxxxxxxxxxxxxxxxxxxxxxxxxxxxxxxxxxxxxxxxxx
xxxxxxxxxxxxxxxxxxxxxxxxxxxxxxxxxxxxxxxxxxxxxxxxxxxxxxxxxxxxxxxxxxxxxxxxxxxxxxxxxxxxxxxxxxxxxxxxxxxxxxxxxxxxxxxxxxxxxxx
xxxxxxxxxxxxxxxxxxxxxxxxxxxxxxxxxxxxxxxxxxxxxxxxxxxxxxxxxxxxxxxxxxxxxxxxxxxxxxxxxxxxxxxxxxxxxxxxxxxxxxxxxxxxxxxxxxxxxxx
xxxxxxxxxxxxxxxxxxxxxxxxxxxxxxxxxxxxxxxxxxxxxxxxxxxxxxxxxxxxxxxxxxxxxxxxxxxxxxxxxxxxxxxxxxxxxxxxxxxxxxxxxxxxxxxxxxxxxxx
xxxxxxxxxxxxxxxxxxxxxxxxxxxxxxxxxxxxxxxxxxxxxxxxxxxxxxxxxxxxxxxxxxxxxxxxxxxxxxxxxxxxxxxxxxxxxxxxxxxxxxxxxxxxxxxxxxxxxxx
xxxxxxxxxxxxxxxxxxxxxxxxxxxxxxxxxxxxxxxxxxxxxxxxxxxxxxxxxxxxxxxxxxxxxxxxxxxxxxxxxxxxxxxxxxxxxxxxxxxxxxxxxxxxxxxxxxxxxxx
xxxxxxxxxxxxxxxxxxxxxxxxxxxxxxxxxxxxxxxxxxxxxxxxxxxxxxxxxxxxxxxxxxxxxxxxxxxxxxxxxxxxxxxxxxxxxxxxxxxxxxxxxxxxxxxxxxxxxxx
xxxxxxxxxxxxxxxxxxxxxxxxxxxxxxxxxxxxxxxxxxxxxxxxxxxxxxxxxxxxxxxxxxxxxxxxxxxxxxxxxxxxxxxxxxxxxxxxxxxxxxxxxxxxxxxxxxxxxxx
xxxxxxxxxxxxxxxxxxxxxxxxxxxxxxxxxxxxxxxxxxxxxxxxxxxxxxxxxxxxxxxxxxxxxxxxxxxxxxxxxxxxxxxxxxxxxxxxxxxxxxxxxxxxxxxxxxxxxxx
xxxxxxxxxxxxxxxxxxxxxxxxxxxxxxxxxxxxxxxxxxxxxxxxxxxxxxxxxxxxxxxxxxxxxxxxxxxxxxxxxxxxxxxxxxxxxxxxxxxxxxxxxxxxxxxxxxxxxxx
xxxxxxxxxxxxxxxxxxxxxxxxxxxxxxxxxxxxxxxxxxxxxxxxxxxxxxxxxxxxxxxxxxxxxxxxxxxxxxxxxxxxxxxxxxxxxxxxxxxxxxxxxxxxxxxxxxxxxxx
xxxxxxxxxxxxxxxxxxxxxxxxxxxxxxxxxxxxxxxxxxxxxxxxxxxxxxxxxxxxxxxxxxxxxxxxxxxxxxxxxxxxxxxxxxxxxxxxxxxxxxxxxxxxxxxxxxxxxxx
xxxxxxxxxxxxxxxxxxxxxxxxxxxxxxxxxxxxxxxxxxxxxxxxxxxxxxxxxxxxxxxxxxxxxxxxxxxxxxxxxxxxxxxxxxxxxxxxxxxxxxxxxxxxxxxxxxxxxxx
xxxxxxxxxxxxxxxxxxxxxxxxxxxxxxxxxxxxxxxxxxxxxxxxxxxxxxxxxxxxxxxxxxxxxxxxxxxxxxxxxxxxxxxxxxxxxxxxxxxxxxxxxxxxxxxxxxxxxxx
xxxxxxxxxxxxxxxxxxxxxxxxxxxxxxxxxxxxxxxxxxxxxxxxxxxxxxxxxxxxxxxxxxxxxxxxxxxxxxxxxxxxxxxxxxxxxxxxxxxxxxxxxxxxxxxxxxxxxxx
xxxxxxxxxxxxxxxxxxxxxxxxxxxxxxxxxxxxxxxxxxxxxxxxxxxxxxxxxxxxxxxxxxxxxxxxxxxxxxxxxxxxxxxxxxxxxxxxxxxxxxxxxxxxxxxxxxxxxxx
xxxxxxxxxxxxxxxxxxxxxxxxxxxxxxxxxxxxxxxxxxxxxxxxxxxxxxxxxxxxxxxxxxxxxxxxxxxxxxxxxxxxxxxxxxxxxxxxxxxxxxxxxxxxxxxxxxxxxxx
xxxxxxxxxxxxxxxxxxxxxxxxxxxxxxxxxxxxxxxxxxxxxxxxxxxxxxxxxxxxxxxxxxxxxxxxxxxxxxxxxxxxxxxxxxxxxxxxxxxxxxxxxxxxxxxxxxxxxxx
xxxxxxxxxxxxxxxxxxxxxxxxxxxxxxxxxxxxxxxxxxxxxxxxxxxxxxxxxxxxxxxxxxxxxxxxxxxxxxxxxxxxxxxxxxxxxxxxxxxxxxxxxxxxxxxxxxxxxxx
xxxxxxxxxxxxxxxxxxxxxxxxxxxxxxxxxxxxxxxxxxxxxxxxxxxxxxxxxxxxxxxxxxxxxxxxxxxxxxxxxxxxxxxxxxxxxxxxxxxxxxxxxxxxxxxxxxxxxxx
xxxxxxxxxxxxxxxxxxxxxxxxxxxxxxxxxxxxxxxxxxxxxxxxxxxxxxxxxxxxxxxxxxxxxxxxxxxxxxxxxxxxxxxxxxxxxxxxxxxxxxxxxxxxxxxxxxxxxxx
xxxxxxxxxxxxxxxxxxxxxxxxxxxxxxxxxxxxxxxxxxxxxxxxxxxxxxxxxxxxxxxxxxxxxxxxxxxxxxxxxxxxxxxxxxxxxxxxxxxxxxxxxxxxxxxxxxxxxxx
xxxxxxxxxxxxxxxxxxxxxxxxxxxxxxxxxxxxxxxxxxxxxxxxxxxxxxxxxxxxxxxxxxxxxxxxxxxxxxxxxxxxxxxxxxxxxxxxxxxxxxxxxxxxxxxxxxxxxxx
xxxxxxxxxxxxxxxxxxxxxxxxxxxxxxxxxxxxxxxxxxxxxxxxxxxxxxxxxxxxxxxxxxxxxxxxxxxxxxxxxxxxxxxxxxxxxxxxxxxxxxxxxxxxxxxxxxxxxxx
xxxxxxxxxxxxxxxxxxxxxxxxxxxxxxxxxxxxxxxxxxxxxxxxxxxxxxxxxxxxxxxxxxxxxxxxxxxxxxxxxxxxxxxxxxxxxxxxxxxxxxxxxxxxxxxxxxxxxxx
xxxxxxxxxxxxxxxxxxxxxxxxxxxxxxxxxxxxxxxxxxxxxxxxxxxxxxxxxxxxxxxxxxxxxxxxxxxxxxxxxxxxxxxxxxxxxxxxxxxxxxxxxxxxxxxxxxxxxxx
xxxxxxxxxxxxxxxxxxxxxxxxxxxxxxxxxxxxxxxxxxxxxxxxxxxxxxxxxxxxxxxxxxxxxxxxxxxxxxxxxxxxxxxxxxxxxxxxxxxxxxxxxxxxxxxxxxxxxxx
xxxxxxxxxxxxxxxxxxxxxxxxxxxxxxxxxxxxxxxxxxxxxxxxxxxxxxxxxxxxxxxxxxxxxxxxxxxxxxxxxxxxxxxxxxxxxxxxxxxxxxxxxxxxxxxxxxxxxxx
xxxxxxxxxxxxxxxxxxxxxxxxxxxxxxxxxxxxxxxxxxxxxxxxxxxxxxxxxxxxxxxxxxxxxxxxxxxxxxxxxxxxxxxxxxxxxxxxxxxxxxxxxxxxxxxxxxxxxxx
xxxxxxxxxxxxxxxxxxxxxxxxxxxxxxxxxxxxxxxxxxxxxxxxxxxxxxxxxxxxxxxxxxxxxxxxxxxxxxxxxxxxxxxxxxxxxxxxxxxxxxxxxxxxxxxxxxxxxxx
xxxxxxxxxxxxxxxxxxxxxxxxxxxxxxxxxxxxxxxxxxxxxxxxxxxxxxxxxxxxxxxxxxxxxxxxxxxxxxxxxxxxxxxxxxxxxxxxxxxxxxxxxxxxxxxxxxxxxxx
xxxxxxxxxxxxxxxxxxxxxxxxxxxxxxxxxxxxxxxxxxxxxxxxxxxxxxxxxxxxxxxxxxxxxxxxxxxxxxxxxxxxxxxxxxxxxxxxxxxxxxxxxxxxxxxxxxxxxxx
xxxxxxxxxxxxxxxxxxxxxxxxxxxxxxxxxxxxxxxxxxxxxxxxxxxxxxxxxxxxxxxxxxxxxxxxxxxxxxxxxxxxxxxxxxxxxxxxxxxxxxxxxxxxxxxxxxxxxxx
xxxxxxxxxxxxxxxxxxxxxxxxxxxxxxxxxxxxxxxxxxxxxxxxxxxxxxxxxxxxxxxxxxxxxxxxxxxxxxxxxxxxxxxxxxxxxxxxxxxxxxxxxxxxxxxxxxxxxxx
xxxxxxxxxxxxxxxxxxxxxxxxxxxxxxxxxxxxxxxxxxxxxxxxxxxxxxxxxxxxxxxxxxxxxxxxxxxxxxxxxxxxxxxxxxxxxxxxxxxxxxxxxxxxxxxxxxxxxxx
xxxxxxxxxxxxxxxxxxxxxxxxxxxxxxxxxxxxxxxxxxxxxxxxxxxxxxxxxxxxxxxxxxxxxxxxxxxxxxxxxxxxxxxxxxxxxxxxxxxxxxxxxxxxxxxxxxxxxxx
xxxxxxxxxxxxxxxxxxxxxxxxxxxxxxxxxxxxxxxxxxxxxxxxxxxxxxxxxxxxxxxxxxxxxxxxxxxxxxxxxxxxxxxxxxxxxxxxxxxxxxxxxxxxxxxxxxxxxxx
xxxxxxxxxxxxxxxxxxxxxxxxxxxxxxxxxxxxxxxxxxxxxxxxxxxxxxxxxxxxxxxxxxxxxxxxxxxxxxxxxxxxxxxxxxxxxxxxxxxxxxxxxxxxxxxxxxxxxxx
xxxxxxxxxxxxxxxxxxxxxxxxxxxxxxxxxxxxxxxxxxxxxxxxxxxxxxxxxxxxxxxxxxxxxxxxxxxxxxxxxxxxxxxxxxxxxxxxxxxxxxxxxxxxxxxxxxxxxxx
xxxxxxxxxxxxxxxxxxxxxxxxxxxxxxxxxxxxxxxxxxxxxxxxxxxxxxxxxxxxxxxxxxxxxxxxxxxxxxxxxxxxxxxxxxxxxxxxxxxxxxxxxxxxxxxxxxxxxxx
xxxxxxxxxxxxxxxxxxxxxxxxxxxxxxxxxxxxxxxxxxxxxxxxxxxxxxxxxxxxxxxxxxxxxxxxxxxxxxxxxxxxxxxxxxxxxxxxxxxxxxxxxxxxxxxxxxxxxxx
xxxxxxxxxxxxxxxxxxxxxxxxxxxxxxxxxxxxxxxxxxxxxxxxxxxxxxxxxxxxxxxxxxxxxxxxxxxxxxxxxxxxxxxxxxxxxxxxxxxxxxxxxxxxxxxxxxxxxxx
xxxxxxxxxxxxxxxxxxxxxxxxxxxxxxxxxxxxxxxxxxxxxxxxxxxxxxxxxxxxxxxxxxxxxxxxxxxxxxxxxxxxxxxxxxxxxxxxxxxxxxxxxxxxxxxxxxxxxxx
xxxxxxxxxxxxxxxxxxxxxxxxxxxxxxxxxxxxxxxxxxxxxxxxxxxxxxxxxxxxxxxxxxxxxxxxxxxxxxxxxxxxxxxxxxxxxxxxxxxxxxxxxxxxxxxxxxxxxxx
xxxxxxxxxxxxxxxxxxxxxxxxxxxxxxxxxxxxxxxxxxxxxxxxxxxxxxxxxxxxxxxxxxxxxxxxxxxxxxxxxxxxxxxxxxxxxxxxxxxxxxxxxxxxxxxxxxxxxxx
xxxxxxxxxxxxxxxxxxxxxxxxxxxxxxxxxxxxxxxxxxxxxxxxxxxxxxxxxxxxxxxxxxxxxxxxxxxxxxxxxxxxxxxxxxxxxxxxxxxxxxxxxxxxxxxxxxxxxxx
xxxxxxxxxxxxxxxxxxxxxxxxxxxxxxxxxxxxxxxxxxxxxxxxxxxxxxxxxxxxxxxxxxxxxxxxxxxxxxxxxxxxxxxxxxxxxxxxxxxxxxxxxxxxxxxxxxxxxxx
xxxxxxxxxxxxxxxxxxxxxxxxxxxxxxxxxxxxxxxxxxxxxxxxxxxxxxxxxxxxxxxxxxxxxxxxxxxxxxxxxxxxxxxxxxxxxxxxxxxxxxxxxxxxxxxxxxxxxxx
xxxxxxxxxxxxxxxxxxxxxxxxxxxxxxxxxxxxxxxxxxxxxxxxxxxxxxxxxxxxxxxxxxxxxxxxxxxxxxxxxxxxxxxxxxxxxxxxxxxxxxxxxxxxxxxxxxxxxxx
xxxxxxxxxxxxxxxxxxxxxxxxxxxxxxxxxxxxxxxxxxxxxxxxxxxxxxxxxxxxxxxxxxxxxxxxxxxxxxxxxxxxxxxxxxxxxxxxxxxxxxxxxxxxxxxxxxxxxxx
xxxxxxxxxxxxxxxxxxxxxxxxxxxxxxxxxxxxxxxxxxxxxxxxxxxxxxxxxxxxxxxxxxxxxxxxxxxxxxxxxxxxxxxxxxxxxxxxxxxxxxxxxxxxxxxxxxxxxxx
xxxxxxxxxxxxxxxxxxxxxxxxxxxxxxxxxxxxxxxxxxxxxxxxxxxxxxxxxxxxxxxxxxxxxxxxxxxxxxxxxxxxxxxxxxxxxxxxxxxxxxxxxxxxxxxxxxxxxxx
xxxxxxxxxxxxxxxxxxxxxxxxxxxxxxxxxxxxxxxxxxxxxxxxxxxxxxxxxxxxxxxxxxxxxxxxxxxxxxxxxxxxxxxxxxxxxxxxxxxxxxxxxxxxxxxxxxxxxxx
xxxxxxxxxxxxxxxxxxxxxxxxxxxxxxxxxxxxxxxxxxxxxxxxxxxxxxxxxxxxxxxxxxxxxxxxxxxxxxxxxxxxxxxxxxxxxxxxxxxxxxxxxxxxxxxxxxxxxxx
xxxxxxxxxxxxxxxxxxxxxxxxxxxxxxxxxxxxxxxxxxxxxxxxxxxxxxxxxxxxxxxxxxxxxxxxxxxxxxxxxxxxxxxxxxxxxxxxxxxxxxxxxxxxxxxxxxxxxxx
xxxxxxxxxxxxxxxxxxxxxxxxxxxxxxxxxxxxxxxxxxxxxxxxxxxxxxxxxxxxxxxxxxxxxxxxxxxxxxxxxxxxxxxxxxxxxxxxxxxxxxxxxxxxxxxxxxxxxxx
xxxxxxxxxxxxxxxxxxxxxxxxxxxxxxxxxxxxxxxxxxxxxxxxxxxxxxxxxxxxxxxxxxxxxxxxxxxxxxxxxxxxxxxxxxxxxxxxxxxxxxxxxxxxxxxxxxxxxxx
xxxxxxxxxxxxxxxxxxxxxxxxxxxxxxxxxxxxxxxxxxxxxxxxxxxxxxxxxxxxxxxxxxxxxxxxxxxxxxxxxxxxxxxxxxxxxxxxxxxxxxxxxxxxxxxxxxxxxxx
xxxxxxxxxxxxxxxxxxxxxxxxxxxxxxxxxxxxxxxxxxxxxxxxxxxxxxxxxxxxxxxxxxxxxxxxxxxxxxxxxxxxxxxxxxxxxxxxxxxxxxxxxxxxxxxxxxxxxxx
xxxxxxxxxxxxxxxxxxxxxxxxxxxxxxxxxxxxxxxxxxxxxxxxxxxxxxxxxxxxxxxxxxxxxxxxxxxxxxxxxxxxxxxxxxxxxxxxxxxxxxxxxxxxxxxxxxxxxxx
xxxxxxxxxxxxxxxxxxxxxxxxxxxxxxxxxxxxxxxxxxxxxxxxxxxxxxxxxxxxxxxxxxxxxxxxxxxxxxxxxxxxxxxxxxxxxxxxxxxxxxxxxxxxxxxxxxxxxxx
xxxxxxxxxxxxxxxxxxxxxxxxxxxxxxxxxxxxxxxxxxxxxxxxxxxxxxxxxxxxxxxxxxxxxxxxxxxxxxxxxxxxxxxxxxxxxxxxxxxxxxxxxxxxxxxxxxxxxxx
xxxxxxxxxxxxxxxxxxxxxxxxxxxxxxxxxxxxxxxxxxxxxxxxxxxxxxxxxxxxxxxxxxxxxxxxxxxxxxxxxxxxxxxxxxxxxxxxxxxxxxxxxxxxxxxxxxxxxxx
xxxxxxxxxxxxxxxxxxxxxxxxxxxxxxxxxxxxxxxxxxxxxxxxxxxxxxxxxxxxxxxxxxxxxxxxxxxxxxxxxxxxxxxxxxxxxxxxxxxxxxxxxxxxxxxxxxxxxxx
xxxxxxxxxxxxxxxxxxxxxxxxxxxxxxxxxxxxxxxxxxxxxxxxxxxxxxxxxxxxxxxxxxxxxxxxxxxxxxxxxxxxxxxxxxxxxxxxxxxxxxxxxxxxxxxxxxxxxxx
xxxxxxxxxxxxxxxxxxxxxxxxxxxxxxxxxxxxxxxxxxxxxxxxxxxxxxxxxxxxxxxxxxxxxxxxxxxxxxxxxxxxxxxxxxxxxxxxxxxxxxxxxxxxxxxxxxxxxxx
xxxxxxxxxxxxxxxxxxxxxxxxxxxxxxxxxxxxxxxxxxxxxxxxxxxxxxxxxxxxxxxxxxxxxxxxxxxxxxxxxxxxxxxxxxxxxxxxxxxxxxxxxxxxxxxxxxxxxxx
xxxxxxxxxxxxxxxxxxxxxxxxxxxxxxxxxxxxxxxxxxxxxxxxxxxxxxxxxxxxxxxxxxxxxxxxxxxxxxxxxxxxxxxxxxxxxxxxxxxxxxxxxxxxxxxxxxxxxxx
xxxxxxxxxxxxxxxxxxxxxxxxxxxxxxxxxxxxxxxxxxxxxxxxxxxxxxxxxxxxxxxxxxxxxxxxxxxxxxxxxxxxxxxxxxxxxxxxxxxxxxxxxxxxxxxxxxxxxxx
xxxxxxxxxxxxxxxxxxxxxxxxxxxxxxxxxxxxxxxxxxxxxxxxxxxxxxxxxxxxxxxxxxxxxxxxxxxxxxxxxxxxxxxxxxxxxxxxxxxxxxxxxxxxxxxxxxxxxxx
xxxxxxxxxxxxxxxxxxxxxxxxxxxxxxxxxxxxxxxxxxxxxxxxxxxxxxxxxxxxxxxxxxxxxxxxxxxxxxxxxxxxxxxxxxxxxxxxxxxxxxxxxxxxxxxxxxxxxxx
xxxxxxxxxxxxxxxxxxxxxxxxxxxxxxxxxxxxxxxxxxxxxxxxxxxxxxxxxxxxxxxxxxxxxxxxxxxxxxxxxxxxxxxxxxxxxxxxxxxxxxxxxxxxxxxxxxxxxxx
xxxxxxxxxxxxxxxxxxxxxxxxxxxxxxxxxxxxxxxxxxxxxxxxxxxxxxxxxxxxxxxxxxxxxxxxxxxxxxxxxxxxxxxxxxxxxxxxxxxxxxxxxxxxxxxxxxxxxxx
xxxxxxxxxxxxxxxxxxxxxxxxxxxxxxxxxxxxxxxxxxxxxxxxxxxxxxxxxxxxxxxxxxxxxxxxxxxxxxxxxxxxxxxxxxxxxxxxxxxxxxxxxxxxxxxxxxxxxxx
xxxxxxxxxxxxxxxxxxxxxxxxxxxxxxxxxxxxxxxxxxxxxxxxxxxxxxxxxxxxxxxxxxxxxxxxxxxxxxxxxxxxxxxxxxxxxxxxxxxxxxxxxxxxxxxxxxxxxxx
xxxxxxxxxxxxxxxxxxxxxxxxxxxxxxxxxxxxxxxxxxxxxxxxxxxxxxxxxxxxxxxxxxxxxxxxxxxxxxxxxxxxxxxxxxxxxxxxxxxxxxxxxxxxxxxxxxxxxxx
xxxxxxxxxxxxxxxxxxxxxxxxxxxxxxxxxxxxxxxxxxxxxxxxxxxxxxxxxxxxxxxxxxxxxxxxxxxxxxxxxxxxxxxxxxxxxxxxxxxxxxxxxxxxxxxxxxxxxxx
xxxxxxxxxxxxxxxxxxxxxxxxxxxxxxxxxxxxxxxxxxxxxxxxxxxxxxxxxxxxxxxxxxxxxxxxxxxxxxxxxxxxxxxxxxxxxxxxxxxxxxxxxxxxxxxxxxxxxxx
xxxxxxxxxxxxxxxxxxxxxxxxxxxxxxxxxxxxxxxxxxxxxxxxxxxxxxxxxxxxxxxxxxxxxxxxxxxxxxxxxxxxxxxxxxxxxxxxxxxxxxxxxxxxxxxxxxxxxxx
xxxxxxxxxxxxxxxxxxxxxxxxxxxxxxxxxxxxxxxxxxxxxxxxxxxxxxxxxxxxxxxxxxxxxxxxxxxxxxxxxxxxxxxxxxxxxxxxxxxxxxxxxxxxxxxxxxxxxxx
xxxxxxxxxxxxxxxxxxxxxxxxxxxxxxxxxxxxxxxxxxxxxxxxxxxxxxxxxxxxxxxxxxxxxxxxxxxxxxxxxxxxxxxxxxxxxxxxxxxxxxxxxxxxxxxxxxxxxxx
xxxxxxxxxxxxxxxxxxxxxxxxxxxxxxxxxxxxxxxxxxxxxxxxxxxxxxxxxxxxxxxxxxxxxxxxxxxxxxxxxxxxxxxxxxxxxxxxxxxxxxxxxxxxxxxxxxxxxxx
xxxxxxxxxxxxxxxxxxxxxxxxxxxxxxxxxxxxxxxxxxxxxxxxxxxxxxxxxxxxxxxxxxxxxxxxxxxxxxxxxxxxxxxxxxxxxxxxxxxxxxxxxxxxxxxxxxxxxxx
xxxxxxxxxxxxxxxxxxxxxxxxxxxxxxxxxxxxxxxxxxxxxxxxxxxxxxxxxxxxxxxxxxxxxxxxxxxxxxxxxxxxxxxxxxxxxxxxxxxxxxxxxxxxxxxxxxxxxxx
xxxxxxxxxxxxxxxxxxxxxxxxxxxxxxxxxxxxxxxxxxxxxxxxxxxxxxxxxxxxxxxxxxxxxxxxxxxxxxxxxxxxxxxxxxxxxxxxxxxxxxxxxxxxxxxxxxxxxxx
xxxxxxxxxxxxxxxxxxxxxxxxxxxxxxxxxxxxxxxxxxxxxxxxxxxxxxxxxxxxxxxxxxxxxxxxxxxxxxxxxxxxxxxxxxxxxxxxxxxxxxxxxxxxxxxxxxxxxxx
xxxxxxxxxxxxxxxxxxxxxxxxxxxxxxxxxxxxxxxxxxxxxxxxxxxxxxxxxxxxxxxxxxxxxxxxxxxxxxxxxxxxxxxxxxxxxxxxxxxxxxxxxxxxxxxxxxxxxxx
xxxxxxxxxxxxxxxxxxxxxxxxxxxxxxxxxxxxxxxxxxxxxxxxxxxxxxxxxxxxxxxxxxxxxxxxxxxxxxxxxxxxxxxxxxxxxxxxxxxxxxxxxxxxxxxxxxxxxxx
xxxxxxxxxxxxxxxxxxxxxxxxxxxxxxxxxxxxxxxxxxxxxxxxxxxxxxxxxxxxxxxxxxxxxxxxxxxxxxxxxxxxxxxxxxxxxxxxxxxxxxxxxxxxxxxxxxxxxxx
xxxxxxxxxxxxxxxxxxxxxxxxxxxxxxxxxxxxxxxxxxxxxxxxxxxxxxxxxxxxxxxxxxxxxxxxxxxxxxxxxxxxxxxxxxxxxxxxxxxxxxxxxxxxxxxxxxxxxxx
xxxxxxxxxxxxxxxxxxxxxxxxxxxxxxxxxxxxxxxxxxxxxxxxxxxxxxxxxxxxxxxxxxxxxxxxxxxxxxxxxxxxxxxxxxxxxxxxxxxxxxxxxxxxxxxxxxxxxxx
xxxxxxxxxxxxxxxxxxxxxxxxxxxxxxxxxxxxxxxxxxxxxxxxxxxxxxxxxxxxxxxxxxxxxxxxxxxxxxxxxxxxxxxxxxxxxxxxxxxxxxxxxxxxxxxxxxxxxxx
xxxxxxxxxxxxxxxxxxxxxxxxxxxxxxxxxxxxxxxxxxxxxxxxxxxxxxxxxxxxxxxxxxxxxxxxxxxxxxxxxxxxxxxxxxxxxxxxxxxxxxxxxxxxxxxxxxxxxxx
xxxxxxxxxxxxxxxxxxxxxxxxxxxxxxxxxxxxxxxxxxxxxxxxxxxxxxxxxxxxxxxxxxxxxxxxxxxxxxxxxxxxxxxxxxxxxxxxxxxxxxxxxxxxxxxxxxxxxxx
xxxxxxxxxxxxxxxxxxxxxxxxxxxxxxxxxxxxxxxxxxxxxxxxxxxxxxxxxxxxxxxxxxxxxxxxxxxxxxxxxxxxxxxxxxxxxxxxxxxxxxxxxxxxxxxxxxxxxxx
xxxxxxxxxxxxxxxxxxxxxxxxxxxxxxxxxxxxxxxxxxxxxxxxxxxxxxxxxxxxxxxxxxxxxxxxxxxxxxxxxxxxxxxxxxxxxxxxxxxxxxxxxxxxxxxxxxxxxxx
xxxxxxxxxxxxxxxxxxxxxxxxxxxxxxxxxxxxxxxxxxxxxxxxxxxxxxxxxxxxxxxxxxxxxxxxxxxxxxxxxxxxxxxxxxxxxxxxxxxxxxxxxxxxxxxxxxxxxxx
xxxxxxxxxxxxxxxxxxxxxxxxxxxxxxxxxxxxxxxxxxxxxxxxxxxxxxxxxxxxxxxxxxxxxxxxxxxxxxxxxxxxxxxxxxxxxxxxxxxxxxxxxxxxxxxxxxxxxxx
xxxxxxxxxxxxxxxxxxxxxxxxxxxxxxxxxxxxxxxxxxxxxxxxxxxxxxxxxxxxxxxxxxxxxxxxxxxxxxxxxxxxxxxxxxxxxxxxxxxxxxxxxxxxxxxxxxxxxxx
xxxxxxxxxxxxxxxxxxxxxxxxxxxxxxxxxxxxxxxxxxxxxxxxxxxxxxxxxxxxxxxxxxxxxxxxxxxxxxxxxxxxxxxxxxxxxxxxxxxxxxxxxxxxxxxxxxxxxxx
xxxxxxxxxxxxxxxxxxxxxxxxxxxxxxxxxxxxxxxxxxxxxxxxxxxxxxxxxxxxxxxxxxxxxxxxxxxxxxxxxxxxxxxxxxxxxxxxxxxxxxxxxxxxxxxxxxxxxxx
xxxxxxxxxxxxxxxxxxxxxxxxxxxxxxxxxxxxxxxxxxxxxxxxxxxxxxxxxxxxxxxxxxxxxxxxxxxxxxxxxxxxxxxxxxxxxxxxxxxxxxxxxxxxxxxxxxxxxxx
xxxxxxxxxxxxxxxxxxxxxxxxxxxxxxxxxxxxxxxxxxxxxxxxxxxxxxxxxxxxxxxxxxxxxxxxxxxxxxxxxxxxxxxxxxxxxxxxxxxxxxxxxxxxxxxxxxxxxxx
xxxxxxxxxxxxxxxxxxxxxxxxxxxxxxxxxxxxxxxxxxxxxxxxxxxxxxxxxxxxxxxxxxxxxxxxxxxxxxxxxxxxxxxxxxxxxxxxxxxxxxxxxxxxxxxxxxxxxxx
xxxxxxxxxxxxxxxxxxxxxxxxxxxxxxxxxxxxxxxxxxxxxxxxxxxxxxxxxxxxxxxxxxxxxxxxxxxxxxxxxxxxxxxxxxxxxxxxxxxxxxxxxxxxxxxxxxxxxxx
xxxxxxxxxxxxxxxxxxxxxxxxxxxxxxxxxxxxxxxxxxxxxxxxxxxxxxxxxxxxxxxxxxxxxxxxxxxxxxxxxxxxxxxxxxxxxxxxxxxxxxxxxxxxxxxxxxxxxxx
xxxxxxxxxxxxxxxxxxxxxxxxxxxxxxxxxxxxxxxxxxxxxxxxxxxxxxxxxxxxxxxxxxxxxxxxxxxxxxxxxxxxxxxxxxxxxxxxxxxxxxxxxxxxxxxxxxxxxxx
xxxxxxxxxxxxxxxxxxxxxxxxxxxxxxxxxxxxxxxxxxxxxxxxxxxxxxxxxxxxxxxxxxxxxxxxxxxxxxxxxxxxxxxxxxxxxxxxxxxxxxxxxxxxxxxxxxxxxxx
xxxxxxxxxxxxxxxxxxxxxxxxxxxxxxxxxxxxxxxxxxxxxxxxxxxxxxxxxxxxxxxxxxxxxxxxxxxxxxxxxxxxxxxxxxxxxxxxxxxxxxxxxxxxxxxxxxxxxxx
xxxxxxxxxxxxxxxxxxxxxxxxxxxxxxxxxxxxxxxxxxxxxxxxxxxxxxxxxxxxxxxxxxxxxxxxxxxxxxxxxxxxxxxxxxxxxxxxxxxxxxxxxxxxxxxxxxxxxxx
xxxxxxxxxxxxxxxxxxxxxxxxxxxxxxxxxxxxxxxxxxxxxxxxxxxxxxxxxxxxxxxxxxxxxxxxxxxxxxxxxxxxxxxxxxxxxxxxxxxxxxxxxxxxxxxxxxxxxxx
xxxxxxxxxxxxxxxxxxxxxxxxxxxxxxxxxxxxxxxxxxxxxxxxxxxxxxxxxxxxxxxxxxxxxxxxxxxxxxxxxxxxxxxxxxxxxxxxxxxxxxxxxxxxxxxxxxxxxxx
xxxxxxxxxxxxxxxxxxxxxxxxxxxxxxxxxxxxxxxxxxxxxxxxxxxxxxxxxxxxxxxxxxxxxxxxxxxxxxxxxxxxxxxxxxxxxxxxxxxxxxxxxxxxxxxxxxxxxxx
xxxxxxxxxxxxxxxxxxxxxxxxxxxxxxxxxxxxxxxxxxxxxxxxxxxxxxxxxxxxxxxxxxxxxxxxxxxxxxxxxxxxxxxxxxxxxxxxxxxxxxxxxxxxxxxxxxxxxxx
xxxxxxxxxxxxxxxxxxxxxxxxxxxxxxxxxxxxxxxxxxxxxxxxxxxxxxxxxxxxxxxxxxxxxxxxxxxxxxxxxxxxxxxxxxxxxxxxxxxxxxxxxxxxxxxxxxxxxxx
xxxxxxxxxxxxxxxxxxxxxxxxxxxxxxxxxxxxxxxxxxxxxxxxxxxxxxxxxxxxxxxxxxxxxxxxxxxxxxxxxxxxxxxxxxxxxxxxxxxxxxxxxxxxxxxxxxxxxxx
xxxxxxxxxxxxxxxxxxxxxxxxxxxxxxxxxxxxxxxxxxxxxxxxxxxxxxxxxxxxxxxxxxxxxxxxxxxxxxxxxxxxxxxxxxxxxxxxxxxxxxxxxxxxxxxxxxxxxxx
xxxxxxxxxxxxxxxxxxxxxxxxxxxxxxxxxxxxxxxxxxxxxxxxxxxxxxxxxxxxxxxxxxxxxxxxxxxxxxxxxxxxxxxxxxxxxxxxxxxxxxxxxxxxxxxxxxxxxxx
xxxxxxxxxxxxxxxxxxxxxxxxxxxxxxxxxxxxxxxxxxxxxxxxxxxxxxxxxxxxxxxxxxxxxxxxxxxxxxxxxxxxxxxxxxxxxxxxxxxxxxxxxxxxxxxxxxxxxxx
xxxxxxxxxxxxxxxxxxxxxxxxxxxxxxxxxxxxxxxxxxxxxxxxxxxxxxxxxxxxxxxxxxxxxxxxxxxxxxxxxxxxxxxxxxxxxxxxxxxxxxxxxxxxxxxxxxxxxxx
xxxxxxxxxxxxxxxxxxxxxxxxxxxxxxxxxxxxxxxxxxxxxxxxxxxxxxxxxxxxxxxxxxxxxxxxxxxxxxxxxxxxxxxxxxxxxxxxxxxxxxxxxxxxxxxxxxxxxxx
xxxxxxxxxxxxxxxxxxxxxxxxxxxxxxxxxxxxxxxxxxxxxxxxxxxxxxxxxxxxxxxxxxxxxxxxxxxxxxxxxxxxxxxxxxxxxxxxxxxxxxxxxxxxxxxxxxxxxxx
xxxxxxxxxxxxxxxxxxxxxxxxxxxxxxxxxxxxxxxxxxxxxxxxxxxxxxxxxxxxxxxxxxxxxxxxxxxxxxxxxxxxxxxxxxxxxxxxxxxxxxxxxxxxxxxxxxxxxxx
xxxxxxxxxxxxxxxxxxxxxxxxxxxxxxxxxxxxxxxxxxxxxxxxxxxxxxxxxxxxxxxxxxxxxxxxxxxxxxxxxxxxxxxxxxxxxxxxxxxxxxxxxxxxxxxxxxxxxxx
xxxxxxxxxxxxxxxxxxxxxxxxxxxxxxxxxxxxxxxxxxxxxxxxxxxxxxxxxxxxxxxxxxxxxxxxxxxxxxxxxxxxxxxxxxxxxxxxxxxxxxxxxxxxxxxxxxxxxxx
xxxxxxxxxxxxxxxxxxxxxxxxxxxxxxxxxxxxxxxxxxxxxxxxxxxxxxxxxxxxxxxxxxxxxxxxxxxxxxxxxxxxxxxxxxxxxxxxxxxxxxxxxxxxxxxxxxxxxxx
xxxxxxxxxxxxxxxxxxxxxxxxxxxxxxxxxxxxxxxxxxxxxxxxxxxxxxxxxxxxxxxxxxxxxxxxxxxxxxxxxxxxxxxxxxxxxxxxxxxxxxxxxxxxxxxxxxxxxxx
xxxxxxxxxxxxxxxxxxxxxxxxxxxxxxxxxxxxxxxxxxxxxxxxxxxxxxxxxxxxxxxxxxxxxxxxxxxxxxxxxxxxxxxxxxxxxxxxxxxxxxxxxxxxxxxxxxxxxxx
xxxxxxxxxxxxxxxxxxxxxxxxxxxxxxxxxxxxxxxxxxxxxxxxxxxxxxxxxxxxxxxxxxxxxxxxxxxxxxxxxxxxxxxxxxxxxxxxxxxxxxxxxxxxxxxxxxxxxxx
xxxxxxxxxxxxxxxxxxxxxxxxxxxxxxxxxxxxxxxxxxxxxxxxxxxxxxxxxxxxxxxxxxxxxxxxxxxxxxxxxxxxxxxxxxxxxxxxxxxxxxxxxxxxxxxxxxxxxxx
xxxxxxxxxxxxxxxxxxxxxxxxxxxxxxxxxxxxxxxxxxxxxxxxxxxxxxxxxxxxxxxxxxxxxxxxxxxxxxxxxxxxxxxxxxxxxxxxxxxxxxxxxxxxxxxxxxxxxxx
xxxxxxxxxxxxxxxxxxxxxxxxxxxxxxxxxxxxxxxxxxxxxxxxxxxxxxxxxxxxxxxxxxxxxxxxxxxxxxxxxxxxxxxxxxxxxxxxxxxxxxxxxxxxxxxxxxxxxxx
xxxxxxxxxxxxxxxxxxxxxxxxxxxxxxxxxxxxxxxxxxxxxxxxxxxxxxxxxxxxxxxxxxxxxxxxxxxxxxxxxxxxxxxxxxxxxxxxxxxxxxxxxxxxxxxxxxxxxxx
xxxxxxxxxxxxxxxxxxxxxxxxxxxxxxxxxxxxxxxxxxxxxxxxxxxxxxxxxxxxxxxxxxxxxxxxxxxxxxxxxxxxxxxxxxxxxxxxxxxxxxxxxxxxxxxxxxxxxxx
xxxxxxxxxxxxxxxxxxxxxxxxxxxxxxxxxxxxxxxxxxxxxxxxxxxxxxxxxxxxxxxxxxxxxxxxxxxxxxxxxxxxxxxxxxxxxxxxxxxxxxxxxxxxxxxxxxxxxxx
xxxxxxxxxxxxxxxxxxxxxxxxxxxxxxxxxxxxxxxxxxxxxxxxxxxxxxxxxxxxxxxxxxxxxxxxxxxxxxxxxxxxxxxxxxxxxxxxxxxxxxxxxxxxxxxxxxxxxxx
xxxxxxxxxxxxxxxxxxxxxxxxxxxxxxxxxxxxxxxxxxxxxxxxxxxxxxxxxxxxxxxxxxxxxxxxxxxxxxxxxxxxxxxxxxxxxxxxxxxxxxxxxxxxxxxxxxxxxxx
xxxxxxxxxxxxxxxxxxxxxxxxxxxxxxxxxxxxxxxxxxxxxxxxxxxxxxxxxxxxxxxxxxxxxxxxxxxxxxxxxxxxxxxxxxxxxxxxxxxxxxxxxxxxxxxxxxxxxxx
xxxxxxxxxxxxxxxxxxxxxxxxxxxxxxxxxxxxxxxxxxxxxxxxxxxxxxxxxxxxxxxxxxxxxxxxxxxxxxxxxxxxxxxxxxxxxxxxxxxxxxxxxxxxxxxxxxxxxxx
xxxxxxxxxxxxxxxxxxxxxxxxxxxxxxxxxxxxxxxxxxxxxxxxxxxxxxxxxxxxxxxxxxxxxxxxxxxxxxxxxxxxxxxxxxxxxxxxxxxxxxxxxxxxxxxxxxxxxxx
xxxxxxxxxxxxxxxxxxxxxxxxxxxxxxxxxxxxxxxxxxxxxxxxxxxxxxxxxxxxxxxxxxxxxxxxxxxxxxxxxxxxxxxxxxxxxxxxxxxxxxxxxxxxxxxxxxxxxxx
xxxxxxxxxxxxxxxxxxxxxxxxxxxxxxxxxxxxxxxxxxxxxxxxxxxxxxxxxxxxxxxxxxxxxxxxxxxxxxxxxxxxxxxxxxxxxxxxxxxxxxxxxxxxxxxxxxxxxxx
xxxxxxxxxxxxxxxxxxxxxxxxxxxxxxxxxxxxxxxxxxxxxxxxxxxxxxxxxxxxxxxxxxxxxxxxxxxxxxxxxxxxxxxxxxxxxxxxxxxxxxxxxxxxxxxxxxxxxxx
xxxxxxxxxxxxxxxxxxxxxxxxxxxxxxxxxxxxxxxxxxxxxxxxxxxxxxxxxxxxxxxxxxxxxxxxxxxxxxxxxxxxxxxxxxxxxxxxxxxxxxxxxxxxxxxxxxxxxxx
xxxxxxxxxxxxxxxxxxxxxxxxxxxxxxxxxxxxxxxxxxxxxxxxxxxxxxxxxxxxxxxxxxxxxxxxxxxxxxxxxxxxxxxxxxxxxxxxxxxxxxxxxxxxxxxxxxxxxxx
xxxxxxxxxxxxxxxxxxxxxxxxxxxxxxxxxxxxxxxxxxxxxxxxxxxxxxxxxxxxxxxxxxxxxxxxxxxxxxxxxxxxxxxxxxxxxxxxxxxxxxxxxxxxxxxxxxxxxxx
xxxxxxxxxxxxxxxxxxxxxxxxxxxxxxxxxxxxxxxxxxxxxxxxxxxxxxxxxxxxxxxxxxxxxxxxxxxxxxxxxxxxxxxxxxxxxxxxxxxxxxxxxxxxxxxxxxxxxxx
xxxxxxxxxxxxxxxxxxxxxxxxxxxxxxxxxxxxxxxxxxxxxxxxxxxxxxxxxxxxxxxxxxxxxxxxxxxxxxxxxxxxxxxxxxxxxxxxxxxxxxxxxxxxxxxxxxxxxxx
xxxxxxxxxxxxxxxxxxxxxxxxxxxxxxxxxxxxxxxxxxxxxxxxxxxxxxxxxxxxxxxxxxxxxxxxxxxxxxxxxxxxxxxxxxxxxxxxxxxxxxxxxxxxxxxxxxxxxxx
xxxxxxxxxxxxxxxxxxxxxxxxxxxxxxxxxxxxxxxxxxxxxxxxxxxxxxxxxxxxxxxxxxxxxxxxxxxxxxxxxxxxxxxxxxxxxxxxxxxxxxxxxxxxxxxxxxxxxxx
xxxxxxxxxxxxxxxxxxxxxxxxxxxxxxxxxxxxxxxxxxxxxxxxxxxxxxxxxxxxxxxxxxxxxxxxxxxxxxxxxxxxxxxxxxxxxxxxxxxxxxxxxxxxxxxxxxxxxxx
xxxxxxxxxxxxxxxxxxxxxxxxxxxxxxxxxxxxxxxxxxxxxxxxxxxxxxxxxxxxxxxxxxxxxxxxxxxxxxxxxxxxxxxxxxxxxxxxxxxxxxxxxxxxxxxxxxxxxxx
xxxxxxxxxxxxxxxxxxxxxxxxxxxxxxxxxxxxxxxxxxxxxxxxxxxxxxxxxxxxxxxxxxxxxxxxxxxxxxxxxxxxxxxxxxxxxxxxxxxxxxxxxxxxxxxxxxxxxxx
xxxxxxxxxxxxxxxxxxxxxxxxxxxxxxxxxxxxxxxxxxxxxxxxxxxxxxxxxxxxxxxxxxxxxxxxxxxxxxxxxxxxxxxxxxxxxxxxxxxxxxxxxxxxxxxxxxxxxxx
xxxxxxxxxxxxxxxxxxxxxxxxxxxxxxxxxxxxxxxxxxxxxxxxxxxxxxxxxxxxxxxxxxxxxxxxxxxxxxxxxxxxxxxxxxxxxxxxxxxxxxxxxxxxxxxxxxxxxxx
xxxxxxxxxxxxxxxxxxxxxxxxxxxxxxxxxxxxxxxxxxxxxxxxxxxxxxxxxxxxxxxxxxxxxxxxxxxxxxxxxxxxxxxxxxxxxxxxxxxxxxxxxxxxxxxxxxxxxxx
xxxxxxxxxxxxxxxxxxxxxxxxxxxxxxxxxxxxxxxxxxxxxxxxxxxxxxxxxxxxxxxxxxxxxxxxxxxxxxxxxxxxxxxxxxxxxxxxxxxxxxxxxxxxxxxxxxxxxxx
xxxxxxxxxxxxxxxxxxxxxxxxxxxxxxxxxxxxxxxxxxxxxxxxxxxxxxxxxxxxxxxxxxxxxxxxxxxxxxxxxxxxxxxxxxxxxxxxxxxxxxxxxxxxxxxxxxxxxxx
xxxxxxxxxxxxxxxxxxxxxxxxxxxxxxxxxxxxxxxxxxxxxxxxxxxxxxxxxxxxxxxxxxxxxxxxxxxxxxxxxxxxxxxxxxxxxxxxxxxxxxxxxxxxxxxxxxxxxxx
xxxxxxxxxxxxxxxxxxxxxxxxxxxxxxxxxxxxxxxxxxxxxxxxxxxxxxxxxxxxxxxxxxxxxxxxxxxxxxxxxxxxxxxxxxxxxxxxxxxxxxxxxxxxxxxxxxxxxxx
xxxxxxxxxxxxxxxxxxxxxxxxxxxxxxxxxxxxxxxxxxxxxxxxxxxxxxxxxxxxxxxxxxxxxxxxxxxxxxxxxxxxxxxxxxxxxxxxxxxxxxxxxxxxxxxxxxxxxxx
xxxxxxxxxxxxxxxxxxxxxxxxxxxxxxxxxxxxxxxxxxxxxxxxxxxxxxxxxxxxxxxxxxxxxxxxxxxxxxxxxxxxxxxxxxxxxxxxxxxxxxxxxxxxxxxxxxxxxxx
xxxxxxxxxxxxxxxxxxxxxxxxxxxxxxxxxxxxxxxxxxxxxxxxxxxxxxxxxxxxxxxxxxxxxxxxxxxxxxxxxxxxxxxxxxxxxxxxxxxxxxxxxxxxxxxxxxxxxxx
xxxxxxxxxxxxxxxxxxxxxxxxxxxxxxxxxxxxxxxxxxxxxxxxxxxxxxxxxxxxxxxxxxxxxxxxxxxxxxxxxxxxxxxxxxxxxxxxxxxxxxxxxxxxxxxxxxxxxxx
xxxxxxxxxxxxxxxxxxxxxxxxxxxxxxxxxxxxxxxxxxxxxxxxxxxxxxxxxxxxxxxxxxxxxxxxxxxxxxxxxxxxxxxxxxxxxxxxxxxxxxxxxxxxxxxxxxxxxxx
xxxxxxxxxxxxxxxxxxxxxxxxxxxxxxxxxxxxxxxxxxxxxxxxxxxxxxxxxxxxxxxxxxxxxxxxxxxxxxxxxxxxxxxxxxxxxxxxxxxxxxxxxxxxxxxxxxxxxxx
xxxxxxxxxxxxxxxxxxxxxxxxxxxxxxxxxxxxxxxxxxxxxxxxxxxxxxxxxxxxxxxxxxxxxxxxxxxxxxxxxxxxxxxxxxxxxxxxxxxxxxxxxxxxxxxxxxxxxxx
xxxxxxxxxxxxxxxxxxxxxxxxxxxxxxxxxxxxxxxxxxxxxxxxxxxxxxxxxxxxxxxxxxxxxxxxxxxxxxxxxxxxxxxxxxxxxxxxxxxxxxxxxxxxxxxxxxxxxxx
xxxxxxxxxxxxxxxxxxxxxxxxxxxxxxxxxxxxxxxxxxxxxxxxxxxxxxxxxxxxxxxxxxxxxxxxxxxxxxxxxxxxxxxxxxxxxxxxxxxxxxxxxxxxxxxxxxxxxxx
xxxxxxxxxxxxxxxxxxxxxxxxxxxxxxxxxxxxxxxxxxxxxxxxxxxxxxxxxxxxxxxxxxxxxxxxxxxxxxxxxxxxxxxxxxxxxxxxxxxxxxxxxxxxxxxxxxxxxxx
xxxxxxxxxxxxxxxxxxxxxxxxxxxxxxxxxxxxxxxxxxxxxxxxxxxxxxxxxxxxxxxxxxxxxxxxxxxxxxxxxxxxxxxxxxxxxxxxxxxxxxxxxxxxxxxxxxxxxxx
xxxxxxxxxxxxxxxxxxxxxxxxxxxxxxxxxxxxxxxxxxxxxxxxxxxxxxxxxxxxxxxxxxxxxxxxxxxxxxxxxxxxxxxxxxxxxxxxxxxxxxxxxxxxxxxxxxxxxxx
xxxxxxxxxxxxxxxxxxxxxxxxxxxxxxxxxxxxxxxxxxxxxxxxxxxxxxxxxxxxxxxxxxxxxxxxxxxxxxxxxxxxxxxxxxxxxxxxxxxxxxxxxxxxxxxxxxxxxxx
xxxxxxxxxxxxxxxxxxxxxxxxxxxxxxxxxxxxxxxxxxxxxxxxxxxxxxxxxxxxxxxxxxxxxxxxxxxxxxxxxxxxxxxxxxxxxxxxxxxxxxxxxxxxxxxxxxxxxxx
xxxxxxxxxxxxxxxxxxxxxxxxxxxxxxxxxxxxxxxxxxxxxxxxxxxxxxxxxxxxxxxxxxxxxxxxxxxxxxxxxxxxxxxxxxxxxxxxxxxxxxxxxxxxxxxxxxxxxxx
xxxxxxxxxxxxxxxxxxxxxxxxxxxxxxxxxxxxxxxxxxxxxxxxxxxxxxxxxxxxxxxxxxxxxxxxxxxxxxxxxxxxxxxxxxxxxxxxxxxxxxxxxxxxxxxxxxxxxxx
xxxxxxxxxxxxxxxxxxxxxxxxxxxxxxxxxxxxxxxxxxxxxxxxxxxxxxxxxxxxxxxxxxxxxxxxxxxxxxxxxxxxxxxxxxxxxxxxxxxxxxxxxxxxxxxxxxxxxxx
xxxxxxxxxxxxxxxxxxxxxxxxxxxxxxxxxxxxxxxxxxxxxxxxxxxxxxxxxxxxxxxxxxxxxxxxxxxxxxxxxxxxxxxxxxxxxxxxxxxxxxxxxxxxxxxxxxxxxxx
xxxxxxxxxxxxxxxxxxxxxxxxxxxxxxxxxxxxxxxxxxxxxxxxxxxxxxxxxxxxxxxxxxxxxxxxxxxxxxxxxxxxxxxxxxxxxxxxxxxxxxxxxxxxxxxxxxxxxxx
xxxxxxxxxxxxxxxxxxxxxxxxxxxxxxxxxxxxxxxxxxxxxxxxxxxxxxxxxxxxxxxxxxxxxxxxxxxxxxxxxxxxxxxxxxxxxxxxxxxxxxxxxxxxxxxxxxxxxxx
xxxxxxxxxxxxxxxxxxxxxxxxxxxxxxxxxxxxxxxxxxxxxxxxxxxxxxxxxxxxxxxxxxxxxxxxxxxxxxxxxxxxxxxxxxxxxxxxxxxxxxxxxxxxxxxxxxxxxxx
xxxxxxxxxxxxxxxxxxxxxxxxxxxxxxxxxxxxxxxxxxxxxxxxxxxxxxxxxxxxxxxxxxxxxxxxxxxxxxxxxxxxxxxxxxxxxxxxxxxxxxxxxxxxxxxxxxxxxxx
xxxxxxxxxxxxxxxxxxxxxxxxxxxxxxxxxxxxxxxxxxxxxxxxxxxxxxxxxxxxxxxxxxxxxxxxxxxxxxxxxxxxxxxxxxxxxxxxxxxxxxxxxxxxxxxxxxxxxxx
xxxxxxxxxxxxxxxxxxxxxxxxxxxxxxxxxxxxxxxxxxxxxxxxxxxxxxxxxxxxxxxxxxxxxxxxxxxxxxxxxxxxxxxxxxxxxxxxxxxxxxxxxxxxxxxxxxxxxxx
xxxxxxxxxxxxxxxxxxxxxxxxxxxxxxxxxxxxxxxxxxxxxxxxxxxxxxxxxxxxxxxxxxxxxxxxxxxxxxxxxxxxxxxxxxxxxxxxxxxxxxxxxxxxxxxxxxxxxxx
xxxxxxxxxxxxxxxxxxxxxxxxxxxxxxxxxxxxxxxxxxxxxxxxxxxxxxxxxxxxxxxxxxxxxxxxxxxxxxxxxxxxxxxxxxxxxxxxxxxxxxxxxxxxxxxxxxxxxxx
xxxxxxxxxxxxxxxxxxxxxxxxxxxxxxxxxxxxxxxxxxxxxxxxxxxxxxxxxxxxxxxxxxxxxxxxxxxxxxxxxxxxxxxxxxxxxxxxxxxxxxxxxxxxxxxxxxxxxxx
xxxxxxxxxxxxxxxxxxxxxxxxxxxxxxxxxxxxxxxxxxxxxxxxxxxxxxxxxxxxxxxxxxxxxxxxxxxxxxxxxxxxxxxxxxxxxxxxxxxxxxxxxxxxxxxxxxxxxxx
xxxxxxxxxxxxxxxxxxxxxxxxxxxxxxxxxxxxxxxxxxxxxxxxxxxxxxxxxxxxxxxxxxxxxxxxxxxxxxxxxxxxxxxxxxxxxxxxxxxxxxxxxxxxxxxxxxxxxxx
xxxxxxxxxxxxxxxxxxxxxxxxxxxxxxxxxxxxxxxxxxxxxxxxxxxxxxxxxxxxxxxxxxxxxxxxxxxxxxxxxxxxxxxxxxxxxxxxxxxxxxxxxxxxxxxxxxxxxxx
xxxxxxxxxxxxxxxxxxxxxxxxxxxxxxxxxxxxxxxxxxxxxxxxxxxxxxxxxxxxxxxxxxxxxxxxxxxxxxxxxxxxxxxxxxxxxxxxxxxxxxxxxxxxxxxxxxxxxxx
xxxxxxxxxxxxxxxxxxxxxxxxxxxxxxxxxxxxxxxxxxxxxxxxxxxxxxxxxxxxxxxxxxxxxxxxxxxxxxxxxxxxxxxxxxxxxxxxxxxxxxxxxxxxxxxxxxxxxxx
xxxxxxxxxxxxxxxxxxxxxxxxxxxxxxxxxxxxxxxxxxxxxxxxxxxxxxxxxxxxxxxxxxxxxxxxxxxxxxxxxxxxxxxxxxxxxxxxxxxxxxxxxxxxxxxxxxxxxxx
xxxxxxxxxxxxxxxxxxxxxxxxxxxxxxxxxxxxxxxxxxxxxxxxxxxxxxxxxxxxxxxxxxxxxxxxxxxxxxxxxxxxxxxxxxxxxxxxxxxxxxxxxxxxxxxxxxxxxxx
xxxxxxxxxxxxxxxxxxxxxxxxxxxxxxxxxxxxxxxxxxxxxxxxxxxxxxxxxxxxxxxxxxxxxxxxxxxxxxxxxxxxxxxxxxxxxxxxxxxxxxxxxxxxxxxxxxxxxxx
xxxxxxxxxxxxxxxxxxxxxxxxxxxxxxxxxxxxxxxxxxxxxxxxxxxxxxxxxxxxxxxxxxxxxxxxxxxxxxxxxxxxxxxxxxxxxxxxxxxxxxxxxxxxxxxxxxxxxxx
xxxxxxxxxxxxxxxxxxxxxxxxxxxxxxxxxxxxxxxxxxxxxxxxxxxxxxxxxxxxxxxxxxxxxxxxxxxxxxxxxxxxxxxxxxxxxxxxxxxxxxxxxxxxxxxxxxxxxxx
xxxxxxxxxxxxxxxxxxxxxxxxxxxxxxxxxxxxxxxxxxxxxxxxxxxxxxxxxxxxxxxxxxxxxxxxxxxxxxxxxxxxxxxxxxxxxxxxxxxxxxxxxxxxxxxxxxxxxxx
xxxxxxxxxxxxxxxxxxxxxxxxxxxxxxxxxxxxxxxxxxxxxxxxxxxxxxxxxxxxxxxxxxxxxxxxxxxxxxxxxxxxxxxxxxxxxxxxxxxxxxxxxxxxxxxxxxxxxxx
xxxxxxxxxxxxxxxxxxxxxxxxxxxxxxxxxxxxxxxxxxxxxxxxxxxxxxxxxxxxxxxxxxxxxxxxxxxxxxxxxxxxxxxxxxxxxxxxxxxxxxxxxxxxxxxxxxxxxxx
xxxxxxxxxxxxxxxxxxxxxxxxxxxxxxxxxxxxxxxxxxxxxxxxxxxxxxxxxxxxxxxxxxxxxxxxxxxxxxxxxxxxxxxxxxxxxxxxxxxxxxxxxxxxxxxxxxxxxxx
xxxxxxxxxxxxxxxxxxxxxxxxxxxxxxxxxxxxxxxxxxxxxxxxxxxxxxxxxxxxxxxxxxxxxxxxxxxxxxxxxxxxxxxxxxxxxxxxxxxxxxxxxxxxxxxxxxxxxxx
xxxxxxxxxxxxxxxxxxxxxxxxxxxxxxxxxxxxxxxxxxxxxxxxxxxxxxxxxxxxxxxxxxxxxxxxxxxxxxxxxxxxxxxxxxxxxxxxxxxxxxxxxxxxxxxxxxxxxxx
xxxxxxxxxxxxxxxxxxxxxxxxxxxxxxxxxxxxxxxxxxxxxxxxxxxxxxxxxxxxxxxxxxxxxxxxxxxxxxxxxxxxxxxxxxxxxxxxxxxxxxxxxxxxxxxxxxxxxxx
xxxxxxxxxxxxxxxxxxxxxxxxxxxxxxxxxxxxxxxxxxxxxxxxxxxxxxxxxxxxxxxxxxxxxxxxxxxxxxxxxxxxxxxxxxxxxxxxxxxxxxxxxxxxxxxxxxxxxxx
xxxxxxxxxxxxxxxxxxxxxxxxxxxxxxxxxxxxxxxxxxxxxxxxxxxxxxxxxxxxxxxxxxxxxxxxxxxxxxxxxxxxxxxxxxxxxxxxxxxxxxxxxxxxxxxxxxxxxxx
xxxxxxxxxxxxxxxxxxxxxxxxxxxxxxxxxxxxxxxxxxxxxxxxxxxxxxxxxxxxxxxxxxxxxxxxxxxxxxxxxxxxxxxxxxxxxxxxxxxxxxxxxxxxxxxxxxxxxxx
xxxxxxxxxxxxxxxxxxxxxxxxxxxxxxxxxxxxxxxxxxxxxxxxxxxxxxxxxxxxxxxxxxxxxxxxxxxxxxxxxxxxxxxxxxxxxxxxxxxxxxxxxxxxxxxxxxxxxxx
xxxxxxxxxxxxxxxxxxxxxxxxxxxxxxxxxxxxxxxxxxxxxxxxxxxxxxxxxxxxxxxxxxxxxxxxxxxxxxxxxxxxxxxxxxxxxxxxxxxxxxxxxxxxxxxxxxxxxxx
xxxxxxxxxxxxxxxxxxxxxxxxxxxxxxxxxxxxxxxxxxxxxxxxxxxxxxxxxxxxxxxxxxxxxxxxxxxxxxxxxxxxxxxxxxxxxxxxxxxxxxxxxxxxxxxxxxxxxxx
xxxxxxxxxxxxxxxxxxxxxxxxxxxxxxxxxxxxxxxxxxxxxxxxxxxxxxxxxxxxxxxxxxxxxxxxxxxxxxxxxxxxxxxxxxxxxxxxxxxxxxxxxxxxxxxxxxxxxxx
xxxxxxxxxxxxxxxxxxxxxxxxxxxxxxxxxxxxxxxxxxxxxxxxxxxxxxxxxxxxxxxxxxxxxxxxxxxxxxxxxxxxxxxxxxxxxxxxxxxxxxxxxxxxxxxxxxxxxxx
xxxxxxxxxxxxxxxxxxxxxxxxxxxxxxxxxxxxxxxxxxxxxxxxxxxxxxxxxxxxxxxxxxxxxxxxxxxxxxxxxxxxxxxxxxxxxxxxxxxxxxxxxxxxxxxxxxxxxxx
xxxxxxxxxxxxxxxxxxxxxxxxxxxxxxxxxxxxxxxxxxxxxxxxxxxxxxxxxxxxxxxxxxxxxxxxxxxxxxxxxxxxxxxxxxxxxxxxxxxxxxxxxxxxxxxxxxxxxxx
xxxxxxxxxxxxxxxxxxxxxxxxxxxxxxxxxxxxxxxxxxxxxxxxxxxxxxxxxxxxxxxxxxxxxxxxxxxxxxxxxxxxxxxxxxxxxxxxxxxxxxxxxxxxxxxxxxxxxxx
xxxxxxxxxxxxxxxxxxxxxxxxxxxxxxxxxxxxxxxxxxxxxxxxxxxxxxxxxxxxxxxxxxxxxxxxxxxxxxxxxxxxxxxxxxxxxxxxxxxxxxxxxxxxxxxxxxxxxxx
xxxxxxxxxxxxxxxxxxxxxxxxxxxxxxxxxxxxxxxxxxxxxxxxxxxxxxxxxxxxxxxxxxxxxxxxxxxxxxxxxxxxxxxxxxxxxxxxxxxxxxxxxxxxxxxxxxxxxxx
xxxxxxxxxxxxxxxxxxxxxxxxxxxxxxxxxxxxxxxxxxxxxxxxxxxxxxxxxxxxxxxxxxxxxxxxxxxxxxxxxxxxxxxxxxxxxxxxxxxxxxxxxxxxxxxxxxxxxxx
xxxxxxxxxxxxxxxxxxxxxxxxxxxxxxxxxxxxxxxxxxxxxxxxxxxxxxxxxxxxxxxxxxxxxxxxxxxxxxxxxxxxxxxxxxxxxxxxxxxxxxxxxxxxxxxxxxxxxxx
xxxxxxxxxxxxxxxxxxxxxxxxxxxxxxxxxxxxxxxxxxxxxxxxxxxxxxxxxxxxxxxxxxxxxxxxxxxxxxxxxxxxxxxxxxxxxxxxxxxxxxxxxxxxxxxxxxxxxxx
xxxxxxxxxxxxxxxxxxxxxxxxxxxxxxxxxxxxxxxxxxxxxxxxxxxxxxxxxxxxxxxxxxxxxxxxxxxxxxxxxxxxxxxxxxxxxxxxxxxxxxxxxxxxxxxxxxxxxxx
xxxxxxxxxxxxxxxxxxxxxxxxxxxxxxxxxxxxxxxxxxxxxxxxxxxxxxxxxxxxxxxxxxxxxxxxxxxxxxxxxxxxxxxxxxxxxxxxxxxxxxxxxxxxxxxxxxxxxxx
xxxxxxxxxxxxxxxxxxxxxxxxxxxxxxxxxxxxxxxxxxxxxxxxxxxxxxxxxxxxxxxxxxxxxxxxxxxxxxxxxxxxxxxxxxxxxxxxxxxxxxxxxxxxxxxxxxxxxxx
xxxxxxxxxxxxxxxxxxxxxxxxxxxxxxxxxxxxxxxxxxxxxxxxxxxxxxxxxxxxxxxxxxxxxxxxxxxxxxxxxxxxxxxxxxxxxxxxxxxxxxxxxxxxxxxxxxxxxxx
xxxxxxxxxxxxxxxxxxxxxxxxxxxxxxxxxxxxxxxxxxxxxxxxxxxxxxxxxxxxxxxxxxxxxxxxxxxxxxxxxxxxxxxxxxxxxxxxxxxxxxxxxxxxxxxxxxxxxxx
xxxxxxxxxxxxxxxxxxxxxxxxxxxxxxxxxxxxxxxxxxxxxxxxxxxxxxxxxxxxxxxxxxxxxxxxxxxxxxxxxxxxxxxxxxxxxxxxxxxxxxxxxxxxxxxxxxxxxxx
xxxxxxxxxxxxxxxxxxxxxxxxxxxxxxxxxxxxxxxxxxxxxxxxxxxxxxxxxxxxxxxxxxxxxxxxxxxxxxxxxxxxxxxxxxxxxxxxxxxxxxxxxxxxxxxxxxxxxxx
xxxxxxxxxxxxxxxxxxxxxxxxxxxxxxxxxxxxxxxxxxxxxxxxxxxxxxxxxxxxxxxxxxxxxxxxxxxxxxxxxxxxxxxxxxxxxxxxxxxxxxxxxxxxxxxxxxxxxxx
xxxxxxxxxxxxxxxxxxxxxxxxxxxxxxxxxxxxxxxxxxxxxxxxxxxxxxxxxxxxxxxxxxxxxxxxxxxxxxxxxxxxxxxxxxxxxxxxxxxxxxxxxxxxxxxxxxxxxxx
xxxxxxxxxxxxxxxxxxxxxxxxxxxxxxxxxxxxxxxxxxxxxxxxxxxxxxxxxxxxxxxxxxxxxxxxxxxxxxxxxxxxxxxxxxxxxxxxxxxxxxxxxxxxxxxxxxxxxxx
xxxxxxxxxxxxxxxxxxxxxxxxxxxxxxxxxxxxxxxxxxxxxxxxxxxxxxxxxxxxxxxxxxxxxxxxxxxxxxxxxxxxxxxxxxxxxxxxxxxxxxxxxxxxxxxxxxxxxxx
xxxxxxxxxxxxxxxxxxxxxxxxxxxxxxxxxxxxxxxxxxxxxxxxxxxxxxxxxxxxxxxxxxxxxxxxxxxxxxxxxxxxxxxxxxxxxxxxxxxxxxxxxxxxxxxxxxxxxxx
xxxxxxxxxxxxxxxxxxxxxxxxxxxxxxxxxxxxxxxxxxxxxxxxxxxxxxxxxxxxxxxxxxxxxxxxxxxxxxxxxxxxxxxxxxxxxxxxxxxxxxxxxxxxxxxxxxxxxxx
xxxxxxxxxxxxxxxxxxxxxxxxxxxxxxxxxxxxxxxxxxxxxxxxxxxxxxxxxxxxxxxxxxxxxxxxxxxxxxxxxxxxxxxxxxxxxxxxxxxxxxxxxxxxxxxxxxxxxxx
xxxxxxxxxxxxxxxxxxxxxxxxxxxxxxxxxxxxxxxxxxxxxxxxxxxxxxxxxxxxxxxxxxxxxxxxxxxxxxxxxxxxxxxxxxxxxxxxxxxxxxxxxxxxxxxxxxxxxxx
xxxxxxxxxxxxxxxxxxxxxxxxxxxxxxxxxxxxxxxxxxxxxxxxxxxxxxxxxxxxxxxxxxxxxxxxxxxxxxxxxxxxxxxxxxxxxxxxxxxxxxxxxxxxxxxxxxxxxxx
xxxxxxxxxxxxxxxxxxxxxxxxxxxxxxxxxxxxxxxxxxxxxxxxxxxxxxxxxxxxxxxxxxxxxxxxxxxxxxxxxxxxxxxxxxxxxxxxxxxxxxxxxxxxxxxxxxxxxxx
xxxxxxxxxxxxxxxxxxxxxxxxxxxxxxxxxxxxxxxxxxxxxxxxxxxxxxxxxxxxxxxxxxxxxxxxxxxxxxxxxxxxxxxxxxxxxxxxxxxxxxxxxxxxxxxxxxxxxxx
xxxxxxxxxxxxxxxxxxxxxxxxxxxxxxxxxxxxxxxxxxxxxxxxxxxxxxxxxxxxxxxxxxxxxxxxxxxxxxxxxxxxxxxxxxxxxxxxxxxxxxxxxxxxxxxxxxxxxxx
xxxxxxxxxxxxxxxxxxxxxxxxxxxxxxxxxxxxxxxxxxxxxxxxxxxxxxxxxxxxxxxxxxxxxxxxxxxxxxxxxxxxxxxxxxxxxxxxxxxxxxxxxxxxxxxxxxxxxxx
xxxxxxxxxxxxxxxxxxxxxxxxxxxxxxxxxxxxxxxxxxxxxxxxxxxxxxxxxxxxxxxxxxxxxxxxxxxxxxxxxxxxxxxxxxxxxxxxxxxxxxxxxxxxxxxxxxxxxxx
xxxxxxxxxxxxxxxxxxxxxxxxxxxxxxxxxxxxxxxxxxxxxxxxxxxxxxxxxxxxxxxxxxxxxxxxxxxxxxxxxxxxxxxxxxxxxxxxxxxxxxxxxxxxxxxxxxxxxxx
xxxxxxxxxxxxxxxxxxxxxxxxxxxxxxxxxxxxxxxxxxxxxxxxxxxxxxxxxxxxxxxxxxxxxxxxxxxxxxxxxxxxxxxxxxxxxxxxxxxxxxxxxxxxxxxxxxxxxxx
xxxxxxxxxxxxxxxxxxxxxxxxxxxxxxxxxxxxxxxxxxxxxxxxxxxxxxxxxxxxxxxxxxxxxxxxxxxxxxxxxxxxxxxxxxxxxxxxxxxxxxxxxxxxxxxxxxxxxxx
xxxxxxxxxxxxxxxxxxxxxxxxxxxxxxxxxxxxxxxxxxxxxxxxxxxxxxxxxxxxxxxxxxxxxxxxxxxxxxxxxxxxxxxxxxxxxxxxxxxxxxxxxxxxxxxxxxxxxxx
xxxxxxxxxxxxxxxxxxxxxxxxxxxxxxxxxxxxxxxxxxxxxxxxxxxxxxxxxxxxxxxxxxxxxxxxxxxxxxxxxxxxxxxxxxxxxxxxxxxxxxxxxxxxxxxxxxxxxxx
xxxxxxxxxxxxxxxxxxxxxxxxxxxxxxxxxxxxxxxxxxxxxxxxxxxxxxxxxxxxxxxxxxxxxxxxxxxxxxxxxxxxxxxxxxxxxxxxxxxxxxxxxxxxxxxxxxxxxxx
xxxxxxxxxxxxxxxxxxxxxxxxxxxxxxxxxxxxxxxxxxxxxxxxxxxxxxxxxxxxxxxxxxxxxxxxxxxxxxxxxxxxxxxxxxxxxxxxxxxxxxxxxxxxxxxxxxxxxxx
xxxxxxxxxxxxxxxxxxxxxxxxxxxxxxxxxxxxxxxxxxxxxxxxxxxxxxxxxxxxxxxxxxxxxxxxxxxxxxxxxxxxxxxxxxxxxxxxxxxxxxxxxxxxxxxxxxxxxxx
xxxxxxxxxxxxxxxxxxxxxxxxxxxxxxxxxxxxxxxxxxxxxxxxxxxxxxxxxxxxxxxxxxxxxxxxxxxxxxxxxxxxxxxxxxxxxxxxxxxxxxxxxxxxxxxxxxxxxxx
xxxxxxxxxxxxxxxxxxxxxxxxxxxxxxxxxxxxxxxxxxxxxxxxxxxxxxxxxxxxxxxxxxxxxxxxxxxxxxxxxxxxxxxxxxxxxxxxxxxxxxxxxxxxxxxxxxxxxxx
xxxxxxxxxxxxxxxxxxxxxxxxxxxxxxxxxxxxxxxxxxxxxxxxxxxxxxxxxxxxxxxxxxxxxxxxxxxxxxxxxxxxxxxxxxxxxxxxxxxxxxxxxxxxxxxxxxxxxxx
xxxxxxxxxxxxxxxxxxxxxxxxxxxxxxxxxxxxxxxxxxxxxxxxxxxxxxxxxxxxxxxxxxxxxxxxxxxxxxxxxxxxxxxxxxxxxxxxxxxxxxxxxxxxxxxxxxxxxxx
xxxxxxxxxxxxxxxxxxxxxxxxxxxxxxxxxxxxxxxxxxxxxxxxxxxxxxxxxxxxxxxxxxxxxxxxxxxxxxxxxxxxxxxxxxxxxxxxxxxxxxxxxxxxxxxxxxxxxxx
xxxxxxxxxxxxxxxxxxxxxxxxxxxxxxxxxxxxxxxxxxxxxxxxxxxxxxxxxxxxxxxxxxxxxxxxxxxxxxxxxxxxxxxxxxxxxxxxxxxxxxxxxxxxxxxxxxxxxxx
xxxxxxxxxxxxxxxxxxxxxxxxxxxxxxxxxxxxxxxxxxxxxxxxxxxxxxxxxxxxxxxxxxxxxxxxxxxxxxxxxxxxxxxxxxxxxxxxxxxxxxxxxxxxxxxxxxxxxxx
xxxxxxxxxxxxxxxxxxxxxxxxxxxxxxxxxxxxxxxxxxxxxxxxxxxxxxxxxxxxxxxxxxxxxxxxxxxxxxxxxxxxxxxxxxxxxxxxxxxxxxxxxxxxxxxxxxxxxxx
xxxxxxxxxxxxxxxxxxxxxxxxxxxxxxxxxxxxxxxxxxxxxxxxxxxxxxxxxxxxxxxxxxxxxxxxxxxxxxxxxxxxxxxxxxxxxxxxxxxxxxxxxxxxxxxxxxxxxxx
xxxxxxxxxxxxxxxxxxxxxxxxxxxxxxxxxxxxxxxxxxxxxxxxxxxxxxxxxxxxxxxxxxxxxxxxxxxxxxxxxxxxxxxxxxxxxxxxxxxxxxxxxxxxxxxxxxxxxxx
xxxxxxxxxxxxxxxxxxxxxxxxxxxxxxxxxxxxxxxxxxxxxxxxxxxxxxxxxxxxxxxxxxxxxxxxxxxxxxxxxxxxxxxxxxxxxxxxxxxxxxxxxxxxxxxxxxxxxxx
xxxxxxxxxxxxxxxxxxxxxxxxxxxxxxxxxxxxxxxxxxxxxxxxxxxxxxxxxxxxxxxxxxxxxxxxxxxxxxxxxxxxxxxxxxxxxxxxxxxxxxxxxxxxxxxxxxxxxxx
xxxxxxxxxxxxxxxxxxxxxxxxxxxxxxxxxxxxxxxxxxxxxxxxxxxxxxxxxxxxxxxxxxxxxxxxxxxxxxxxxxxxxxxxxxxxxxxxxxxxxxxxxxxxxxxxxxxxxxx
xxxxxxxxxxxxxxxxxxxxxxxxxxxxxxxxxxxxxxxxxxxxxxxxxxxxxxxxxxxxxxxxxxxxxxxxxxxxxxxxxxxxxxxxxxxxxxxxxxxxxxxxxxxxxxxxxxxxxxx
xxxxxxxxxxxxxxxxxxxxxxxxxxxxxxxxxxxxxxxxxxxxxxxxxxxxxxxxxxxxxxxxxxxxxxxxxxxxxxxxxxxxxxxxxxxxxxxxxxxxxxxxxxxxxxxxxxxxxxx
xxxxxxxxxxxxxxxxxxxxxxxxxxxxxxxxxxxxxxxxxxxxxxxxxxxxxxxxxxxxxxxxxxxxxxxxxxxxxxxxxxxxxxxxxxxxxxxxxxxxxxxxxxxxxxxxxxxxxxx
xxxxxxxxxxxxxxxxxxxxxxxxxxxxxxxxxxxxxxxxxxxxxxxxxxxxxxxxxxxxxxxxxxxxxxxxxxxxxxxxxxxxxxxxxxxxxxxxxxxxxxxxxxxxxxxxxxxxxxx
xxxxxxxxxxxxxxxxxxxxxxxxxxxxxxxxxxxxxxxxxxxxxxxxxxxxxxxxxxxxxxxxxxxxxxxxxxxxxxxxxxxxxxxxxxxxxxxxxxxxxxxxxxxxxxxxxxxxxxx
xxxxxxxxxxxxxxxxxxxxxxxxxxxxxxxxxxxxxxxxxxxxxxxxxxxxxxxxxxxxxxxxxxxxxxxxxxxxxxxxxxxxxxxxxxxxxxxxxxxxxxxxxxxxxxxxxxxxxxx
xxxxxxxxxxxxxxxxxxxxxxxxxxxxxxxxxxxxxxxxxxxxxxxxxxxxxxxxxxxxxxxxxxxxxxxxxxxxxxxxxxxxxxxxxxxxxxxxxxxxxxxxxxxxxxxxxxxxxxx
xxxxxxxxxxxxxxxxxxxxxxxxxxxxxxxxxxxxxxxxxxxxxxxxxxxxxxxxxxxxxxxxxxxxxxxxxxxxxxxxxxxxxxxxxxxxxxxxxxxxxxxxxxxxxxxxxxxxxxx
xxxxxxxxxxxxxxxxxxxxxxxxxxxxxxxxxxxxxxxxxxxxxxxxxxxxxxxxxxxxxxxxxxxxxxxxxxxxxxxxxxxxxxxxxxxxxxxxxxxxxxxxxxxxxxxxxxxxxxx
xxxxxxxxxxxxxxxxxxxxxxxxxxxxxxxxxxxxxxxxxxxxxxxxxxxxxxxxxxxxxxxxxxxxxxxxxxxxxxxxxxxxxxxxxxxxxxxxxxxxxxxxxxxxxxxxxxxxxxx
xxxxxxxxxxxxxxxxxxxxxxxxxxxxxxxxxxxxxxxxxxxxxxxxxxxxxxxxxxxxxxxxxxxxxxxxxxxxxxxxxxxxxxxxxxxxxxxxxxxxxxxxxxxxxxxxxxxxxxx
xxxxxxxxxxxxxxxxxxxxxxxxxxxxxxxxxxxxxxxxxxxxxxxxxxxxxxxxxxxxxxxxxxxxxxxxxxxxxxxxxxxxxxxxxxxxxxxxxxxxxxxxxxxxxxxxxxxxxxx
xxxxxxxxxxxxxxxxxxxxxxxxxxxxxxxxxxxxxxxxxxxxxxxxxxxxxxxxxxxxxxxxxxxxxxxxxxxxxxxxxxxxxxxxxxxxxxxxxxxxxxxxxxxxxxxxxxxxxxx
xxxxxxxxxxxxxxxxxxxxxxxxxxxxxxxxxxxxxxxxxxxxxxxxxxxxxxxxxxxxxxxxxxxxxxxxxxxxxxxxxxxxxxxxxxxxxxxxxxxxxxxxxxxxxxxxxxxxxxx
xxxxxxxxxxxxxxxxxxxxxxxxxxxxxxxxxxxxxxxxxxxxxxxxxxxxxxxxxxxxxxxxxxxxxxxxxxxxxxxxxxxxxxxxxxxxxxxxxxxxxxxxxxxxxxxxxxxxxxx
xxxxxxxxxxxxxxxxxxxxxxxxxxxxxxxxxxxxxxxxxxxxxxxxxxxxxxxxxxxxxxxxxxxxxxxxxxxxxxxxxxxxxxxxxxxxxxxxxxxxxxxxxxxxxxxxxxxxxxx
xxxxxxxxxxxxxxxxxxxxxxxxxxxxxxxxxxxxxxxxxxxxxxxxxxxxxxxxxxxxxxxxxxxxxxxxxxxxxxxxxxxxxxxxxxxxxxxxxxxxxxxxxxxxxxxxxxxxxxx
xxxxxxxxxxxxxxxxxxxxxxxxxxxxxxxxxxxxxxxxxxxxxxxxxxxxxxxxxxxxxxxxxxxxxxxxxxxxxxxxxxxxxxxxxxxxxxxxxxxxxxxxxxxxxxxxxxxxxxx
xxxxxxxxxxxxxxxxxxxxxxxxxxxxxxxxxxxxxxxxxxxxxxxxxxxxxxxxxxxxxxxxxxxxxxxxxxxxxxxxxxxxxxxxxxxxxxxxxxxxxxxxxxxxxxxxxxxxxxx
xxxxxxxxxxxxxxxxxxxxxxxxxxxxxxxxxxxxxxxxxxxxxxxxxxxxxxxxxxxxxxxxxxxxxxxxxxxxxxxxxxxxxxxxxxxxxxxxxxxxxxxxxxxxxxxxxxxxxxx
xxxxxxxxxxxxxxxxxxxxxxxxxxxxxxxxxxxxxxxxxxxxxxxxxxxxxxxxxxxxxxxxxxxxxxxxxxxxxxxxxxxxxxxxxxxxxxxxxxxxxxxxxxxxxxxxxxxxxxx
xxxxxxxxxxxxxxxxxxxxxxxxxxxxxxxxxxxxxxxxxxxxxxxxxxxxxxxxxxxxxxxxxxxxxxxxxxxxxxxxxxxxxxxxxxxxxxxxxxxxxxxxxxxxxxxxxxxxxxx
xxxxxxxxxxxxxxxxxxxxxxxxxxxxxxxxxxxxxxxxxxxxxxxxxxxxxxxxxxxxxxxxxxxxxxxxxxxxxxxxxxxxxxxxxxxxxxxxxxxxxxxxxxxxxxxxxxxxxxx
xxxxxxxxxxxxxxxxxxxxxxxxxxxxxxxxxxxxxxxxxxxxxxxxxxxxxxxxxxxxxxxxxxxxxxxxxxxxxxxxxxxxxxxxxxxxxxxxxxxxxxxxxxxxxxxxxxxxxxx
xxxxxxxxxxxxxxxxxxxxxxxxxxxxxxxxxxxxxxxxxxxxxxxxxxxxxxxxxxxxxxxxxxxxxxxxxxxxxxxxxxxxxxxxxxxxxxxxxxxxxxxxxxxxxxxxxxxxxxx
xxxxxxxxxxxxxxxxxxxxxxxxxxxxxxxxxxxxxxxxxxxxxxxxxxxxxxxxxxxxxxxxxxxxxxxxxxxxxxxxxxxxxxxxxxxxxxxxxxxxxxxxxxxxxxxxxxxxxxx
xxxxxxxxxxxxxxxxxxxxxxxxxxxxxxxxxxxxxxxxxxxxxxxxxxxxxxxxxxxxxxxxxxxxxxxxxxxxxxxxxxxxxxxxxxxxxxxxxxxxxxxxxxxxxxxxxxxxxxx
xxxxxxxxxxxxxxxxxxxxxxxxxxxxxxxxxxxxxxxxxxxxxxxxxxxxxxxxxxxxxxxxxxxxxxxxxxxxxxxxxxxxxxxxxxxxxxxxxxxxxxxxxxxxxxxxxxxxxxx
xxxxxxxxxxxxxxxxxxxxxxxxxxxxxxxxxxxxxxxxxxxxxxxxxxxxxxxxxxxxxxxxxxxxxxxxxxxxxxxxxxxxxxxxxxxxxxxxxxxxxxxxxxxxxxxxxxxxxxx
xxxxxxxxxxxxxxxxxxxxxxxxxxxxxxxxxxxxxxxxxxxxxxxxxxxxxxxxxxxxxxxxxxxxxxxxxxxxxxxxxxxxxxxxxxxxxxxxxxxxxxxxxxxxxxxxxxxxxxx
xxxxxxxxxxxxxxxxxxxxxxxxxxxxxxxxxxxxxxxxxxxxxxxxxxxxxxxxxxxxxxxxxxxxxxxxxxxxxxxxxxxxxxxxxxxxxxxxxxxxxxxxxxxxxxxxxxxxxxx
xxxxxxxxxxxxxxxxxxxxxxxxxxxxxxxxxxxxxxxxxxxxxxxxxxxxxxxxxxxxxxxxxxxxxxxxxxxxxxxxxxxxxxxxxxxxxxxxxxxxxxxxxxxxxxxxxxxxxxx
xxxxxxxxxxxxxxxxxxxxxxxxxxxxxxxxxxxxxxxxxxxxxxxxxxxxxxxxxxxxxxxxxxxxxxxxxxxxxxxxxxxxxxxxxxxxxxxxxxxxxxxxxxxxxxxxxxxxxxx
xxxxxxxxxxxxxxxxxxxxxxxxxxxxxxxxxxxxxxxxxxxxxxxxxxxxxxxxxxxxxxxxxxxxxxxxxxxxxxxxxxxxxxxxxxxxxxxxxxxxxxxxxxxxxxxxxxxxxxx
xxxxxxxxxxxxxxxxxxxxxxxxxxxxxxxxxxxxxxxxxxxxxxxxxxxxxxxxxxxxxxxxxxxxxxxxxxxxxxxxxxxxxxxxxxxxxxxxxxxxxxxxxxxxxxxxxxxxxxx
xxxxxxxxxxxxxxxxxxxxxxxxxxxxxxxxxxxxxxxxxxxxxxxxxxxxxxxxxxxxxxxxxxxxxxxxxxxxxxxxxxxxxxxxxxxxxxxxxxxxxxxxxxxxxxxxxxxxxxx
xxxxxxxxxxxxxxxxxxxxxxxxxxxxxxxxxxxxxxxxxxxxxxxxxxxxxxxxxxxxxxxxxxxxxxxxxxxxxxxxxxxxxxxxxxxxxxxxxxxxxxxxxxxxxxxxxxxxxxx
xxxxxxxxxxxxxxxxxxxxxxxxxxxxxxxxxxxxxxxxxxxxxxxxxxxxxxxxxxxxxxxxxxxxxxxxxxxxxxxxxxxxxxxxxxxxxxxxxxxxxxxxxxxxxxxxxxxxxxx
xxxxxxxxxxxxxxxxxxxxxxxxxxxxxxxxxxxxxxxxxxxxxxxxxxxxxxxxxxxxxxxxxxxxxxxxxxxxxxxxxxxxxxxxxxxxxxxxxxxxxxxxxxxxxxxxxxxxxxx
xxxxxxxxxxxxxxxxxxxxxxxxxxxxxxxxxxxxxxxxxxxxxxxxxxxxxxxxxxxxxxxxxxxxxxxxxxxxxxxxxxxxxxxxxxxxxxxxxxxxxxxxxxxxxxxxxxxxxxx
xxxxxxxxxxxxxxxxxxxxxxxxxxxxxxxxxxxxxxxxxxxxxxxxxxxxxxxxxxxxxxxxxxxxxxxxxxxxxxxxxxxxxxxxxxxxxxxxxxxxxxxxxxxxxxxxxxxxxxx
xxxxxxxxxxxxxxxxxxxxxxxxxxxxxxxxxxxxxxxxxxxxxxxxxxxxxxxxxxxxxxxxxxxxxxxxxxxxxxxxxxxxxxxxxxxxxxxxxxxxxxxxxxxxxxxxxxxxxxx
xxxxxxxxxxxxxxxxxxxxxxxxxxxxxxxxxxxxxxxxxxxxxxxxxxxxxxxxxxxxxxxxxxxxxxxxxxxxxxxxxxxxxxxxxxxxxxxxxxxxxxxxxxxxxxxxxxxxxxx
xxxxxxxxxxxxxxxxxxxxxxxxxxxxxxxxxxxxxxxxxxxxxxxxxxxxxxxxxxxxxxxxxxxxxxxxxxxxxxxxxxxxxxxxxxxxxxxxxxxxxxxxxxxxxxxxxxxxxxx
xxxxxxxxxxxxxxxxxxxxxxxxxxxxxxxxxxxxxxxxxxxxxxxxxxxxxxxxxxxxxxxxxxxxxxxxxxxxxxxxxxxxxxxxxxxxxxxxxxxxxxxxxxxxxxxxxxxxxxx
xxxxxxxxxxxxxxxxxxxxxxxxxxxxxxxxxxxxxxxxxxxxxxxxxxxxxxxxxxxxxxxxxxxxxxxxxxxxxxxxxxxxxxxxxxxxxxxxxxxxxxxxxxxxxxxxxxxxxxx
xxxxxxxxxxxxxxxxxxxxxxxxxxxxxxxxxxxxxxxxxxxxxxxxxxxxxxxxxxxxxxxxxxxxxxxxxxxxxxxxxxxxxxxxxxxxxxxxxxxxxxxxxxxxxxxxxxxxxxx
xxxxxxxxxxxxxxxxxxxxxxxxxxxxxxxxxxxxxxxxxxxxxxxxxxxxxxxxxxxxxxxxxxxxxxxxxxxxxxxxxxxxxxxxxxxxxxxxxxxxxxxxxxxxxxxxxxxxxxx
xxxxxxxxxxxxxxxxxxxxxxxxxxxxxxxxxxxxxxxxxxxxxxxxxxxxxxxxxxxxxxxxxxxxxxxxxxxxxxxxxxxxxxxxxxxxxxxxxxxxxxxxxxxxxxxxxxxxxxx
xxxxxxxxxxxxxxxxxxxxxxxxxxxxxxxxxxxxxxxxxxxxxxxxxxxxxxxxxxxxxxxxxxxxxxxxxxxxxxxxxxxxxxxxxxxxxxxxxxxxxxxxxxxxxxxxxxxxxxx
xxxxxxxxxxxxxxxxxxxxxxxxxxxxxxxxxxxxxxxxxxxxxxxxxxxxxxxxxxxxxxxxxxxxxxxxxxxxxxxxxxxxxxxxxxxxxxxxxxxxxxxxxxxxxxxxxxxxxxx
xxxxxxxxxxxxxxxxxxxxxxxxxxxxxxxxxxxxxxxxxxxxxxxxxxxxxxxxxxxxxxxxxxxxxxxxxxxxxxxxxxxxxxxxxxxxxxxxxxxxxxxxxxxxxxxxxxxxxxx
xxxxxxxxxxxxxxxxxxxxxxxxxxxxxxxxxxxxxxxxxxxxxxxxxxxxxxxxxxxxxxxxxxxxxxxxxxxxxxxxxxxxxxxxxxxxxxxxxxxxxxxxxxxxxxxxxxxxxxx
xxxxxxxxxxxxxxxxxxxxxxxxxxxxxxxxxxxxxxxxxxxxxxxxxxxxxxxxxxxxxxxxxxxxxxxxxxxxxxxxxxxxxxxxxxxxxxxxxxxxxxxxxxxxxxxxxxxxxxx
xxxxxxxxxxxxxxxxxxxxxxxxxxxxxxxxxxxxxxxxxxxxxxxxxxxxxxxxxxxxxxxxxxxxxxxxxxxxxxxxxxxxxxxxxxxxxxxxxxxxxxxxxxxxxxxxxxxxxxx
xxxxxxxxxxxxxxxxxxxxxxxxxxxxxxxxxxxxxxxxxxxxxxxxxxxxxxxxxxxxxxxxxxxxxxxxxxxxxxxxxxxxxxxxxxxxxxxxxxxxxxxxxxxxxxxxxxxxxxx
xxxxxxxxxxxxxxxxxxxxxxxxxxxxxxxxxxxxxxxxxxxxxxxxxxxxxxxxxxxxxxxxxxxxxxxxxxxxxxxxxxxxxxxxxxxxxxxxxxxxxxxxxxxxxxxxxxxxxxx
xxxxxxxxxxxxxxxxxxxxxxxxxxxxxxxxxxxxxxxxxxxxxxxxxxxxxxxxxxxxxxxxxxxxxxxxxxxxxxxxxxxxxxxxxxxxxxxxxxxxxxxxxxxxxxxxxxxxxxx
xxxxxxxxxxxxxxxxxxxxxxxxxxxxxxxxxxxxxxxxxxxxxxxxxxxxxxxxxxxxxxxxxxxxxxxxxxxxxxxxxxxxxxxxxxxxxxxxxxxxxxxxxxxxxxxxxxxxxxx
xxxxxxxxxxxxxxxxxxxxxxxxxxxxxxxxxxxxxxxxxxxxxxxxxxxxxxxxxxxxxxxxxxxxxxxxxxxxxxxxxxxxxxxxxxxxxxxxxxxxxxxxxxxxxxxxxxxxxxx
xxxxxxxxxxxxxxxxxxxxxxxxxxxxxxxxxxxxxxxxxxxxxxxxxxxxxxxxxxxxxxxxxxxxxxxxxxxxxxxxxxxxxxxxxxxxxxxxxxxxxxxxxxxxxxxxxxxxxxx
xxxxxxxxxxxxxxxxxxxxxxxxxxxxxxxxxxxxxxxxxxxxxxxxxxxxxxxxxxxxxxxxxxxxxxxxxxxxxxxxxxxxxxxxxxxxxxxxxxxxxxxxxxxxxxxxxxxxxxx
xxxxxxxxxxxxxxxxxxxxxxxxxxxxxxxxxxxxxxxxxxxxxxxxxxxxxxxxxxxxxxxxxxxxxxxxxxxxxxxxxxxxxxxxxxxxxxxxxxxxxxxxxxxxxxxxxxxxxxx
xxxxxxxxxxxxxxxxxxxxxxxxxxxxxxxxxxxxxxxxxxxxxxxxxxxxxxxxxxxxxxxxxxxxxxxxxxxxxxxxxxxxxxxxxxxxxxxxxxxxxxxxxxxxxxxxxxxxxxx
xxxxxxxxxxxxxxxxxxxxxxxxxxxxxxxxxxxxxxxxxxxxxxxxxxxxxxxxxxxxxxxxxxxxxxxxxxxxxxxxxxxxxxxxxxxxxxxxxxxxxxxxxxxxxxxxxxxxxxx
xxxxxxxxxxxxxxxxxxxxxxxxxxxxxxxxxxxxxxxxxxxxxxxxxxxxxxxxxxxxxxxxxxxxxxxxxxxxxxxxxxxxxxxxxxxxxxxxxxxxxxxxxxxxxxxxxxxxxxx
xxxxxxxxxxxxxxxxxxxxxxxxxxxxxxxxxxxxxxxxxxxxxxxxxxxxxxxxxxxxxxxxxxxxxxxxxxxxxxxxxxxxxxxxxxxxxxxxxxxxxxxxxxxxxxxxxxxxxxx
xxxxxxxxxxxxxxxxxxxxxxxxxxxxxxxxxxxxxxxxxxxxxxxxxxxxxxxxxxxxxxxxxxxxxxxxxxxxxxxxxxxxxxxxxxxxxxxxxxxxxxxxxxxxxxxxxxxxxxx
xxxxxxxxxxxxxxxxxxxxxxxxxxxxxxxxxxxxxxxxxxxxxxxxxxxxxxxxxxxxxxxxxxxxxxxxxxxxxxxxxxxxxxxxxxxxxxxxxxxxxxxxxxxxxxxxxxxxxxx
xxxxxxxxxxxxxxxxxxxxxxxxxxxxxxxxxxxxxxxxxxxxxxxxxxxxxxxxxxxxxxxxxxxxxxxxxxxxxxxxxxxxxxxxxxxxxxxxxxxxxxxxxxxxxxxxxxxxxxx
xxxxxxxxxxxxxxxxxxxxxxxxxxxxxxxxxxxxxxxxxxxxxxxxxxxxxxxxxxxxxxxxxxxxxxxxxxxxxxxxxxxxxxxxxxxxxxxxxxxxxxxxxxxxxxxxxxxxxxx
xxxxxxxxxxxxxxxxxxxxxxxxxxxxxxxxxxxxxxxxxxxxxxxxxxxxxxxxxxxxxxxxxxxxxxxxxxxxxxxxxxxxxxxxxxxxxxxxxxxxxxxxxxxxxxxxxxxxxxx
xxxxxxxxxxxxxxxxxxxxxxxxxxxxxxxxxxxxxxxxxxxxxxxxxxxxxxxxxxxxxxxxxxxxxxxxxxxxxxxxxxxxxxxxxxxxxxxxxxxxxxxxxxxxxxxxxxxxxxx
xxxxxxxxxxxxxxxxxxxxxxxxxxxxxxxxxxxxxxxxxxxxxxxxxxxxxxxxxxxxxxxxxxxxxxxxxxxxxxxxxxxxxxxxxxxxxxxxxxxxxxxxxxxxxxxxxxxxxxx
xxxxxxxxxxxxxxxxxxxxxxxxxxxxxxxxxxxxxxxxxxxxxxxxxxxxxxxxxxxxxxxxxxxxxxxxxxxxxxxxxxxxxxxxxxxxxxxxxxxxxxxxxxxxxxxxxxxxxxx
xxxxxxxxxxxxxxxxxxxxxxxxxxxxxxxxxxxxxxxxxxxxxxxxxxxxxxxxxxxxxxxxxxxxxxxxxxxxxxxxxxxxxxxxxxxxxxxxxxxxxxxxxxxxxxxxxxxxxxx
xxxxxxxxxxxxxxxxxxxxxxxxxxxxxxxxxxxxxxxxxxxxxxxxxxxxxxxxxxxxxxxxxxxxxxxxxxxxxxxxxxxxxxxxxxxxxxxxxxxxxxxxxxxxxxxxxxxxxxx
xxxxxxxxxxxxxxxxxxxxxxxxxxxxxxxxxxxxxxxxxxxxxxxxxxxxxxxxxxxxxxxxxxxxxxxxxxxxxxxxxxxxxxxxxxxxxxxxxxxxxxxxxxxxxxxxxxxxxxx
xxxxxxxxxxxxxxxxxxxxxxxxxxxxxxxxxxxxxxxxxxxxxxxxxxxxxxxxxxxxxxxxxxxxxxxxxxxxxxxxxxxxxxxxxxxxxxxxxxxxxxxxxxxxxxxxxxxxxxx
xxxxxxxxxxxxxxxxxxxxxxxxxxxxxxxxxxxxxxxxxxxxxxxxxxxxxxxxxxxxxxxxxxxxxxxxxxxxxxxxxxxxxxxxxxxxxxxxxxxxxxxxxxxxxxxxxxxxxxx
xxxxxxxxxxxxxxxxxxxxxxxxxxxxxxxxxxxxxxxxxxxxxxxxxxxxxxxxxxxxxxxxxxxxxxxxxxxxxxxxxxxxxxxxxxxxxxxxxxxxxxxxxxxxxxxxxxxxxxx
xxxxxxxxxxxxxxxxxxxxxxxxxxxxxxxxxxxxxxxxxxxxxxxxxxxxxxxxxxxxxxxxxxxxxxxxxxxxxxxxxxxxxxxxxxxxxxxxxxxxxxxxxxxxxxxxxxxxxxx
xxxxxxxxxxxxxxxxxxxxxxxxxxxxxxxxxxxxxxxxxxxxxxxxxxxxxxxxxxxxxxxxxxxxxxxxxxxxxxxxxxxxxxxxxxxxxxxxxxxxxxxxxxxxxxxxxxxxxxx
xxxxxxxxxxxxxxxxxxxxxxxxxxxxxxxxxxxxxxxxxxxxxxxxxxxxxxxxxxxxxxxxxxxxxxxxxxxxxxxxxxxxxxxxxxxxxxxxxxxxxxxxxxxxxxxxxxxxxxx
xxxxxxxxxxxxxxxxxxxxxxxxxxxxxxxxxxxxxxxxxxxxxxxxxxxxxxxxxxxxxxxxxxxxxxxxxxxxxxxxxxxxxxxxxxxxxxxxxxxxxxxxxxxxxxxxxxxxxxx
xxxxxxxxxxxxxxxxxxxxxxxxxxxxxxxxxxxxxxxxxxxxxxxxxxxxxxxxxxxxxxxxxxxxxxxxxxxxxxxxxxxxxxxxxxxxxxxxxxxxxxxxxxxxxxxxxxxxxxx
xxxxxxxxxxxxxxxxxxxxxxxxxxxxxxxxxxxxxxxxxxxxxxxxxxxxxxxxxxxxxxxxxxxxxxxxxxxxxxxxxxxxxxxxxxxxxxxxxxxxxxxxxxxxxxxxxxxxxxx
xxxxxxxxxxxxxxxxxxxxxxxxxxxxxxxxxxxxxxxxxxxxxxxxxxxxxxxxxxxxxxxxxxxxxxxxxxxxxxxxxxxxxxxxxxxxxxxxxxxxxxxxxxxxxxxxxxxxxxx
xxxxxxxxxxxxxxxxxxxxxxxxxxxxxxxxxxxxxxxxxxxxxxxxxxxxxxxxxxxxxxxxxxxxxxxxxxxxxxxxxxxxxxxxxxxxxxxxxxxxxxxxxxxxxxxxxxxxxxx
xxxxxxxxxxxxxxxxxxxxxxxxxxxxxxxxxxxxxxxxxxxxxxxxxxxxxxxxxxxxxxxxxxxxxxxxxxxxxxxxxxxxxxxxxxxxxxxxxxxxxxxxxxxxxxxxxxxxxxx
xxxxxxxxxxxxxxxxxxxxxxxxxxxxxxxxxxxxxxxxxxxxxxxxxxxxxxxxxxxxxxxxxxxxxxxxxxxxxxxxxxxxxxxxxxxxxxxxxxxxxxxxxxxxxxxxxxxxxxx
xxxxxxxxxxxxxxxxxxxxxxxxxxxxxxxxxxxxxxxxxxxxxxxxxxxxxxxxxxxxxxxxxxxxxxxxxxxxxxxxxxxxxxxxxxxxxxxxxxxxxxxxxxxxxxxxxxxxxxx
xxxxxxxxxxxxxxxxxxxxxxxxxxxxxxxxxxxxxxxxxxxxxxxxxxxxxxxxxxxxxxxxxxxxxxxxxxxxxxxxxxxxxxxxxxxxxxxxxxxxxxxxxxxxxxxxxxxxxxx
xxxxxxxxxxxxxxxxxxxxxxxxxxxxxxxxxxxxxxxxxxxxxxxxxxxxxxxxxxxxxxxxxxxxxxxxxxxxxxxxxxxxxxxxxxxxxxxxxxxxxxxxxxxxxxxxxxxxxxx
xxxxxxxxxxxxxxxxxxxxxxxxxxxxxxxxxxxxxxxxxxxxxxxxxxxxxxxxxxxxxxxxxxxxxxxxxxxxxxxxxxxxxxxxxxxxxxxxxxxxxxxxxxxxxxxxxxxxxxx
xxxxxxxxxxxxxxxxxxxxxxxxxxxxxxxxxxxxxxxxxxxxxxxxxxxxxxxxxxxxxxxxxxxxxxxxxxxxxxxxxxxxxxxxxxxxxxxxxxxxxxxxxxxxxxxxxxxxxxx
xxxxxxxxxxxxxxxxxxxxxxxxxxxxxxxxxxxxxxxxxxxxxxxxxxxxxxxxxxxxxxxxxxxxxxxxxxxxxxxxxxxxxxxxxxxxxxxxxxxxxxxxxxxxxxxxxxxxxxx
xxxxxxxxxxxxxxxxxxxxxxxxxxxxxxxxxxxxxxxxxxxxxxxxxxxxxxxxxxxxxxxxxxxxxxxxxxxxxxxxxxxxxxxxxxxxxxxxxxxxxxxxxxxxxxxxxxxxxxx
xxxxxxxxxxxxxxxxxxxxxxxxxxxxxxxxxxxxxxxxxxxxxxxxxxxxxxxxxxxxxxxxxxxxxxxxxxxxxxxxxxxxxxxxxxxxxxxxxxxxxxxxxxxxxxxxxxxxxxx
xxxxxxxxxxxxxxxxxxxxxxxxxxxxxxxxxxxxxxxxxxxxxxxxxxxxxxxxxxxxxxxxxxxxxxxxxxxxxxxxxxxxxxxxxxxxxxxxxxxxxxxxxxxxxxxxxxxxxxx
xxxxxxxxxxxxxxxxxxxxxxxxxxxxxxxxxxxxxxxxxxxxxxxxxxxxxxxxxxxxxxxxxxxxxxxxxxxxxxxxxxxxxxxxxxxxxxxxxxxxxxxxxxxxxxxxxxxxxxx
xxxxxxxxxxxxxxxxxxxxxxxxxxxxxxxxxxxxxxxxxxxxxxxxxxxxxxxxxxxxxxxxxxxxxxxxxxxxxxxxxxxxxxxxxxxxxxxxxxxxxxxxxxxxxxxxxxxxxxx
xxxxxxxxxxxxxxxxxxxxxxxxxxxxxxxxxxxxxxxxxxxxxxxxxxxxxxxxxxxxxxxxxxxxxxxxxxxxxxxxxxxxxxxxxxxxxxxxxxxxxxxxxxxxxxxxxxxxxxx
xxxxxxxxxxxxxxxxxxxxxxxxxxxxxxxxxxxxxxxxxxxxxxxxxxxxxxxxxxxxxxxxxxxxxxxxxxxxxxxxxxxxxxxxxxxxxxxxxxxxxxxxxxxxxxxxxxxxxxx
xxxxxxxxxxxxxxxxxxxxxxxxxxxxxxxxxxxxxxxxxxxxxxxxxxxxxxxxxxxxxxxxxxxxxxxxxxxxxxxxxxxxxxxxxxxxxxxxxxxxxxxxxxxxxxxxxxxxxxx
xxxxxxxxxxxxxxxxxxxxxxxxxxxxxxxxxxxxxxxxxxxxxxxxxxxxxxxxxxxxxxxxxxxxxxxxxxxxxxxxxxxxxxxxxxxxxxxxxxxxxxxxxxxxxxxxxxxxxxx
xxxxxxxxxxxxxxxxxxxxxxxxxxxxxxxxxxxxxxxxxxxxxxxxxxxxxxxxxxxxxxxxxxxxxxxxxxxxxxxxxxxxxxxxxxxxxxxxxxxxxxxxxxxxxxxxxxxxxxx
xxxxxxxxxxxxxxxxxxxxxxxxxxxxxxxxxxxxxxxxxxxxxxxxxxxxxxxxxxxxxxxxxxxxxxxxxxxxxxxxxxxxxxxxxxxxxxxxxxxxxxxxxxxxxxxxxxxxxxx
xxxxxxxxxxxxxxxxxxxxxxxxxxxxxxxxxxxxxxxxxxxxxxxxxxxxxxxxxxxxxxxxxxxxxxxxxxxxxxxxxxxxxxxxxxxxxxxxxxxxxxxxxxxxxxxxxxxxxxx
xxxxxxxxxxxxxxxxxxxxxxxxxxxxxxxxxxxxxxxxxxxxxxxxxxxxxxxxxxxxxxxxxxxxxxxxxxxxxxxxxxxxxxxxxxxxxxxxxxxxxxxxxxxxxxxxxxxxxxx
xxxxxxxxxxxxxxxxxxxxxxxxxxxxxxxxxxxxxxxxxxxxxxxxxxxxxxxxxxxxxxxxxxxxxxxxxxxxxxxxxxxxxxxxxxxxxxxxxxxxxxxxxxxxxxxxxxxxxxx
xxxxxxxxxxxxxxxxxxxxxxxxxxxxxxxxxxxxxxxxxxxxxxxxxxxxxxxxxxxxxxxxxxxxxxxxxxxxxxxxxxxxxxxxxxxxxxxxxxxxxxxxxxxxxxxxxxxxxxx
xxxxxxxxxxxxxxxxxxxxxxxxxxxxxxxxxxxxxxxxxxxxxxxxxxxxxxxxxxxxxxxxxxxxxxxxxxxxxxxxxxxxxxxxxxxxxxxxxxxxxxxxxxxxxxxxxxxxxxx
xxxxxxxxxxxxxxxxxxxxxxxxxxxxxxxxxxxxxxxxxxxxxxxxxxxxxxxxxxxxxxxxxxxxxxxxxxxxxxxxxxxxxxxxxxxxxxxxxxxxxxxxxxxxxxxxxxxxxxx
xxxxxxxxxxxxxxxxxxxxxxxxxxxxxxxxxxxxxxxxxxxxxxxxxxxxxxxxxxxxxxxxxxxxxxxxxxxxxxxxxxxxxxxxxxxxxxxxxxxxxxxxxxxxxxxxxxxxxxx
xxxxxxxxxxxxxxxxxxxxxxxxxxxxxxxxxxxxxxxxxxxxxxxxxxxxxxxxxxxxxxxxxxxxxxxxxxxxxxxxxxxxxxxxxxxxxxxxxxxxxxxxxxxxxxxxxxxxxxx
xxxxxxxxxxxxxxxxxxxxxxxxxxxxxxxxxxxxxxxxxxxxxxxxxxxxxxxxxxxxxxxxxxxxxxxxxxxxxxxxxxxxxxxxxxxxxxxxxxxxxxxxxxxxxxxxxxxxxxx
xxxxxxxxxxxxxxxxxxxxxxxxxxxxxxxxxxxxxxxxxxxxxxxxxxxxxxxxxxxxxxxxxxxxxxxxxxxxxxxxxxxxxxxxxxxxxxxxxxxxxxxxxxxxxxxxxxxxxxx
xxxxxxxxxxxxxxxxxxxxxxxxxxxxxxxxxxxxxxxxxxxxxxxxxxxxxxxxxxxxxxxxxxxxxxxxxxxxxxxxxxxxxxxxxxxxxxxxxxxxxxxxxxxxxxxxxxxxxxx
xxxxxxxxxxxxxxxxxxxxxxxxxxxxxxxxxxxxxxxxxxxxxxxxxxxxxxxxxxxxxxxxxxxxxxxxxxxxxxxxxxxxxxxxxxxxxxxxxxxxxxxxxxxxxxxxxxxxxxx
xxxxxxxxxxxxxxxxxxxxxxxxxxxxxxxxxxxxxxxxxxxxxxxxxxxxxxxxxxxxxxxxxxxxxxxxxxxxxxxxxxxxxxxxxxxxxxxxxxxxxxxxxxxxxxxxxxxxxxx
xxxxxxxxxxxxxxxxxxxxxxxxxxxxxxxxxxxxxxxxxxxxxxxxxxxxxxxxxxxxxxxxxxxxxxxxxxxxxxxxxxxxxxxxxxxxxxxxxxxxxxxxxxxxxxxxxxxxxxx
xxxxxxxxxxxxxxxxxxxxxxxxxxxxxxxxxxxxxxxxxxxxxxxxxxxxxxxxxxxxxxxxxxxxxxxxxxxxxxxxxxxxxxxxxxxxxxxxxxxxxxxxxxxxxxxxxxxxxxx
xxxxxxxxxxxxxxxxxxxxxxxxxxxxxxxxxxxxxxxxxxxxxxxxxxxxxxxxxxxxxxxxxxxxxxxxxxxxxxxxxxxxxxxxxxxxxxxxxxxxxxxxxxxxxxxxxxxxxxx
xxxxxxxxxxxxxxxxxxxxxxxxxxxxxxxxxxxxxxxxxxxxxxxxxxxxxxxxxxxxxxxxxxxxxxxxxxxxxxxxxxxxxxxxxxxxxxxxxxxxxxxxxxxxxxxxxxxxxxx
xxxxxxxxxxxxxxxxxxxxxxxxxxxxxxxxxxxxxxxxxxxxxxxxxxxxxxxxxxxxxxxxxxxxxxxxxxxxxxxxxxxxxxxxxxxxxxxxxxxxxxxxxxxxxxxxxxxxxxx
xxxxxxxxxxxxxxxxxxxxxxxxxxxxxxxxxxxxxxxxxxxxxxxxxxxxxxxxxxxxxxxxxxxxxxxxxxxxxxxxxxxxxxxxxxxxxxxxxxxxxxxxxxxxxxxxxxxxxxx
xxxxxxxxxxxxxxxxxxxxxxxxxxxxxxxxxxxxxxxxxxxxxxxxxxxxxxxxxxxxxxxxxxxxxxxxxxxxxxxxxxxxxxxxxxxxxxxxxxxxxxxxxxxxxxxxxxxxxxx
xxxxxxxxxxxxxxxxxxxxxxxxxxxxxxxxxxxxxxxxxxxxxxxxxxxxxxxxxxxxxxxxxxxxxxxxxxxxxxxxxxxxxxxxxxxxxxxxxxxxxxxxxxxxxxxxxxxxxxx
xxxxxxxxxxxxxxxxxxxxxxxxxxxxxxxxxxxxxxxxxxxxxxxxxxxxxxxxxxxxxxxxxxxxxxxxxxxxxxxxxxxxxxxxxxxxxxxxxxxxxxxxxxxxxxxxxxxxxxx
xxxxxxxxxxxxxxxxxxxxxxxxxxxxxxxxxxxxxxxxxxxxxxxxxxxxxxxxxxxxxxxxxxxxxxxxxxxxxxxxxxxxxxxxxxxxxxxxxxxxxxxxxxxxxxxxxxxxxxx
xxxxxxxxxxxxxxxxxxxxxxxxxxxxxxxxxxxxxxxxxxxxxxxxxxxxxxxxxxxxxxxxxxxxxxxxxxxxxxxxxxxxxxxxxxxxxxxxxxxxxxxxxxxxxxxxxxxxxxx
xxxxxxxxxxxxxxxxxxxxxxxxxxxxxxxxxxxxxxxxxxxxxxxxxxxxxxxxxxxxxxxxxxxxxxxxxxxxxxxxxxxxxxxxxxxxxxxxxxxxxxxxxxxxxxxxxxxxxxx
xxxxxxxxxxxxxxxxxxxxxxxxxxxxxxxxxxxxxxxxxxxxxxxxxxxxxxxxxxxxxxxxxxxxxxxxxxxxxxxxxxxxxxxxxxxxxxxxxxxxxxxxxxxxxxxxxxxxxxx
xxxxxxxxxxxxxxxxxxxxxxxxxxxxxxxxxxxxxxxxxxxxxxxxxxxxxxxxxxxxxxxxxxxxxxxxxxxxxxxxxxxxxxxxxxxxxxxxxxxxxxxxxxxxxxxxxxxxxxx
xxxxxxxxxxxxxxxxxxxxxxxxxxxxxxxxxxxxxxxxxxxxxxxxxxxxxxxxxxxxxxxxxxxxxxxxxxxxxxxxxxxxxxxxxxxxxxxxxxxxxxxxxxxxxxxxxxxxxxx
xxxxxxxxxxxxxxxxxxxxxxxxxxxxxxxxxxxxxxxxxxxxxxxxxxxxxxxxxxxxxxxxxxxxxxxxxxxxxxxxxxxxxxxxxxxxxxxxxxxxxxxxxxxxxxxxxxxxxxx
xxxxxxxxxxxxxxxxxxxxxxxxxxxxxxxxxxxxxxxxxxxxxxxxxxxxxxxxxxxxxxxxxxxxxxxxxxxxxxxxxxxxxxxxxxxxxxxxxxxxxxxxxxxxxxxxxxxxxxx
xxxxxxxxxxxxxxxxxxxxxxxxxxxxxxxxxxxxxxxxxxxxxxxxxxxxxxxxxxxxxxxxxxxxxxxxxxxxxxxxxxxxxxxxxxxxxxxxxxxxxxxxxxxxxxxxxxxxxxx
xxxxxxxxxxxxxxxxxxxxxxxxxxxxxxxxxxxxxxxxxxxxxxxxxxxxxxxxxxxxxxxxxxxxxxxxxxxxxxxxxxxxxxxxxxxxxxxxxxxxxxxxxxxxxxxxxxxxxxx
xxxxxxxxxxxxxxxxxxxxxxxxxxxxxxxxxxxxxxxxxxxxxxxxxxxxxxxxxxxxxxxxxxxxxxxxxxxxxxxxxxxxxxxxxxxxxxxxxxxxxxxxxxxxxxxxxxxxxxx
xxxxxxxxxxxxxxxxxxxxxxxxxxxxxxxxxxxxxxxxxxxxxxxxxxxxxxxxxxxxxxxxxxxxxxxxxxxxxxxxxxxxxxxxxxxxxxxxxxxxxxxxxxxxxxxxxxxxxxx
xxxxxxxxxxxxxxxxxxxxxxxxxxxxxxxxxxxxxxxxxxxxxxxxxxxxxxxxxxxxxxxxxxxxxxxxxxxxxxxxxxxxxxxxxxxxxxxxxxxxxxxxxxxxxxxxxxxxxxx
xxxxxxxxxxxxxxxxxxxxxxxxxxxxxxxxxxxxxxxxxxxxxxxxxxxxxxxxxxxxxxxxxxxxxxxxxxxxxxxxxxxxxxxxxxxxxxxxxxxxxxxxxxxxxxxxxxxxxxx
xxxxxxxxxxxxxxxxxxxxxxxxxxxxxxxxxxxxxxxxxxxxxxxxxxxxxxxxxxxxxxxxxxxxxxxxxxxxxxxxxxxxxxxxxxxxxxxxxxxxxxxxxxxxxxxxxxxxxxx
xxxxxxxxxxxxxxxxxxxxxxxxxxxxxxxxxxxxxxxxxxxxxxxxxxxxxxxxxxxxxxxxxxxxxxxxxxxxxxxxxxxxxxxxxxxxxxxxxxxxxxxxxxxxxxxxxxxxxxx
xxxxxxxxxxxxxxxxxxxxxxxxxxxxxxxxxxxxxxxxxxxxxxxxxxxxxxxxxxxxxxxxxxxxxxxxxxxxxxxxxxxxxxxxxxxxxxxxxxxxxxxxxxxxxxxxxxxxxxx
xxxxxxxxxxxxxxxxxxxxxxxxxxxxxxxxxxxxxxxxxxxxxxxxxxxxxxxxxxxxxxxxxxxxxxxxxxxxxxxxxxxxxxxxxxxxxxxxxxxxxxxxxxxxxxxxxxxxxxx
xxxxxxxxxxxxxxxxxxxxxxxxxxxxxxxxxxxxxxxxxxxxxxxxxxxxxxxxxxxxxxxxxxxxxxxxxxxxxxxxxxxxxxxxxxxxxxxxxxxxxxxxxxxxxxxxxxxxxxx
xxxxxxxxxxxxxxxxxxxxxxxxxxxxxxxxxxxxxxxxxxxxxxxxxxxxxxxxxxxxxxxxxxxxxxxxxxxxxxxxxxxxxxxxxxxxxxxxxxxxxxxxxxxxxxxxxxxxxxx
xxxxxxxxxxxxxxxxxxxxxxxxxxxxxxxxxxxxxxxxxxxxxxxxxxxxxxxxxxxxxxxxxxxxxxxxxxxxxxxxxxxxxxxxxxxxxxxxxxxxxxxxxxxxxxxxxxxxxxx
xxxxxxxxxxxxxxxxxxxxxxxxxxxxxxxxxxxxxxxxxxxxxxxxxxxxxxxxxxxxxxxxxxxxxxxxxxxxxxxxxxxxxxxxxxxxxxxxxxxxxxxxxxxxxxxxxxxxxxx
xxxxxxxxxxxxxxxxxxxxxxxxxxxxxxxxxxxxxxxxxxxxxxxxxxxxxxxxxxxxxxxxxxxxxxxxxxxxxxxxxxxxxxxxxxxxxxxxxxxxxxxxxxxxxxxxxxxxxxx
xxxxxxxxxxxxxxxxxxxxxxxxxxxxxxxxxxxxxxxxxxxxxxxxxxxxxxxxxxxxxxxxxxxxxxxxxxxxxxxxxxxxxxxxxxxxxxxxxxxxxxxxxxxxxxxxxxxxxxx
xxxxxxxxxxxxxxxxxxxxxxxxxxxxxxxxxxxxxxxxxxxxxxxxxxxxxxxxxxxxxxxxxxxxxxxxxxxxxxxxxxxxxxxxxxxxxxxxxxxxxxxxxxxxxxxxxxxxxxx
xxxxxxxxxxxxxxxxxxxxxxxxxxxxxxxxxxxxxxxxxxxxxxxxxxxxxxxxxxxxxxxxxxxxxxxxxxxxxxxxxxxxxxxxxxxxxxxxxxxxxxxxxxxxxxxxxxxxxxx
xxxxxxxxxxxxxxxxxxxxxxxxxxxxxxxxxxxxxxxxxxxxxxxxxxxxxxxxxxxxxxxxxxxxxxxxxxxxxxxxxxxxxxxxxxxxxxxxxxxxxxxxxxxxxxxxxxxxxxx
xxxxxxxxxxxxxxxxxxxxxxxxxxxxxxxxxxxxxxxxxxxxxxxxxxxxxxxxxxxxxxxxxxxxxxxxxxxxxxxxxxxxxxxxxxxxxxxxxxxxxxxxxxxxxxxxxxxxxxx
xxxxxxxxxxxxxxxxxxxxxxxxxxxxxxxxxxxxxxxxxxxxxxxxxxxxxxxxxxxxxxxxxxxxxxxxxxxxxxxxxxxxxxxxxxxxxxxxxxxxxxxxxxxxxxxxxxxxxxx
xxxxxxxxxxxxxxxxxxxxxxxxxxxxxxxxxxxxxxxxxxxxxxxxxxxxxxxxxxxxxxxxxxxxxxxxxxxxxxxxxxxxxxxxxxxxxxxxxxxxxxxxxxxxxxxxxxxxxxx
xxxxxxxxxxxxxxxxxxxxxxxxxxxxxxxxxxxxxxxxxxxxxxxxxxxxxxxxxxxxxxxxxxxxxxxxxxxxxxxxxxxxxxxxxxxxxxxxxxxxxxxxxxxxxxxxxxxxxxx
xxxxxxxxxxxxxxxxxxxxxxxxxxxxxxxxxxxxxxxxxxxxxxxxxxxxxxxxxxxxxxxxxxxxxxxxxxxxxxxxxxxxxxxxxxxxxxxxxxxxxxxxxxxxxxxxxxxxxxx
xxxxxxxxxxxxxxxxxxxxxxxxxxxxxxxxxxxxxxxxxxxxxxxxxxxxxxxxxxxxxxxxxxxxxxxxxxxxxxxxxxxxxxxxxxxxxxxxxxxxxxxxxxxxxxxxxxxxxxx
xxxxxxxxxxxxxxxxxxxxxxxxxxxxxxxxxxxxxxxxxxxxxxxxxxxxxxxxxxxxxxxxxxxxxxxxxxxxxxxxxxxxxxxxxxxxxxxxxxxxxxxxxxxxxxxxxxxxxxx
xxxxxxxxxxxxxxxxxxxxxxxxxxxxxxxxxxxxxxxxxxxxxxxxxxxxxxxxxxxxxxxxxxxxxxxxxxxxxxxxxxxxxxxxxxxxxxxxxxxxxxxxxxxxxxxxxxxxxxx
xxxxxxxxxxxxxxxxxxxxxxxxxxxxxxxxxxxxxxxxxxxxxxxxxxxxxxxxxxxxxxxxxxxxxxxxxxxxxxxxxxxxxxxxxxxxxxxxxxxxxxxxxxxxxxxxxxxxxxx
xxxxxxxxxxxxxxxxxxxxxxxxxxxxxxxxxxxxxxxxxxxxxxxxxxxxxxxxxxxxxxxxxxxxxxxxxxxxxxxxxxxxxxxxxxxxxxxxxxxxxxxxxxxxxxxxxxxxxxx
xxxxxxxxxxxxxxxxxxxxxxxxxxxxxxxxxxxxxxxxxxxxxxxxxxxxxxxxxxxxxxxxxxxxxxxxxxxxxxxxxxxxxxxxxxxxxxxxxxxxxxxxxxxxxxxxxxxxxxx
xxxxxxxxxxxxxxxxxxxxxxxxxxxxxxxxxxxxxxxxxxxxxxxxxxxxxxxxxxxxxxxxxxxxxxxxxxxxxxxxxxxxxxxxxxxxxxxxxxxxxxxxxxxxxxxxxxxxxxx
xxxxxxxxxxxxxxxxxxxxxxxxxxxxxxxxxxxxxxxxxxxxxxxxxxxxxxxxxxxxxxxxxxxxxxxxxxxxxxxxxxxxxxxxxxxxxxxxxxxxxxxxxxxxxxxxxxxxxxx
xxxxxxxxxxxxxxxxxxxxxxxxxxxxxxxxxxxxxxxxxxxxxxxxxxxxxxxxxxxxxxxxxxxxxxxxxxxxxxxxxxxxxxxxxxxxxxxxxxxxxxxxxxxxxxxxxxxxxxx
xxxxxxxxxxxxxxxxxxxxxxxxxxxxxxxxxxxxxxxxxxxxxxxxxxxxxxxxxxxxxxxxxxxxxxxxxxxxxxxxxxxxxxxxxxxxxxxxxxxxxxxxxxxxxxxxxxxxxxx
xxxxxxxxxxxxxxxxxxxxxxxxxxxxxxxxxxxxxxxxxxxxxxxxxxxxxxxxxxxxxxxxxxxxxxxxxxxxxxxxxxxxxxxxxxxxxxxxxxxxxxxxxxxxxxxxxxxxxxx
xxxxxxxxxxxxxxxxxxxxxxxxxxxxxxxxxxxxxxxxxxxxxxxxxxxxxxxxxxxxxxxxxxxxxxxxxxxxxxxxxxxxxxxxxxxxxxxxxxxxxxxxxxxxxxxxxxxxxxx
xxxxxxxxxxxxxxxxxxxxxxxxxxxxxxxxxxxxxxxxxxxxxxxxxxxxxxxxxxxxxxxxxxxxxxxxxxxxxxxxxxxxxxxxxxxxxxxxxxxxxxxxxxxxxxxxxxxxxxx
xxxxxxxxxxxxxxxxxxxxxxxxxxxxxxxxxxxxxxxxxxxxxxxxxxxxxxxxxxxxxxxxxxxxxxxxxxxxxxxxxxxxxxxxxxxxxxxxxxxxxxxxxxxxxxxxxxxxxxx
xxxxxxxxxxxxxxxxxxxxxxxxxxxxxxxxxxxxxxxxxxxxxxxxxxxxxxxxxxxxxxxxxxxxxxxxxxxxxxxxxxxxxxxxxxxxxxxxxxxxxxxxxxxxxxxxxxxxxxx
xxxxxxxxxxxxxxxxxxxxxxxxxxxxxxxxxxxxxxxxxxxxxxxxxxxxxxxxxxxxxxxxxxxxxxxxxxxxxxxxxxxxxxxxxxxxxxxxxxxxxxxxxxxxxxxxxxxxxxx
xxxxxxxxxxxxxxxxxxxxxxxxxxxxxxxxxxxxxxxxxxxxxxxxxxxxxxxxxxxxxxxxxxxxxxxxxxxxxxxxxxxxxxxxxxxxxxxxxxxxxxxxxxxxxxxxxxxxxxx
xxxxxxxxxxxxxxxxxxxxxxxxxxxxxxxxxxxxxxxxxxxxxxxxxxxxxxxxxxxxxxxxxxxxxxxxxxxxxxxxxxxxxxxxxxxxxxxxxxxxxxxxxxxxxxxxxxxxxxx
xxxxxxxxxxxxxxxxxxxxxxxxxxxxxxxxxxxxxxxxxxxxxxxxxxxxxxxxxxxxxxxxxxxxxxxxxxxxxxxxxxxxxxxxxxxxxxxxxxxxxxxxxxxxxxxxxxxxxxx
xxxxxxxxxxxxxxxxxxxxxxxxxxxxxxxxxxxxxxxxxxxxxxxxxxxxxxxxxxxxxxxxxxxxxxxxxxxxxxxxxxxxxxxxxxxxxxxxxxxxxxxxxxxxxxxxxxxxxxx
xxxxxxxxxxxxxxxxxxxxxxxxxxxxxxxxxxxxxxxxxxxxxxxxxxxxxxxxxxxxxxxxxxxxxxxxxxxxxxxxxxxxxxxxxxxxxxxxxxxxxxxxxxxxxxxxxxxxxxx
xxxxxxxxxxxxxxxxxxxxxxxxxxxxxxxxxxxxxxxxxxxxxxxxxxxxxxxxxxxxxxxxxxxxxxxxxxxxxxxxxxxxxxxxxxxxxxxxxxxxxxxxxxxxxxxxxxxxxxx
xxxxxxxxxxxxxxxxxxxxxxxxxxxxxxxxxxxxxxxxxxxxxxxxxxxxxxxxxxxxxxxxxxxxxxxxxxxxxxxxxxxxxxxxxxxxxxxxxxxxxxxxxxxxxxxxxxxxxxx
xxxxxxxxxxxxxxxxxxxxxxxxxxxxxxxxxxxxxxxxxxxxxxxxxxxxxxxxxxxxxxxxxxxxxxxxxxxxxxxxxxxxxxxxxxxxxxxxxxxxxxxxxxxxxxxxxxxxxxx
xxxxxxxxxxxxxxxxxxxxxxxxxxxxxxxxxxxxxxxxxxxxxxxxxxxxxxxxxxxxxxxxxxxxxxxxxxxxxxxxxxxxxxxxxxxxxxxxxxxxxxxxxxxxxxxxxxxxxxx
xxxxxxxxxxxxxxxxxxxxxxxxxxxxxxxxxxxxxxxxxxxxxxxxxxxxxxxxxxxxxxxxxxxxxxxxxxxxxxxxxxxxxxxxxxxxxxxxxxxxxxxxxxxxxxxxxxxxxxx
xxxxxxxxxxxxxxxxxxxxxxxxxxxxxxxxxxxxxxxxxxxxxxxxxxxxxxxxxxxxxxxxxxxxxxxxxxxxxxxxxxxxxxxxxxxxxxxxxxxxxxxxxxxxxxxxxxxxxxx
xxxxxxxxxxxxxxxxxxxxxxxxxxxxxxxxxxxxxxxxxxxxxxxxxxxxxxxxxxxxxxxxxxxxxxxxxxxxxxxxxxxxxxxxxxxxxxxxxxxxxxxxxxxxxxxxxxxxxxx
xxxxxxxxxxxxxxxxxxxxxxxxxxxxxxxxxxxxxxxxxxxxxxxxxxxxxxxxxxxxxxxxxxxxxxxxxxxxxxxxxxxxxxxxxxxxxxxxxxxxxxxxxxxxxxxxxxxxxxx
xxxxxxxxxxxxxxxxxxxxxxxxxxxxxxxxxxxxxxxxxxxxxxxxxxxxxxxxxxxxxxxxxxxxxxxxxxxxxxxxxxxxxxxxxxxxxxxxxxxxxxxxxxxxxxxxxxxxxxx
xxxxxxxxxxxxxxxxxxxxxxxxxxxxxxxxxxxxxxxxxxxxxxxxxxxxxxxxxxxxxxxxxxxxxxxxxxxxxxxxxxxxxxxxxxxxxxxxxxxxxxxxxxxxxxxxxxxxxxx
xxxxxxxxxxxxxxxxxxxxxxxxxxxxxxxxxxxxxxxxxxxxxxxxxxxxxxxxxxxxxxxxxxxxxxxxxxxxxxxxxxxxxxxxxxxxxxxxxxxxxxxxxxxxxxxxxxxxxxx
xxxxxxxxxxxxxxxxxxxxxxxxxxxxxxxxxxxxxxxxxxxxxxxxxxxxxxxxxxxxxxxxxxxxxxxxxxxxxxxxxxxxxxxxxxxxxxxxxxxxxxxxxxxxxxxxxxxxxxx
xxxxxxxxxxxxxxxxxxxxxxxxxxxxxxxxxxxxxxxxxxxxxxxxxxxxxxxxxxxxxxxxxxxxxxxxxxxxxxxxxxxxxxxxxxxxxxxxxxxxxxxxxxxxxxxxxxxxxxx
xxxxxxxxxxxxxxxxxxxxxxxxxxxxxxxxxxxxxxxxxxxxxxxxxxxxxxxxxxxxxxxxxxxxxxxxxxxxxxxxxxxxxxxxxxxxxxxxxxxxxxxxxxxxxxxxxxxxxxx
xxxxxxxxxxxxxxxxxxxxxxxxxxxxxxxxxxxxxxxxxxxxxxxxxxxxxxxxxxxxxxxxxxxxxxxxxxxxxxxxxxxxxxxxxxxxxxxxxxxxxxxxxxxxxxxxxxxxxxx
xxxxxxxxxxxxxxxxxxxxxxxxxxxxxxxxxxxxxxxxxxxxxxxxxxxxxxxxxxxxxxxxxxxxxxxxxxxxxxxxxxxxxxxxxxxxxxxxxxxxxxxxxxxxxxxxxxxxxxx
xxxxxxxxxxxxxxxxxxxxxxxxxxxxxxxxxxxxxxxxxxxxxxxxxxxxxxxxxxxxxxxxxxxxxxxxxxxxxxxxxxxxxxxxxxxxxxxxxxxxxxxxxxxxxxxxxxxxxxx
xxxxxxxxxxxxxxxxxxxxxxxxxxxxxxxxxxxxxxxxxxxxxxxxxxxxxxxxxxxxxxxxxxxxxxxxxxxxxxxxxxxxxxxxxxxxxxxxxxxxxxxxxxxxxxxxxxxxxxx
xxxxxxxxxxxxxxxxxxxxxxxxxxxxxxxxxxxxxxxxxxxxxxxxxxxxxxxxxxxxxxxxxxxxxxxxxxxxxxxxxxxxxxxxxxxxxxxxxxxxxxxxxxxxxxxxxxxxxxx
xxxxxxxxxxxxxxxxxxxxxxxxxxxxxxxxxxxxxxxxxxxxxxxxxxxxxxxxxxxxxxxxxxxxxxxxxxxxxxxxxxxxxxxxxxxxxxxxxxxxxxxxxxxxxxxxxxxxxxx
xxxxxxxxxxxxxxxxxxxxxxxxxxxxxxxxxxxxxxxxxxxxxxxxxxxxxxxxxxxxxxxxxxxxxxxxxxxxxxxxxxxxxxxxxxxxxxxxxxxxxxxxxxxxxxxxxxxxxxx
xxxxxxxxxxxxxxxxxxxxxxxxxxxxxxxxxxxxxxxxxxxxxxxxxxxxxxxxxxxxxxxxxxxxxxxxxxxxxxxxxxxxxxxxxxxxxxxxxxxxxxxxxxxxxxxxxxxxxxx
xxxxxxxxxxxxxxxxxxxxxxxxxxxxxxxxxxxxxxxxxxxxxxxxxxxxxxxxxxxxxxxxxxxxxxxxxxxxxxxxxxxxxxxxxxxxxxxxxxxxxxxxxxxxxxxxxxxxxxx
xxxxxxxxxxxxxxxxxxxxxxxxxxxxxxxxxxxxxxxxxxxxxxxxxxxxxxxxxxxxxxxxxxxxxxxxxxxxxxxxxxxxxxxxxxxxxxxxxxxxxxxxxxxxxxxxxxxxxxx
xxxxxxxxxxxxxxxxxxxxxxxxxxxxxxxxxxxxxxxxxxxxxxxxxxxxxxxxxxxxxxxxxxxxxxxxxxxxxxxxxxxxxxxxxxxxxxxxxxxxxxxxxxxxxxxxxxxxxxx
xxxxxxxxxxxxxxxxxxxxxxxxxxxxxxxxxxxxxxxxxxxxxxxxxxxxxxxxxxxxxxxxxxxxxxxxxxxxxxxxxxxxxxxxxxxxxxxxxxxxxxxxxxxxxxxxxxxxxxx
xxxxxxxxxxxxxxxxxxxxxxxxxxxxxxxxxxxxxxxxxxxxxxxxxxxxxxxxxxxxxxxxxxxxxxxxxxxxxxxxxxxxxxxxxxxxxxxxxxxxxxxxxxxxxxxxxxxxxxx
xxxxxxxxxxxxxxxxxxxxxxxxxxxxxxxxxxxxxxxxxxxxxxxxxxxxxxxxxxxxxxxxxxxxxxxxxxxxxxxxxxxxxxxxxxxxxxxxxxxxxxxxxxxxxxxxxxxxxxx
xxxxxxxxxxxxxxxxxxxxxxxxxxxxxxxxxxxxxxxxxxxxxxxxxxxxxxxxxxxxxxxxxxxxxxxxxxxxxxxxxxxxxxxxxxxxxxxxxxxxxxxxxxxxxxxxxxxxxxx
xxxxxxxxxxxxxxxxxxxxxxxxxxxxxxxxxxxxxxxxxxxxxxxxxxxxxxxxxxxxxxxxxxxxxxxxxxxxxxxxxxxxxxxxxxxxxxxxxxxxxxxxxxxxxxxxxxxxxxx
xxxxxxxxxxxxxxxxxxxxxxxxxxxxxxxxxxxxxxxxxxxxxxxxxxxxxxxxxxxxxxxxxxxxxxxxxxxxxxxxxxxxxxxxxxxxxxxxxxxxxxxxxxxxxxxxxxxxxxx
xxxxxxxxxxxxxxxxxxxxxxxxxxxxxxxxxxxxxxxxxxxxxxxxxxxxxxxxxxxxxxxxxxxxxxxxxxxxxxxxxxxxxxxxxxxxxxxxxxxxxxxxxxxxxxxxxxxxxxx
xxxxxxxxxxxxxxxxxxxxxxxxxxxxxxxxxxxxxxxxxxxxxxxxxxxxxxxxxxxxxxxxxxxxxxxxxxxxxxxxxxxxxxxxxxxxxxxxxxxxxxxxxxxxxxxxxxxxxxx
xxxxxxxxxxxxxxxxxxxxxxxxxxxxxxxxxxxxxxxxxxxxxxxxxxxxxxxxxxxxxxxxxxxxxxxxxxxxxxxxxxxxxxxxxxxxxxxxxxxxxxxxxxxxxxxxxxxxxxx
xxxxxxxxxxxxxxxxxxxxxxxxxxxxxxxxxxxxxxxxxxxxxxxxxxxxxxxxxxxxxxxxxxxxxxxxxxxxxxxxxxxxxxxxxxxxxxxxxxxxxxxxxxxxxxxxxxxxxxx
xxxxxxxxxxxxxxxxxxxxxxxxxxxxxxxxxxxxxxxxxxxxxxxxxxxxxxxxxxxxxxxxxxxxxxxxxxxxxxxxxxxxxxxxxxxxxxxxxxxxxxxxxxxxxxxxxxxxxxx
xxxxxxxxxxxxxxxxxxxxxxxxxxxxxxxxxxxxxxxxxxxxxxxxxxxxxxxxxxxxxxxxxxxxxxxxxxxxxxxxxxxxxxxxxxxxxxxxxxxxxxxxxxxxxxxxxxxxxxx
xxxxxxxxxxxxxxxxxxxxxxxxxxxxxxxxxxxxxxxxxxxxxxxxxxxxxxxxxxxxxxxxxxxxxxxxxxxxxxxxxxxxxxxxxxxxxxxxxxxxxxxxxxxxxxxxxxxxxxx
xxxxxxxxxxxxxxxxxxxxxxxxxxxxxxxxxxxxxxxxxxxxxxxxxxxxxxxxxxxxxxxxxxxxxxxxxxxxxxxxxxxxxxxxxxxxxxxxxxxxxxxxxxxxxxxxxxxxxxx
xxxxxxxxxxxxxxxxxxxxxxxxxxxxxxxxxxxxxxxxxxxxxxxxxxxxxxxxxxxxxxxxxxxxxxxxxxxxxxxxxxxxxxxxxxxxxxxxxxxxxxxxxxxxxxxxxxxxxxx
xxxxxxxxxxxxxxxxxxxxxxxxxxxxxxxxxxxxxxxxxxxxxxxxxxxxxxxxxxxxxxxxxxxxxxxxxxxxxxxxxxxxxxxxxxxxxxxxxxxxxxxxxxxxxxxxxxxxxxx
xxxxxxxxxxxxxxxxxxxxxxxxxxxxxxxxxxxxxxxxxxxxxxxxxxxxxxxxxxxxxxxxxxxxxxxxxxxxxxxxxxxxxxxxxxxxxxxxxxxxxxxxxxxxxxxxxxxxxxx
xxxxxxxxxxxxxxxxxxxxxxxxxxxxxxxxxxxxxxxxxxxxxxxxxxxxxxxxxxxxxxxxxxxxxxxxxxxxxxxxxxxxxxxxxxxxxxxxxxxxxxxxxxxxxxxxxxxxxxx
xxxxxxxxxxxxxxxxxxxxxxxxxxxxxxxxxxxxxxxxxxxxxxxxxxxxxxxxxxxxxxxxxxxxxxxxxxxxxxxxxxxxxxxxxxxxxxxxxxxxxxxxxxxxxxxxxxxxxxx
xxxxxxxxxxxxxxxxxxxxxxxxxxxxxxxxxxxxxxxxxxxxxxxxxxxxxxxxxxxxxxxxxxxxxxxxxxxxxxxxxxxxxxxxxxxxxxxxxxxxxxxxxxxxxxxxxxxxxxx
xxxxxxxxxxxxxxxxxxxxxxxxxxxxxxxxxxxxxxxxxxxxxxxxxxxxxxxxxxxxxxxxxxxxxxxxxxxxxxxxxxxxxxxxxxxxxxxxxxxxxxxxxxxxxxxxxxxxxxx
xxxxxxxxxxxxxxxxxxxxxxxxxxxxxxxxxxxxxxxxxxxxxxxxxxxxxxxxxxxxxxxxxxxxxxxxxxxxxxxxxxxxxxxxxxxxxxxxxxxxxxxxxxxxxxxxxxxxxxx
xxxxxxxxxxxxxxxxxxxxxxxxxxxxxxxxxxxxxxxxxxxxxxxxxxxxxxxxxxxxxxxxxxxxxxxxxxxxxxxxxxxxxxxxxxxxxxxxxxxxxxxxxxxxxxxxxxxxxxx
xxxxxxxxxxxxxxxxxxxxxxxxxxxxxxxxxxxxxxxxxxxxxxxxxxxxxxxxxxxxxxxxxxxxxxxxxxxxxxxxxxxxxxxxxxxxxxxxxxxxxxxxxxxxxxxxxxxxxxx
xxxxxxxxxxxxxxxxxxxxxxxxxxxxxxxxxxxxxxxxxxxxxxxxxxxxxxxxxxxxxxxxxxxxxxxxxxxxxxxxxxxxxxxxxxxxxxxxxxxxxxxxxxxxxxxxxxxxxxx
xxxxxxxxxxxxxxxxxxxxxxxxxxxxxxxxxxxxxxxxxxxxxxxxxxxxxxxxxxxxxxxxxxxxxxxxxxxxxxxxxxxxxxxxxxxxxxxxxxxxxxxxxxxxxxxxxxxxxxx
xxxxxxxxxxxxxxxxxxxxxxxxxxxxxxxxxxxxxxxxxxxxxxxxxxxxxxxxxxxxxxxxxxxxxxxxxxxxxxxxxxxxxxxxxxxxxxxxxxxxxxxxxxxxxxxxxxxxxxx
xxxxxxxxxxxxxxxxxxxxxxxxxxxxxxxxxxxxxxxxxxxxxxxxxxxxxxxxxxxxxxxxxxxxxxxxxxxxxxxxxxxxxxxxxxxxxxxxxxxxxxxxxxxxxxxxxxxxxxx
xxxxxxxxxxxxxxxxxxxxxxxxxxxxxxxxxxxxxxxxxxxxxxxxxxxxxxxxxxxxxxxxxxxxxxxxxxxxxxxxxxxxxxxxxxxxxxxxxxxxxxxxxxxxxxxxxxxxxxx
xxxxxxxxxxxxxxxxxxxxxxxxxxxxxxxxxxxxxxxxxxxxxxxxxxxxxxxxxxxxxxxxxxxxxxxxxxxxxxxxxxxxxxxxxxxxxxxxxxxxxxxxxxxxxxxxxxxxxxx
xxxxxxxxxxxxxxxxxxxxxxxxxxxxxxxxxxxxxxxxxxxxxxxxxxxxxxxxxxxxxxxxxxxxxxxxxxxxxxxxxxxxxxxxxxxxxxxxxxxxxxxxxxxxxxxxxxxxxxx
xxxxxxxxxxxxxxxxxxxxxxxxxxxxxxxxxxxxxxxxxxxxxxxxxxxxxxxxxxxxxxxxxxxxxxxxxxxxxxxxxxxxxxxxxxxxxxxxxxxxxxxxxxxxxxxxxxxxxxx
xxxxxxxxxxxxxxxxxxxxxxxxxxxxxxxxxxxxxxxxxxxxxxxxxxxxxxxxxxxxxxxxxxxxxxxxxxxxxxxxxxxxxxxxxxxxxxxxxxxxxxxxxxxxxxxxxxxxxxx
xxxxxxxxxxxxxxxxxxxxxxxxxxxxxxxxxxxxxxxxxxxxxxxxxxxxxxxxxxxxxxxxxxxxxxxxxxxxxxxxxxxxxxxxxxxxxxxxxxxxxxxxxxxxxxxxxxxxxxx
xxxxxxxxxxxxxxxxxxxxxxxxxxxxxxxxxxxxxxxxxxxxxxxxxxxxxxxxxxxxxxxxxxxxxxxxxxxxxxxxxxxxxxxxxxxxxxxxxxxxxxxxxxxxxxxxxxxxxxx
xxxxxxxxxxxxxxxxxxxxxxxxxxxxxxxxxxxxxxxxxxxxxxxxxxxxxxxxxxxxxxxxxxxxxxxxxxxxxxxxxxxxxxxxxxxxxxxxxxxxxxxxxxxxxxxxxxxxxxx
xxxxxxxxxxxxxxxxxxxxxxxxxxxxxxxxxxxxxxxxxxxxxxxxxxxxxxxxxxxxxxxxxxxxxxxxxxxxxxxxxxxxxxxxxxxxxxxxxxxxxxxxxxxxxxxxxxxxxxx
xxxxxxxxxxxxxxxxxxxxxxxxxxxxxxxxxxxxxxxxxxxxxxxxxxxxxxxxxxxxxxxxxxxxxxxxxxxxxxxxxxxxxxxxxxxxxxxxxxxxxxxxxxxxxxxxxxxxxxx
xxxxxxxxxxxxxxxxxxxxxxxxxxxxxxxxxxxxxxxxxxxxxxxxxxxxxxxxxxxxxxxxxxxxxxxxxxxxxxxxxxxxxxxxxxxxxxxxxxxxxxxxxxxxxxxxxxxxxxx
xxxxxxxxxxxxxxxxxxxxxxxxxxxxxxxxxxxxxxxxxxxxxxxxxxxxxxxxxxxxxxxxxxxxxxxxxxxxxxxxxxxxxxxxxxxxxxxxxxxxxxxxxxxxxxxxxxxxxxx
xxxxxxxxxxxxxxxxxxxxxxxxxxxxxxxxxxxxxxxxxxxxxxxxxxxxxxxxxxxxxxxxxxxxxxxxxxxxxxxxxxxxxxxxxxxxxxxxxxxxxxxxxxxxxxxxxxxxxxx
xxxxxxxxxxxxxxxxxxxxxxxxxxxxxxxxxxxxxxxxxxxxxxxxxxxxxxxxxxxxxxxxxxxxxxxxxxxxxxxxxxxxxxxxxxxxxxxxxxxxxxxxxxxxxxxxxxxxxxx
xxxxxxxxxxxxxxxxxxxxxxxxxxxxxxxxxxxxxxxxxxxxxxxxxxxxxxxxxxxxxxxxxxxxxxxxxxxxxxxxxxxxxxxxxxxxxxxxxxxxxxxxxxxxxxxxxxxxxxx
xxxxxxxxxxxxxxxxxxxxxxxxxxxxxxxxxxxxxxxxxxxxxxxxxxxxxxxxxxxxxxxxxxxxxxxxxxxxxxxxxxxxxxxxxxxxxxxxxxxxxxxxxxxxxxxxxxxxxxx
xxxxxxxxxxxxxxxxxxxxxxxxxxxxxxxxxxxxxxxxxxxxxxxxxxxxxxxxxxxxxxxxxxxxxxxxxxxxxxxxxxxxxxxxxxxxxxxxxxxxxxxxxxxxxxxxxxxxxxx
xxxxxxxxxxxxxxxxxxxxxxxxxxxxxxxxxxxxxxxxxxxxxxxxxxxxxxxxxxxxxxxxxxxxxxxxxxxxxxxxxxxxxxxxxxxxxxxxxxxxxxxxxxxxxxxxxxxxxxx
xxxxxxxxxxxxxxxxxxxxxxxxxxxxxxxxxxxxxxxxxxxxxxxxxxxxxxxxxxxxxxxxxxxxxxxxxxxxxxxxxxxxxxxxxxxxxxxxxxxxxxxxxxxxxxxxxxxxxxx
xxxxxxxxxxxxxxxxxxxxxxxxxxxxxxxxxxxxxxxxxxxxxxxxxxxxxxxxxxxxxxxxxxxxxxxxxxxxxxxxxxxxxxxxxxxxxxxxxxxxxxxxxxxxxxxxxxxxxxx
xxxxxxxxxxxxxxxxxxxxxxxxxxxxxxxxxxxxxxxxxxxxxxxxxxxxxxxxxxxxxxxxxxxxxxxxxxxxxxxxxxxxxxxxxxxxxxxxxxxxxxxxxxxxxxxxxxxxxxx
xxxxxxxxxxxxxxxxxxxxxxxxxxxxxxxxxxxxxxxxxxxxxxxxxxxxxxxxxxxxxxxxxxxxxxxxxxxxxxxxxxxxxxxxxxxxxxxxxxxxxxxxxxxxxxxxxxxxxxx
xxxxxxxxxxxxxxxxxxxxxxxxxxxxxxxxxxxxxxxxxxxxxxxxxxxxxxxxxxxxxxxxxxxxxxxxxxxxxxxxxxxxxxxxxxxxxxxxxxxxxxxxxxxxxxxxxxxxxxx
xxxxxxxxxxxxxxxxxxxxxxxxxxxxxxxxxxxxxxxxxxxxxxxxxxxxxxxxxxxxxxxxxxxxxxxxxxxxxxxxxxxxxxxxxxxxxxxxxxxxxxxxxxxxxxxxxxxxxxx
xxxxxxxxxxxxxxxxxxxxxxxxxxxxxxxxxxxxxxxxxxxxxxxxxxxxxxxxxxxxxxxxxxxxxxxxxxxxxxxxxxxxxxxxxxxxxxxxxxxxxxxxxxxxxxxxxxxxxxx
xxxxxxxxxxxxxxxxxxxxxxxxxxxxxxxxxxxxxxxxxxxxxxxxxxxxxxxxxxxxxxxxxxxxxxxxxxxxxxxxxxxxxxxxxxxxxxxxxxxxxxxxxxxxxxxxxxxxxxx
xxxxxxxxxxxxxxxxxxxxxxxxxxxxxxxxxxxxxxxxxxxxxxxxxxxxxxxxxxxxxxxxxxxxxxxxxxxxxxxxxxxxxxxxxxxxxxxxxxxxxxxxxxxxxxxxxxxxxxx
xxxxxxxxxxxxxxxxxxxxxxxxxxxxxxxxxxxxxxxxxxxxxxxxxxxxxxxxxxxxxxxxxxxxxxxxxxxxxxxxxxxxxxxxxxxxxxxxxxxxxxxxxxxxxxxxxxxxxxx
xxxxxxxxxxxxxxxxxxxxxxxxxxxxxxxxxxxxxxxxxxxxxxxxxxxxxxxxxxxxxxxxxxxxxxxxxxxxxxxxxxxxxxxxxxxxxxxxxxxxxxxxxxxxxxxxxxxxxxx
xxxxxxxxxxxxxxxxxxxxxxxxxxxxxxxxxxxxxxxxxxxxxxxxxxxxxxxxxxxxxxxxxxxxxxxxxxxxxxxxxxxxxxxxxxxxxxxxxxxxxxxxxxxxxxxxxxxxxxx
xxxxxxxxxxxxxxxxxxxxxxxxxxxxxxxxxxxxxxxxxxxxxxxxxxxxxxxxxxxxxxxxxxxxxxxxxxxxxxxxxxxxxxxxxxxxxxxxxxxxxxxxxxxxxxxxxxxxxxx
xxxxxxxxxxxxxxxxxxxxxxxxxxxxxxxxxxxxxxxxxxxxxxxxxxxxxxxxxxxxxxxxxxxxxxxxxxxxxxxxxxxxxxxxxxxxxxxxxxxxxxxxxxxxxxxxxxxxxxx
xxxxxxxxxxxxxxxxxxxxxxxxxxxxxxxxxxxxxxxxxxxxxxxxxxxxxxxxxxxxxxxxxxxxxxxxxxxxxxxxxxxxxxxxxxxxxxxxxxxxxxxxxxxxxxxxxxxxxxx
xxxxxxxxxxxxxxxxxxxxxxxxxxxxxxxxxxxxxxxxxxxxxxxxxxxxxxxxxxxxxxxxxxxxxxxxxxxxxxxxxxxxxxxxxxxxxxxxxxxxxxxxxxxxxxxxxxxxxxx
xxxxxxxxxxxxxxxxxxxxxxxxxxxxxxxxxxxxxxxxxxxxxxxxxxxxxxxxxxxxxxxxxxxxxxxxxxxxxxxxxxxxxxxxxxxxxxxxxxxxxxxxxxxxxxxxxxxxxxx
xxxxxxxxxxxxxxxxxxxxxxxxxxxxxxxxxxxxxxxxxxxxxxxxxxxxxxxxxxxxxxxxxxxxxxxxxxxxxxxxxxxxxxxxxxxxxxxxxxxxxxxxxxxxxxxxxxxxxxx
xxxxxxxxxxxxxxxxxxxxxxxxxxxxxxxxxxxxxxxxxxxxxxxxxxxxxxxxxxxxxxxxxxxxxxxxxxxxxxxxxxxxxxxxxxxxxxxxxxxxxxxxxxxxxxxxxxxxxxx
xxxxxxxxxxxxxxxxxxxxxxxxxxxxxxxxxxxxxxxxxxxxxxxxxxxxxxxxxxxxxxxxxxxxxxxxxxxxxxxxxxxxxxxxxxxxxxxxxxxxxxxxxxxxxxxxxxxxxxx
xxxxxxxxxxxxxxxxxxxxxxxxxxxxxxxxxxxxxxxxxxxxxxxxxxxxxxxxxxxxxxxxxxxxxxxxxxxxxxxxxxxxxxxxxxxxxxxxxxxxxxxxxxxxxxxxxxxxxxx
xxxxxxxxxxxxxxxxxxxxxxxxxxxxxxxxxxxxxxxxxxxxxxxxxxxxxxxxxxxxxxxxxxxxxxxxxxxxxxxxxxxxxxxxxxxxxxxxxxxxxxxxxxxxxxxxxxxxxxx
xxxxxxxxxxxxxxxxxxxxxxxxxxxxxxxxxxxxxxxxxxxxxxxxxxxxxxxxxxxxxxxxxxxxxxxxxxxxxxxxxxxxxxxxxxxxxxxxxxxxxxxxxxxxxxxxxxxxxxx
xxxxxxxxxxxxxxxxxxxxxxxxxxxxxxxxxxxxxxxxxxxxxxxxxxxxxxxxxxxxxxxxxxxxxxxxxxxxxxxxxxxxxxxxxxxxxxxxxxxxxxxxxxxxxxxxxxxxxxx
xxxxxxxxxxxxxxxxxxxxxxxxxxxxxxxxxxxxxxxxxxxxxxxxxxxxxxxxxxxxxxxxxxxxxxxxxxxxxxxxxxxxxxxxxxxxxxxxxxxxxxxxxxxxxxxxxxxxxxx
xxxxxxxxxxxxxxxxxxxxxxxxxxxxxxxxxxxxxxxxxxxxxxxxxxxxxxxxxxxxxxxxxxxxxxxxxxxxxxxxxxxxxxxxxxxxxxxxxxxxxxxxxxxxxxxxxxxxxxx
xxxxxxxxxxxxxxxxxxxxxxxxxxxxxxxxxxxxxxxxxxxxxxxxxxxxxxxxxxxxxxxxxxxxxxxxxxxxxxxxxxxxxxxxxxxxxxxxxxxxxxxxxxxxxxxxxxxxxxx
xxxxxxxxxxxxxxxxxxxxxxxxxxxxxxxxxxxxxxxxxxxxxxxxxxxxxxxxxxxxxxxxxxxxxxxxxxxxxxxxxxxxxxxxxxxxxxxxxxxxxxxxxxxxxxxxxxxxxxx
xxxxxxxxxxxxxxxxxxxxxxxxxxxxxxxxxxxxxxxxxxxxxxxxxxxxxxxxxxxxxxxxxxxxxxxxxxxxxxxxxxxxxxxxxxxxxxxxxxxxxxxxxxxxxxxxxxxxxxx
xxxxxxxxxxxxxxxxxxxxxxxxxxxxxxxxxxxxxxxxxxxxxxxxxxxxxxxxxxxxxxxxxxxxxxxxxxxxxxxxxxxxxxxxxxxxxxxxxxxxxxxxxxxxxxxxxxxxxxx
xxxxxxxxxxxxxxxxxxxxxxxxxxxxxxxxxxxxxxxxxxxxxxxxxxxxxxxxxxxxxxxxxxxxxxxxxxxxxxxxxxxxxxxxxxxxxxxxxxxxxxxxxxxxxxxxxxxxxxx
xxxxxxxxxxxxxxxxxxxxxxxxxxxxxxxxxxxxxxxxxxxxxxxxxxxxxxxxxxxxxxxxxxxxxxxxxxxxxxxxxxxxxxxxxxxxxxxxxxxxxxxxxxxxxxxxxxxxxxx
xxxxxxxxxxxxxxxxxxxxxxxxxxxxxxxxxxxxxxxxxxxxxxxxxxxxxxxxxxxxxxxxxxxxxxxxxxxxxxxxxxxxxxxxxxxxxxxxxxxxxxxxxxxxxxxxxxxxxxx
xxxxxxxxxxxxxxxxxxxxxxxxxxxxxxxxxxxxxxxxxxxxxxxxxxxxxxxxxxxxxxxxxxxxxxxxxxxxxxxxxxxxxxxxxxxxxxxxxxxxxxxxxxxxxxxxxxxxxxx
xxxxxxxxxxxxxxxxxxxxxxxxxxxxxxxxxxxxxxxxxxxxxxxxxxxxxxxxxxxxxxxxxxxxxxxxxxxxxxxxxxxxxxxxxxxxxxxxxxxxxxxxxxxxxxxxxxxxxxx
xxxxxxxxxxxxxxxxxxxxxxxxxxxxxxxxxxxxxxxxxxxxxxxxxxxxxxxxxxxxxxxxxxxxxxxxxxxxxxxxxxxxxxxxxxxxxxxxxxxxxxxxxxxxxxxxxxxxxxx
xxxxxxxxxxxxxxxxxxxxxxxxxxxxxxxxxxxxxxxxxxxxxxxxxxxxxxxxxxxxxxxxxxxxxxxxxxxxxxxxxxxxxxxxxxxxxxxxxxxxxxxxxxxxxxxxxxxxxxx
xxxxxxxxxxxxxxxxxxxxxxxxxxxxxxxxxxxxxxxxxxxxxxxxxxxxxxxxxxxxxxxxxxxxxxxxxxxxxxxxxxxxxxxxxxxxxxxxxxxxxxxxxxxxxxxxxxxxxxx
xxxxxxxxxxxxxxxxxxxxxxxxxxxxxxxxxxxxxxxxxxxxxxxxxxxxxxxxxxxxxxxxxxxxxxxxxxxxxxxxxxxxxxxxxxxxxxxxxxxxxxxxxxxxxxxxxxxxxxx
xxxxxxxxxxxxxxxxxxxxxxxxxxxxxxxxxxxxxxxxxxxxxxxxxxxxxxxxxxxxxxxxxxxxxxxxxxxxxxxxxxxxxxxxxxxxxxxxxxxxxxxxxxxxxxxxxxxxxxx
xxxxxxxxxxxxxxxxxxxxxxxxxxxxxxxxxxxxxxxxxxxxxxxxxxxxxxxxxxxxxxxxxxxxxxxxxxxxxxxxxxxxxxxxxxxxxxxxxxxxxxxxxxxxxxxxxxxxxxx
xxxxxxxxxxxxxxxxxxxxxxxxxxxxxxxxxxxxxxxxxxxxxxxxxxxxxxxxxxxxxxxxxxxxxxxxxxxxxxxxxxxxxxxxxxxxxxxxxxxxxxxxxxxxxxxxxxxxxxx
xxxxxxxxxxxxxxxxxxxxxxxxxxxxxxxxxxxxxxxxxxxxxxxxxxxxxxxxxxxxxxxxxxxxxxxxxxxxxxxxxxxxxxxxxxxxxxxxxxxxxxxxxxxxxxxxxxxxxxx
xxxxxxxxxxxxxxxxxxxxxxxxxxxxxxxxxxxxxxxxxxxxxxxxxxxxxxxxxxxxxxxxxxxxxxxxxxxxxxxxxxxxxxxxxxxxxxxxxxxxxxxxxxxxxxxxxxxxxxx
xxxxxxxxxxxxxxxxxxxxxxxxxxxxxxxxxxxxxxxxxxxxxxxxxxxxxxxxxxxxxxxxxxxxxxxxxxxxxxxxxxxxxxxxxxxxxxxxxxxxxxxxxxxxxxxxxxxxxxx
xxxxxxxxxxxxxxxxxxxxxxxxxxxxxxxxxxxxxxxxxxxxxxxxxxxxxxxxxxxxxxxxxxxxxxxxxxxxxxxxxxxxxxxxxxxxxxxxxxxxxxxxxxxxxxxxxxxxxxx
xxxxxxxxxxxxxxxxxxxxxxxxxxxxxxxxxxxxxxxxxxxxxxxxxxxxxxxxxxxxxxxxxxxxxxxxxxxxxxxxxxxxxxxxxxxxxxxxxxxxxxxxxxxxxxxxxxxxxxx
xxxxxxxxxxxxxxxxxxxxxxxxxxxxxxxxxxxxxxxxxxxxxxxxxxxxxxxxxxxxxxxxxxxxxxxxxxxxxxxxxxxxxxxxxxxxxxxxxxxxxxxxxxxxxxxxxxxxxxx
xxxxxxxxxxxxxxxxxxxxxxxxxxxxxxxxxxxxxxxxxxxxxxxxxxxxxxxxxxxxxxxxxxxxxxxxxxxxxxxxxxxxxxxxxxxxxxxxxxxxxxxxxxxxxxxxxxxxxxx
xxxxxxxxxxxxxxxxxxxxxxxxxxxxxxxxxxxxxxxxxxxxxxxxxxxxxxxxxxxxxxxxxxxxxxxxxxxxxxxxxxxxxxxxxxxxxxxxxxxxxxxxxxxxxxxxxxxxxxx
xxxxxxxxxxxxxxxxxxxxxxxxxxxxxxxxxxxxxxxxxxxxxxxxxxxxxxxxxxxxxxxxxxxxxxxxxxxxxxxxxxxxxxxxxxxxxxxxxxxxxxxxxxxxxxxxxxxxxxx
xxxxxxxxxxxxxxxxxxxxxxxxxxxxxxxxxxxxxxxxxxxxxxxxxxxxxxxxxxxxxxxxxxxxxxxxxxxxxxxxxxxxxxxxxxxxxxxxxxxxxxxxxxxxxxxxxxxxxxx
xxxxxxxxxxxxxxxxxxxxxxxxxxxxxxxxxxxxxxxxxxxxxxxxxxxxxxxxxxxxxxxxxxxxxxxxxxxxxxxxxxxxxxxxxxxxxxxxxxxxxxxxxxxxxxxxxxxxxxx
xxxxxxxxxxxxxxxxxxxxxxxxxxxxxxxxxxxxxxxxxxxxxxxxxxxxxxxxxxxxxxxxxxxxxxxxxxxxxxxxxxxxxxxxxxxxxxxxxxxxxxxxxxxxxxxxxxxxxxx
xxxxxxxxxxxxxxxxxxxxxxxxxxxxxxxxxxxxxxxxxxxxxxxxxxxxxxxxxxxxxxxxxxxxxxxxxxxxxxxxxxxxxxxxxxxxxxxxxxxxxxxxxxxxxxxxxxxxxxx
xxxxxxxxxxxxxxxxxxxxxxxxxxxxxxxxxxxxxxxxxxxxxxxxxxxxxxxxxxxxxxxxxxxxxxxxxxxxxxxxxxxxxxxxxxxxxxxxxxxxxxxxxxxxxxxxxxxxxxx
xxxxxxxxxxxxxxxxxxxxxxxxxxxxxxxxxxxxxxxxxxxxxxxxxxxxxxxxxxxxxxxxxxxxxxxxxxxxxxxxxxxxxxxxxxxxxxxxxxxxxxxxxxxxxxxxxxxxxxx
xxxxxxxxxxxxxxxxxxxxxxxxxxxxxxxxxxxxxxxxxxxxxxxxxxxxxxxxxxxxxxxxxxxxxxxxxxxxxxxxxxxxxxxxxxxxxxxxxxxxxxxxxxxxxxxxxxxxxxx
xxxxxxxxxxxxxxxxxxxxxxxxxxxxxxxxxxxxxxxxxxxxxxxxxxxxxxxxxxxxxxxxxxxxxxxxxxxxxxxxxxxxxxxxxxxxxxxxxxxxxxxxxxxxxxxxxxxxxxx
xxxxxxxxxxxxxxxxxxxxxxxxxxxxxxxxxxxxxxxxxxxxxxxxxxxxxxxxxxxxxxxxxxxxxxxxxxxxxxxxxxxxxxxxxxxxxxxxxxxxxxxxxxxxxxxxxxxxxxx
xxxxxxxxxxxxxxxxxxxxxxxxxxxxxxxxxxxxxxxxxxxxxxxxxxxxxxxxxxxxxxxxxxxxxxxxxxxxxxxxxxxxxxxxxxxxxxxxxxxxxxxxxxxxxxxxxxxxxxx
xxxxxxxxxxxxxxxxxxxxxxxxxxxxxxxxxxxxxxxxxxxxxxxxxxxxxxxxxxxxxxxxxxxxxxxxxxxxxxxxxxxxxxxxxxxxxxxxxxxxxxxxxxxxxxxxxxxxxxx
xxxxxxxxxxxxxxxxxxxxxxxxxxxxxxxxxxxxxxxxxxxxxxxxxxxxxxxxxxxxxxxxxxxxxxxxxxxxxxxxxxxxxxxxxxxxxxxxxxxxxxxxxxxxxxxxxxxxxxx
xxxxxxxxxxxxxxxxxxxxxxxxxxxxxxxxxxxxxxxxxxxxxxxxxxxxxxxxxxxxxxxxxxxxxxxxxxxxxxxxxxxxxxxxxxxxxxxxxxxxxxxxxxxxxxxxxxxxxxx
xxxxxxxxxxxxxxxxxxxxxxxxxxxxxxxxxxxxxxxxxxxxxxxxxxxxxxxxxxxxxxxxxxxxxxxxxxxxxxxxxxxxxxxxxxxxxxxxxxxxxxxxxxxxxxxxxxxxxxx
xxxxxxxxxxxxxxxxxxxxxxxxxxxxxxxxxxxxxxxxxxxxxxxxxxxxxxxxxxxxxxxxxxxxxxxxxxxxxxxxxxxxxxxxxxxxxxxxxxxxxxxxxxxxxxxxxxxxxxx
xxxxxxxxxxxxxxxxxxxxxxxxxxxxxxxxxxxxxxxxxxxxxxxxxxxxxxxxxxxxxxxxxxxxxxxxxxxxxxxxxxxxxxxxxxxxxxxxxxxxxxxxxxxxxxxxxxxxxxx
xxxxxxxxxxxxxxxxxxxxxxxxxxxxxxxxxxxxxxxxxxxxxxxxxxxxxxxxxxxxxxxxxxxxxxxxxxxxxxxxxxxxxxxxxxxxxxxxxxxxxxxxxxxxxxxxxxxxxxx
xxxxxxxxxxxxxxxxxxxxxxxxxxxxxxxxxxxxxxxxxxxxxxxxxxxxxxxxxxxxxxxxxxxxxxxxxxxxxxxxxxxxxxxxxxxxxxxxxxxxxxxxxxxxxxxxxxxxxxx
xxxxxxxxxxxxxxxxxxxxxxxxxxxxxxxxxxxxxxxxxxxxxxxxxxxxxxxxxxxxxxxxxxxxxxxxxxxxxxxxxxxxxxxxxxxxxxxxxxxxxxxxxxxxxxxxxxxxxxx
xxxxxxxxxxxxxxxxxxxxxxxxxxxxxxxxxxxxxxxxxxxxxxxxxxxxxxxxxxxxxxxxxxxxxxxxxxxxxxxxxxxxxxxxxxxxxxxxxxxxxxxxxxxxxxxxxxxxxxx
xxxxxxxxxxxxxxxxxxxxxxxxxxxxxxxxxxxxxxxxxxxxxxxxxxxxxxxxxxxxxxxxxxxxxxxxxxxxxxxxxxxxxxxxxxxxxxxxxxxxxxxxxxxxxxxxxxxxxxx
xxxxxxxxxxxxxxxxxxxxxxxxxxxxxxxxxxxxxxxxxxxxxxxxxxxxxxxxxxxxxxxxxxxxxxxxxxxxxxxxxxxxxxxxxxxxxxxxxxxxxxxxxxxxxxxxxxxxxxx
xxxxxxxxxxxxxxxxxxxxxxxxxxxxxxxxxxxxxxxxxxxxxxxxxxxxxxxxxxxxxxxxxxxxxxxxxxxxxxxxxxxxxxxxxxxxxxxxxxxxxxxxxxxxxxxxxxxxxxx
xxxxxxxxxxxxxxxxxxxxxxxxxxxxxxxxxxxxxxxxxxxxxxxxxxxxxxxxxxxxxxxxxxxxxxxxxxxxxxxxxxxxxxxxxxxxxxxxxxxxxxxxxxxxxxxxxxxxxxx
xxxxxxxxxxxxxxxxxxxxxxxxxxxxxxxxxxxxxxxxxxxxxxxxxxxxxxxxxxxxxxxxxxxxxxxxxxxxxxxxxxxxxxxxxxxxxxxxxxxxxxxxxxxxxxxxxxxxxxx
xxxxxxxxxxxxxxxxxxxxxxxxxxxxxxxxxxxxxxxxxxxxxxxxxxxxxxxxxxxxxxxxxxxxxxxxxxxxxxxxxxxxxxxxxxxxxxxxxxxxxxxxxxxxxxxxxxxxxxx
xxxxxxxxxxxxxxxxxxxxxxxxxxxxxxxxxxxxxxxxxxxxxxxxxxxxxxxxxxxxxxxxxxxxxxxxxxxxxxxxxxxxxxxxxxxxxxxxxxxxxxxxxxxxxxxxxxxxxxx
xxxxxxxxxxxxxxxxxxxxxxxxxxxxxxxxxxxxxxxxxxxxxxxxxxxxxxxxxxxxxxxxxxxxxxxxxxxxxxxxxxxxxxxxxxxxxxxxxxxxxxxxxxxxxxxxxxxxxxx
xxxxxxxxxxxxxxxxxxxxxxxxxxxxxxxxxxxxxxxxxxxxxxxxxxxxxxxxxxxxxxxxxxxxxxxxxxxxxxxxxxxxxxxxxxxxxxxxxxxxxxxxxxxxxxxxxxxxxxx
xxxxxxxxxxxxxxxxxxxxxxxxxxxxxxxxxxxxxxxxxxxxxxxxxxxxxxxxxxxxxxxxxxxxxxxxxxxxxxxxxxxxxxxxxxxxxxxxxxxxxxxxxxxxxxxxxxxxxxx
xxxxxxxxxxxxxxxxxxxxxxxxxxxxxxxxxxxxxxxxxxxxxxxxxxxxxxxxxxxxxxxxxxxxxxxxxxxxxxxxxxxxxxxxxxxxxxxxxxxxxxxxxxxxxxxxxxxxxxx
xxxxxxxxxxxxxxxxxxxxxxxxxxxxxxxxxxxxxxxxxxxxxxxxxxxxxxxxxxxxxxxxxxxxxxxxxxxxxxxxxxxxxxxxxxxxxxxxxxxxxxxxxxxxxxxxxxxxxxx
xxxxxxxxxxxxxxxxxxxxxxxxxxxxxxxxxxxxxxxxxxxxxxxxxxxxxxxxxxxxxxxxxxxxxxxxxxxxxxxxxxxxxxxxxxxxxxxxxxxxxxxxxxxxxxxxxxxxxxx
xxxxxxxxxxxxxxxxxxxxxxxxxxxxxxxxxxxxxxxxxxxxxxxxxxxxxxxxxxxxxxxxxxxxxxxxxxxxxxxxxxxxxxxxxxxxxxxxxxxxxxxxxxxxxxxxxxxxxxx
xxxxxxxxxxxxxxxxxxxxxxxxxxxxxxxxxxxxxxxxxxxxxxxxxxxxxxxxxxxxxxxxxxxxxxxxxxxxxxxxxxxxxxxxxxxxxxxxxxxxxxxxxxxxxxxxxxxxxxx
xxxxxxxxxxxxxxxxxxxxxxxxxxxxxxxxxxxxxxxxxxxxxxxxxxxxxxxxxxxxxxxxxxxxxxxxxxxxxxxxxxxxxxxxxxxxxxxxxxxxxxxxxxxxxxxxxxxxxxx
xxxxxxxxxxxxxxxxxxxxxxxxxxxxxxxxxxxxxxxxxxxxxxxxxxxxxxxxxxxxxxxxxxxxxxxxxxxxxxxxxxxxxxxxxxxxxxxxxxxxxxxxxxxxxxxxxxxxxxx
xxxxxxxxxxxxxxxxxxxxxxxxxxxxxxxxxxxxxxxxxxxxxxxxxxxxxxxxxxxxxxxxxxxxxxxxxxxxxxxxxxxxxxxxxxxxxxxxxxxxxxxxxxxxxxxxxxxxxxx
xxxxxxxxxxxxxxxxxxxxxxxxxxxxxxxxxxxxxxxxxxxxxxxxxxxxxxxxxxxxxxxxxxxxxxxxxxxxxxxxxxxxxxxxxxxxxxxxxxxxxxxxxxxxxxxxxxxxxxx
xxxxxxxxxxxxxxxxxxxxxxxxxxxxxxxxxxxxxxxxxxxxxxxxxxxxxxxxxxxxxxxxxxxxxxxxxxxxxxxxxxxxxxxxxxxxxxxxxxxxxxxxxxxxxxxxxxxxxxx
xxxxxxxxxxxxxxxxxxxxxxxxxxxxxxxxxxxxxxxxxxxxxxxxxxxxxxxxxxxxxxxxxxxxxxxxxxxxxxxxxxxxxxxxxxxxxxxxxxxxxxxxxxxxxxxxxxxxxxx
xxxxxxxxxxxxxxxxxxxxxxxxxxxxxxxxxxxxxxxxxxxxxxxxxxxxxxxxxxxxxxxxxxxxxxxxxxxxxxxxxxxxxxxxxxxxxxxxxxxxxxxxxxxxxxxxxxxxxxx
xxxxxxxxxxxxxxxxxxxxxxxxxxxxxxxxxxxxxxxxxxxxxxxxxxxxxxxxxxxxxxxxxxxxxxxxxxxxxxxxxxxxxxxxxxxxxxxxxxxxxxxxxxxxxxxxxxxxxxx
xxxxxxxxxxxxxxxxxxxxxxxxxxxxxxxxxxxxxxxxxxxxxxxxxxxxxxxxxxxxxxxxxxxxxxxxxxxxxxxxxxxxxxxxxxxxxxxxxxxxxxxxxxxxxxxxxxxxxxx
xxxxxxxxxxxxxxxxxxxxxxxxxxxxxxxxxxxxxxxxxxxxxxxxxxxxxxxxxxxxxxxxxxxxxxxxxxxxxxxxxxxxxxxxxxxxxxxxxxxxxxxxxxxxxxxxxxxxxxx
xxxxxxxxxxxxxxxxxxxxxxxxxxxxxxxxxxxxxxxxxxxxxxxxxxxxxxxxxxxxxxxxxxxxxxxxxxxxxxxxxxxxxxxxxxxxxxxxxxxxxxxxxxxxxxxxxxxxxxx
xxxxxxxxxxxxxxxxxxxxxxxxxxxxxxxxxxxxxxxxxxxxxxxxxxxxxxxxxxxxxxxxxxxxxxxxxxxxxxxxxxxxxxxxxxxxxxxxxxxxxxxxxxxxxxxxxxxxxxx
xxxxxxxxxxxxxxxxxxxxxxxxxxxxxxxxxxxxxxxxxxxxxxxxxxxxxxxxxxxxxxxxxxxxxxxxxxxxxxxxxxxxxxxxxxxxxxxxxxxxxxxxxxxxxxxxxxxxxxx
xxxxxxxxxxxxxxxxxxxxxxxxxxxxxxxxxxxxxxxxxxxxxxxxxxxxxxxxxxxxxxxxxxxxxxxxxxxxxxxxxxxxxxxxxxxxxxxxxxxxxxxxxxxxxxxxxxxxxxx
xxxxxxxxxxxxxxxxxxxxxxxxxxxxxxxxxxxxxxxxxxxxxxxxxxxxxxxxxxxxxxxxxxxxxxxxxxxxxxxxxxxxxxxxxxxxxxxxxxxxxxxxxxxxxxxxxxxxxxx
xxxxxxxxxxxxxxxxxxxxxxxxxxxxxxxxxxxxxxxxxxxxxxxxxxxxxxxxxxxxxxxxxxxxxxxxxxxxxxxxxxxxxxxxxxxxxxxxxxxxxxxxxxxxxxxxxxxxxxx
xxxxxxxxxxxxxxxxxxxxxxxxxxxxxxxxxxxxxxxxxxxxxxxxxxxxxxxxxxxxxxxxxxxxxxxxxxxxxxxxxxxxxxxxxxxxxxxxxxxxxxxxxxxxxxxxxxxxxxx
xxxxxxxxxxxxxxxxxxxxxxxxxxxxxxxxxxxxxxxxxxxxxxxxxxxxxxxxxxxxx\"[39m
[31m+ }",[39m
[2m  }[22m

[36m [2mÔØ»[22m src/test/workerHarness.ts:[2m158:22[22m[39m
    [90m156| [39m      [35mconst[39m result [33m=[39m [35mawait[39m 
[34mformatAsync[39m(largeInput)[33m;[39m
    [90m157| [39m
    [90m158| [39m      [34mexpect[39m(result)[33m.[39m[34mtoEqual[39m({ ok[33m:[39m 
[35mtrue[39m[33m,[39m value[33m:[39m formatSuccessValue })[33m;[39m
    [90m   | [39m                     [31m^[39m
    [90m159| [39m    })[33m;[39m
    [90m160| [39m

[31m[2mÔÄ»ÔÄ»ÔÄ»ÔÄ»ÔÄ»ÔÄ»ÔÄ»ÔÄ»ÔÄ»ÔÄ»ÔÄ»ÔÄ»ÔÄ»ÔÄ»ÔÄ»ÔÄ»ÔÄ»ÔÄ»ÔÄ»ÔÄ»[137/288]ÔÄ»[22m[39m

[41m[1m FAIL [22m[49m src/services/json/worker.test.ts[2m > [22mworker async services[2m > [22mreturns 
fallback error when worker responds with error
[41m[1m FAIL [22m[49m src/services/json/worker.test.ts[2m > [22mworker async services[2m > [22mreturns 
fallback error when worker responds with error
[31m[1mAssertionError[22m: expected { ok: true, ÔÇª(1) } to deeply equal { ok: true, value: '' }[39m

[32m- Expected[39m
[31m+ Received[39m

[2m  {[22m
[2m    "ok": true,[22m
[32m-   "value": "",[39m
[31m+   "value": "{\"data\":\"xxxxxxxxxxxxxxxxxxxxxxxxxxxxxxxxxxxxxxxxxxxxxxxxxxxxxxxxxxxxxxxxxxxxxxxxxxxxxxxxxxxxxxxx
xxxxxxxxxxxxxxxxxxxxxxxxxxxxxxxxxxxxxxxxxxxxxxxxxxxxxxxxxxxxxxxxxxxxxxxxxxxxxxxxxxxxxxxxxxxxxxxxxxxxxxxxxxxxxxxxxxxxxxx
xxxxxxxxxxxxxxxxxxxxxxxxxxxxxxxxxxxxxxxxxxxxxxxxxxxxxxxxxxxxxxxxxxxxxxxxxxxxxxxxxxxxxxxxxxxxxxxxxxxxxxxxxxxxxxxxxxxxxxx
xxxxxxxxxxxxxxxxxxxxxxxxxxxxxxxxxxxxxxxxxxxxxxxxxxxxxxxxxxxxxxxxxxxxxxxxxxxxxxxxxxxxxxxxxxxxxxxxxxxxxxxxxxxxxxxxxxxxxxx
xxxxxxxxxxxxxxxxxxxxxxxxxxxxxxxxxxxxxxxxxxxxxxxxxxxxxxxxxxxxxxxxxxxxxxxxxxxxxxxxxxxxxxxxxxxxxxxxxxxxxxxxxxxxxxxxxxxxxxx
xxxxxxxxxxxxxxxxxxxxxxxxxxxxxxxxxxxxxxxxxxxxxxxxxxxxxxxxxxxxxxxxxxxxxxxxxxxxxxxxxxxxxxxxxxxxxxxxxxxxxxxxxxxxxxxxxxxxxxx
xxxxxxxxxxxxxxxxxxxxxxxxxxxxxxxxxxxxxxxxxxxxxxxxxxxxxxxxxxxxxxxxxxxxxxxxxxxxxxxxxxxxxxxxxxxxxxxxxxxxxxxxxxxxxxxxxxxxxxx
xxxxxxxxxxxxxxxxxxxxxxxxxxxxxxxxxxxxxxxxxxxxxxxxxxxxxxxxxxxxxxxxxxxxxxxxxxxxxxxxxxxxxxxxxxxxxxxxxxxxxxxxxxxxxxxxxxxxxxx
xxxxxxxxxxxxxxxxxxxxxxxxxxxxxxxxxxxxxxxxxxxxxxxxxxxxxxxxxxxxxxxxxxxxxxxxxxxxxxxxxxxxxxxxxxxxxxxxxxxxxxxxxxxxxxxxxxxxxxx
xxxxxxxxxxxxxxxxxxxxxxxxxxxxxxxxxxxxxxxxxxxxxxxxxxxxxxxxxxxxxxxxxxxxxxxxxxxxxxxxxxxxxxxxxxxxxxxxxxxxxxxxxxxxxxxxxxxxxxx
xxxxxxxxxxxxxxxxxxxxxxxxxxxxxxxxxxxxxxxxxxxxxxxxxxxxxxxxxxxxxxxxxxxxxxxxxxxxxxxxxxxxxxxxxxxxxxxxxxxxxxxxxxxxxxxxxxxxxxx
xxxxxxxxxxxxxxxxxxxxxxxxxxxxxxxxxxxxxxxxxxxxxxxxxxxxxxxxxxxxxxxxxxxxxxxxxxxxxxxxxxxxxxxxxxxxxxxxxxxxxxxxxxxxxxxxxxxxxxx
xxxxxxxxxxxxxxxxxxxxxxxxxxxxxxxxxxxxxxxxxxxxxxxxxxxxxxxxxxxxxxxxxxxxxxxxxxxxxxxxxxxxxxxxxxxxxxxxxxxxxxxxxxxxxxxxxxxxxxx
xxxxxxxxxxxxxxxxxxxxxxxxxxxxxxxxxxxxxxxxxxxxxxxxxxxxxxxxxxxxxxxxxxxxxxxxxxxxxxxxxxxxxxxxxxxxxxxxxxxxxxxxxxxxxxxxxxxxxxx
xxxxxxxxxxxxxxxxxxxxxxxxxxxxxxxxxxxxxxxxxxxxxxxxxxxxxxxxxxxxxxxxxxxxxxxxxxxxxxxxxxxxxxxxxxxxxxxxxxxxxxxxxxxxxxxxxxxxxxx
xxxxxxxxxxxxxxxxxxxxxxxxxxxxxxxxxxxxxxxxxxxxxxxxxxxxxxxxxxxxxxxxxxxxxxxxxxxxxxxxxxxxxxxxxxxxxxxxxxxxxxxxxxxxxxxxxxxxxxx
xxxxxxxxxxxxxxxxxxxxxxxxxxxxxxxxxxxxxxxxxxxxxxxxxxxxxxxxxxxxxxxxxxxxxxxxxxxxxxxxxxxxxxxxxxxxxxxxxxxxxxxxxxxxxxxxxxxxxxx
xxxxxxxxxxxxxxxxxxxxxxxxxxxxxxxxxxxxxxxxxxxxxxxxxxxxxxxxxxxxxxxxxxxxxxxxxxxxxxxxxxxxxxxxxxxxxxxxxxxxxxxxxxxxxxxxxxxxxxx
xxxxxxxxxxxxxxxxxxxxxxxxxxxxxxxxxxxxxxxxxxxxxxxxxxxxxxxxxxxxxxxxxxxxxxxxxxxxxxxxxxxxxxxxxxxxxxxxxxxxxxxxxxxxxxxxxxxxxxx
xxxxxxxxxxxxxxxxxxxxxxxxxxxxxxxxxxxxxxxxxxxxxxxxxxxxxxxxxxxxxxxxxxxxxxxxxxxxxxxxxxxxxxxxxxxxxxxxxxxxxxxxxxxxxxxxxxxxxxx
xxxxxxxxxxxxxxxxxxxxxxxxxxxxxxxxxxxxxxxxxxxxxxxxxxxxxxxxxxxxxxxxxxxxxxxxxxxxxxxxxxxxxxxxxxxxxxxxxxxxxxxxxxxxxxxxxxxxxxx
xxxxxxxxxxxxxxxxxxxxxxxxxxxxxxxxxxxxxxxxxxxxxxxxxxxxxxxxxxxxxxxxxxxxxxxxxxxxxxxxxxxxxxxxxxxxxxxxxxxxxxxxxxxxxxxxxxxxxxx
xxxxxxxxxxxxxxxxxxxxxxxxxxxxxxxxxxxxxxxxxxxxxxxxxxxxxxxxxxxxxxxxxxxxxxxxxxxxxxxxxxxxxxxxxxxxxxxxxxxxxxxxxxxxxxxxxxxxxxx
xxxxxxxxxxxxxxxxxxxxxxxxxxxxxxxxxxxxxxxxxxxxxxxxxxxxxxxxxxxxxxxxxxxxxxxxxxxxxxxxxxxxxxxxxxxxxxxxxxxxxxxxxxxxxxxxxxxxxxx
xxxxxxxxxxxxxxxxxxxxxxxxxxxxxxxxxxxxxxxxxxxxxxxxxxxxxxxxxxxxxxxxxxxxxxxxxxxxxxxxxxxxxxxxxxxxxxxxxxxxxxxxxxxxxxxxxxxxxxx
xxxxxxxxxxxxxxxxxxxxxxxxxxxxxxxxxxxxxxxxxxxxxxxxxxxxxxxxxxxxxxxxxxxxxxxxxxxxxxxxxxxxxxxxxxxxxxxxxxxxxxxxxxxxxxxxxxxxxxx
xxxxxxxxxxxxxxxxxxxxxxxxxxxxxxxxxxxxxxxxxxxxxxxxxxxxxxxxxxxxxxxxxxxxxxxxxxxxxxxxxxxxxxxxxxxxxxxxxxxxxxxxxxxxxxxxxxxxxxx
xxxxxxxxxxxxxxxxxxxxxxxxxxxxxxxxxxxxxxxxxxxxxxxxxxxxxxxxxxxxxxxxxxxxxxxxxxxxxxxxxxxxxxxxxxxxxxxxxxxxxxxxxxxxxxxxxxxxxxx
xxxxxxxxxxxxxxxxxxxxxxxxxxxxxxxxxxxxxxxxxxxxxxxxxxxxxxxxxxxxxxxxxxxxxxxxxxxxxxxxxxxxxxxxxxxxxxxxxxxxxxxxxxxxxxxxxxxxxxx
xxxxxxxxxxxxxxxxxxxxxxxxxxxxxxxxxxxxxxxxxxxxxxxxxxxxxxxxxxxxxxxxxxxxxxxxxxxxxxxxxxxxxxxxxxxxxxxxxxxxxxxxxxxxxxxxxxxxxxx
xxxxxxxxxxxxxxxxxxxxxxxxxxxxxxxxxxxxxxxxxxxxxxxxxxxxxxxxxxxxxxxxxxxxxxxxxxxxxxxxxxxxxxxxxxxxxxxxxxxxxxxxxxxxxxxxxxxxxxx
xxxxxxxxxxxxxxxxxxxxxxxxxxxxxxxxxxxxxxxxxxxxxxxxxxxxxxxxxxxxxxxxxxxxxxxxxxxxxxxxxxxxxxxxxxxxxxxxxxxxxxxxxxxxxxxxxxxxxxx
xxxxxxxxxxxxxxxxxxxxxxxxxxxxxxxxxxxxxxxxxxxxxxxxxxxxxxxxxxxxxxxxxxxxxxxxxxxxxxxxxxxxxxxxxxxxxxxxxxxxxxxxxxxxxxxxxxxxxxx
xxxxxxxxxxxxxxxxxxxxxxxxxxxxxxxxxxxxxxxxxxxxxxxxxxxxxxxxxxxxxxxxxxxxxxxxxxxxxxxxxxxxxxxxxxxxxxxxxxxxxxxxxxxxxxxxxxxxxxx
xxxxxxxxxxxxxxxxxxxxxxxxxxxxxxxxxxxxxxxxxxxxxxxxxxxxxxxxxxxxxxxxxxxxxxxxxxxxxxxxxxxxxxxxxxxxxxxxxxxxxxxxxxxxxxxxxxxxxxx
xxxxxxxxxxxxxxxxxxxxxxxxxxxxxxxxxxxxxxxxxxxxxxxxxxxxxxxxxxxxxxxxxxxxxxxxxxxxxxxxxxxxxxxxxxxxxxxxxxxxxxxxxxxxxxxxxxxxxxx
xxxxxxxxxxxxxxxxxxxxxxxxxxxxxxxxxxxxxxxxxxxxxxxxxxxxxxxxxxxxxxxxxxxxxxxxxxxxxxxxxxxxxxxxxxxxxxxxxxxxxxxxxxxxxxxxxxxxxxx
xxxxxxxxxxxxxxxxxxxxxxxxxxxxxxxxxxxxxxxxxxxxxxxxxxxxxxxxxxxxxxxxxxxxxxxxxxxxxxxxxxxxxxxxxxxxxxxxxxxxxxxxxxxxxxxxxxxxxxx
xxxxxxxxxxxxxxxxxxxxxxxxxxxxxxxxxxxxxxxxxxxxxxxxxxxxxxxxxxxxxxxxxxxxxxxxxxxxxxxxxxxxxxxxxxxxxxxxxxxxxxxxxxxxxxxxxxxxxxx
xxxxxxxxxxxxxxxxxxxxxxxxxxxxxxxxxxxxxxxxxxxxxxxxxxxxxxxxxxxxxxxxxxxxxxxxxxxxxxxxxxxxxxxxxxxxxxxxxxxxxxxxxxxxxxxxxxxxxxx
xxxxxxxxxxxxxxxxxxxxxxxxxxxxxxxxxxxxxxxxxxxxxxxxxxxxxxxxxxxxxxxxxxxxxxxxxxxxxxxxxxxxxxxxxxxxxxxxxxxxxxxxxxxxxxxxxxxxxxx
xxxxxxxxxxxxxxxxxxxxxxxxxxxxxxxxxxxxxxxxxxxxxxxxxxxxxxxxxxxxxxxxxxxxxxxxxxxxxxxxxxxxxxxxxxxxxxxxxxxxxxxxxxxxxxxxxxxxxxx
xxxxxxxxxxxxxxxxxxxxxxxxxxxxxxxxxxxxxxxxxxxxxxxxxxxxxxxxxxxxxxxxxxxxxxxxxxxxxxxxxxxxxxxxxxxxxxxxxxxxxxxxxxxxxxxxxxxxxxx
xxxxxxxxxxxxxxxxxxxxxxxxxxxxxxxxxxxxxxxxxxxxxxxxxxxxxxxxxxxxxxxxxxxxxxxxxxxxxxxxxxxxxxxxxxxxxxxxxxxxxxxxxxxxxxxxxxxxxxx
xxxxxxxxxxxxxxxxxxxxxxxxxxxxxxxxxxxxxxxxxxxxxxxxxxxxxxxxxxxxxxxxxxxxxxxxxxxxxxxxxxxxxxxxxxxxxxxxxxxxxxxxxxxxxxxxxxxxxxx
xxxxxxxxxxxxxxxxxxxxxxxxxxxxxxxxxxxxxxxxxxxxxxxxxxxxxxxxxxxxxxxxxxxxxxxxxxxxxxxxxxxxxxxxxxxxxxxxxxxxxxxxxxxxxxxxxxxxxxx
xxxxxxxxxxxxxxxxxxxxxxxxxxxxxxxxxxxxxxxxxxxxxxxxxxxxxxxxxxxxxxxxxxxxxxxxxxxxxxxxxxxxxxxxxxxxxxxxxxxxxxxxxxxxxxxxxxxxxxx
xxxxxxxxxxxxxxxxxxxxxxxxxxxxxxxxxxxxxxxxxxxxxxxxxxxxxxxxxxxxxxxxxxxxxxxxxxxxxxxxxxxxxxxxxxxxxxxxxxxxxxxxxxxxxxxxxxxxxxx
xxxxxxxxxxxxxxxxxxxxxxxxxxxxxxxxxxxxxxxxxxxxxxxxxxxxxxxxxxxxxxxxxxxxxxxxxxxxxxxxxxxxxxxxxxxxxxxxxxxxxxxxxxxxxxxxxxxxxxx
xxxxxxxxxxxxxxxxxxxxxxxxxxxxxxxxxxxxxxxxxxxxxxxxxxxxxxxxxxxxxxxxxxxxxxxxxxxxxxxxxxxxxxxxxxxxxxxxxxxxxxxxxxxxxxxxxxxxxxx
xxxxxxxxxxxxxxxxxxxxxxxxxxxxxxxxxxxxxxxxxxxxxxxxxxxxxxxxxxxxxxxxxxxxxxxxxxxxxxxxxxxxxxxxxxxxxxxxxxxxxxxxxxxxxxxxxxxxxxx
xxxxxxxxxxxxxxxxxxxxxxxxxxxxxxxxxxxxxxxxxxxxxxxxxxxxxxxxxxxxxxxxxxxxxxxxxxxxxxxxxxxxxxxxxxxxxxxxxxxxxxxxxxxxxxxxxxxxxxx
xxxxxxxxxxxxxxxxxxxxxxxxxxxxxxxxxxxxxxxxxxxxxxxxxxxxxxxxxxxxxxxxxxxxxxxxxxxxxxxxxxxxxxxxxxxxxxxxxxxxxxxxxxxxxxxxxxxxxxx
xxxxxxxxxxxxxxxxxxxxxxxxxxxxxxxxxxxxxxxxxxxxxxxxxxxxxxxxxxxxxxxxxxxxxxxxxxxxxxxxxxxxxxxxxxxxxxxxxxxxxxxxxxxxxxxxxxxxxxx
xxxxxxxxxxxxxxxxxxxxxxxxxxxxxxxxxxxxxxxxxxxxxxxxxxxxxxxxxxxxxxxxxxxxxxxxxxxxxxxxxxxxxxxxxxxxxxxxxxxxxxxxxxxxxxxxxxxxxxx
xxxxxxxxxxxxxxxxxxxxxxxxxxxxxxxxxxxxxxxxxxxxxxxxxxxxxxxxxxxxxxxxxxxxxxxxxxxxxxxxxxxxxxxxxxxxxxxxxxxxxxxxxxxxxxxxxxxxxxx
xxxxxxxxxxxxxxxxxxxxxxxxxxxxxxxxxxxxxxxxxxxxxxxxxxxxxxxxxxxxxxxxxxxxxxxxxxxxxxxxxxxxxxxxxxxxxxxxxxxxxxxxxxxxxxxxxxxxxxx
xxxxxxxxxxxxxxxxxxxxxxxxxxxxxxxxxxxxxxxxxxxxxxxxxxxxxxxxxxxxxxxxxxxxxxxxxxxxxxxxxxxxxxxxxxxxxxxxxxxxxxxxxxxxxxxxxxxxxxx
xxxxxxxxxxxxxxxxxxxxxxxxxxxxxxxxxxxxxxxxxxxxxxxxxxxxxxxxxxxxxxxxxxxxxxxxxxxxxxxxxxxxxxxxxxxxxxxxxxxxxxxxxxxxxxxxxxxxxxx
xxxxxxxxxxxxxxxxxxxxxxxxxxxxxxxxxxxxxxxxxxxxxxxxxxxxxxxxxxxxxxxxxxxxxxxxxxxxxxxxxxxxxxxxxxxxxxxxxxxxxxxxxxxxxxxxxxxxxxx
xxxxxxxxxxxxxxxxxxxxxxxxxxxxxxxxxxxxxxxxxxxxxxxxxxxxxxxxxxxxxxxxxxxxxxxxxxxxxxxxxxxxxxxxxxxxxxxxxxxxxxxxxxxxxxxxxxxxxxx
xxxxxxxxxxxxxxxxxxxxxxxxxxxxxxxxxxxxxxxxxxxxxxxxxxxxxxxxxxxxxxxxxxxxxxxxxxxxxxxxxxxxxxxxxxxxxxxxxxxxxxxxxxxxxxxxxxxxxxx
xxxxxxxxxxxxxxxxxxxxxxxxxxxxxxxxxxxxxxxxxxxxxxxxxxxxxxxxxxxxxxxxxxxxxxxxxxxxxxxxxxxxxxxxxxxxxxxxxxxxxxxxxxxxxxxxxxxxxxx
xxxxxxxxxxxxxxxxxxxxxxxxxxxxxxxxxxxxxxxxxxxxxxxxxxxxxxxxxxxxxxxxxxxxxxxxxxxxxxxxxxxxxxxxxxxxxxxxxxxxxxxxxxxxxxxxxxxxxxx
xxxxxxxxxxxxxxxxxxxxxxxxxxxxxxxxxxxxxxxxxxxxxxxxxxxxxxxxxxxxxxxxxxxxxxxxxxxxxxxxxxxxxxxxxxxxxxxxxxxxxxxxxxxxxxxxxxxxxxx
xxxxxxxxxxxxxxxxxxxxxxxxxxxxxxxxxxxxxxxxxxxxxxxxxxxxxxxxxxxxxxxxxxxxxxxxxxxxxxxxxxxxxxxxxxxxxxxxxxxxxxxxxxxxxxxxxxxxxxx
xxxxxxxxxxxxxxxxxxxxxxxxxxxxxxxxxxxxxxxxxxxxxxxxxxxxxxxxxxxxxxxxxxxxxxxxxxxxxxxxxxxxxxxxxxxxxxxxxxxxxxxxxxxxxxxxxxxxxxx
xxxxxxxxxxxxxxxxxxxxxxxxxxxxxxxxxxxxxxxxxxxxxxxxxxxxxxxxxxxxxxxxxxxxxxxxxxxxxxxxxxxxxxxxxxxxxxxxxxxxxxxxxxxxxxxxxxxxxxx
xxxxxxxxxxxxxxxxxxxxxxxxxxxxxxxxxxxxxxxxxxxxxxxxxxxxxxxxxxxxxxxxxxxxxxxxxxxxxxxxxxxxxxxxxxxxxxxxxxxxxxxxxxxxxxxxxxxxxxx
xxxxxxxxxxxxxxxxxxxxxxxxxxxxxxxxxxxxxxxxxxxxxxxxxxxxxxxxxxxxxxxxxxxxxxxxxxxxxxxxxxxxxxxxxxxxxxxxxxxxxxxxxxxxxxxxxxxxxxx
xxxxxxxxxxxxxxxxxxxxxxxxxxxxxxxxxxxxxxxxxxxxxxxxxxxxxxxxxxxxxxxxxxxxxxxxxxxxxxxxxxxxxxxxxxxxxxxxxxxxxxxxxxxxxxxxxxxxxxx
xxxxxxxxxxxxxxxxxxxxxxxxxxxxxxxxxxxxxxxxxxxxxxxxxxxxxxxxxxxxxxxxxxxxxxxxxxxxxxxxxxxxxxxxxxxxxxxxxxxxxxxxxxxxxxxxxxxxxxx
xxxxxxxxxxxxxxxxxxxxxxxxxxxxxxxxxxxxxxxxxxxxxxxxxxxxxxxxxxxxxxxxxxxxxxxxxxxxxxxxxxxxxxxxxxxxxxxxxxxxxxxxxxxxxxxxxxxxxxx
xxxxxxxxxxxxxxxxxxxxxxxxxxxxxxxxxxxxxxxxxxxxxxxxxxxxxxxxxxxxxxxxxxxxxxxxxxxxxxxxxxxxxxxxxxxxxxxxxxxxxxxxxxxxxxxxxxxxxxx
xxxxxxxxxxxxxxxxxxxxxxxxxxxxxxxxxxxxxxxxxxxxxxxxxxxxxxxxxxxxxxxxxxxxxxxxxxxxxxxxxxxxxxxxxxxxxxxxxxxxxxxxxxxxxxxxxxxxxxx
xxxxxxxxxxxxxxxxxxxxxxxxxxxxxxxxxxxxxxxxxxxxxxxxxxxxxxxxxxxxxxxxxxxxxxxxxxxxxxxxxxxxxxxxxxxxxxxxxxxxxxxxxxxxxxxxxxxxxxx
xxxxxxxxxxxxxxxxxxxxxxxxxxxxxxxxxxxxxxxxxxxxxxxxxxxxxxxxxxxxxxxxxxxxxxxxxxxxxxxxxxxxxxxxxxxxxxxxxxxxxxxxxxxxxxxxxxxxxxx
xxxxxxxxxxxxxxxxxxxxxxxxxxxxxxxxxxxxxxxxxxxxxxxxxxxxxxxxxxxxxxxxxxxxxxxxxxxxxxxxxxxxxxxxxxxxxxxxxxxxxxxxxxxxxxxxxxxxxxx
xxxxxxxxxxxxxxxxxxxxxxxxxxxxxxxxxxxxxxxxxxxxxxxxxxxxxxxxxxxxxxxxxxxxxxxxxxxxxxxxxxxxxxxxxxxxxxxxxxxxxxxxxxxxxxxxxxxxxxx
xxxxxxxxxxxxxxxxxxxxxxxxxxxxxxxxxxxxxxxxxxxxxxxxxxxxxxxxxxxxxxxxxxxxxxxxxxxxxxxxxxxxxxxxxxxxxxxxxxxxxxxxxxxxxxxxxxxxxxx
xxxxxxxxxxxxxxxxxxxxxxxxxxxxxxxxxxxxxxxxxxxxxxxxxxxxxxxxxxxxxxxxxxxxxxxxxxxxxxxxxxxxxxxxxxxxxxxxxxxxxxxxxxxxxxxxxxxxxxx
xxxxxxxxxxxxxxxxxxxxxxxxxxxxxxxxxxxxxxxxxxxxxxxxxxxxxxxxxxxxxxxxxxxxxxxxxxxxxxxxxxxxxxxxxxxxxxxxxxxxxxxxxxxxxxxxxxxxxxx
xxxxxxxxxxxxxxxxxxxxxxxxxxxxxxxxxxxxxxxxxxxxxxxxxxxxxxxxxxxxxxxxxxxxxxxxxxxxxxxxxxxxxxxxxxxxxxxxxxxxxxxxxxxxxxxxxxxxxxx
xxxxxxxxxxxxxxxxxxxxxxxxxxxxxxxxxxxxxxxxxxxxxxxxxxxxxxxxxxxxxxxxxxxxxxxxxxxxxxxxxxxxxxxxxxxxxxxxxxxxxxxxxxxxxxxxxxxxxxx
xxxxxxxxxxxxxxxxxxxxxxxxxxxxxxxxxxxxxxxxxxxxxxxxxxxxxxxxxxxxxxxxxxxxxxxxxxxxxxxxxxxxxxxxxxxxxxxxxxxxxxxxxxxxxxxxxxxxxxx
xxxxxxxxxxxxxxxxxxxxxxxxxxxxxxxxxxxxxxxxxxxxxxxxxxxxxxxxxxxxxxxxxxxxxxxxxxxxxxxxxxxxxxxxxxxxxxxxxxxxxxxxxxxxxxxxxxxxxxx
xxxxxxxxxxxxxxxxxxxxxxxxxxxxxxxxxxxxxxxxxxxxxxxxxxxxxxxxxxxxxxxxxxxxxxxxxxxxxxxxxxxxxxxxxxxxxxxxxxxxxxxxxxxxxxxxxxxxxxx
xxxxxxxxxxxxxxxxxxxxxxxxxxxxxxxxxxxxxxxxxxxxxxxxxxxxxxxxxxxxxxxxxxxxxxxxxxxxxxxxxxxxxxxxxxxxxxxxxxxxxxxxxxxxxxxxxxxxxxx
xxxxxxxxxxxxxxxxxxxxxxxxxxxxxxxxxxxxxxxxxxxxxxxxxxxxxxxxxxxxxxxxxxxxxxxxxxxxxxxxxxxxxxxxxxxxxxxxxxxxxxxxxxxxxxxxxxxxxxx
xxxxxxxxxxxxxxxxxxxxxxxxxxxxxxxxxxxxxxxxxxxxxxxxxxxxxxxxxxxxxxxxxxxxxxxxxxxxxxxxxxxxxxxxxxxxxxxxxxxxxxxxxxxxxxxxxxxxxxx
xxxxxxxxxxxxxxxxxxxxxxxxxxxxxxxxxxxxxxxxxxxxxxxxxxxxxxxxxxxxxxxxxxxxxxxxxxxxxxxxxxxxxxxxxxxxxxxxxxxxxxxxxxxxxxxxxxxxxxx
xxxxxxxxxxxxxxxxxxxxxxxxxxxxxxxxxxxxxxxxxxxxxxxxxxxxxxxxxxxxxxxxxxxxxxxxxxxxxxxxxxxxxxxxxxxxxxxxxxxxxxxxxxxxxxxxxxxxxxx
xxxxxxxxxxxxxxxxxxxxxxxxxxxxxxxxxxxxxxxxxxxxxxxxxxxxxxxxxxxxxxxxxxxxxxxxxxxxxxxxxxxxxxxxxxxxxxxxxxxxxxxxxxxxxxxxxxxxxxx
xxxxxxxxxxxxxxxxxxxxxxxxxxxxxxxxxxxxxxxxxxxxxxxxxxxxxxxxxxxxxxxxxxxxxxxxxxxxxxxxxxxxxxxxxxxxxxxxxxxxxxxxxxxxxxxxxxxxxxx
xxxxxxxxxxxxxxxxxxxxxxxxxxxxxxxxxxxxxxxxxxxxxxxxxxxxxxxxxxxxxxxxxxxxxxxxxxxxxxxxxxxxxxxxxxxxxxxxxxxxxxxxxxxxxxxxxxxxxxx
xxxxxxxxxxxxxxxxxxxxxxxxxxxxxxxxxxxxxxxxxxxxxxxxxxxxxxxxxxxxxxxxxxxxxxxxxxxxxxxxxxxxxxxxxxxxxxxxxxxxxxxxxxxxxxxxxxxxxxx
xxxxxxxxxxxxxxxxxxxxxxxxxxxxxxxxxxxxxxxxxxxxxxxxxxxxxxxxxxxxxxxxxxxxxxxxxxxxxxxxxxxxxxxxxxxxxxxxxxxxxxxxxxxxxxxxxxxxxxx
xxxxxxxxxxxxxxxxxxxxxxxxxxxxxxxxxxxxxxxxxxxxxxxxxxxxxxxxxxxxxxxxxxxxxxxxxxxxxxxxxxxxxxxxxxxxxxxxxxxxxxxxxxxxxxxxxxxxxxx
xxxxxxxxxxxxxxxxxxxxxxxxxxxxxxxxxxxxxxxxxxxxxxxxxxxxxxxxxxxxxxxxxxxxxxxxxxxxxxxxxxxxxxxxxxxxxxxxxxxxxxxxxxxxxxxxxxxxxxx
xxxxxxxxxxxxxxxxxxxxxxxxxxxxxxxxxxxxxxxxxxxxxxxxxxxxxxxxxxxxxxxxxxxxxxxxxxxxxxxxxxxxxxxxxxxxxxxxxxxxxxxxxxxxxxxxxxxxxxx
xxxxxxxxxxxxxxxxxxxxxxxxxxxxxxxxxxxxxxxxxxxxxxxxxxxxxxxxxxxxxxxxxxxxxxxxxxxxxxxxxxxxxxxxxxxxxxxxxxxxxxxxxxxxxxxxxxxxxxx
xxxxxxxxxxxxxxxxxxxxxxxxxxxxxxxxxxxxxxxxxxxxxxxxxxxxxxxxxxxxxxxxxxxxxxxxxxxxxxxxxxxxxxxxxxxxxxxxxxxxxxxxxxxxxxxxxxxxxxx
xxxxxxxxxxxxxxxxxxxxxxxxxxxxxxxxxxxxxxxxxxxxxxxxxxxxxxxxxxxxxxxxxxxxxxxxxxxxxxxxxxxxxxxxxxxxxxxxxxxxxxxxxxxxxxxxxxxxxxx
xxxxxxxxxxxxxxxxxxxxxxxxxxxxxxxxxxxxxxxxxxxxxxxxxxxxxxxxxxxxxxxxxxxxxxxxxxxxxxxxxxxxxxxxxxxxxxxxxxxxxxxxxxxxxxxxxxxxxxx
xxxxxxxxxxxxxxxxxxxxxxxxxxxxxxxxxxxxxxxxxxxxxxxxxxxxxxxxxxxxxxxxxxxxxxxxxxxxxxxxxxxxxxxxxxxxxxxxxxxxxxxxxxxxxxxxxxxxxxx
xxxxxxxxxxxxxxxxxxxxxxxxxxxxxxxxxxxxxxxxxxxxxxxxxxxxxxxxxxxxxxxxxxxxxxxxxxxxxxxxxxxxxxxxxxxxxxxxxxxxxxxxxxxxxxxxxxxxxxx
xxxxxxxxxxxxxxxxxxxxxxxxxxxxxxxxxxxxxxxxxxxxxxxxxxxxxxxxxxxxxxxxxxxxxxxxxxxxxxxxxxxxxxxxxxxxxxxxxxxxxxxxxxxxxxxxxxxxxxx
xxxxxxxxxxxxxxxxxxxxxxxxxxxxxxxxxxxxxxxxxxxxxxxxxxxxxxxxxxxxxxxxxxxxxxxxxxxxxxxxxxxxxxxxxxxxxxxxxxxxxxxxxxxxxxxxxxxxxxx
xxxxxxxxxxxxxxxxxxxxxxxxxxxxxxxxxxxxxxxxxxxxxxxxxxxxxxxxxxxxxxxxxxxxxxxxxxxxxxxxxxxxxxxxxxxxxxxxxxxxxxxxxxxxxxxxxxxxxxx
xxxxxxxxxxxxxxxxxxxxxxxxxxxxxxxxxxxxxxxxxxxxxxxxxxxxxxxxxxxxxxxxxxxxxxxxxxxxxxxxxxxxxxxxxxxxxxxxxxxxxxxxxxxxxxxxxxxxxxx
xxxxxxxxxxxxxxxxxxxxxxxxxxxxxxxxxxxxxxxxxxxxxxxxxxxxxxxxxxxxxxxxxxxxxxxxxxxxxxxxxxxxxxxxxxxxxxxxxxxxxxxxxxxxxxxxxxxxxxx
xxxxxxxxxxxxxxxxxxxxxxxxxxxxxxxxxxxxxxxxxxxxxxxxxxxxxxxxxxxxxxxxxxxxxxxxxxxxxxxxxxxxxxxxxxxxxxxxxxxxxxxxxxxxxxxxxxxxxxx
xxxxxxxxxxxxxxxxxxxxxxxxxxxxxxxxxxxxxxxxxxxxxxxxxxxxxxxxxxxxxxxxxxxxxxxxxxxxxxxxxxxxxxxxxxxxxxxxxxxxxxxxxxxxxxxxxxxxxxx
xxxxxxxxxxxxxxxxxxxxxxxxxxxxxxxxxxxxxxxxxxxxxxxxxxxxxxxxxxxxxxxxxxxxxxxxxxxxxxxxxxxxxxxxxxxxxxxxxxxxxxxxxxxxxxxxxxxxxxx
xxxxxxxxxxxxxxxxxxxxxxxxxxxxxxxxxxxxxxxxxxxxxxxxxxxxxxxxxxxxxxxxxxxxxxxxxxxxxxxxxxxxxxxxxxxxxxxxxxxxxxxxxxxxxxxxxxxxxxx
xxxxxxxxxxxxxxxxxxxxxxxxxxxxxxxxxxxxxxxxxxxxxxxxxxxxxxxxxxxxxxxxxxxxxxxxxxxxxxxxxxxxxxxxxxxxxxxxxxxxxxxxxxxxxxxxxxxxxxx
xxxxxxxxxxxxxxxxxxxxxxxxxxxxxxxxxxxxxxxxxxxxxxxxxxxxxxxxxxxxxxxxxxxxxxxxxxxxxxxxxxxxxxxxxxxxxxxxxxxxxxxxxxxxxxxxxxxxxxx
xxxxxxxxxxxxxxxxxxxxxxxxxxxxxxxxxxxxxxxxxxxxxxxxxxxxxxxxxxxxxxxxxxxxxxxxxxxxxxxxxxxxxxxxxxxxxxxxxxxxxxxxxxxxxxxxxxxxxxx
xxxxxxxxxxxxxxxxxxxxxxxxxxxxxxxxxxxxxxxxxxxxxxxxxxxxxxxxxxxxxxxxxxxxxxxxxxxxxxxxxxxxxxxxxxxxxxxxxxxxxxxxxxxxxxxxxxxxxxx
xxxxxxxxxxxxxxxxxxxxxxxxxxxxxxxxxxxxxxxxxxxxxxxxxxxxxxxxxxxxxxxxxxxxxxxxxxxxxxxxxxxxxxxxxxxxxxxxxxxxxxxxxxxxxxxxxxxxxxx
xxxxxxxxxxxxxxxxxxxxxxxxxxxxxxxxxxxxxxxxxxxxxxxxxxxxxxxxxxxxxxxxxxxxxxxxxxxxxxxxxxxxxxxxxxxxxxxxxxxxxxxxxxxxxxxxxxxxxxx
xxxxxxxxxxxxxxxxxxxxxxxxxxxxxxxxxxxxxxxxxxxxxxxxxxxxxxxxxxxxxxxxxxxxxxxxxxxxxxxxxxxxxxxxxxxxxxxxxxxxxxxxxxxxxxxxxxxxxxx
xxxxxxxxxxxxxxxxxxxxxxxxxxxxxxxxxxxxxxxxxxxxxxxxxxxxxxxxxxxxxxxxxxxxxxxxxxxxxxxxxxxxxxxxxxxxxxxxxxxxxxxxxxxxxxxxxxxxxxx
xxxxxxxxxxxxxxxxxxxxxxxxxxxxxxxxxxxxxxxxxxxxxxxxxxxxxxxxxxxxxxxxxxxxxxxxxxxxxxxxxxxxxxxxxxxxxxxxxxxxxxxxxxxxxxxxxxxxxxx
xxxxxxxxxxxxxxxxxxxxxxxxxxxxxxxxxxxxxxxxxxxxxxxxxxxxxxxxxxxxxxxxxxxxxxxxxxxxxxxxxxxxxxxxxxxxxxxxxxxxxxxxxxxxxxxxxxxxxxx
xxxxxxxxxxxxxxxxxxxxxxxxxxxxxxxxxxxxxxxxxxxxxxxxxxxxxxxxxxxxxxxxxxxxxxxxxxxxxxxxxxxxxxxxxxxxxxxxxxxxxxxxxxxxxxxxxxxxxxx
xxxxxxxxxxxxxxxxxxxxxxxxxxxxxxxxxxxxxxxxxxxxxxxxxxxxxxxxxxxxxxxxxxxxxxxxxxxxxxxxxxxxxxxxxxxxxxxxxxxxxxxxxxxxxxxxxxxxxxx
xxxxxxxxxxxxxxxxxxxxxxxxxxxxxxxxxxxxxxxxxxxxxxxxxxxxxxxxxxxxxxxxxxxxxxxxxxxxxxxxxxxxxxxxxxxxxxxxxxxxxxxxxxxxxxxxxxxxxxx
xxxxxxxxxxxxxxxxxxxxxxxxxxxxxxxxxxxxxxxxxxxxxxxxxxxxxxxxxxxxxxxxxxxxxxxxxxxxxxxxxxxxxxxxxxxxxxxxxxxxxxxxxxxxxxxxxxxxxxx
xxxxxxxxxxxxxxxxxxxxxxxxxxxxxxxxxxxxxxxxxxxxxxxxxxxxxxxxxxxxxxxxxxxxxxxxxxxxxxxxxxxxxxxxxxxxxxxxxxxxxxxxxxxxxxxxxxxxxxx
xxxxxxxxxxxxxxxxxxxxxxxxxxxxxxxxxxxxxxxxxxxxxxxxxxxxxxxxxxxxxxxxxxxxxxxxxxxxxxxxxxxxxxxxxxxxxxxxxxxxxxxxxxxxxxxxxxxxxxx
xxxxxxxxxxxxxxxxxxxxxxxxxxxxxxxxxxxxxxxxxxxxxxxxxxxxxxxxxxxxxxxxxxxxxxxxxxxxxxxxxxxxxxxxxxxxxxxxxxxxxxxxxxxxxxxxxxxxxxx
xxxxxxxxxxxxxxxxxxxxxxxxxxxxxxxxxxxxxxxxxxxxxxxxxxxxxxxxxxxxxxxxxxxxxxxxxxxxxxxxxxxxxxxxxxxxxxxxxxxxxxxxxxxxxxxxxxxxxxx
xxxxxxxxxxxxxxxxxxxxxxxxxxxxxxxxxxxxxxxxxxxxxxxxxxxxxxxxxxxxxxxxxxxxxxxxxxxxxxxxxxxxxxxxxxxxxxxxxxxxxxxxxxxxxxxxxxxxxxx
xxxxxxxxxxxxxxxxxxxxxxxxxxxxxxxxxxxxxxxxxxxxxxxxxxxxxxxxxxxxxxxxxxxxxxxxxxxxxxxxxxxxxxxxxxxxxxxxxxxxxxxxxxxxxxxxxxxxxxx
xxxxxxxxxxxxxxxxxxxxxxxxxxxxxxxxxxxxxxxxxxxxxxxxxxxxxxxxxxxxxxxxxxxxxxxxxxxxxxxxxxxxxxxxxxxxxxxxxxxxxxxxxxxxxxxxxxxxxxx
xxxxxxxxxxxxxxxxxxxxxxxxxxxxxxxxxxxxxxxxxxxxxxxxxxxxxxxxxxxxxxxxxxxxxxxxxxxxxxxxxxxxxxxxxxxxxxxxxxxxxxxxxxxxxxxxxxxxxxx
xxxxxxxxxxxxxxxxxxxxxxxxxxxxxxxxxxxxxxxxxxxxxxxxxxxxxxxxxxxxxxxxxxxxxxxxxxxxxxxxxxxxxxxxxxxxxxxxxxxxxxxxxxxxxxxxxxxxxxx
xxxxxxxxxxxxxxxxxxxxxxxxxxxxxxxxxxxxxxxxxxxxxxxxxxxxxxxxxxxxxxxxxxxxxxxxxxxxxxxxxxxxxxxxxxxxxxxxxxxxxxxxxxxxxxxxxxxxxxx
xxxxxxxxxxxxxxxxxxxxxxxxxxxxxxxxxxxxxxxxxxxxxxxxxxxxxxxxxxxxxxxxxxxxxxxxxxxxxxxxxxxxxxxxxxxxxxxxxxxxxxxxxxxxxxxxxxxxxxx
xxxxxxxxxxxxxxxxxxxxxxxxxxxxxxxxxxxxxxxxxxxxxxxxxxxxxxxxxxxxxxxxxxxxxxxxxxxxxxxxxxxxxxxxxxxxxxxxxxxxxxxxxxxxxxxxxxxxxxx
xxxxxxxxxxxxxxxxxxxxxxxxxxxxxxxxxxxxxxxxxxxxxxxxxxxxxxxxxxxxxxxxxxxxxxxxxxxxxxxxxxxxxxxxxxxxxxxxxxxxxxxxxxxxxxxxxxxxxxx
xxxxxxxxxxxxxxxxxxxxxxxxxxxxxxxxxxxxxxxxxxxxxxxxxxxxxxxxxxxxxxxxxxxxxxxxxxxxxxxxxxxxxxxxxxxxxxxxxxxxxxxxxxxxxxxxxxxxxxx
xxxxxxxxxxxxxxxxxxxxxxxxxxxxxxxxxxxxxxxxxxxxxxxxxxxxxxxxxxxxxxxxxxxxxxxxxxxxxxxxxxxxxxxxxxxxxxxxxxxxxxxxxxxxxxxxxxxxxxx
xxxxxxxxxxxxxxxxxxxxxxxxxxxxxxxxxxxxxxxxxxxxxxxxxxxxxxxxxxxxxxxxxxxxxxxxxxxxxxxxxxxxxxxxxxxxxxxxxxxxxxxxxxxxxxxxxxxxxxx
xxxxxxxxxxxxxxxxxxxxxxxxxxxxxxxxxxxxxxxxxxxxxxxxxxxxxxxxxxxxxxxxxxxxxxxxxxxxxxxxxxxxxxxxxxxxxxxxxxxxxxxxxxxxxxxxxxxxxxx
xxxxxxxxxxxxxxxxxxxxxxxxxxxxxxxxxxxxxxxxxxxxxxxxxxxxxxxxxxxxxxxxxxxxxxxxxxxxxxxxxxxxxxxxxxxxxxxxxxxxxxxxxxxxxxxxxxxxxxx
xxxxxxxxxxxxxxxxxxxxxxxxxxxxxxxxxxxxxxxxxxxxxxxxxxxxxxxxxxxxxxxxxxxxxxxxxxxxxxxxxxxxxxxxxxxxxxxxxxxxxxxxxxxxxxxxxxxxxxx
xxxxxxxxxxxxxxxxxxxxxxxxxxxxxxxxxxxxxxxxxxxxxxxxxxxxxxxxxxxxxxxxxxxxxxxxxxxxxxxxxxxxxxxxxxxxxxxxxxxxxxxxxxxxxxxxxxxxxxx
xxxxxxxxxxxxxxxxxxxxxxxxxxxxxxxxxxxxxxxxxxxxxxxxxxxxxxxxxxxxxxxxxxxxxxxxxxxxxxxxxxxxxxxxxxxxxxxxxxxxxxxxxxxxxxxxxxxxxxx
xxxxxxxxxxxxxxxxxxxxxxxxxxxxxxxxxxxxxxxxxxxxxxxxxxxxxxxxxxxxxxxxxxxxxxxxxxxxxxxxxxxxxxxxxxxxxxxxxxxxxxxxxxxxxxxxxxxxxxx
xxxxxxxxxxxxxxxxxxxxxxxxxxxxxxxxxxxxxxxxxxxxxxxxxxxxxxxxxxxxxxxxxxxxxxxxxxxxxxxxxxxxxxxxxxxxxxxxxxxxxxxxxxxxxxxxxxxxxxx
xxxxxxxxxxxxxxxxxxxxxxxxxxxxxxxxxxxxxxxxxxxxxxxxxxxxxxxxxxxxxxxxxxxxxxxxxxxxxxxxxxxxxxxxxxxxxxxxxxxxxxxxxxxxxxxxxxxxxxx
xxxxxxxxxxxxxxxxxxxxxxxxxxxxxxxxxxxxxxxxxxxxxxxxxxxxxxxxxxxxxxxxxxxxxxxxxxxxxxxxxxxxxxxxxxxxxxxxxxxxxxxxxxxxxxxxxxxxxxx
xxxxxxxxxxxxxxxxxxxxxxxxxxxxxxxxxxxxxxxxxxxxxxxxxxxxxxxxxxxxxxxxxxxxxxxxxxxxxxxxxxxxxxxxxxxxxxxxxxxxxxxxxxxxxxxxxxxxxxx
xxxxxxxxxxxxxxxxxxxxxxxxxxxxxxxxxxxxxxxxxxxxxxxxxxxxxxxxxxxxxxxxxxxxxxxxxxxxxxxxxxxxxxxxxxxxxxxxxxxxxxxxxxxxxxxxxxxxxxx
xxxxxxxxxxxxxxxxxxxxxxxxxxxxxxxxxxxxxxxxxxxxxxxxxxxxxxxxxxxxxxxxxxxxxxxxxxxxxxxxxxxxxxxxxxxxxxxxxxxxxxxxxxxxxxxxxxxxxxx
xxxxxxxxxxxxxxxxxxxxxxxxxxxxxxxxxxxxxxxxxxxxxxxxxxxxxxxxxxxxxxxxxxxxxxxxxxxxxxxxxxxxxxxxxxxxxxxxxxxxxxxxxxxxxxxxxxxxxxx
xxxxxxxxxxxxxxxxxxxxxxxxxxxxxxxxxxxxxxxxxxxxxxxxxxxxxxxxxxxxxxxxxxxxxxxxxxxxxxxxxxxxxxxxxxxxxxxxxxxxxxxxxxxxxxxxxxxxxxx
xxxxxxxxxxxxxxxxxxxxxxxxxxxxxxxxxxxxxxxxxxxxxxxxxxxxxxxxxxxxxxxxxxxxxxxxxxxxxxxxxxxxxxxxxxxxxxxxxxxxxxxxxxxxxxxxxxxxxxx
xxxxxxxxxxxxxxxxxxxxxxxxxxxxxxxxxxxxxxxxxxxxxxxxxxxxxxxxxxxxxxxxxxxxxxxxxxxxxxxxxxxxxxxxxxxxxxxxxxxxxxxxxxxxxxxxxxxxxxx
xxxxxxxxxxxxxxxxxxxxxxxxxxxxxxxxxxxxxxxxxxxxxxxxxxxxxxxxxxxxxxxxxxxxxxxxxxxxxxxxxxxxxxxxxxxxxxxxxxxxxxxxxxxxxxxxxxxxxxx
xxxxxxxxxxxxxxxxxxxxxxxxxxxxxxxxxxxxxxxxxxxxxxxxxxxxxxxxxxxxxxxxxxxxxxxxxxxxxxxxxxxxxxxxxxxxxxxxxxxxxxxxxxxxxxxxxxxxxxx
xxxxxxxxxxxxxxxxxxxxxxxxxxxxxxxxxxxxxxxxxxxxxxxxxxxxxxxxxxxxxxxxxxxxxxxxxxxxxxxxxxxxxxxxxxxxxxxxxxxxxxxxxxxxxxxxxxxxxxx
xxxxxxxxxxxxxxxxxxxxxxxxxxxxxxxxxxxxxxxxxxxxxxxxxxxxxxxxxxxxxxxxxxxxxxxxxxxxxxxxxxxxxxxxxxxxxxxxxxxxxxxxxxxxxxxxxxxxxxx
xxxxxxxxxxxxxxxxxxxxxxxxxxxxxxxxxxxxxxxxxxxxxxxxxxxxxxxxxxxxxxxxxxxxxxxxxxxxxxxxxxxxxxxxxxxxxxxxxxxxxxxxxxxxxxxxxxxxxxx
xxxxxxxxxxxxxxxxxxxxxxxxxxxxxxxxxxxxxxxxxxxxxxxxxxxxxxxxxxxxxxxxxxxxxxxxxxxxxxxxxxxxxxxxxxxxxxxxxxxxxxxxxxxxxxxxxxxxxxx
xxxxxxxxxxxxxxxxxxxxxxxxxxxxxxxxxxxxxxxxxxxxxxxxxxxxxxxxxxxxxxxxxxxxxxxxxxxxxxxxxxxxxxxxxxxxxxxxxxxxxxxxxxxxxxxxxxxxxxx
xxxxxxxxxxxxxxxxxxxxxxxxxxxxxxxxxxxxxxxxxxxxxxxxxxxxxxxxxxxxxxxxxxxxxxxxxxxxxxxxxxxxxxxxxxxxxxxxxxxxxxxxxxxxxxxxxxxxxxx
xxxxxxxxxxxxxxxxxxxxxxxxxxxxxxxxxxxxxxxxxxxxxxxxxxxxxxxxxxxxxxxxxxxxxxxxxxxxxxxxxxxxxxxxxxxxxxxxxxxxxxxxxxxxxxxxxxxxxxx
xxxxxxxxxxxxxxxxxxxxxxxxxxxxxxxxxxxxxxxxxxxxxxxxxxxxxxxxxxxxxxxxxxxxxxxxxxxxxxxxxxxxxxxxxxxxxxxxxxxxxxxxxxxxxxxxxxxxxxx
xxxxxxxxxxxxxxxxxxxxxxxxxxxxxxxxxxxxxxxxxxxxxxxxxxxxxxxxxxxxxxxxxxxxxxxxxxxxxxxxxxxxxxxxxxxxxxxxxxxxxxxxxxxxxxxxxxxxxxx
xxxxxxxxxxxxxxxxxxxxxxxxxxxxxxxxxxxxxxxxxxxxxxxxxxxxxxxxxxxxxxxxxxxxxxxxxxxxxxxxxxxxxxxxxxxxxxxxxxxxxxxxxxxxxxxxxxxxxxx
xxxxxxxxxxxxxxxxxxxxxxxxxxxxxxxxxxxxxxxxxxxxxxxxxxxxxxxxxxxxxxxxxxxxxxxxxxxxxxxxxxxxxxxxxxxxxxxxxxxxxxxxxxxxxxxxxxxxxxx
xxxxxxxxxxxxxxxxxxxxxxxxxxxxxxxxxxxxxxxxxxxxxxxxxxxxxxxxxxxxxxxxxxxxxxxxxxxxxxxxxxxxxxxxxxxxxxxxxxxxxxxxxxxxxxxxxxxxxxx
xxxxxxxxxxxxxxxxxxxxxxxxxxxxxxxxxxxxxxxxxxxxxxxxxxxxxxxxxxxxxxxxxxxxxxxxxxxxxxxxxxxxxxxxxxxxxxxxxxxxxxxxxxxxxxxxxxxxxxx
xxxxxxxxxxxxxxxxxxxxxxxxxxxxxxxxxxxxxxxxxxxxxxxxxxxxxxxxxxxxxxxxxxxxxxxxxxxxxxxxxxxxxxxxxxxxxxxxxxxxxxxxxxxxxxxxxxxxxxx
xxxxxxxxxxxxxxxxxxxxxxxxxxxxxxxxxxxxxxxxxxxxxxxxxxxxxxxxxxxxxxxxxxxxxxxxxxxxxxxxxxxxxxxxxxxxxxxxxxxxxxxxxxxxxxxxxxxxxxx
xxxxxxxxxxxxxxxxxxxxxxxxxxxxxxxxxxxxxxxxxxxxxxxxxxxxxxxxxxxxxxxxxxxxxxxxxxxxxxxxxxxxxxxxxxxxxxxxxxxxxxxxxxxxxxxxxxxxxxx
xxxxxxxxxxxxxxxxxxxxxxxxxxxxxxxxxxxxxxxxxxxxxxxxxxxxxxxxxxxxxxxxxxxxxxxxxxxxxxxxxxxxxxxxxxxxxxxxxxxxxxxxxxxxxxxxxxxxxxx
xxxxxxxxxxxxxxxxxxxxxxxxxxxxxxxxxxxxxxxxxxxxxxxxxxxxxxxxxxxxxxxxxxxxxxxxxxxxxxxxxxxxxxxxxxxxxxxxxxxxxxxxxxxxxxxxxxxxxxx
xxxxxxxxxxxxxxxxxxxxxxxxxxxxxxxxxxxxxxxxxxxxxxxxxxxxxxxxxxxxxxxxxxxxxxxxxxxxxxxxxxxxxxxxxxxxxxxxxxxxxxxxxxxxxxxxxxxxxxx
xxxxxxxxxxxxxxxxxxxxxxxxxxxxxxxxxxxxxxxxxxxxxxxxxxxxxxxxxxxxxxxxxxxxxxxxxxxxxxxxxxxxxxxxxxxxxxxxxxxxxxxxxxxxxxxxxxxxxxx
xxxxxxxxxxxxxxxxxxxxxxxxxxxxxxxxxxxxxxxxxxxxxxxxxxxxxxxxxxxxxxxxxxxxxxxxxxxxxxxxxxxxxxxxxxxxxxxxxxxxxxxxxxxxxxxxxxxxxxx
xxxxxxxxxxxxxxxxxxxxxxxxxxxxxxxxxxxxxxxxxxxxxxxxxxxxxxxxxxxxxxxxxxxxxxxxxxxxxxxxxxxxxxxxxxxxxxxxxxxxxxxxxxxxxxxxxxxxxxx
xxxxxxxxxxxxxxxxxxxxxxxxxxxxxxxxxxxxxxxxxxxxxxxxxxxxxxxxxxxxxxxxxxxxxxxxxxxxxxxxxxxxxxxxxxxxxxxxxxxxxxxxxxxxxxxxxxxxxxx
xxxxxxxxxxxxxxxxxxxxxxxxxxxxxxxxxxxxxxxxxxxxxxxxxxxxxxxxxxxxxxxxxxxxxxxxxxxxxxxxxxxxxxxxxxxxxxxxxxxxxxxxxxxxxxxxxxxxxxx
xxxxxxxxxxxxxxxxxxxxxxxxxxxxxxxxxxxxxxxxxxxxxxxxxxxxxxxxxxxxxxxxxxxxxxxxxxxxxxxxxxxxxxxxxxxxxxxxxxxxxxxxxxxxxxxxxxxxxxx
xxxxxxxxxxxxxxxxxxxxxxxxxxxxxxxxxxxxxxxxxxxxxxxxxxxxxxxxxxxxxxxxxxxxxxxxxxxxxxxxxxxxxxxxxxxxxxxxxxxxxxxxxxxxxxxxxxxxxxx
xxxxxxxxxxxxxxxxxxxxxxxxxxxxxxxxxxxxxxxxxxxxxxxxxxxxxxxxxxxxxxxxxxxxxxxxxxxxxxxxxxxxxxxxxxxxxxxxxxxxxxxxxxxxxxxxxxxxxxx
xxxxxxxxxxxxxxxxxxxxxxxxxxxxxxxxxxxxxxxxxxxxxxxxxxxxxxxxxxxxxxxxxxxxxxxxxxxxxxxxxxxxxxxxxxxxxxxxxxxxxxxxxxxxxxxxxxxxxxx
xxxxxxxxxxxxxxxxxxxxxxxxxxxxxxxxxxxxxxxxxxxxxxxxxxxxxxxxxxxxxxxxxxxxxxxxxxxxxxxxxxxxxxxxxxxxxxxxxxxxxxxxxxxxxxxxxxxxxxx
xxxxxxxxxxxxxxxxxxxxxxxxxxxxxxxxxxxxxxxxxxxxxxxxxxxxxxxxxxxxxxxxxxxxxxxxxxxxxxxxxxxxxxxxxxxxxxxxxxxxxxxxxxxxxxxxxxxxxxx
xxxxxxxxxxxxxxxxxxxxxxxxxxxxxxxxxxxxxxxxxxxxxxxxxxxxxxxxxxxxxxxxxxxxxxxxxxxxxxxxxxxxxxxxxxxxxxxxxxxxxxxxxxxxxxxxxxxxxxx
xxxxxxxxxxxxxxxxxxxxxxxxxxxxxxxxxxxxxxxxxxxxxxxxxxxxxxxxxxxxxxxxxxxxxxxxxxxxxxxxxxxxxxxxxxxxxxxxxxxxxxxxxxxxxxxxxxxxxxx
xxxxxxxxxxxxxxxxxxxxxxxxxxxxxxxxxxxxxxxxxxxxxxxxxxxxxxxxxxxxxxxxxxxxxxxxxxxxxxxxxxxxxxxxxxxxxxxxxxxxxxxxxxxxxxxxxxxxxxx
xxxxxxxxxxxxxxxxxxxxxxxxxxxxxxxxxxxxxxxxxxxxxxxxxxxxxxxxxxxxxxxxxxxxxxxxxxxxxxxxxxxxxxxxxxxxxxxxxxxxxxxxxxxxxxxxxxxxxxx
xxxxxxxxxxxxxxxxxxxxxxxxxxxxxxxxxxxxxxxxxxxxxxxxxxxxxxxxxxxxxxxxxxxxxxxxxxxxxxxxxxxxxxxxxxxxxxxxxxxxxxxxxxxxxxxxxxxxxxx
xxxxxxxxxxxxxxxxxxxxxxxxxxxxxxxxxxxxxxxxxxxxxxxxxxxxxxxxxxxxxxxxxxxxxxxxxxxxxxxxxxxxxxxxxxxxxxxxxxxxxxxxxxxxxxxxxxxxxxx
xxxxxxxxxxxxxxxxxxxxxxxxxxxxxxxxxxxxxxxxxxxxxxxxxxxxxxxxxxxxxxxxxxxxxxxxxxxxxxxxxxxxxxxxxxxxxxxxxxxxxxxxxxxxxxxxxxxxxxx
xxxxxxxxxxxxxxxxxxxxxxxxxxxxxxxxxxxxxxxxxxxxxxxxxxxxxxxxxxxxxxxxxxxxxxxxxxxxxxxxxxxxxxxxxxxxxxxxxxxxxxxxxxxxxxxxxxxxxxx
xxxxxxxxxxxxxxxxxxxxxxxxxxxxxxxxxxxxxxxxxxxxxxxxxxxxxxxxxxxxxxxxxxxxxxxxxxxxxxxxxxxxxxxxxxxxxxxxxxxxxxxxxxxxxxxxxxxxxxx
xxxxxxxxxxxxxxxxxxxxxxxxxxxxxxxxxxxxxxxxxxxxxxxxxxxxxxxxxxxxxxxxxxxxxxxxxxxxxxxxxxxxxxxxxxxxxxxxxxxxxxxxxxxxxxxxxxxxxxx
xxxxxxxxxxxxxxxxxxxxxxxxxxxxxxxxxxxxxxxxxxxxxxxxxxxxxxxxxxxxxxxxxxxxxxxxxxxxxxxxxxxxxxxxxxxxxxxxxxxxxxxxxxxxxxxxxxxxxxx
xxxxxxxxxxxxxxxxxxxxxxxxxxxxxxxxxxxxxxxxxxxxxxxxxxxxxxxxxxxxxxxxxxxxxxxxxxxxxxxxxxxxxxxxxxxxxxxxxxxxxxxxxxxxxxxxxxxxxxx
xxxxxxxxxxxxxxxxxxxxxxxxxxxxxxxxxxxxxxxxxxxxxxxxxxxxxxxxxxxxxxxxxxxxxxxxxxxxxxxxxxxxxxxxxxxxxxxxxxxxxxxxxxxxxxxxxxxxxxx
xxxxxxxxxxxxxxxxxxxxxxxxxxxxxxxxxxxxxxxxxxxxxxxxxxxxxxxxxxxxxxxxxxxxxxxxxxxxxxxxxxxxxxxxxxxxxxxxxxxxxxxxxxxxxxxxxxxxxxx
xxxxxxxxxxxxxxxxxxxxxxxxxxxxxxxxxxxxxxxxxxxxxxxxxxxxxxxxxxxxxxxxxxxxxxxxxxxxxxxxxxxxxxxxxxxxxxxxxxxxxxxxxxxxxxxxxxxxxxx
xxxxxxxxxxxxxxxxxxxxxxxxxxxxxxxxxxxxxxxxxxxxxxxxxxxxxxxxxxxxxxxxxxxxxxxxxxxxxxxxxxxxxxxxxxxxxxxxxxxxxxxxxxxxxxxxxxxxxxx
xxxxxxxxxxxxxxxxxxxxxxxxxxxxxxxxxxxxxxxxxxxxxxxxxxxxxxxxxxxxxxxxxxxxxxxxxxxxxxxxxxxxxxxxxxxxxxxxxxxxxxxxxxxxxxxxxxxxxxx
xxxxxxxxxxxxxxxxxxxxxxxxxxxxxxxxxxxxxxxxxxxxxxxxxxxxxxxxxxxxxxxxxxxxxxxxxxxxxxxxxxxxxxxxxxxxxxxxxxxxxxxxxxxxxxxxxxxxxxx
xxxxxxxxxxxxxxxxxxxxxxxxxxxxxxxxxxxxxxxxxxxxxxxxxxxxxxxxxxxxxxxxxxxxxxxxxxxxxxxxxxxxxxxxxxxxxxxxxxxxxxxxxxxxxxxxxxxxxxx
xxxxxxxxxxxxxxxxxxxxxxxxxxxxxxxxxxxxxxxxxxxxxxxxxxxxxxxxxxxxxxxxxxxxxxxxxxxxxxxxxxxxxxxxxxxxxxxxxxxxxxxxxxxxxxxxxxxxxxx
xxxxxxxxxxxxxxxxxxxxxxxxxxxxxxxxxxxxxxxxxxxxxxxxxxxxxxxxxxxxxxxxxxxxxxxxxxxxxxxxxxxxxxxxxxxxxxxxxxxxxxxxxxxxxxxxxxxxxxx
xxxxxxxxxxxxxxxxxxxxxxxxxxxxxxxxxxxxxxxxxxxxxxxxxxxxxxxxxxxxxxxxxxxxxxxxxxxxxxxxxxxxxxxxxxxxxxxxxxxxxxxxxxxxxxxxxxxxxxx
xxxxxxxxxxxxxxxxxxxxxxxxxxxxxxxxxxxxxxxxxxxxxxxxxxxxxxxxxxxxxxxxxxxxxxxxxxxxxxxxxxxxxxxxxxxxxxxxxxxxxxxxxxxxxxxxxxxxxxx
xxxxxxxxxxxxxxxxxxxxxxxxxxxxxxxxxxxxxxxxxxxxxxxxxxxxxxxxxxxxxxxxxxxxxxxxxxxxxxxxxxxxxxxxxxxxxxxxxxxxxxxxxxxxxxxxxxxxxxx
xxxxxxxxxxxxxxxxxxxxxxxxxxxxxxxxxxxxxxxxxxxxxxxxxxxxxxxxxxxxxxxxxxxxxxxxxxxxxxxxxxxxxxxxxxxxxxxxxxxxxxxxxxxxxxxxxxxxxxx
xxxxxxxxxxxxxxxxxxxxxxxxxxxxxxxxxxxxxxxxxxxxxxxxxxxxxxxxxxxxxxxxxxxxxxxxxxxxxxxxxxxxxxxxxxxxxxxxxxxxxxxxxxxxxxxxxxxxxxx
xxxxxxxxxxxxxxxxxxxxxxxxxxxxxxxxxxxxxxxxxxxxxxxxxxxxxxxxxxxxxxxxxxxxxxxxxxxxxxxxxxxxxxxxxxxxxxxxxxxxxxxxxxxxxxxxxxxxxxx
xxxxxxxxxxxxxxxxxxxxxxxxxxxxxxxxxxxxxxxxxxxxxxxxxxxxxxxxxxxxxxxxxxxxxxxxxxxxxxxxxxxxxxxxxxxxxxxxxxxxxxxxxxxxxxxxxxxxxxx
xxxxxxxxxxxxxxxxxxxxxxxxxxxxxxxxxxxxxxxxxxxxxxxxxxxxxxxxxxxxxxxxxxxxxxxxxxxxxxxxxxxxxxxxxxxxxxxxxxxxxxxxxxxxxxxxxxxxxxx
xxxxxxxxxxxxxxxxxxxxxxxxxxxxxxxxxxxxxxxxxxxxxxxxxxxxxxxxxxxxxxxxxxxxxxxxxxxxxxxxxxxxxxxxxxxxxxxxxxxxxxxxxxxxxxxxxxxxxxx
xxxxxxxxxxxxxxxxxxxxxxxxxxxxxxxxxxxxxxxxxxxxxxxxxxxxxxxxxxxxxxxxxxxxxxxxxxxxxxxxxxxxxxxxxxxxxxxxxxxxxxxxxxxxxxxxxxxxxxx
xxxxxxxxxxxxxxxxxxxxxxxxxxxxxxxxxxxxxxxxxxxxxxxxxxxxxxxxxxxxxxxxxxxxxxxxxxxxxxxxxxxxxxxxxxxxxxxxxxxxxxxxxxxxxxxxxxxxxxx
xxxxxxxxxxxxxxxxxxxxxxxxxxxxxxxxxxxxxxxxxxxxxxxxxxxxxxxxxxxxxxxxxxxxxxxxxxxxxxxxxxxxxxxxxxxxxxxxxxxxxxxxxxxxxxxxxxxxxxx
xxxxxxxxxxxxxxxxxxxxxxxxxxxxxxxxxxxxxxxxxxxxxxxxxxxxxxxxxxxxxxxxxxxxxxxxxxxxxxxxxxxxxxxxxxxxxxxxxxxxxxxxxxxxxxxxxxxxxxx
xxxxxxxxxxxxxxxxxxxxxxxxxxxxxxxxxxxxxxxxxxxxxxxxxxxxxxxxxxxxxxxxxxxxxxxxxxxxxxxxxxxxxxxxxxxxxxxxxxxxxxxxxxxxxxxxxxxxxxx
xxxxxxxxxxxxxxxxxxxxxxxxxxxxxxxxxxxxxxxxxxxxxxxxxxxxxxxxxxxxxxxxxxxxxxxxxxxxxxxxxxxxxxxxxxxxxxxxxxxxxxxxxxxxxxxxxxxxxxx
xxxxxxxxxxxxxxxxxxxxxxxxxxxxxxxxxxxxxxxxxxxxxxxxxxxxxxxxxxxxxxxxxxxxxxxxxxxxxxxxxxxxxxxxxxxxxxxxxxxxxxxxxxxxxxxxxxxxxxx
xxxxxxxxxxxxxxxxxxxxxxxxxxxxxxxxxxxxxxxxxxxxxxxxxxxxxxxxxxxxxxxxxxxxxxxxxxxxxxxxxxxxxxxxxxxxxxxxxxxxxxxxxxxxxxxxxxxxxxx
xxxxxxxxxxxxxxxxxxxxxxxxxxxxxxxxxxxxxxxxxxxxxxxxxxxxxxxxxxxxxxxxxxxxxxxxxxxxxxxxxxxxxxxxxxxxxxxxxxxxxxxxxxxxxxxxxxxxxxx
xxxxxxxxxxxxxxxxxxxxxxxxxxxxxxxxxxxxxxxxxxxxxxxxxxxxxxxxxxxxxxxxxxxxxxxxxxxxxxxxxxxxxxxxxxxxxxxxxxxxxxxxxxxxxxxxxxxxxxx
xxxxxxxxxxxxxxxxxxxxxxxxxxxxxxxxxxxxxxxxxxxxxxxxxxxxxxxxxxxxxxxxxxxxxxxxxxxxxxxxxxxxxxxxxxxxxxxxxxxxxxxxxxxxxxxxxxxxxxx
xxxxxxxxxxxxxxxxxxxxxxxxxxxxxxxxxxxxxxxxxxxxxxxxxxxxxxxxxxxxxxxxxxxxxxxxxxxxxxxxxxxxxxxxxxxxxxxxxxxxxxxxxxxxxxxxxxxxxxx
xxxxxxxxxxxxxxxxxxxxxxxxxxxxxxxxxxxxxxxxxxxxxxxxxxxxxxxxxxxxxxxxxxxxxxxxxxxxxxxxxxxxxxxxxxxxxxxxxxxxxxxxxxxxxxxxxxxxxxx
xxxxxxxxxxxxxxxxxxxxxxxxxxxxxxxxxxxxxxxxxxxxxxxxxxxxxxxxxxxxxxxxxxxxxxxxxxxxxxxxxxxxxxxxxxxxxxxxxxxxxxxxxxxxxxxxxxxxxxx
xxxxxxxxxxxxxxxxxxxxxxxxxxxxxxxxxxxxxxxxxxxxxxxxxxxxxxxxxxxxxxxxxxxxxxxxxxxxxxxxxxxxxxxxxxxxxxxxxxxxxxxxxxxxxxxxxxxxxxx
xxxxxxxxxxxxxxxxxxxxxxxxxxxxxxxxxxxxxxxxxxxxxxxxxxxxxxxxxxxxxxxxxxxxxxxxxxxxxxxxxxxxxxxxxxxxxxxxxxxxxxxxxxxxxxxxxxxxxxx
xxxxxxxxxxxxxxxxxxxxxxxxxxxxxxxxxxxxxxxxxxxxxxxxxxxxxxxxxxxxxxxxxxxxxxxxxxxxxxxxxxxxxxxxxxxxxxxxxxxxxxxxxxxxxxxxxxxxxxx
xxxxxxxxxxxxxxxxxxxxxxxxxxxxxxxxxxxxxxxxxxxxxxxxxxxxxxxxxxxxxxxxxxxxxxxxxxxxxxxxxxxxxxxxxxxxxxxxxxxxxxxxxxxxxxxxxxxxxxx
xxxxxxxxxxxxxxxxxxxxxxxxxxxxxxxxxxxxxxxxxxxxxxxxxxxxxxxxxxxxxxxxxxxxxxxxxxxxxxxxxxxxxxxxxxxxxxxxxxxxxxxxxxxxxxxxxxxxxxx
xxxxxxxxxxxxxxxxxxxxxxxxxxxxxxxxxxxxxxxxxxxxxxxxxxxxxxxxxxxxxxxxxxxxxxxxxxxxxxxxxxxxxxxxxxxxxxxxxxxxxxxxxxxxxxxxxxxxxxx
xxxxxxxxxxxxxxxxxxxxxxxxxxxxxxxxxxxxxxxxxxxxxxxxxxxxxxxxxxxxxxxxxxxxxxxxxxxxxxxxxxxxxxxxxxxxxxxxxxxxxxxxxxxxxxxxxxxxxxx
xxxxxxxxxxxxxxxxxxxxxxxxxxxxxxxxxxxxxxxxxxxxxxxxxxxxxxxxxxxxxxxxxxxxxxxxxxxxxxxxxxxxxxxxxxxxxxxxxxxxxxxxxxxxxxxxxxxxxxx
xxxxxxxxxxxxxxxxxxxxxxxxxxxxxxxxxxxxxxxxxxxxxxxxxxxxxxxxxxxxxxxxxxxxxxxxxxxxxxxxxxxxxxxxxxxxxxxxxxxxxxxxxxxxxxxxxxxxxxx
xxxxxxxxxxxxxxxxxxxxxxxxxxxxxxxxxxxxxxxxxxxxxxxxxxxxxxxxxxxxxxxxxxxxxxxxxxxxxxxxxxxxxxxxxxxxxxxxxxxxxxxxxxxxxxxxxxxxxxx
xxxxxxxxxxxxxxxxxxxxxxxxxxxxxxxxxxxxxxxxxxxxxxxxxxxxxxxxxxxxxxxxxxxxxxxxxxxxxxxxxxxxxxxxxxxxxxxxxxxxxxxxxxxxxxxxxxxxxxx
xxxxxxxxxxxxxxxxxxxxxxxxxxxxxxxxxxxxxxxxxxxxxxxxxxxxxxxxxxxxxxxxxxxxxxxxxxxxxxxxxxxxxxxxxxxxxxxxxxxxxxxxxxxxxxxxxxxxxxx
xxxxxxxxxxxxxxxxxxxxxxxxxxxxxxxxxxxxxxxxxxxxxxxxxxxxxxxxxxxxxxxxxxxxxxxxxxxxxxxxxxxxxxxxxxxxxxxxxxxxxxxxxxxxxxxxxxxxxxx
xxxxxxxxxxxxxxxxxxxxxxxxxxxxxxxxxxxxxxxxxxxxxxxxxxxxxxxxxxxxxxxxxxxxxxxxxxxxxxxxxxxxxxxxxxxxxxxxxxxxxxxxxxxxxxxxxxxxxxx
xxxxxxxxxxxxxxxxxxxxxxxxxxxxxxxxxxxxxxxxxxxxxxxxxxxxxxxxxxxxxxxxxxxxxxxxxxxxxxxxxxxxxxxxxxxxxxxxxxxxxxxxxxxxxxxxxxxxxxx
xxxxxxxxxxxxxxxxxxxxxxxxxxxxxxxxxxxxxxxxxxxxxxxxxxxxxxxxxxxxxxxxxxxxxxxxxxxxxxxxxxxxxxxxxxxxxxxxxxxxxxxxxxxxxxxxxxxxxxx
xxxxxxxxxxxxxxxxxxxxxxxxxxxxxxxxxxxxxxxxxxxxxxxxxxxxxxxxxxxxxxxxxxxxxxxxxxxxxxxxxxxxxxxxxxxxxxxxxxxxxxxxxxxxxxxxxxxxxxx
xxxxxxxxxxxxxxxxxxxxxxxxxxxxxxxxxxxxxxxxxxxxxxxxxxxxxxxxxxxxxxxxxxxxxxxxxxxxxxxxxxxxxxxxxxxxxxxxxxxxxxxxxxxxxxxxxxxxxxx
xxxxxxxxxxxxxxxxxxxxxxxxxxxxxxxxxxxxxxxxxxxxxxxxxxxxxxxxxxxxxxxxxxxxxxxxxxxxxxxxxxxxxxxxxxxxxxxxxxxxxxxxxxxxxxxxxxxxxxx
xxxxxxxxxxxxxxxxxxxxxxxxxxxxxxxxxxxxxxxxxxxxxxxxxxxxxxxxxxxxxxxxxxxxxxxxxxxxxxxxxxxxxxxxxxxxxxxxxxxxxxxxxxxxxxxxxxxxxxx
xxxxxxxxxxxxxxxxxxxxxxxxxxxxxxxxxxxxxxxxxxxxxxxxxxxxxxxxxxxxxxxxxxxxxxxxxxxxxxxxxxxxxxxxxxxxxxxxxxxxxxxxxxxxxxxxxxxxxxx
xxxxxxxxxxxxxxxxxxxxxxxxxxxxxxxxxxxxxxxxxxxxxxxxxxxxxxxxxxxxxxxxxxxxxxxxxxxxxxxxxxxxxxxxxxxxxxxxxxxxxxxxxxxxxxxxxxxxxxx
xxxxxxxxxxxxxxxxxxxxxxxxxxxxxxxxxxxxxxxxxxxxxxxxxxxxxxxxxxxxxxxxxxxxxxxxxxxxxxxxxxxxxxxxxxxxxxxxxxxxxxxxxxxxxxxxxxxxxxx
xxxxxxxxxxxxxxxxxxxxxxxxxxxxxxxxxxxxxxxxxxxxxxxxxxxxxxxxxxxxxxxxxxxxxxxxxxxxxxxxxxxxxxxxxxxxxxxxxxxxxxxxxxxxxxxxxxxxxxx
xxxxxxxxxxxxxxxxxxxxxxxxxxxxxxxxxxxxxxxxxxxxxxxxxxxxxxxxxxxxxxxxxxxxxxxxxxxxxxxxxxxxxxxxxxxxxxxxxxxxxxxxxxxxxxxxxxxxxxx
xxxxxxxxxxxxxxxxxxxxxxxxxxxxxxxxxxxxxxxxxxxxxxxxxxxxxxxxxxxxxxxxxxxxxxxxxxxxxxxxxxxxxxxxxxxxxxxxxxxxxxxxxxxxxxxxxxxxxxx
xxxxxxxxxxxxxxxxxxxxxxxxxxxxxxxxxxxxxxxxxxxxxxxxxxxxxxxxxxxxxxxxxxxxxxxxxxxxxxxxxxxxxxxxxxxxxxxxxxxxxxxxxxxxxxxxxxxxxxx
xxxxxxxxxxxxxxxxxxxxxxxxxxxxxxxxxxxxxxxxxxxxxxxxxxxxxxxxxxxxxxxxxxxxxxxxxxxxxxxxxxxxxxxxxxxxxxxxxxxxxxxxxxxxxxxxxxxxxxx
xxxxxxxxxxxxxxxxxxxxxxxxxxxxxxxxxxxxxxxxxxxxxxxxxxxxxxxxxxxxxxxxxxxxxxxxxxxxxxxxxxxxxxxxxxxxxxxxxxxxxxxxxxxxxxxxxxxxxxx
xxxxxxxxxxxxxxxxxxxxxxxxxxxxxxxxxxxxxxxxxxxxxxxxxxxxxxxxxxxxxxxxxxxxxxxxxxxxxxxxxxxxxxxxxxxxxxxxxxxxxxxxxxxxxxxxxxxxxxx
xxxxxxxxxxxxxxxxxxxxxxxxxxxxxxxxxxxxxxxxxxxxxxxxxxxxxxxxxxxxxxxxxxxxxxxxxxxxxxxxxxxxxxxxxxxxxxxxxxxxxxxxxxxxxxxxxxxxxxx
xxxxxxxxxxxxxxxxxxxxxxxxxxxxxxxxxxxxxxxxxxxxxxxxxxxxxxxxxxxxxxxxxxxxxxxxxxxxxxxxxxxxxxxxxxxxxxxxxxxxxxxxxxxxxxxxxxxxxxx
xxxxxxxxxxxxxxxxxxxxxxxxxxxxxxxxxxxxxxxxxxxxxxxxxxxxxxxxxxxxxxxxxxxxxxxxxxxxxxxxxxxxxxxxxxxxxxxxxxxxxxxxxxxxxxxxxxxxxxx
xxxxxxxxxxxxxxxxxxxxxxxxxxxxxxxxxxxxxxxxxxxxxxxxxxxxxxxxxxxxxxxxxxxxxxxxxxxxxxxxxxxxxxxxxxxxxxxxxxxxxxxxxxxxxxxxxxxxxxx
xxxxxxxxxxxxxxxxxxxxxxxxxxxxxxxxxxxxxxxxxxxxxxxxxxxxxxxxxxxxxxxxxxxxxxxxxxxxxxxxxxxxxxxxxxxxxxxxxxxxxxxxxxxxxxxxxxxxxxx
xxxxxxxxxxxxxxxxxxxxxxxxxxxxxxxxxxxxxxxxxxxxxxxxxxxxxxxxxxxxxxxxxxxxxxxxxxxxxxxxxxxxxxxxxxxxxxxxxxxxxxxxxxxxxxxxxxxxxxx
xxxxxxxxxxxxxxxxxxxxxxxxxxxxxxxxxxxxxxxxxxxxxxxxxxxxxxxxxxxxxxxxxxxxxxxxxxxxxxxxxxxxxxxxxxxxxxxxxxxxxxxxxxxxxxxxxxxxxxx
xxxxxxxxxxxxxxxxxxxxxxxxxxxxxxxxxxxxxxxxxxxxxxxxxxxxxxxxxxxxxxxxxxxxxxxxxxxxxxxxxxxxxxxxxxxxxxxxxxxxxxxxxxxxxxxxxxxxxxx
xxxxxxxxxxxxxxxxxxxxxxxxxxxxxxxxxxxxxxxxxxxxxxxxxxxxxxxxxxxxxxxxxxxxxxxxxxxxxxxxxxxxxxxxxxxxxxxxxxxxxxxxxxxxxxxxxxxxxxx
xxxxxxxxxxxxxxxxxxxxxxxxxxxxxxxxxxxxxxxxxxxxxxxxxxxxxxxxxxxxxxxxxxxxxxxxxxxxxxxxxxxxxxxxxxxxxxxxxxxxxxxxxxxxxxxxxxxxxxx
xxxxxxxxxxxxxxxxxxxxxxxxxxxxxxxxxxxxxxxxxxxxxxxxxxxxxxxxxxxxxxxxxxxxxxxxxxxxxxxxxxxxxxxxxxxxxxxxxxxxxxxxxxxxxxxxxxxxxxx
xxxxxxxxxxxxxxxxxxxxxxxxxxxxxxxxxxxxxxxxxxxxxxxxxxxxxxxxxxxxxxxxxxxxxxxxxxxxxxxxxxxxxxxxxxxxxxxxxxxxxxxxxxxxxxxxxxxxxxx
xxxxxxxxxxxxxxxxxxxxxxxxxxxxxxxxxxxxxxxxxxxxxxxxxxxxxxxxxxxxxxxxxxxxxxxxxxxxxxxxxxxxxxxxxxxxxxxxxxxxxxxxxxxxxxxxxxxxxxx
xxxxxxxxxxxxxxxxxxxxxxxxxxxxxxxxxxxxxxxxxxxxxxxxxxxxxxxxxxxxxxxxxxxxxxxxxxxxxxxxxxxxxxxxxxxxxxxxxxxxxxxxxxxxxxxxxxxxxxx
xxxxxxxxxxxxxxxxxxxxxxxxxxxxxxxxxxxxxxxxxxxxxxxxxxxxxxxxxxxxxxxxxxxxxxxxxxxxxxxxxxxxxxxxxxxxxxxxxxxxxxxxxxxxxxxxxxxxxxx
xxxxxxxxxxxxxxxxxxxxxxxxxxxxxxxxxxxxxxxxxxxxxxxxxxxxxxxxxxxxxxxxxxxxxxxxxxxxxxxxxxxxxxxxxxxxxxxxxxxxxxxxxxxxxxxxxxxxxxx
xxxxxxxxxxxxxxxxxxxxxxxxxxxxxxxxxxxxxxxxxxxxxxxxxxxxxxxxxxxxxxxxxxxxxxxxxxxxxxxxxxxxxxxxxxxxxxxxxxxxxxxxxxxxxxxxxxxxxxx
xxxxxxxxxxxxxxxxxxxxxxxxxxxxxxxxxxxxxxxxxxxxxxxxxxxxxxxxxxxxxxxxxxxxxxxxxxxxxxxxxxxxxxxxxxxxxxxxxxxxxxxxxxxxxxxxxxxxxxx
xxxxxxxxxxxxxxxxxxxxxxxxxxxxxxxxxxxxxxxxxxxxxxxxxxxxxxxxxxxxxxxxxxxxxxxxxxxxxxxxxxxxxxxxxxxxxxxxxxxxxxxxxxxxxxxxxxxxxxx
xxxxxxxxxxxxxxxxxxxxxxxxxxxxxxxxxxxxxxxxxxxxxxxxxxxxxxxxxxxxxxxxxxxxxxxxxxxxxxxxxxxxxxxxxxxxxxxxxxxxxxxxxxxxxxxxxxxxxxx
xxxxxxxxxxxxxxxxxxxxxxxxxxxxxxxxxxxxxxxxxxxxxxxxxxxxxxxxxxxxxxxxxxxxxxxxxxxxxxxxxxxxxxxxxxxxxxxxxxxxxxxxxxxxxxxxxxxxxxx
xxxxxxxxxxxxxxxxxxxxxxxxxxxxxxxxxxxxxxxxxxxxxxxxxxxxxxxxxxxxxxxxxxxxxxxxxxxxxxxxxxxxxxxxxxxxxxxxxxxxxxxxxxxxxxxxxxxxxxx
xxxxxxxxxxxxxxxxxxxxxxxxxxxxxxxxxxxxxxxxxxxxxxxxxxxxxxxxxxxxxxxxxxxxxxxxxxxxxxxxxxxxxxxxxxxxxxxxxxxxxxxxxxxxxxxxxxxxxxx
xxxxxxxxxxxxxxxxxxxxxxxxxxxxxxxxxxxxxxxxxxxxxxxxxxxxxxxxxxxxxxxxxxxxxxxxxxxxxxxxxxxxxxxxxxxxxxxxxxxxxxxxxxxxxxxxxxxxxxx
xxxxxxxxxxxxxxxxxxxxxxxxxxxxxxxxxxxxxxxxxxxxxxxxxxxxxxxxxxxxxxxxxxxxxxxxxxxxxxxxxxxxxxxxxxxxxxxxxxxxxxxxxxxxxxxxxxxxxxx
xxxxxxxxxxxxxxxxxxxxxxxxxxxxxxxxxxxxxxxxxxxxxxxxxxxxxxxxxxxxxxxxxxxxxxxxxxxxxxxxxxxxxxxxxxxxxxxxxxxxxxxxxxxxxxxxxxxxxxx
xxxxxxxxxxxxxxxxxxxxxxxxxxxxxxxxxxxxxxxxxxxxxxxxxxxxxxxxxxxxxxxxxxxxxxxxxxxxxxxxxxxxxxxxxxxxxxxxxxxxxxxxxxxxxxxxxxxxxxx
xxxxxxxxxxxxxxxxxxxxxxxxxxxxxxxxxxxxxxxxxxxxxxxxxxxxxxxxxxxxxxxxxxxxxxxxxxxxxxxxxxxxxxxxxxxxxxxxxxxxxxxxxxxxxxxxxxxxxxx
xxxxxxxxxxxxxxxxxxxxxxxxxxxxxxxxxxxxxxxxxxxxxxxxxxxxxxxxxxxxxxxxxxxxxxxxxxxxxxxxxxxxxxxxxxxxxxxxxxxxxxxxxxxxxxxxxxxxxxx
xxxxxxxxxxxxxxxxxxxxxxxxxxxxxxxxxxxxxxxxxxxxxxxxxxxxxxxxxxxxxxxxxxxxxxxxxxxxxxxxxxxxxxxxxxxxxxxxxxxxxxxxxxxxxxxxxxxxxxx
xxxxxxxxxxxxxxxxxxxxxxxxxxxxxxxxxxxxxxxxxxxxxxxxxxxxxxxxxxxxxxxxxxxxxxxxxxxxxxxxxxxxxxxxxxxxxxxxxxxxxxxxxxxxxxxxxxxxxxx
xxxxxxxxxxxxxxxxxxxxxxxxxxxxxxxxxxxxxxxxxxxxxxxxxxxxxxxxxxxxxxxxxxxxxxxxxxxxxxxxxxxxxxxxxxxxxxxxxxxxxxxxxxxxxxxxxxxxxxx
xxxxxxxxxxxxxxxxxxxxxxxxxxxxxxxxxxxxxxxxxxxxxxxxxxxxxxxxxxxxxxxxxxxxxxxxxxxxxxxxxxxxxxxxxxxxxxxxxxxxxxxxxxxxxxxxxxxxxxx
xxxxxxxxxxxxxxxxxxxxxxxxxxxxxxxxxxxxxxxxxxxxxxxxxxxxxxxxxxxxxxxxxxxxxxxxxxxxxxxxxxxxxxxxxxxxxxxxxxxxxxxxxxxxxxxxxxxxxxx
xxxxxxxxxxxxxxxxxxxxxxxxxxxxxxxxxxxxxxxxxxxxxxxxxxxxxxxxxxxxxxxxxxxxxxxxxxxxxxxxxxxxxxxxxxxxxxxxxxxxxxxxxxxxxxxxxxxxxxx
xxxxxxxxxxxxxxxxxxxxxxxxxxxxxxxxxxxxxxxxxxxxxxxxxxxxxxxxxxxxxxxxxxxxxxxxxxxxxxxxxxxxxxxxxxxxxxxxxxxxxxxxxxxxxxxxxxxxxxx
xxxxxxxxxxxxxxxxxxxxxxxxxxxxxxxxxxxxxxxxxxxxxxxxxxxxxxxxxxxxxxxxxxxxxxxxxxxxxxxxxxxxxxxxxxxxxxxxxxxxxxxxxxxxxxxxxxxxxxx
xxxxxxxxxxxxxxxxxxxxxxxxxxxxxxxxxxxxxxxxxxxxxxxxxxxxxxxxxxxxxxxxxxxxxxxxxxxxxxxxxxxxxxxxxxxxxxxxxxxxxxxxxxxxxxxxxxxxxxx
xxxxxxxxxxxxxxxxxxxxxxxxxxxxxxxxxxxxxxxxxxxxxxxxxxxxxxxxxxxxxxxxxxxxxxxxxxxxxxxxxxxxxxxxxxxxxxxxxxxxxxxxxxxxxxxxxxxxxxx
xxxxxxxxxxxxxxxxxxxxxxxxxxxxxxxxxxxxxxxxxxxxxxxxxxxxxxxxxxxxxxxxxxxxxxxxxxxxxxxxxxxxxxxxxxxxxxxxxxxxxxxxxxxxxxxxxxxxxxx
xxxxxxxxxxxxxxxxxxxxxxxxxxxxxxxxxxxxxxxxxxxxxxxxxxxxxxxxxxxxxxxxxxxxxxxxxxxxxxxxxxxxxxxxxxxxxxxxxxxxxxxxxxxxxxxxxxxxxxx
xxxxxxxxxxxxxxxxxxxxxxxxxxxxxxxxxxxxxxxxxxxxxxxxxxxxxxxxxxxxxxxxxxxxxxxxxxxxxxxxxxxxxxxxxxxxxxxxxxxxxxxxxxxxxxxxxxxxxxx
xxxxxxxxxxxxxxxxxxxxxxxxxxxxxxxxxxxxxxxxxxxxxxxxxxxxxxxxxxxxxxxxxxxxxxxxxxxxxxxxxxxxxxxxxxxxxxxxxxxxxxxxxxxxxxxxxxxxxxx
xxxxxxxxxxxxxxxxxxxxxxxxxxxxxxxxxxxxxxxxxxxxxxxxxxxxxxxxxxxxxxxxxxxxxxxxxxxxxxxxxxxxxxxxxxxxxxxxxxxxxxxxxxxxxxxxxxxxxxx
xxxxxxxxxxxxxxxxxxxxxxxxxxxxxxxxxxxxxxxxxxxxxxxxxxxxxxxxxxxxxxxxxxxxxxxxxxxxxxxxxxxxxxxxxxxxxxxxxxxxxxxxxxxxxxxxxxxxxxx
xxxxxxxxxxxxxxxxxxxxxxxxxxxxxxxxxxxxxxxxxxxxxxxxxxxxxxxxxxxxxxxxxxxxxxxxxxxxxxxxxxxxxxxxxxxxxxxxxxxxxxxxxxxxxxxxxxxxxxx
xxxxxxxxxxxxxxxxxxxxxxxxxxxxxxxxxxxxxxxxxxxxxxxxxxxxxxxxxxxxxxxxxxxxxxxxxxxxxxxxxxxxxxxxxxxxxxxxxxxxxxxxxxxxxxxxxxxxxxx
xxxxxxxxxxxxxxxxxxxxxxxxxxxxxxxxxxxxxxxxxxxxxxxxxxxxxxxxxxxxxxxxxxxxxxxxxxxxxxxxxxxxxxxxxxxxxxxxxxxxxxxxxxxxxxxxxxxxxxx
xxxxxxxxxxxxxxxxxxxxxxxxxxxxxxxxxxxxxxxxxxxxxxxxxxxxxxxxxxxxxxxxxxxxxxxxxxxxxxxxxxxxxxxxxxxxxxxxxxxxxxxxxxxxxxxxxxxxxxx
xxxxxxxxxxxxxxxxxxxxxxxxxxxxxxxxxxxxxxxxxxxxxxxxxxxxxxxxxxxxxxxxxxxxxxxxxxxxxxxxxxxxxxxxxxxxxxxxxxxxxxxxxxxxxxxxxxxxxxx
xxxxxxxxxxxxxxxxxxxxxxxxxxxxxxxxxxxxxxxxxxxxxxxxxxxxxxxxxxxxxxxxxxxxxxxxxxxxxxxxxxxxxxxxxxxxxxxxxxxxxxxxxxxxxxxxxxxxxxx
xxxxxxxxxxxxxxxxxxxxxxxxxxxxxxxxxxxxxxxxxxxxxxxxxxxxxxxxxxxxxxxxxxxxxxxxxxxxxxxxxxxxxxxxxxxxxxxxxxxxxxxxxxxxxxxxxxxxxxx
xxxxxxxxxxxxxxxxxxxxxxxxxxxxxxxxxxxxxxxxxxxxxxxxxxxxxxxxxxxxxxxxxxxxxxxxxxxxxxxxxxxxxxxxxxxxxxxxxxxxxxxxxxxxxxxxxxxxxxx
xxxxxxxxxxxxxxxxxxxxxxxxxxxxxxxxxxxxxxxxxxxxxxxxxxxxxxxxxxxxxxxxxxxxxxxxxxxxxxxxxxxxxxxxxxxxxxxxxxxxxxxxxxxxxxxxxxxxxxx
xxxxxxxxxxxxxxxxxxxxxxxxxxxxxxxxxxxxxxxxxxxxxxxxxxxxxxxxxxxxxxxxxxxxxxxxxxxxxxxxxxxxxxxxxxxxxxxxxxxxxxxxxxxxxxxxxxxxxxx
xxxxxxxxxxxxxxxxxxxxxxxxxxxxxxxxxxxxxxxxxxxxxxxxxxxxxxxxxxxxxxxxxxxxxxxxxxxxxxxxxxxxxxxxxxxxxxxxxxxxxxxxxxxxxxxxxxxxxxx
xxxxxxxxxxxxxxxxxxxxxxxxxxxxxxxxxxxxxxxxxxxxxxxxxxxxxxxxxxxxxxxxxxxxxxxxxxxxxxxxxxxxxxxxxxxxxxxxxxxxxxxxxxxxxxxxxxxxxxx
xxxxxxxxxxxxxxxxxxxxxxxxxxxxxxxxxxxxxxxxxxxxxxxxxxxxxxxxxxxxxxxxxxxxxxxxxxxxxxxxxxxxxxxxxxxxxxxxxxxxxxxxxxxxxxxxxxxxxxx
xxxxxxxxxxxxxxxxxxxxxxxxxxxxxxxxxxxxxxxxxxxxxxxxxxxxxxxxxxxxxxxxxxxxxxxxxxxxxxxxxxxxxxxxxxxxxxxxxxxxxxxxxxxxxxxxxxxxxxx
xxxxxxxxxxxxxxxxxxxxxxxxxxxxxxxxxxxxxxxxxxxxxxxxxxxxxxxxxxxxxxxxxxxxxxxxxxxxxxxxxxxxxxxxxxxxxxxxxxxxxxxxxxxxxxxxxxxxxxx
xxxxxxxxxxxxxxxxxxxxxxxxxxxxxxxxxxxxxxxxxxxxxxxxxxxxxxxxxxxxxxxxxxxxxxxxxxxxxxxxxxxxxxxxxxxxxxxxxxxxxxxxxxxxxxxxxxxxxxx
xxxxxxxxxxxxxxxxxxxxxxxxxxxxxxxxxxxxxxxxxxxxxxxxxxxxxxxxxxxxxxxxxxxxxxxxxxxxxxxxxxxxxxxxxxxxxxxxxxxxxxxxxxxxxxxxxxxxxxx
xxxxxxxxxxxxxxxxxxxxxxxxxxxxxxxxxxxxxxxxxxxxxxxxxxxxxxxxxxxxxxxxxxxxxxxxxxxxxxxxxxxxxxxxxxxxxxxxxxxxxxxxxxxxxxxxxxxxxxx
xxxxxxxxxxxxxxxxxxxxxxxxxxxxxxxxxxxxxxxxxxxxxxxxxxxxxxxxxxxxxxxxxxxxxxxxxxxxxxxxxxxxxxxxxxxxxxxxxxxxxxxxxxxxxxxxxxxxxxx
xxxxxxxxxxxxxxxxxxxxxxxxxxxxxxxxxxxxxxxxxxxxxxxxxxxxxxxxxxxxxxxxxxxxxxxxxxxxxxxxxxxxxxxxxxxxxxxxxxxxxxxxxxxxxxxxxxxxxxx
xxxxxxxxxxxxxxxxxxxxxxxxxxxxxxxxxxxxxxxxxxxxxxxxxxxxxxxxxxxxxxxxxxxxxxxxxxxxxxxxxxxxxxxxxxxxxxxxxxxxxxxxxxxxxxxxxxxxxxx
xxxxxxxxxxxxxxxxxxxxxxxxxxxxxxxxxxxxxxxxxxxxxxxxxxxxxxxxxxxxxxxxxxxxxxxxxxxxxxxxxxxxxxxxxxxxxxxxxxxxxxxxxxxxxxxxxxxxxxx
xxxxxxxxxxxxxxxxxxxxxxxxxxxxxxxxxxxxxxxxxxxxxxxxxxxxxxxxxxxxxxxxxxxxxxxxxxxxxxxxxxxxxxxxxxxxxxxxxxxxxxxxxxxxxxxxxxxxxxx
xxxxxxxxxxxxxxxxxxxxxxxxxxxxxxxxxxxxxxxxxxxxxxxxxxxxxxxxxxxxxxxxxxxxxxxxxxxxxxxxxxxxxxxxxxxxxxxxxxxxxxxxxxxxxxxxxxxxxxx
xxxxxxxxxxxxxxxxxxxxxxxxxxxxxxxxxxxxxxxxxxxxxxxxxxxxxxxxxxxxxxxxxxxxxxxxxxxxxxxxxxxxxxxxxxxxxxxxxxxxxxxxxxxxxxxxxxxxxxx
xxxxxxxxxxxxxxxxxxxxxxxxxxxxxxxxxxxxxxxxxxxxxxxxxxxxxxxxxxxxxxxxxxxxxxxxxxxxxxxxxxxxxxxxxxxxxxxxxxxxxxxxxxxxxxxxxxxxxxx
xxxxxxxxxxxxxxxxxxxxxxxxxxxxxxxxxxxxxxxxxxxxxxxxxxxxxxxxxxxxxxxxxxxxxxxxxxxxxxxxxxxxxxxxxxxxxxxxxxxxxxxxxxxxxxxxxxxxxxx
xxxxxxxxxxxxxxxxxxxxxxxxxxxxxxxxxxxxxxxxxxxxxxxxxxxxxxxxxxxxxxxxxxxxxxxxxxxxxxxxxxxxxxxxxxxxxxxxxxxxxxxxxxxxxxxxxxxxxxx
xxxxxxxxxxxxxxxxxxxxxxxxxxxxxxxxxxxxxxxxxxxxxxxxxxxxxxxxxxxxxxxxxxxxxxxxxxxxxxxxxxxxxxxxxxxxxxxxxxxxxxxxxxxxxxxxxxxxxxx
xxxxxxxxxxxxxxxxxxxxxxxxxxxxxxxxxxxxxxxxxxxxxxxxxxxxxxxxxxxxxxxxxxxxxxxxxxxxxxxxxxxxxxxxxxxxxxxxxxxxxxxxxxxxxxxxxxxxxxx
xxxxxxxxxxxxxxxxxxxxxxxxxxxxxxxxxxxxxxxxxxxxxxxxxxxxxxxxxxxxxxxxxxxxxxxxxxxxxxxxxxxxxxxxxxxxxxxxxxxxxxxxxxxxxxxxxxxxxxx
xxxxxxxxxxxxxxxxxxxxxxxxxxxxxxxxxxxxxxxxxxxxxxxxxxxxxxxxxxxxxxxxxxxxxxxxxxxxxxxxxxxxxxxxxxxxxxxxxxxxxxxxxxxxxxxxxxxxxxx
xxxxxxxxxxxxxxxxxxxxxxxxxxxxxxxxxxxxxxxxxxxxxxxxxxxxxxxxxxxxxxxxxxxxxxxxxxxxxxxxxxxxxxxxxxxxxxxxxxxxxxxxxxxxxxxxxxxxxxx
xxxxxxxxxxxxxxxxxxxxxxxxxxxxxxxxxxxxxxxxxxxxxxxxxxxxxxxxxxxxxxxxxxxxxxxxxxxxxxxxxxxxxxxxxxxxxxxxxxxxxxxxxxxxxxxxxxxxxxx
xxxxxxxxxxxxxxxxxxxxxxxxxxxxxxxxxxxxxxxxxxxxxxxxxxxxxxxxxxxxxxxxxxxxxxxxxxxxxxxxxxxxxxxxxxxxxxxxxxxxxxxxxxxxxxxxxxxxxxx
xxxxxxxxxxxxxxxxxxxxxxxxxxxxxxxxxxxxxxxxxxxxxxxxxxxxxxxxxxxxxxxxxxxxxxxxxxxxxxxxxxxxxxxxxxxxxxxxxxxxxxxxxxxxxxxxxxxxxxx
xxxxxxxxxxxxxxxxxxxxxxxxxxxxxxxxxxxxxxxxxxxxxxxxxxxxxxxxxxxxxxxxxxxxxxxxxxxxxxxxxxxxxxxxxxxxxxxxxxxxxxxxxxxxxxxxxxxxxxx
xxxxxxxxxxxxxxxxxxxxxxxxxxxxxxxxxxxxxxxxxxxxxxxxxxxxxxxxxxxxxxxxxxxxxxxxxxxxxxxxxxxxxxxxxxxxxxxxxxxxxxxxxxxxxxxxxxxxxxx
xxxxxxxxxxxxxxxxxxxxxxxxxxxxxxxxxxxxxxxxxxxxxxxxxxxxxxxxxxxxxxxxxxxxxxxxxxxxxxxxxxxxxxxxxxxxxxxxxxxxxxxxxxxxxxxxxxxxxxx
xxxxxxxxxxxxxxxxxxxxxxxxxxxxxxxxxxxxxxxxxxxxxxxxxxxxxxxxxxxxxxxxxxxxxxxxxxxxxxxxxxxxxxxxxxxxxxxxxxxxxxxxxxxxxxxxxxxxxxx
xxxxxxxxxxxxxxxxxxxxxxxxxxxxxxxxxxxxxxxxxxxxxxxxxxxxxxxxxxxxxxxxxxxxxxxxxxxxxxxxxxxxxxxxxxxxxxxxxxxxxxxxxxxxxxxxxxxxxxx
xxxxxxxxxxxxxxxxxxxxxxxxxxxxxxxxxxxxxxxxxxxxxxxxxxxxxxxxxxxxxxxxxxxxxxxxxxxxxxxxxxxxxxxxxxxxxxxxxxxxxxxxxxxxxxxxxxxxxxx
xxxxxxxxxxxxxxxxxxxxxxxxxxxxxxxxxxxxxxxxxxxxxxxxxxxxxxxxxxxxxxxxxxxxxxxxxxxxxxxxxxxxxxxxxxxxxxxxxxxxxxxxxxxxxxxxxxxxxxx
xxxxxxxxxxxxxxxxxxxxxxxxxxxxxxxxxxxxxxxxxxxxxxxxxxxxxxxxxxxxxxxxxxxxxxxxxxxxxxxxxxxxxxxxxxxxxxxxxxxxxxxxxxxxxxxxxxxxxxx
xxxxxxxxxxxxxxxxxxxxxxxxxxxxxxxxxxxxxxxxxxxxxxxxxxxxxxxxxxxxxxxxxxxxxxxxxxxxxxxxxxxxxxxxxxxxxxxxxxxxxxxxxxxxxxxxxxxxxxx
xxxxxxxxxxxxxxxxxxxxxxxxxxxxxxxxxxxxxxxxxxxxxxxxxxxxxxxxxxxxxxxxxxxxxxxxxxxxxxxxxxxxxxxxxxxxxxxxxxxxxxxxxxxxxxxxxxxxxxx
xxxxxxxxxxxxxxxxxxxxxxxxxxxxxxxxxxxxxxxxxxxxxxxxxxxxxxxxxxxxxxxxxxxxxxxxxxxxxxxxxxxxxxxxxxxxxxxxxxxxxxxxxxxxxxxxxxxxxxx
xxxxxxxxxxxxxxxxxxxxxxxxxxxxxxxxxxxxxxxxxxxxxxxxxxxxxxxxxxxxxxxxxxxxxxxxxxxxxxxxxxxxxxxxxxxxxxxxxxxxxxxxxxxxxxxxxxxxxxx
xxxxxxxxxxxxxxxxxxxxxxxxxxxxxxxxxxxxxxxxxxxxxxxxxxxxxxxxxxxxxxxxxxxxxxxxxxxxxxxxxxxxxxxxxxxxxxxxxxxxxxxxxxxxxxxxxxxxxxx
xxxxxxxxxxxxxxxxxxxxxxxxxxxxxxxxxxxxxxxxxxxxxxxxxxxxxxxxxxxxxxxxxxxxxxxxxxxxxxxxxxxxxxxxxxxxxxxxxxxxxxxxxxxxxxxxxxxxxxx
xxxxxxxxxxxxxxxxxxxxxxxxxxxxxxxxxxxxxxxxxxxxxxxxxxxxxxxxxxxxxxxxxxxxxxxxxxxxxxxxxxxxxxxxxxxxxxxxxxxxxxxxxxxxxxxxxxxxxxx
xxxxxxxxxxxxxxxxxxxxxxxxxxxxxxxxxxxxxxxxxxxxxxxxxxxxxxxxxxxxxxxxxxxxxxxxxxxxxxxxxxxxxxxxxxxxxxxxxxxxxxxxxxxxxxxxxxxxxxx
xxxxxxxxxxxxxxxxxxxxxxxxxxxxxxxxxxxxxxxxxxxxxxxxxxxxxxxxxxxxxxxxxxxxxxxxxxxxxxxxxxxxxxxxxxxxxxxxxxxxxxxxxxxxxxxxxxxxxxx
xxxxxxxxxxxxxxxxxxxxxxxxxxxxxxxxxxxxxxxxxxxxxxxxxxxxxxxxxxxxxxxxxxxxxxxxxxxxxxxxxxxxxxxxxxxxxxxxxxxxxxxxxxxxxxxxxxxxxxx
xxxxxxxxxxxxxxxxxxxxxxxxxxxxxxxxxxxxxxxxxxxxxxxxxxxxxxxxxxxxxxxxxxxxxxxxxxxxxxxxxxxxxxxxxxxxxxxxxxxxxxxxxxxxxxxxxxxxxxx
xxxxxxxxxxxxxxxxxxxxxxxxxxxxxxxxxxxxxxxxxxxxxxxxxxxxxxxxxxxxxxxxxxxxxxxxxxxxxxxxxxxxxxxxxxxxxxxxxxxxxxxxxxxxxxxxxxxxxxx
xxxxxxxxxxxxxxxxxxxxxxxxxxxxxxxxxxxxxxxxxxxxxxxxxxxxxxxxxxxxxxxxxxxxxxxxxxxxxxxxxxxxxxxxxxxxxxxxxxxxxxxxxxxxxxxxxxxxxxx
xxxxxxxxxxxxxxxxxxxxxxxxxxxxxxxxxxxxxxxxxxxxxxxxxxxxxxxxxxxxxxxxxxxxxxxxxxxxxxxxxxxxxxxxxxxxxxxxxxxxxxxxxxxxxxxxxxxxxxx
xxxxxxxxxxxxxxxxxxxxxxxxxxxxxxxxxxxxxxxxxxxxxxxxxxxxxxxxxxxxxxxxxxxxxxxxxxxxxxxxxxxxxxxxxxxxxxxxxxxxxxxxxxxxxxxxxxxxxxx
xxxxxxxxxxxxxxxxxxxxxxxxxxxxxxxxxxxxxxxxxxxxxxxxxxxxxxxxxxxxxxxxxxxxxxxxxxxxxxxxxxxxxxxxxxxxxxxxxxxxxxxxxxxxxxxxxxxxxxx
xxxxxxxxxxxxxxxxxxxxxxxxxxxxxxxxxxxxxxxxxxxxxxxxxxxxxxxxxxxxxxxxxxxxxxxxxxxxxxxxxxxxxxxxxxxxxxxxxxxxxxxxxxxxxxxxxxxxxxx
xxxxxxxxxxxxxxxxxxxxxxxxxxxxxxxxxxxxxxxxxxxxxxxxxxxxxxxxxxxxxxxxxxxxxxxxxxxxxxxxxxxxxxxxxxxxxxxxxxxxxxxxxxxxxxxxxxxxxxx
xxxxxxxxxxxxxxxxxxxxxxxxxxxxxxxxxxxxxxxxxxxxxxxxxxxxxxxxxxxxxxxxxxxxxxxxxxxxxxxxxxxxxxxxxxxxxxxxxxxxxxxxxxxxxxxxxxxxxxx
xxxxxxxxxxxxxxxxxxxxxxxxxxxxxxxxxxxxxxxxxxxxxxxxxxxxxxxxxxxxxxxxxxxxxxxxxxxxxxxxxxxxxxxxxxxxxxxxxxxxxxxxxxxxxxxxxxxxxxx
xxxxxxxxxxxxxxxxxxxxxxxxxxxxxxxxxxxxxxxxxxxxxxxxxxxxxxxxxxxxxxxxxxxxxxxxxxxxxxxxxxxxxxxxxxxxxxxxxxxxxxxxxxxxxxxxxxxxxxx
xxxxxxxxxxxxxxxxxxxxxxxxxxxxxxxxxxxxxxxxxxxxxxxxxxxxxxxxxxxxxxxxxxxxxxxxxxxxxxxxxxxxxxxxxxxxxxxxxxxxxxxxxxxxxxxxxxxxxxx
xxxxxxxxxxxxxxxxxxxxxxxxxxxxxxxxxxxxxxxxxxxxxxxxxxxxxxxxxxxxxxxxxxxxxxxxxxxxxxxxxxxxxxxxxxxxxxxxxxxxxxxxxxxxxxxxxxxxxxx
xxxxxxxxxxxxxxxxxxxxxxxxxxxxxxxxxxxxxxxxxxxxxxxxxxxxxxxxxxxxxxxxxxxxxxxxxxxxxxxxxxxxxxxxxxxxxxxxxxxxxxxxxxxxxxxxxxxxxxx
xxxxxxxxxxxxxxxxxxxxxxxxxxxxxxxxxxxxxxxxxxxxxxxxxxxxxxxxxxxxxxxxxxxxxxxxxxxxxxxxxxxxxxxxxxxxxxxxxxxxxxxxxxxxxxxxxxxxxxx
xxxxxxxxxxxxxxxxxxxxxxxxxxxxxxxxxxxxxxxxxxxxxxxxxxxxxxxxxxxxxxxxxxxxxxxxxxxxxxxxxxxxxxxxxxxxxxxxxxxxxxxxxxxxxxxxxxxxxxx
xxxxxxxxxxxxxxxxxxxxxxxxxxxxxxxxxxxxxxxxxxxxxxxxxxxxxxxxxxxxxxxxxxxxxxxxxxxxxxxxxxxxxxxxxxxxxxxxxxxxxxxxxxxxxxxxxxxxxxx
xxxxxxxxxxxxxxxxxxxxxxxxxxxxxxxxxxxxxxxxxxxxxxxxxxxxxxxxxxxxxxxxxxxxxxxxxxxxxxxxxxxxxxxxxxxxxxxxxxxxxxxxxxxxxxxxxxxxxxx
xxxxxxxxxxxxxxxxxxxxxxxxxxxxxxxxxxxxxxxxxxxxxxxxxxxxxxxxxxxxxxxxxxxxxxxxxxxxxxxxxxxxxxxxxxxxxxxxxxxxxxxxxxxxxxxxxxxxxxx
xxxxxxxxxxxxxxxxxxxxxxxxxxxxxxxxxxxxxxxxxxxxxxxxxxxxxxxxxxxxxxxxxxxxxxxxxxxxxxxxxxxxxxxxxxxxxxxxxxxxxxxxxxxxxxxxxxxxxxx
xxxxxxxxxxxxxxxxxxxxxxxxxxxxxxxxxxxxxxxxxxxxxxxxxxxxxxxxxxxxxxxxxxxxxxxxxxxxxxxxxxxxxxxxxxxxxxxxxxxxxxxxxxxxxxxxxxxxxxx
xxxxxxxxxxxxxxxxxxxxxxxxxxxxxxxxxxxxxxxxxxxxxxxxxxxxxxxxxxxxxxxxxxxxxxxxxxxxxxxxxxxxxxxxxxxxxxxxxxxxxxxxxxxxxxxxxxxxxxx
xxxxxxxxxxxxxxxxxxxxxxxxxxxxxxxxxxxxxxxxxxxxxxxxxxxxxxxxxxxxxxxxxxxxxxxxxxxxxxxxxxxxxxxxxxxxxxxxxxxxxxxxxxxxxxxxxxxxxxx
xxxxxxxxxxxxxxxxxxxxxxxxxxxxxxxxxxxxxxxxxxxxxxxxxxxxxxxxxxxxxxxxxxxxxxxxxxxxxxxxxxxxxxxxxxxxxxxxxxxxxxxxxxxxxxxxxxxxxxx
xxxxxxxxxxxxxxxxxxxxxxxxxxxxxxxxxxxxxxxxxxxxxxxxxxxxxxxxxxxxxxxxxxxxxxxxxxxxxxxxxxxxxxxxxxxxxxxxxxxxxxxxxxxxxxxxxxxxxxx
xxxxxxxxxxxxxxxxxxxxxxxxxxxxxxxxxxxxxxxxxxxxxxxxxxxxxxxxxxxxxxxxxxxxxxxxxxxxxxxxxxxxxxxxxxxxxxxxxxxxxxxxxxxxxxxxxxxxxxx
xxxxxxxxxxxxxxxxxxxxxxxxxxxxxxxxxxxxxxxxxxxxxxxxxxxxxxxxxxxxxxxxxxxxxxxxxxxxxxxxxxxxxxxxxxxxxxxxxxxxxxxxxxxxxxxxxxxxxxx
xxxxxxxxxxxxxxxxxxxxxxxxxxxxxxxxxxxxxxxxxxxxxxxxxxxxxxxxxxxxxxxxxxxxxxxxxxxxxxxxxxxxxxxxxxxxxxxxxxxxxxxxxxxxxxxxxxxxxxx
xxxxxxxxxxxxxxxxxxxxxxxxxxxxxxxxxxxxxxxxxxxxxxxxxxxxxxxxxxxxxxxxxxxxxxxxxxxxxxxxxxxxxxxxxxxxxxxxxxxxxxxxxxxxxxxxxxxxxxx
xxxxxxxxxxxxxxxxxxxxxxxxxxxxxxxxxxxxxxxxxxxxxxxxxxxxxxxxxxxxxxxxxxxxxxxxxxxxxxxxxxxxxxxxxxxxxxxxxxxxxxxxxxxxxxxxxxxxxxx
xxxxxxxxxxxxxxxxxxxxxxxxxxxxxxxxxxxxxxxxxxxxxxxxxxxxxxxxxxxxxxxxxxxxxxxxxxxxxxxxxxxxxxxxxxxxxxxxxxxxxxxxxxxxxxxxxxxxxxx
xxxxxxxxxxxxxxxxxxxxxxxxxxxxxxxxxxxxxxxxxxxxxxxxxxxxxxxxxxxxxxxxxxxxxxxxxxxxxxxxxxxxxxxxxxxxxxxxxxxxxxxxxxxxxxxxxxxxxxx
xxxxxxxxxxxxxxxxxxxxxxxxxxxxxxxxxxxxxxxxxxxxxxxxxxxxxxxxxxxxxxxxxxxxxxxxxxxxxxxxxxxxxxxxxxxxxxxxxxxxxxxxxxxxxxxxxxxxxxx
xxxxxxxxxxxxxxxxxxxxxxxxxxxxxxxxxxxxxxxxxxxxxxxxxxxxxxxxxxxxxxxxxxxxxxxxxxxxxxxxxxxxxxxxxxxxxxxxxxxxxxxxxxxxxxxxxxxxxxx
xxxxxxxxxxxxxxxxxxxxxxxxxxxxxxxxxxxxxxxxxxxxxxxxxxxxxxxxxxxxxxxxxxxxxxxxxxxxxxxxxxxxxxxxxxxxxxxxxxxxxxxxxxxxxxxxxxxxxxx
xxxxxxxxxxxxxxxxxxxxxxxxxxxxxxxxxxxxxxxxxxxxxxxxxxxxxxxxxxxxxxxxxxxxxxxxxxxxxxxxxxxxxxxxxxxxxxxxxxxxxxxxxxxxxxxxxxxxxxx
xxxxxxxxxxxxxxxxxxxxxxxxxxxxxxxxxxxxxxxxxxxxxxxxxxxxxxxxxxxxxxxxxxxxxxxxxxxxxxxxxxxxxxxxxxxxxxxxxxxxxxxxxxxxxxxxxxxxxxx
xxxxxxxxxxxxxxxxxxxxxxxxxxxxxxxxxxxxxxxxxxxxxxxxxxxxxxxxxxxxxxxxxxxxxxxxxxxxxxxxxxxxxxxxxxxxxxxxxxxxxxxxxxxxxxxxxxxxxxx
xxxxxxxxxxxxxxxxxxxxxxxxxxxxxxxxxxxxxxxxxxxxxxxxxxxxxxxxxxxxxxxxxxxxxxxxxxxxxxxxxxxxxxxxxxxxxxxxxxxxxxxxxxxxxxxxxxxxxxx
xxxxxxxxxxxxxxxxxxxxxxxxxxxxxxxxxxxxxxxxxxxxxxxxxxxxxxxxxxxxxxxxxxxxxxxxxxxxxxxxxxxxxxxxxxxxxxxxxxxxxxxxxxxxxxxxxxxxxxx
xxxxxxxxxxxxxxxxxxxxxxxxxxxxxxxxxxxxxxxxxxxxxxxxxxxxxxxxxxxxxxxxxxxxxxxxxxxxxxxxxxxxxxxxxxxxxxxxxxxxxxxxxxxxxxxxxxxxxxx
xxxxxxxxxxxxxxxxxxxxxxxxxxxxxxxxxxxxxxxxxxxxxxxxxxxxxxxxxxxxxxxxxxxxxxxxxxxxxxxxxxxxxxxxxxxxxxxxxxxxxxxxxxxxxxxxxxxxxxx
xxxxxxxxxxxxxxxxxxxxxxxxxxxxxxxxxxxxxxxxxxxxxxxxxxxxxxxxxxxxxxxxxxxxxxxxxxxxxxxxxxxxxxxxxxxxxxxxxxxxxxxxxxxxxxxxxxxxxxx
xxxxxxxxxxxxxxxxxxxxxxxxxxxxxxxxxxxxxxxxxxxxxxxxxxxxxxxxxxxxxxxxxxxxxxxxxxxxxxxxxxxxxxxxxxxxxxxxxxxxxxxxxxxxxxxxxxxxxxx
xxxxxxxxxxxxxxxxxxxxxxxxxxxxxxxxxxxxxxxxxxxxxxxxxxxxxxxxxxxxxxxxxxxxxxxxxxxxxxxxxxxxxxxxxxxxxxxxxxxxxxxxxxxxxxxxxxxxxxx
xxxxxxxxxxxxxxxxxxxxxxxxxxxxxxxxxxxxxxxxxxxxxxxxxxxxxxxxxxxxxxxxxxxxxxxxxxxxxxxxxxxxxxxxxxxxxxxxxxxxxxxxxxxxxxxxxxxxxxx
xxxxxxxxxxxxxxxxxxxxxxxxxxxxxxxxxxxxxxxxxxxxxxxxxxxxxxxxxxxxxxxxxxxxxxxxxxxxxxxxxxxxxxxxxxxxxxxxxxxxxxxxxxxxxxxxxxxxxxx
xxxxxxxxxxxxxxxxxxxxxxxxxxxxxxxxxxxxxxxxxxxxxxxxxxxxxxxxxxxxxxxxxxxxxxxxxxxxxxxxxxxxxxxxxxxxxxxxxxxxxxxxxxxxxxxxxxxxxxx
xxxxxxxxxxxxxxxxxxxxxxxxxxxxxxxxxxxxxxxxxxxxxxxxxxxxxxxxxxxxxxxxxxxxxxxxxxxxxxxxxxxxxxxxxxxxxxxxxxxxxxxxxxxxxxxxxxxxxxx
xxxxxxxxxxxxxxxxxxxxxxxxxxxxxxxxxxxxxxxxxxxxxxxxxxxxxxxxxxxxxxxxxxxxxxxxxxxxxxxxxxxxxxxxxxxxxxxxxxxxxxxxxxxxxxxxxxxxxxx
xxxxxxxxxxxxxxxxxxxxxxxxxxxxxxxxxxxxxxxxxxxxxxxxxxxxxxxxxxxxxxxxxxxxxxxxxxxxxxxxxxxxxxxxxxxxxxxxxxxxxxxxxxxxxxxxxxxxxxx
xxxxxxxxxxxxxxxxxxxxxxxxxxxxxxxxxxxxxxxxxxxxxxxxxxxxxxxxxxxxxxxxxxxxxxxxxxxxxxxxxxxxxxxxxxxxxxxxxxxxxxxxxxxxxxxxxxxxxxx
xxxxxxxxxxxxxxxxxxxxxxxxxxxxxxxxxxxxxxxxxxxxxxxxxxxxxxxxxxxxxxxxxxxxxxxxxxxxxxxxxxxxxxxxxxxxxxxxxxxxxxxxxxxxxxxxxxxxxxx
xxxxxxxxxxxxxxxxxxxxxxxxxxxxxxxxxxxxxxxxxxxxxxxxxxxxxxxxxxxxxxxxxxxxxxxxxxxxxxxxxxxxxxxxxxxxxxxxxxxxxxxxxxxxxxxxxxxxxxx
xxxxxxxxxxxxxxxxxxxxxxxxxxxxxxxxxxxxxxxxxxxxxxxxxxxxxxxxxxxxxxxxxxxxxxxxxxxxxxxxxxxxxxxxxxxxxxxxxxxxxxxxxxxxxxxxxxxxxxx
xxxxxxxxxxxxxxxxxxxxxxxxxxxxxxxxxxxxxxxxxxxxxxxxxxxxxxxxxxxxxxxxxxxxxxxxxxxxxxxxxxxxxxxxxxxxxxxxxxxxxxxxxxxxxxxxxxxxxxx
xxxxxxxxxxxxxxxxxxxxxxxxxxxxxxxxxxxxxxxxxxxxxxxxxxxxxxxxxxxxxxxxxxxxxxxxxxxxxxxxxxxxxxxxxxxxxxxxxxxxxxxxxxxxxxxxxxxxxxx
xxxxxxxxxxxxxxxxxxxxxxxxxxxxxxxxxxxxxxxxxxxxxxxxxxxxxxxxxxxxxxxxxxxxxxxxxxxxxxxxxxxxxxxxxxxxxxxxxxxxxxxxxxxxxxxxxxxxxxx
xxxxxxxxxxxxxxxxxxxxxxxxxxxxxxxxxxxxxxxxxxxxxxxxxxxxxxxxxxxxxxxxxxxxxxxxxxxxxxxxxxxxxxxxxxxxxxxxxxxxxxxxxxxxxxxxxxxxxxx
xxxxxxxxxxxxxxxxxxxxxxxxxxxxxxxxxxxxxxxxxxxxxxxxxxxxxxxxxxxxxxxxxxxxxxxxxxxxxxxxxxxxxxxxxxxxxxxxxxxxxxxxxxxxxxxxxxxxxxx
xxxxxxxxxxxxxxxxxxxxxxxxxxxxxxxxxxxxxxxxxxxxxxxxxxxxxxxxxxxxxxxxxxxxxxxxxxxxxxxxxxxxxxxxxxxxxxxxxxxxxxxxxxxxxxxxxxxxxxx
xxxxxxxxxxxxxxxxxxxxxxxxxxxxxxxxxxxxxxxxxxxxxxxxxxxxxxxxxxxxxxxxxxxxxxxxxxxxxxxxxxxxxxxxxxxxxxxxxxxxxxxxxxxxxxxxxxxxxxx
xxxxxxxxxxxxxxxxxxxxxxxxxxxxxxxxxxxxxxxxxxxxxxxxxxxxxxxxxxxxxxxxxxxxxxxxxxxxxxxxxxxxxxxxxxxxxxxxxxxxxxxxxxxxxxxxxxxxxxx
xxxxxxxxxxxxxxxxxxxxxxxxxxxxxxxxxxxxxxxxxxxxxxxxxxxxxxxxxxxxxxxxxxxxxxxxxxxxxxxxxxxxxxxxxxxxxxxxxxxxxxxxxxxxxxxxxxxxxxx
xxxxxxxxxxxxxxxxxxxxxxxxxxxxxxxxxxxxxxxxxxxxxxxxxxxxxxxxxxxxxxxxxxxxxxxxxxxxxxxxxxxxxxxxxxxxxxxxxxxxxxxxxxxxxxxxxxxxxxx
xxxxxxxxxxxxxxxxxxxxxxxxxxxxxxxxxxxxxxxxxxxxxxxxxxxxxxxxxxxxxxxxxxxxxxxxxxxxxxxxxxxxxxxxxxxxxxxxxxxxxxxxxxxxxxxxxxxxxxx
xxxxxxxxxxxxxxxxxxxxxxxxxxxxxxxxxxxxxxxxxxxxxxxxxxxxxxxxxxxxxxxxxxxxxxxxxxxxxxxxxxxxxxxxxxxxxxxxxxxxxxxxxxxxxxxxxxxxxxx
xxxxxxxxxxxxxxxxxxxxxxxxxxxxxxxxxxxxxxxxxxxxxxxxxxxxxxxxxxxxxxxxxxxxxxxxxxxxxxxxxxxxxxxxxxxxxxxxxxxxxxxxxxxxxxxxxxxxxxx
xxxxxxxxxxxxxxxxxxxxxxxxxxxxxxxxxxxxxxxxxxxxxxxxxxxxxxxxxxxxxxxxxxxxxxxxxxxxxxxxxxxxxxxxxxxxxxxxxxxxxxxxxxxxxxxxxxxxxxx
xxxxxxxxxxxxxxxxxxxxxxxxxxxxxxxxxxxxxxxxxxxxxxxxxxxxxxxxxxxxxxxxxxxxxxxxxxxxxxxxxxxxxxxxxxxxxxxxxxxxxxxxxxxxxxxxxxxxxxx
xxxxxxxxxxxxxxxxxxxxxxxxxxxxxxxxxxxxxxxxxxxxxxxxxxxxxxxxxxxxxxxxxxxxxxxxxxxxxxxxxxxxxxxxxxxxxxxxxxxxxxxxxxxxxxxxxxxxxxx
xxxxxxxxxxxxxxxxxxxxxxxxxxxxxxxxxxxxxxxxxxxxxxxxxxxxxxxxxxxxxxxxxxxxxxxxxxxxxxxxxxxxxxxxxxxxxxxxxxxxxxxxxxxxxxxxxxxxxxx
xxxxxxxxxxxxxxxxxxxxxxxxxxxxxxxxxxxxxxxxxxxxxxxxxxxxxxxxxxxxxxxxxxxxxxxxxxxxxxxxxxxxxxxxxxxxxxxxxxxxxxxxxxxxxxxxxxxxxxx
xxxxxxxxxxxxxxxxxxxxxxxxxxxxxxxxxxxxxxxxxxxxxxxxxxxxxxxxxxxxxxxxxxxxxxxxxxxxxxxxxxxxxxxxxxxxxxxxxxxxxxxxxxxxxxxxxxxxxxx
xxxxxxxxxxxxxxxxxxxxxxxxxxxxxxxxxxxxxxxxxxxxxxxxxxxxxxxxxxxxxxxxxxxxxxxxxxxxxxxxxxxxxxxxxxxxxxxxxxxxxxxxxxxxxxxxxxxxxxx
xxxxxxxxxxxxxxxxxxxxxxxxxxxxxxxxxxxxxxxxxxxxxxxxxxxxxxxxxxxxxxxxxxxxxxxxxxxxxxxxxxxxxxxxxxxxxxxxxxxxxxxxxxxxxxxxxxxxxxx
xxxxxxxxxxxxxxxxxxxxxxxxxxxxxxxxxxxxxxxxxxxxxxxxxxxxxxxxxxxxxxxxxxxxxxxxxxxxxxxxxxxxxxxxxxxxxxxxxxxxxxxxxxxxxxxxxxxxxxx
xxxxxxxxxxxxxxxxxxxxxxxxxxxxxxxxxxxxxxxxxxxxxxxxxxxxxxxxxxxxxxxxxxxxxxxxxxxxxxxxxxxxxxxxxxxxxxxxxxxxxxxxxxxxxxxxxxxxxxx
xxxxxxxxxxxxxxxxxxxxxxxxxxxxxxxxxxxxxxxxxxxxxxxxxxxxxxxxxxxxxxxxxxxxxxxxxxxxxxxxxxxxxxxxxxxxxxxxxxxxxxxxxxxxxxxxxxxxxxx
xxxxxxxxxxxxxxxxxxxxxxxxxxxxxxxxxxxxxxxxxxxxxxxxxxxxxxxxxxxxxxxxxxxxxxxxxxxxxxxxxxxxxxxxxxxxxxxxxxxxxxxxxxxxxxxxxxxxxxx
xxxxxxxxxxxxxxxxxxxxxxxxxxxxxxxxxxxxxxxxxxxxxxxxxxxxxxxxxxxxxxxxxxxxxxxxxxxxxxxxxxxxxxxxxxxxxxxxxxxxxxxxxxxxxxxxxxxxxxx
xxxxxxxxxxxxxxxxxxxxxxxxxxxxxxxxxxxxxxxxxxxxxxxxxxxxxxxxxxxxxxxxxxxxxxxxxxxxxxxxxxxxxxxxxxxxxxxxxxxxxxxxxxxxxxxxxxxxxxx
xxxxxxxxxxxxxxxxxxxxxxxxxxxxxxxxxxxxxxxxxxxxxxxxxxxxxxxxxxxxxxxxxxxxxxxxxxxxxxxxxxxxxxxxxxxxxxxxxxxxxxxxxxxxxxxxxxxxxxx
xxxxxxxxxxxxxxxxxxxxxxxxxxxxxxxxxxxxxxxxxxxxxxxxxxxxxxxxxxxxxxxxxxxxxxxxxxxxxxxxxxxxxxxxxxxxxxxxxxxxxxxxxxxxxxxxxxxxxxx
xxxxxxxxxxxxxxxxxxxxxxxxxxxxxxxxxxxxxxxxxxxxxxxxxxxxxxxxxxxxxxxxxxxxxxxxxxxxxxxxxxxxxxxxxxxxxxxxxxxxxxxxxxxxxxxxxxxxxxx
xxxxxxxxxxxxxxxxxxxxxxxxxxxxxxxxxxxxxxxxxxxxxxxxxxxxxxxxxxxxxxxxxxxxxxxxxxxxxxxxxxxxxxxxxxxxxxxxxxxxxxxxxxxxxxxxxxxxxxx
xxxxxxxxxxxxxxxxxxxxxxxxxxxxxxxxxxxxxxxxxxxxxxxxxxxxxxxxxxxxxxxxxxxxxxxxxxxxxxxxxxxxxxxxxxxxxxxxxxxxxxxxxxxxxxxxxxxxxxx
xxxxxxxxxxxxxxxxxxxxxxxxxxxxxxxxxxxxxxxxxxxxxxxxxxxxxxxxxxxxxxxxxxxxxxxxxxxxxxxxxxxxxxxxxxxxxxxxxxxxxxxxxxxxxxxxxxxxxxx
xxxxxxxxxxxxxxxxxxxxxxxxxxxxxxxxxxxxxxxxxxxxxxxxxxxxxxxxxxxxxxxxxxxxxxxxxxxxxxxxxxxxxxxxxxxxxxxxxxxxxxxxxxxxxxxxxxxxxxx
xxxxxxxxxxxxxxxxxxxxxxxxxxxxxxxxxxxxxxxxxxxxxxxxxxxxxxxxxxxxxxxxxxxxxxxxxxxxxxxxxxxxxxxxxxxxxxxxxxxxxxxxxxxxxxxxxxxxxxx
xxxxxxxxxxxxxxxxxxxxxxxxxxxxxxxxxxxxxxxxxxxxxxxxxxxxxxxxxxxxxxxxxxxxxxxxxxxxxxxxxxxxxxxxxxxxxxxxxxxxxxxxxxxxxxxxxxxxxxx
xxxxxxxxxxxxxxxxxxxxxxxxxxxxxxxxxxxxxxxxxxxxxxxxxxxxxxxxxxxxxxxxxxxxxxxxxxxxxxxxxxxxxxxxxxxxxxxxxxxxxxxxxxxxxxxxxxxxxxx
xxxxxxxxxxxxxxxxxxxxxxxxxxxxxxxxxxxxxxxxxxxxxxxxxxxxxxxxxxxxxxxxxxxxxxxxxxxxxxxxxxxxxxxxxxxxxxxxxxxxxxxxxxxxxxxxxxxxxxx
xxxxxxxxxxxxxxxxxxxxxxxxxxxxxxxxxxxxxxxxxxxxxxxxxxxxxxxxxxxxxxxxxxxxxxxxxxxxxxxxxxxxxxxxxxxxxxxxxxxxxxxxxxxxxxxxxxxxxxx
xxxxxxxxxxxxxxxxxxxxxxxxxxxxxxxxxxxxxxxxxxxxxxxxxxxxxxxxxxxxxxxxxxxxxxxxxxxxxxxxxxxxxxxxxxxxxxxxxxxxxxxxxxxxxxxxxxxxxxx
xxxxxxxxxxxxxxxxxxxxxxxxxxxxxxxxxxxxxxxxxxxxxxxxxxxxxxxxxxxxxxxxxxxxxxxxxxxxxxxxxxxxxxxxxxxxxxxxxxxxxxxxxxxxxxxxxxxxxxx
xxxxxxxxxxxxxxxxxxxxxxxxxxxxxxxxxxxxxxxxxxxxxxxxxxxxxxxxxxxxxxxxxxxxxxxxxxxxxxxxxxxxxxxxxxxxxxxxxxxxxxxxxxxxxxxxxxxxxxx
xxxxxxxxxxxxxxxxxxxxxxxxxxxxxxxxxxxxxxxxxxxxxxxxxxxxxxxxxxxxxxxxxxxxxxxxxxxxxxxxxxxxxxxxxxxxxxxxxxxxxxxxxxxxxxxxxxxxxxx
xxxxxxxxxxxxxxxxxxxxxxxxxxxxxxxxxxxxxxxxxxxxxxxxxxxxxxxxxxxxxxxxxxxxxxxxxxxxxxxxxxxxxxxxxxxxxxxxxxxxxxxxxxxxxxxxxxxxxxx
xxxxxxxxxxxxxxxxxxxxxxxxxxxxxxxxxxxxxxxxxxxxxxxxxxxxxxxxxxxxxxxxxxxxxxxxxxxxxxxxxxxxxxxxxxxxxxxxxxxxxxxxxxxxxxxxxxxxxxx
xxxxxxxxxxxxxxxxxxxxxxxxxxxxxxxxxxxxxxxxxxxxxxxxxxxxxxxxxxxxxxxxxxxxxxxxxxxxxxxxxxxxxxxxxxxxxxxxxxxxxxxxxxxxxxxxxxxxxxx
xxxxxxxxxxxxxxxxxxxxxxxxxxxxxxxxxxxxxxxxxxxxxxxxxxxxxxxxxxxxxxxxxxxxxxxxxxxxxxxxxxxxxxxxxxxxxxxxxxxxxxxxxxxxxxxxxxxxxxx
xxxxxxxxxxxxxxxxxxxxxxxxxxxxxxxxxxxxxxxxxxxxxxxxxxxxxxxxxxxxxxxxxxxxxxxxxxxxxxxxxxxxxxxxxxxxxxxxxxxxxxxxxxxxxxxxxxxxxxx
xxxxxxxxxxxxxxxxxxxxxxxxxxxxxxxxxxxxxxxxxxxxxxxxxxxxxxxxxxxxxxxxxxxxxxxxxxxxxxxxxxxxxxxxxxxxxxxxxxxxxxxxxxxxxxxxxxxxxxx
xxxxxxxxxxxxxxxxxxxxxxxxxxxxxxxxxxxxxxxxxxxxxxxxxxxxxxxxxxxxxxxxxxxxxxxxxxxxxxxxxxxxxxxxxxxxxxxxxxxxxxxxxxxxxxxxxxxxxxx
xxxxxxxxxxxxxxxxxxxxxxxxxxxxxxxxxxxxxxxxxxxxxxxxxxxxxxxxxxxxxxxxxxxxxxxxxxxxxxxxxxxxxxxxxxxxxxxxxxxxxxxxxxxxxxxxxxxxxxx
xxxxxxxxxxxxxxxxxxxxxxxxxxxxxxxxxxxxxxxxxxxxxxxxxxxxxxxxxxxxxxxxxxxxxxxxxxxxxxxxxxxxxxxxxxxxxxxxxxxxxxxxxxxxxxxxxxxxxxx
xxxxxxxxxxxxxxxxxxxxxxxxxxxxxxxxxxxxxxxxxxxxxxxxxxxxxxxxxxxxxxxxxxxxxxxxxxxxxxxxxxxxxxxxxxxxxxxxxxxxxxxxxxxxxxxxxxxxxxx
xxxxxxxxxxxxxxxxxxxxxxxxxxxxxxxxxxxxxxxxxxxxxxxxxxxxxxxxxxxxxxxxxxxxxxxxxxxxxxxxxxxxxxxxxxxxxxxxxxxxxxxxxxxxxxxxxxxxxxx
xxxxxxxxxxxxxxxxxxxxxxxxxxxxxxxxxxxxxxxxxxxxxxxxxxxxxxxxxxxxxxxxxxxxxxxxxxxxxxxxxxxxxxxxxxxxxxxxxxxxxxxxxxxxxxxxxxxxxxx
xxxxxxxxxxxxxxxxxxxxxxxxxxxxxxxxxxxxxxxxxxxxxxxxxxxxxxxxxxxxxxxxxxxxxxxxxxxxxxxxxxxxxxxxxxxxxxxxxxxxxxxxxxxxxxxxxxxxxxx
xxxxxxxxxxxxxxxxxxxxxxxxxxxxxxxxxxxxxxxxxxxxxxxxxxxxxxxxxxxxxxxxxxxxxxxxxxxxxxxxxxxxxxxxxxxxxxxxxxxxxxxxxxxxxxxxxxxxxxx
xxxxxxxxxxxxxxxxxxxxxxxxxxxxxxxxxxxxxxxxxxxxxxxxxxxxxxxxxxxxxxxxxxxxxxxxxxxxxxxxxxxxxxxxxxxxxxxxxxxxxxxxxxxxxxxxxxxxxxx
xxxxxxxxxxxxxxxxxxxxxxxxxxxxxxxxxxxxxxxxxxxxxxxxxxxxxxxxxxxxxxxxxxxxxxxxxxxxxxxxxxxxxxxxxxxxxxxxxxxxxxxxxxxxxxxxxxxxxxx
xxxxxxxxxxxxxxxxxxxxxxxxxxxxxxxxxxxxxxxxxxxxxxxxxxxxxxxxxxxxxxxxxxxxxxxxxxxxxxxxxxxxxxxxxxxxxxxxxxxxxxxxxxxxxxxxxxxxxxx
xxxxxxxxxxxxxxxxxxxxxxxxxxxxxxxxxxxxxxxxxxxxxxxxxxxxxxxxxxxxxxxxxxxxxxxxxxxxxxxxxxxxxxxxxxxxxxxxxxxxxxxxxxxxxxxxxxxxxxx
xxxxxxxxxxxxxxxxxxxxxxxxxxxxxxxxxxxxxxxxxxxxxxxxxxxxxxxxxxxxxxxxxxxxxxxxxxxxxxxxxxxxxxxxxxxxxxxxxxxxxxxxxxxxxxxxxxxxxxx
xxxxxxxxxxxxxxxxxxxxxxxxxxxxxxxxxxxxxxxxxxxxxxxxxxxxxxxxxxxxxxxxxxxxxxxxxxxxxxxxxxxxxxxxxxxxxxxxxxxxxxxxxxxxxxxxxxxxxxx
xxxxxxxxxxxxxxxxxxxxxxxxxxxxxxxxxxxxxxxxxxxxxxxxxxxxxxxxxxxxxxxxxxxxxxxxxxxxxxxxxxxxxxxxxxxxxxxxxxxxxxxxxxxxxxxxxxxxxxx
xxxxxxxxxxxxxxxxxxxxxxxxxxxxxxxxxxxxxxxxxxxxxxxxxxxxxxxxxxxxxxxxxxxxxxxxxxxxxxxxxxxxxxxxxxxxxxxxxxxxxxxxxxxxxxxxxxxxxxx
xxxxxxxxxxxxxxxxxxxxxxxxxxxxxxxxxxxxxxxxxxxxxxxxxxxxxxxxxxxxxxxxxxxxxxxxxxxxxxxxxxxxxxxxxxxxxxxxxxxxxxxxxxxxxxxxxxxxxxx
xxxxxxxxxxxxxxxxxxxxxxxxxxxxxxxxxxxxxxxxxxxxxxxxxxxxxxxxxxxxxxxxxxxxxxxxxxxxxxxxxxxxxxxxxxxxxxxxxxxxxxxxxxxxxxxxxxxxxxx
xxxxxxxxxxxxxxxxxxxxxxxxxxxxxxxxxxxxxxxxxxxxxxxxxxxxxxxxxxxxxxxxxxxxxxxxxxxxxxxxxxxxxxxxxxxxxxxxxxxxxxxxxxxxxxxxxxxxxxx
xxxxxxxxxxxxxxxxxxxxxxxxxxxxxxxxxxxxxxxxxxxxxxxxxxxxxxxxxxxxxxxxxxxxxxxxxxxxxxxxxxxxxxxxxxxxxxxxxxxxxxxxxxxxxxxxxxxxxxx
xxxxxxxxxxxxxxxxxxxxxxxxxxxxxxxxxxxxxxxxxxxxxxxxxxxxxxxxxxxxxxxxxxxxxxxxxxxxxxxxxxxxxxxxxxxxxxxxxxxxxxxxxxxxxxxxxxxxxxx
xxxxxxxxxxxxxxxxxxxxxxxxxxxxxxxxxxxxxxxxxxxxxxxxxxxxxxxxxxxxxxxxxxxxxxxxxxxxxxxxxxxxxxxxxxxxxxxxxxxxxxxxxxxxxxxxxxxxxxx
xxxxxxxxxxxxxxxxxxxxxxxxxxxxxxxxxxxxxxxxxxxxxxxxxxxxxxxxxxxxxxxxxxxxxxxxxxxxxxxxxxxxxxxxxxxxxxxxxxxxxxxxxxxxxxxxxxxxxxx
xxxxxxxxxxxxxxxxxxxxxxxxxxxxxxxxxxxxxxxxxxxxxxxxxxxxxxxxxxxxxxxxxxxxxxxxxxxxxxxxxxxxxxxxxxxxxxxxxxxxxxxxxxxxxxxxxxxxxxx
xxxxxxxxxxxxxxxxxxxxxxxxxxxxxxxxxxxxxxxxxxxxxxxxxxxxxxxxxxxxxxxxxxxxxxxxxxxxxxxxxxxxxxxxxxxxxxxxxxxxxxxxxxxxxxxxxxxxxxx
xxxxxxxxxxxxxxxxxxxxxxxxxxxxxxxxxxxxxxxxxxxxxxxxxxxxxxxxxxxxxxxxxxxxxxxxxxxxxxxxxxxxxxxxxxxxxxxxxxxxxxxxxxxxxxxxxxxxxxx
xxxxxxxxxxxxxxxxxxxxxxxxxxxxxxxxxxxxxxxxxxxxxxxxxxxxxxxxxxxxxxxxxxxxxxxxxxxxxxxxxxxxxxxxxxxxxxxxxxxxxxxxxxxxxxxxxxxxxxx
xxxxxxxxxxxxxxxxxxxxxxxxxxxxxxxxxxxxxxxxxxxxxxxxxxxxxxxxxxxxxxxxxxxxxxxxxxxxxxxxxxxxxxxxxxxxxxxxxxxxxxxxxxxxxxxxxxxxxxx
xxxxxxxxxxxxxxxxxxxxxxxxxxxxxxxxxxxxxxxxxxxxxxxxxxxxxxxxxxxxxxxxxxxxxxxxxxxxxxxxxxxxxxxxxxxxxxxxxxxxxxxxxxxxxxxxxxxxxxx
xxxxxxxxxxxxxxxxxxxxxxxxxxxxxxxxxxxxxxxxxxxxxxxxxxxxxxxxxxxxxxxxxxxxxxxxxxxxxxxxxxxxxxxxxxxxxxxxxxxxxxxxxxxxxxxxxxxxxxx
xxxxxxxxxxxxxxxxxxxxxxxxxxxxxxxxxxxxxxxxxxxxxxxxxxxxxxxxxxxxxxxxxxxxxxxxxxxxxxxxxxxxxxxxxxxxxxxxxxxxxxxxxxxxxxxxxxxxxxx
xxxxxxxxxxxxxxxxxxxxxxxxxxxxxxxxxxxxxxxxxxxxxxxxxxxxxxxxxxxxxxxxxxxxxxxxxxxxxxxxxxxxxxxxxxxxxxxxxxxxxxxxxxxxxxxxxxxxxxx
xxxxxxxxxxxxxxxxxxxxxxxxxxxxxxxxxxxxxxxxxxxxxxxxxxxxxxxxxxxxxxxxxxxxxxxxxxxxxxxxxxxxxxxxxxxxxxxxxxxxxxxxxxxxxxxxxxxxxxx
xxxxxxxxxxxxxxxxxxxxxxxxxxxxxxxxxxxxxxxxxxxxxxxxxxxxxxxxxxxxxxxxxxxxxxxxxxxxxxxxxxxxxxxxxxxxxxxxxxxxxxxxxxxxxxxxxxxxxxx
xxxxxxxxxxxxxxxxxxxxxxxxxxxxxxxxxxxxxxxxxxxxxxxxxxxxxxxxxxxxxxxxxxxxxxxxxxxxxxxxxxxxxxxxxxxxxxxxxxxxxxxxxxxxxxxxxxxxxxx
xxxxxxxxxxxxxxxxxxxxxxxxxxxxxxxxxxxxxxxxxxxxxxxxxxxxxxxxxxxxxxxxxxxxxxxxxxxxxxxxxxxxxxxxxxxxxxxxxxxxxxxxxxxxxxxxxxxxxxx
xxxxxxxxxxxxxxxxxxxxxxxxxxxxxxxxxxxxxxxxxxxxxxxxxxxxxxxxxxxxxxxxxxxxxxxxxxxxxxxxxxxxxxxxxxxxxxxxxxxxxxxxxxxxxxxxxxxxxxx
xxxxxxxxxxxxxxxxxxxxxxxxxxxxxxxxxxxxxxxxxxxxxxxxxxxxxxxxxxxxxxxxxxxxxxxxxxxxxxxxxxxxxxxxxxxxxxxxxxxxxxxxxxxxxxxxxxxxxxx
xxxxxxxxxxxxxxxxxxxxxxxxxxxxxxxxxxxxxxxxxxxxxxxxxxxxxxxxxxxxxxxxxxxxxxxxxxxxxxxxxxxxxxxxxxxxxxxxxxxxxxxxxxxxxxxxxxxxxxx
xxxxxxxxxxxxxxxxxxxxxxxxxxxxxxxxxxxxxxxxxxxxxxxxxxxxxxxxxxxxxxxxxxxxxxxxxxxxxxxxxxxxxxxxxxxxxxxxxxxxxxxxxxxxxxxxxxxxxxx
xxxxxxxxxxxxxxxxxxxxxxxxxxxxxxxxxxxxxxxxxxxxxxxxxxxxxxxxxxxxxxxxxxxxxxxxxxxxxxxxxxxxxxxxxxxxxxxxxxxxxxxxxxxxxxxxxxxxxxx
xxxxxxxxxxxxxxxxxxxxxxxxxxxxxxxxxxxxxxxxxxxxxxxxxxxxxxxxxxxxxxxxxxxxxxxxxxxxxxxxxxxxxxxxxxxxxxxxxxxxxxxxxxxxxxxxxxxxxxx
xxxxxxxxxxxxxxxxxxxxxxxxxxxxxxxxxxxxxxxxxxxxxxxxxxxxxxxxxxxxxxxxxxxxxxxxxxxxxxxxxxxxxxxxxxxxxxxxxxxxxxxxxxxxxxxxxxxxxxx
xxxxxxxxxxxxxxxxxxxxxxxxxxxxxxxxxxxxxxxxxxxxxxxxxxxxxxxxxxxxxxxxxxxxxxxxxxxxxxxxxxxxxxxxxxxxxxxxxxxxxxxxxxxxxxxxxxxxxxx
xxxxxxxxxxxxxxxxxxxxxxxxxxxxxxxxxxxxxxxxxxxxxxxxxxxxxxxxxxxxxxxxxxxxxxxxxxxxxxxxxxxxxxxxxxxxxxxxxxxxxxxxxxxxxxxxxxxxxxx
xxxxxxxxxxxxxxxxxxxxxxxxxxxxxxxxxxxxxxxxxxxxxxxxxxxxxxxxxxxxxxxxxxxxxxxxxxxxxxxxxxxxxxxxxxxxxxxxxxxxxxxxxxxxxxxxxxxxxxx
xxxxxxxxxxxxxxxxxxxxxxxxxxxxxxxxxxxxxxxxxxxxxxxxxxxxxxxxxxxxxxxxxxxxxxxxxxxxxxxxxxxxxxxxxxxxxxxxxxxxxxxxxxxxxxxxxxxxxxx
xxxxxxxxxxxxxxxxxxxxxxxxxxxxxxxxxxxxxxxxxxxxxxxxxxxxxxxxxxxxxxxxxxxxxxxxxxxxxxxxxxxxxxxxxxxxxxxxxxxxxxxxxxxxxxxxxxxxxxx
xxxxxxxxxxxxxxxxxxxxxxxxxxxxxxxxxxxxxxxxxxxxxxxxxxxxxxxxxxxxxxxxxxxxxxxxxxxxxxxxxxxxxxxxxxxxxxxxxxxxxxxxxxxxxxxxxxxxxxx
xxxxxxxxxxxxxxxxxxxxxxxxxxxxxxxxxxxxxxxxxxxxxxxxxxxxxxxxxxxxxxxxxxxxxxxxxxxxxxxxxxxxxxxxxxxxxxxxxxxxxxxxxxxxxxxxxxxxxxx
xxxxxxxxxxxxxxxxxxxxxxxxxxxxxxxxxxxxxxxxxxxxxxxxxxxxxxxxxxxxxxxxxxxxxxxxxxxxxxxxxxxxxxxxxxxxxxxxxxxxxxxxxxxxxxxxxxxxxxx
xxxxxxxxxxxxxxxxxxxxxxxxxxxxxxxxxxxxxxxxxxxxxxxxxxxxxxxxxxxxxxxxxxxxxxxxxxxxxxxxxxxxxxxxxxxxxxxxxxxxxxxxxxxxxxxxxxxxxxx
xxxxxxxxxxxxxxxxxxxxxxxxxxxxxxxxxxxxxxxxxxxxxxxxxxxxxxxxxxxxxxxxxxxxxxxxxxxxxxxxxxxxxxxxxxxxxxxxxxxxxxxxxxxxxxxxxxxxxxx
xxxxxxxxxxxxxxxxxxxxxxxxxxxxxxxxxxxxxxxxxxxxxxxxxxxxxxxxxxxxxxxxxxxxxxxxxxxxxxxxxxxxxxxxxxxxxxxxxxxxxxxxxxxxxxxxxxxxxxx
xxxxxxxxxxxxxxxxxxxxxxxxxxxxxxxxxxxxxxxxxxxxxxxxxxxxxxxxxxxxxxxxxxxxxxxxxxxxxxxxxxxxxxxxxxxxxxxxxxxxxxxxxxxxxxxxxxxxxxx
xxxxxxxxxxxxxxxxxxxxxxxxxxxxxxxxxxxxxxxxxxxxxxxxxxxxxxxxxxxxxxxxxxxxxxxxxxxxxxxxxxxxxxxxxxxxxxxxxxxxxxxxxxxxxxxxxxxxxxx
xxxxxxxxxxxxxxxxxxxxxxxxxxxxxxxxxxxxxxxxxxxxxxxxxxxxxxxxxxxxxxxxxxxxxxxxxxxxxxxxxxxxxxxxxxxxxxxxxxxxxxxxxxxxxxxxxxxxxxx
xxxxxxxxxxxxxxxxxxxxxxxxxxxxxxxxxxxxxxxxxxxxxxxxxxxxxxxxxxxxxxxxxxxxxxxxxxxxxxxxxxxxxxxxxxxxxxxxxxxxxxxxxxxxxxxxxxxxxxx
xxxxxxxxxxxxxxxxxxxxxxxxxxxxxxxxxxxxxxxxxxxxxxxxxxxxxxxxxxxxxxxxxxxxxxxxxxxxxxxxxxxxxxxxxxxxxxxxxxxxxxxxxxxxxxxxxxxxxxx
xxxxxxxxxxxxxxxxxxxxxxxxxxxxxxxxxxxxxxxxxxxxxxxxxxxxxxxxxxxxxxxxxxxxxxxxxxxxxxxxxxxxxxxxxxxxxxxxxxxxxxxxxxxxxxxxxxxxxxx
xxxxxxxxxxxxxxxxxxxxxxxxxxxxxxxxxxxxxxxxxxxxxxxxxxxxxxxxxxxxxxxxxxxxxxxxxxxxxxxxxxxxxxxxxxxxxxxxxxxxxxxxxxxxxxxxxxxxxxx
xxxxxxxxxxxxxxxxxxxxxxxxxxxxxxxxxxxxxxxxxxxxxxxxxxxxxxxxxxxxxxxxxxxxxxxxxxxxxxxxxxxxxxxxxxxxxxxxxxxxxxxxxxxxxxxxxxxxxxx
xxxxxxxxxxxxxxxxxxxxxxxxxxxxxxxxxxxxxxxxxxxxxxxxxxxxxxxxxxxxxxxxxxxxxxxxxxxxxxxxxxxxxxxxxxxxxxxxxxxxxxxxxxxxxxxxxxxxxxx
xxxxxxxxxxxxxxxxxxxxxxxxxxxxxxxxxxxxxxxxxxxxxxxxxxxxxxxxxxxxxxxxxxxxxxxxxxxxxxxxxxxxxxxxxxxxxxxxxxxxxxxxxxxxxxxxxxxxxxx
xxxxxxxxxxxxxxxxxxxxxxxxxxxxxxxxxxxxxxxxxxxxxxxxxxxxxxxxxxxxxxxxxxxxxxxxxxxxxxxxxxxxxxxxxxxxxxxxxxxxxxxxxxxxxxxxxxxxxxx
xxxxxxxxxxxxxxxxxxxxxxxxxxxxxxxxxxxxxxxxxxxxxxxxxxxxxxxxxxxxxxxxxxxxxxxxxxxxxxxxxxxxxxxxxxxxxxxxxxxxxxxxxxxxxxxxxxxxxxx
xxxxxxxxxxxxxxxxxxxxxxxxxxxxxxxxxxxxxxxxxxxxxxxxxxxxxxxxxxxxxxxxxxxxxxxxxxxxxxxxxxxxxxxxxxxxxxxxxxxxxxxxxxxxxxxxxxxxxxx
xxxxxxxxxxxxxxxxxxxxxxxxxxxxxxxxxxxxxxxxxxxxxxxxxxxxxxxxxxxxxxxxxxxxxxxxxxxxxxxxxxxxxxxxxxxxxxxxxxxxxxxxxxxxxxxxxxxxxxx
xxxxxxxxxxxxxxxxxxxxxxxxxxxxxxxxxxxxxxxxxxxxxxxxxxxxxxxxxxxxxxxxxxxxxxxxxxxxxxxxxxxxxxxxxxxxxxxxxxxxxxxxxxxxxxxxxxxxxxx
xxxxxxxxxxxxxxxxxxxxxxxxxxxxxxxxxxxxxxxxxxxxxxxxxxxxxxxxxxxxxxxxxxxxxxxxxxxxxxxxxxxxxxxxxxxxxxxxxxxxxxxxxxxxxxxxxxxxxxx
xxxxxxxxxxxxxxxxxxxxxxxxxxxxxxxxxxxxxxxxxxxxxxxxxxxxxxxxxxxxxxxxxxxxxxxxxxxxxxxxxxxxxxxxxxxxxxxxxxxxxxxxxxxxxxxxxxxxxxx
xxxxxxxxxxxxxxxxxxxxxxxxxxxxxxxxxxxxxxxxxxxxxxxxxxxxxxxxxxxxxxxxxxxxxxxxxxxxxxxxxxxxxxxxxxxxxxxxxxxxxxxxxxxxxxxxxxxxxxx
xxxxxxxxxxxxxxxxxxxxxxxxxxxxxxxxxxxxxxxxxxxxxxxxxxxxxxxxxxxxxxxxxxxxxxxxxxxxxxxxxxxxxxxxxxxxxxxxxxxxxxxxxxxxxxxxxxxxxxx
xxxxxxxxxxxxxxxxxxxxxxxxxxxxxxxxxxxxxxxxxxxxxxxxxxxxxxxxxxxxxxxxxxxxxxxxxxxxxxxxxxxxxxxxxxxxxxxxxxxxxxxxxxxxxxxxxxxxxxx
xxxxxxxxxxxxxxxxxxxxxxxxxxxxxxxxxxxxxxxxxxxxxxxxxxxxxxxxxxxxxxxxxxxxxxxxxxxxxxxxxxxxxxxxxxxxxxxxxxxxxxxxxxxxxxxxxxxxxxx
xxxxxxxxxxxxxxxxxxxxxxxxxxxxxxxxxxxxxxxxxxxxxxxxxxxxxxxxxxxxxxxxxxxxxxxxxxxxxxxxxxxxxxxxxxxxxxxxxxxxxxxxxxxxxxxxxxxxxxx
xxxxxxxxxxxxxxxxxxxxxxxxxxxxxxxxxxxxxxxxxxxxxxxxxxxxxxxxxxxxxxxxxxxxxxxxxxxxxxxxxxxxxxxxxxxxxxxxxxxxxxxxxxxxxxxxxxxxxxx
xxxxxxxxxxxxxxxxxxxxxxxxxxxxxxxxxxxxxxxxxxxxxxxxxxxxxxxxxxxxxxxxxxxxxxxxxxxxxxxxxxxxxxxxxxxxxxxxxxxxxxxxxxxxxxxxxxxxxxx
xxxxxxxxxxxxxxxxxxxxxxxxxxxxxxxxxxxxxxxxxxxxxxxxxxxxxxxxxxxxxxxxxxxxxxxxxxxxxxxxxxxxxxxxxxxxxxxxxxxxxxxxxxxxxxxxxxxxxxx
xxxxxxxxxxxxxxxxxxxxxxxxxxxxxxxxxxxxxxxxxxxxxxxxxxxxxxxxxxxxxxxxxxxxxxxxxxxxxxxxxxxxxxxxxxxxxxxxxxxxxxxxxxxxxxxxxxxxxxx
xxxxxxxxxxxxxxxxxxxxxxxxxxxxxxxxxxxxxxxxxxxxxxxxxxxxxxxxxxxxxxxxxxxxxxxxxxxxxxxxxxxxxxxxxxxxxxxxxxxxxxxxxxxxxxxxxxxxxxx
xxxxxxxxxxxxxxxxxxxxxxxxxxxxxxxxxxxxxxxxxxxxxxxxxxxxxxxxxxxxxxxxxxxxxxxxxxxxxxxxxxxxxxxxxxxxxxxxxxxxxxxxxxxxxxxxxxxxxxx
xxxxxxxxxxxxxxxxxxxxxxxxxxxxxxxxxxxxxxxxxxxxxxxxxxxxxxxxxxxxxxxxxxxxxxxxxxxxxxxxxxxxxxxxxxxxxxxxxxxxxxxxxxxxxxxxxxxxxxx
xxxxxxxxxxxxxxxxxxxxxxxxxxxxxxxxxxxxxxxxxxxxxxxxxxxxxxxxxxxxxxxxxxxxxxxxxxxxxxxxxxxxxxxxxxxxxxxxxxxxxxxxxxxxxxxxxxxxxxx
xxxxxxxxxxxxxxxxxxxxxxxxxxxxxxxxxxxxxxxxxxxxxxxxxxxxxxxxxxxxxxxxxxxxxxxxxxxxxxxxxxxxxxxxxxxxxxxxxxxxxxxxxxxxxxxxxxxxxxx
xxxxxxxxxxxxxxxxxxxxxxxxxxxxxxxxxxxxxxxxxxxxxxxxxxxxxxxxxxxxxxxxxxxxxxxxxxxxxxxxxxxxxxxxxxxxxxxxxxxxxxxxxxxxxxxxxxxxxxx
xxxxxxxxxxxxxxxxxxxxxxxxxxxxxxxxxxxxxxxxxxxxxxxxxxxxxxxxxxxxxxxxxxxxxxxxxxxxxxxxxxxxxxxxxxxxxxxxxxxxxxxxxxxxxxxxxxxxxxx
xxxxxxxxxxxxxxxxxxxxxxxxxxxxxxxxxxxxxxxxxxxxxxxxxxxxxxxxxxxxxxxxxxxxxxxxxxxxxxxxxxxxxxxxxxxxxxxxxxxxxxxxxxxxxxxxxxxxxxx
xxxxxxxxxxxxxxxxxxxxxxxxxxxxxxxxxxxxxxxxxxxxxxxxxxxxxxxxxxxxxxxxxxxxxxxxxxxxxxxxxxxxxxxxxxxxxxxxxxxxxxxxxxxxxxxxxxxxxxx
xxxxxxxxxxxxxxxxxxxxxxxxxxxxxxxxxxxxxxxxxxxxxxxxxxxxxxxxxxxxxxxxxxxxxxxxxxxxxxxxxxxxxxxxxxxxxxxxxxxxxxxxxxxxxxxxxxxxxxx
xxxxxxxxxxxxxxxxxxxxxxxxxxxxxxxxxxxxxxxxxxxxxxxxxxxxxxxxxxxxxxxxxxxxxxxxxxxxxxxxxxxxxxxxxxxxxxxxxxxxxxxxxxxxxxxxxxxxxxx
xxxxxxxxxxxxxxxxxxxxxxxxxxxxxxxxxxxxxxxxxxxxxxxxxxxxxxxxxxxxxxxxxxxxxxxxxxxxxxxxxxxxxxxxxxxxxxxxxxxxxxxxxxxxxxxxxxxxxxx
xxxxxxxxxxxxxxxxxxxxxxxxxxxxxxxxxxxxxxxxxxxxxxxxxxxxxxxxxxxxxxxxxxxxxxxxxxxxxxxxxxxxxxxxxxxxxxxxxxxxxxxxxxxxxxxxxxxxxxx
xxxxxxxxxxxxxxxxxxxxxxxxxxxxxxxxxxxxxxxxxxxxxxxxxxxxxxxxxxxxxxxxxxxxxxxxxxxxxxxxxxxxxxxxxxxxxxxxxxxxxxxxxxxxxxxxxxxxxxx
xxxxxxxxxxxxxxxxxxxxxxxxxxxxxxxxxxxxxxxxxxxxxxxxxxxxxxxxxxxxxxxxxxxxxxxxxxxxxxxxxxxxxxxxxxxxxxxxxxxxxxxxxxxxxxxxxxxxxxx
xxxxxxxxxxxxxxxxxxxxxxxxxxxxxxxxxxxxxxxxxxxxxxxxxxxxxxxxxxxxxxxxxxxxxxxxxxxxxxxxxxxxxxxxxxxxxxxxxxxxxxxxxxxxxxxxxxxxxxx
xxxxxxxxxxxxxxxxxxxxxxxxxxxxxxxxxxxxxxxxxxxxxxxxxxxxxxxxxxxxxxxxxxxxxxxxxxxxxxxxxxxxxxxxxxxxxxxxxxxxxxxxxxxxxxxxxxxxxxx
xxxxxxxxxxxxxxxxxxxxxxxxxxxxxxxxxxxxxxxxxxxxxxxxxxxxxxxxxxxxxxxxxxxxxxxxxxxxxxxxxxxxxxxxxxxxxxxxxxxxxxxxxxxxxxxxxxxxxxx
xxxxxxxxxxxxxxxxxxxxxxxxxxxxxxxxxxxxxxxxxxxxxxxxxxxxxxxxxxxxxxxxxxxxxxxxxxxxxxxxxxxxxxxxxxxxxxxxxxxxxxxxxxxxxxxxxxxxxxx
xxxxxxxxxxxxxxxxxxxxxxxxxxxxxxxxxxxxxxxxxxxxxxxxxxxxxxxxxxxxxxxxxxxxxxxxxxxxxxxxxxxxxxxxxxxxxxxxxxxxxxxxxxxxxxxxxxxxxxx
xxxxxxxxxxxxxxxxxxxxxxxxxxxxxxxxxxxxxxxxxxxxxxxxxxxxxxxxxxxxxxxxxxxxxxxxxxxxxxxxxxxxxxxxxxxxxxxxxxxxxxxxxxxxxxxxxxxxxxx
xxxxxxxxxxxxxxxxxxxxxxxxxxxxxxxxxxxxxxxxxxxxxxxxxxxxxxxxxxxxxxxxxxxxxxxxxxxxxxxxxxxxxxxxxxxxxxxxxxxxxxxxxxxxxxxxxxxxxxx
xxxxxxxxxxxxxxxxxxxxxxxxxxxxxxxxxxxxxxxxxxxxxxxxxxxxxxxxxxxxxxxxxxxxxxxxxxxxxxxxxxxxxxxxxxxxxxxxxxxxxxxxxxxxxxxxxxxxxxx
xxxxxxxxxxxxxxxxxxxxxxxxxxxxxxxxxxxxxxxxxxxxxxxxxxxxxxxxxxxxxxxxxxxxxxxxxxxxxxxxxxxxxxxxxxxxxxxxxxxxxxxxxxxxxxxxxxxxxxx
xxxxxxxxxxxxxxxxxxxxxxxxxxxxxxxxxxxxxxxxxxxxxxxxxxxxxxxxxxxxxxxxxxxxxxxxxxxxxxxxxxxxxxxxxxxxxxxxxxxxxxxxxxxxxxxxxxxxxxx
xxxxxxxxxxxxxxxxxxxxxxxxxxxxxxxxxxxxxxxxxxxxxxxxxxxxxxxxxxxxxxxxxxxxxxxxxxxxxxxxxxxxxxxxxxxxxxxxxxxxxxxxxxxxxxxxxxxxxxx
xxxxxxxxxxxxxxxxxxxxxxxxxxxxxxxxxxxxxxxxxxxxxxxxxxxxxxxxxxxxxxxxxxxxxxxxxxxxxxxxxxxxxxxxxxxxxxxxxxxxxxxxxxxxxxxxxxxxxxx
xxxxxxxxxxxxxxxxxxxxxxxxxxxxxxxxxxxxxxxxxxxxxxxxxxxxxxxxxxxxxxxxxxxxxxxxxxxxxxxxxxxxxxxxxxxxxxxxxxxxxxxxxxxxxxxxxxxxxxx
xxxxxxxxxxxxxxxxxxxxxxxxxxxxxxxxxxxxxxxxxxxxxxxxxxxxxxxxxxxxxxxxxxxxxxxxxxxxxxxxxxxxxxxxxxxxxxxxxxxxxxxxxxxxxxxxxxxxxxx
xxxxxxxxxxxxxxxxxxxxxxxxxxxxxxxxxxxxxxxxxxxxxxxxxxxxxxxxxxxxxxxxxxxxxxxxxxxxxxxxxxxxxxxxxxxxxxxxxxxxxxxxxxxxxxxxxxxxxxx
xxxxxxxxxxxxxxxxxxxxxxxxxxxxxxxxxxxxxxxxxxxxxxxxxxxxxxxxxxxxxxxxxxxxxxxxxxxxxxxxxxxxxxxxxxxxxxxxxxxxxxxxxxxxxxxxxxxxxxx
xxxxxxxxxxxxxxxxxxxxxxxxxxxxxxxxxxxxxxxxxxxxxxxxxxxxxxxxxxxxxxxxxxxxxxxxxxxxxxxxxxxxxxxxxxxxxxxxxxxxxxxxxxxxxxxxxxxxxxx
xxxxxxxxxxxxxxxxxxxxxxxxxxxxxxxxxxxxxxxxxxxxxxxxxxxxxxxxxxxxxxxxxxxxxxxxxxxxxxxxxxxxxxxxxxxxxxxxxxxxxxxxxxxxxxxxxxxxxxx
xxxxxxxxxxxxxxxxxxxxxxxxxxxxxxxxxxxxxxxxxxxxxxxxxxxxxxxxxxxxxxxxxxxxxxxxxxxxxxxxxxxxxxxxxxxxxxxxxxxxxxxxxxxxxxxxxxxxxxx
xxxxxxxxxxxxxxxxxxxxxxxxxxxxxxxxxxxxxxxxxxxxxxxxxxxxxxxxxxxxxxxxxxxxxxxxxxxxxxxxxxxxxxxxxxxxxxxxxxxxxxxxxxxxxxxxxxxxxxx
xxxxxxxxxxxxxxxxxxxxxxxxxxxxxxxxxxxxxxxxxxxxxxxxxxxxxxxxxxxxxxxxxxxxxxxxxxxxxxxxxxxxxxxxxxxxxxxxxxxxxxxxxxxxxxxxxxxxxxx
xxxxxxxxxxxxxxxxxxxxxxxxxxxxxxxxxxxxxxxxxxxxxxxxxxxxxxxxxxxxxxxxxxxxxxxxxxxxxxxxxxxxxxxxxxxxxxxxxxxxxxxxxxxxxxxxxxxxxxx
xxxxxxxxxxxxxxxxxxxxxxxxxxxxxxxxxxxxxxxxxxxxxxxxxxxxxxxxxxxxxxxxxxxxxxxxxxxxxxxxxxxxxxxxxxxxxxxxxxxxxxxxxxxxxxxxxxxxxxx
xxxxxxxxxxxxxxxxxxxxxxxxxxxxxxxxxxxxxxxxxxxxxxxxxxxxxxxxxxxxxxxxxxxxxxxxxxxxxxxxxxxxxxxxxxxxxxxxxxxxxxxxxxxxxxxxxxxxxxx
xxxxxxxxxxxxxxxxxxxxxxxxxxxxxxxxxxxxxxxxxxxxxxxxxxxxxxxxxxxxxxxxxxxxxxxxxxxxxxxxxxxxxxxxxxxxxxxxxxxxxxxxxxxxxxxxxxxxxxx
xxxxxxxxxxxxxxxxxxxxxxxxxxxxxxxxxxxxxxxxxxxxxxxxxxxxxxxxxxxxxxxxxxxxxxxxxxxxxxxxxxxxxxxxxxxxxxxxxxxxxxxxxxxxxxxxxxxxxxx
xxxxxxxxxxxxxxxxxxxxxxxxxxxxxxxxxxxxxxxxxxxxxxxxxxxxxxxxxxxxxxxxxxxxxxxxxxxxxxxxxxxxxxxxxxxxxxxxxxxxxxxxxxxxxxxxxxxxxxx
xxxxxxxxxxxxxxxxxxxxxxxxxxxxxxxxxxxxxxxxxxxxxxxxxxxxxxxxxxxxxxxxxxxxxxxxxxxxxxxxxxxxxxxxxxxxxxxxxxxxxxxxxxxxxxxxxxxxxxx
xxxxxxxxxxxxxxxxxxxxxxxxxxxxxxxxxxxxxxxxxxxxxxxxxxxxxxxxxxxxxxxxxxxxxxxxxxxxxxxxxxxxxxxxxxxxxxxxxxxxxxxxxxxxxxxxxxxxxxx
xxxxxxxxxxxxxxxxxxxxxxxxxxxxxxxxxxxxxxxxxxxxxxxxxxxxxxxxxxxxxxxxxxxxxxxxxxxxxxxxxxxxxxxxxxxxxxxxxxxxxxxxxxxxxxxxxxxxxxx
xxxxxxxxxxxxxxxxxxxxxxxxxxxxxxxxxxxxxxxxxxxxxxxxxxxxxxxxxxxxxxxxxxxxxxxxxxxxxxxxxxxxxxxxxxxxxxxxxxxxxxxxxxxxxxxxxxxxxxx
xxxxxxxxxxxxxxxxxxxxxxxxxxxxxxxxxxxxxxxxxxxxxxxxxxxxxxxxxxxxxxxxxxxxxxxxxxxxxxxxxxxxxxxxxxxxxxxxxxxxxxxxxxxxxxxxxxxxxxx
xxxxxxxxxxxxxxxxxxxxxxxxxxxxxxxxxxxxxxxxxxxxxxxxxxxxxxxxxxxxxxxxxxxxxxxxxxxxxxxxxxxxxxxxxxxxxxxxxxxxxxxxxxxxxxxxxxxxxxx
xxxxxxxxxxxxxxxxxxxxxxxxxxxxxxxxxxxxxxxxxxxxxxxxxxxxxxxxxxxxxxxxxxxxxxxxxxxxxxxxxxxxxxxxxxxxxxxxxxxxxxxxxxxxxxxxxxxxxxx
xxxxxxxxxxxxxxxxxxxxxxxxxxxxxxxxxxxxxxxxxxxxxxxxxxxxxxxxxxxxxxxxxxxxxxxxxxxxxxxxxxxxxxxxxxxxxxxxxxxxxxxxxxxxxxxxxxxxxxx
xxxxxxxxxxxxxxxxxxxxxxxxxxxxxxxxxxxxxxxxxxxxxxxxxxxxxxxxxxxxxxxxxxxxxxxxxxxxxxxxxxxxxxxxxxxxxxxxxxxxxxxxxxxxxxxxxxxxxxx
xxxxxxxxxxxxxxxxxxxxxxxxxxxxxxxxxxxxxxxxxxxxxxxxxxxxxxxxxxxxxxxxxxxxxxxxxxxxxxxxxxxxxxxxxxxxxxxxxxxxxxxxxxxxxxxxxxxxxxx
xxxxxxxxxxxxxxxxxxxxxxxxxxxxxxxxxxxxxxxxxxxxxxxxxxxxxxxxxxxxxxxxxxxxxxxxxxxxxxxxxxxxxxxxxxxxxxxxxxxxxxxxxxxxxxxxxxxxxxx
xxxxxxxxxxxxxxxxxxxxxxxxxxxxxxxxxxxxxxxxxxxxxxxxxxxxxxxxxxxxxxxxxxxxxxxxxxxxxxxxxxxxxxxxxxxxxxxxxxxxxxxxxxxxxxxxxxxxxxx
xxxxxxxxxxxxxxxxxxxxxxxxxxxxxxxxxxxxxxxxxxxxxxxxxxxxxxxxxxxxxxxxxxxxxxxxxxxxxxxxxxxxxxxxxxxxxxxxxxxxxxxxxxxxxxxxxxxxxxx
xxxxxxxxxxxxxxxxxxxxxxxxxxxxxxxxxxxxxxxxxxxxxxxxxxxxxxxxxxxxxxxxxxxxxxxxxxxxxxxxxxxxxxxxxxxxxxxxxxxxxxxxxxxxxxxxxxxxxxx
xxxxxxxxxxxxxxxxxxxxxxxxxxxxxxxxxxxxxxxxxxxxxxxxxxxxxxxxxxxxxxxxxxxxxxxxxxxxxxxxxxxxxxxxxxxxxxxxxxxxxxxxxxxxxxxxxxxxxxx
xxxxxxxxxxxxxxxxxxxxxxxxxxxxxxxxxxxxxxxxxxxxxxxxxxxxxxxxxxxxxxxxxxxxxxxxxxxxxxxxxxxxxxxxxxxxxxxxxxxxxxxxxxxxxxxxxxxxxxx
xxxxxxxxxxxxxxxxxxxxxxxxxxxxxxxxxxxxxxxxxxxxxxxxxxxxxxxxxxxxxxxxxxxxxxxxxxxxxxxxxxxxxxxxxxxxxxxxxxxxxxxxxxxxxxxxxxxxxxx
xxxxxxxxxxxxxxxxxxxxxxxxxxxxxxxxxxxxxxxxxxxxxxxxxxxxxxxxxxxxxxxxxxxxxxxxxxxxxxxxxxxxxxxxxxxxxxxxxxxxxxxxxxxxxxxxxxxxxxx
xxxxxxxxxxxxxxxxxxxxxxxxxxxxxxxxxxxxxxxxxxxxxxxxxxxxxxxxxxxxxxxxxxxxxxxxxxxxxxxxxxxxxxxxxxxxxxxxxxxxxxxxxxxxxxxxxxxxxxx
xxxxxxxxxxxxxxxxxxxxxxxxxxxxxxxxxxxxxxxxxxxxxxxxxxxxxxxxxxxxxxxxxxxxxxxxxxxxxxxxxxxxxxxxxxxxxxxxxxxxxxxxxxxxxxxxxxxxxxx
xxxxxxxxxxxxxxxxxxxxxxxxxxxxxxxxxxxxxxxxxxxxxxxxxxxxxxxxxxxxxxxxxxxxxxxxxxxxxxxxxxxxxxxxxxxxxxxxxxxxxxxxxxxxxxxxxxxxxxx
xxxxxxxxxxxxxxxxxxxxxxxxxxxxxxxxxxxxxxxxxxxxxxxxxxxxxxxxxxxxxxxxxxxxxxxxxxxxxxxxxxxxxxxxxxxxxxxxxxxxxxxxxxxxxxxxxxxxxxx
xxxxxxxxxxxxxxxxxxxxxxxxxxxxxxxxxxxxxxxxxxxxxxxxxxxxxxxxxxxxxxxxxxxxxxxxxxxxxxxxxxxxxxxxxxxxxxxxxxxxxxxxxxxxxxxxxxxxxxx
xxxxxxxxxxxxxxxxxxxxxxxxxxxxxxxxxxxxxxxxxxxxxxxxxxxxxxxxxxxxxxxxxxxxxxxxxxxxxxxxxxxxxxxxxxxxxxxxxxxxxxxxxxxxxxxxxxxxxxx
xxxxxxxxxxxxxxxxxxxxxxxxxxxxxxxxxxxxxxxxxxxxxxxxxxxxxxxxxxxxxxxxxxxxxxxxxxxxxxxxxxxxxxxxxxxxxxxxxxxxxxxxxxxxxxxxxxxxxxx
xxxxxxxxxxxxxxxxxxxxxxxxxxxxxxxxxxxxxxxxxxxxxxxxxxxxxxxxxxxxxxxxxxxxxxxxxxxxxxxxxxxxxxxxxxxxxxxxxxxxxxxxxxxxxxxxxxxxxxx
xxxxxxxxxxxxxxxxxxxxxxxxxxxxxxxxxxxxxxxxxxxxxxxxxxxxxxxxxxxxxxxxxxxxxxxxxxxxxxxxxxxxxxxxxxxxxxxxxxxxxxxxxxxxxxxxxxxxxxx
xxxxxxxxxxxxxxxxxxxxxxxxxxxxxxxxxxxxxxxxxxxxxxxxxxxxxxxxxxxxxxxxxxxxxxxxxxxxxxxxxxxxxxxxxxxxxxxxxxxxxxxxxxxxxxxxxxxxxxx
xxxxxxxxxxxxxxxxxxxxxxxxxxxxxxxxxxxxxxxxxxxxxxxxxxxxxxxxxxxxxxxxxxxxxxxxxxxxxxxxxxxxxxxxxxxxxxxxxxxxxxxxxxxxxxxxxxxxxxx
xxxxxxxxxxxxxxxxxxxxxxxxxxxxxxxxxxxxxxxxxxxxxxxxxxxxxxxxxxxxxxxxxxxxxxxxxxxxxxxxxxxxxxxxxxxxxxxxxxxxxxxxxxxxxxxxxxxxxxx
xxxxxxxxxxxxxxxxxxxxxxxxxxxxxxxxxxxxxxxxxxxxxxxxxxxxxxxxxxxxxxxxxxxxxxxxxxxxxxxxxxxxxxxxxxxxxxxxxxxxxxxxxxxxxxxxxxxxxxx
xxxxxxxxxxxxxxxxxxxxxxxxxxxxxxxxxxxxxxxxxxxxxxxxxxxxxxxxxxxxxxxxxxxxxxxxxxxxxxxxxxxxxxxxxxxxxxxxxxxxxxxxxxxxxxxxxxxxxxx
xxxxxxxxxxxxxxxxxxxxxxxxxxxxxxxxxxxxxxxxxxxxxxxxxxxxxxxxxxxxxxxxxxxxxxxxxxxxxxxxxxxxxxxxxxxxxxxxxxxxxxxxxxxxxxxxxxxxxxx
xxxxxxxxxxxxxxxxxxxxxxxxxxxxxxxxxxxxxxxxxxxxxxxxxxxxxxxxxxxxxxxxxxxxxxxxxxxxxxxxxxxxxxxxxxxxxxxxxxxxxxxxxxxxxxxxxxxxxxx
xxxxxxxxxxxxxxxxxxxxxxxxxxxxxxxxxxxxxxxxxxxxxxxxxxxxxxxxxxxxxxxxxxxxxxxxxxxxxxxxxxxxxxxxxxxxxxxxxxxxxxxxxxxxxxxxxxxxxxx
xxxxxxxxxxxxxxxxxxxxxxxxxxxxxxxxxxxxxxxxxxxxxxxxxxxxxxxxxxxxxxxxxxxxxxxxxxxxxxxxxxxxxxxxxxxxxxxxxxxxxxxxxxxxxxxxxxxxxxx
xxxxxxxxxxxxxxxxxxxxxxxxxxxxxxxxxxxxxxxxxxxxxxxxxxxxxxxxxxxxxxxxxxxxxxxxxxxxxxxxxxxxxxxxxxxxxxxxxxxxxxxxxxxxxxxxxxxxxxx
xxxxxxxxxxxxxxxxxxxxxxxxxxxxxxxxxxxxxxxxxxxxxxxxxxxxxxxxxxxxxxxxxxxxxxxxxxxxxxxxxxxxxxxxxxxxxxxxxxxxxxxxxxxxxxxxxxxxxxx
xxxxxxxxxxxxxxxxxxxxxxxxxxxxxxxxxxxxxxxxxxxxxxxxxxxxxxxxxxxxxxxxxxxxxxxxxxxxxxxxxxxxxxxxxxxxxxxxxxxxxxxxxxxxxxxxxxxxxxx
xxxxxxxxxxxxxxxxxxxxxxxxxxxxxxxxxxxxxxxxxxxxxxxxxxxxxxxxxxxxxxxxxxxxxxxxxxxxxxxxxxxxxxxxxxxxxxxxxxxxxxxxxxxxxxxxxxxxxxx
xxxxxxxxxxxxxxxxxxxxxxxxxxxxxxxxxxxxxxxxxxxxxxxxxxxxxxxxxxxxxxxxxxxxxxxxxxxxxxxxxxxxxxxxxxxxxxxxxxxxxxxxxxxxxxxxxxxxxxx
xxxxxxxxxxxxxxxxxxxxxxxxxxxxxxxxxxxxxxxxxxxxxxxxxxxxxxxxxxxxxxxxxxxxxxxxxxxxxxxxxxxxxxxxxxxxxxxxxxxxxxxxxxxxxxxxxxxxxxx
xxxxxxxxxxxxxxxxxxxxxxxxxxxxxxxxxxxxxxxxxxxxxxxxxxxxxxxxxxxxxxxxxxxxxxxxxxxxxxxxxxxxxxxxxxxxxxxxxxxxxxxxxxxxxxxxxxxxxxx
xxxxxxxxxxxxxxxxxxxxxxxxxxxxxxxxxxxxxxxxxxxxxxxxxxxxxxxxxxxxxxxxxxxxxxxxxxxxxxxxxxxxxxxxxxxxxxxxxxxxxxxxxxxxxxxxxxxxxxx
xxxxxxxxxxxxxxxxxxxxxxxxxxxxxxxxxxxxxxxxxxxxxxxxxxxxxxxxxxxxxxxxxxxxxxxxxxxxxxxxxxxxxxxxxxxxxxxxxxxxxxxxxxxxxxxxxxxxxxx
xxxxxxxxxxxxxxxxxxxxxxxxxxxxxxxxxxxxxxxxxxxxxxxxxxxxxxxxxxxxxxxxxxxxxxxxxxxxxxxxxxxxxxxxxxxxxxxxxxxxxxxxxxxxxxxxxxxxxxx
xxxxxxxxxxxxxxxxxxxxxxxxxxxxxxxxxxxxxxxxxxxxxxxxxxxxxxxxxxxxxxxxxxxxxxxxxxxxxxxxxxxxxxxxxxxxxxxxxxxxxxxxxxxxxxxxxxxxxxx
xxxxxxxxxxxxxxxxxxxxxxxxxxxxxxxxxxxxxxxxxxxxxxxxxxxxxxxxxxxxxxxxxxxxxxxxxxxxxxxxxxxxxxxxxxxxxxxxxxxxxxxxxxxxxxxxxxxxxxx
xxxxxxxxxxxxxxxxxxxxxxxxxxxxxxxxxxxxxxxxxxxxxxxxxxxxxxxxxxxxxxxxxxxxxxxxxxxxxxxxxxxxxxxxxxxxxxxxxxxxxxxxxxxxxxxxxxxxxxx
xxxxxxxxxxxxxxxxxxxxxxxxxxxxxxxxxxxxxxxxxxxxxxxxxxxxxxxxxxxxxxxxxxxxxxxxxxxxxxxxxxxxxxxxxxxxxxxxxxxxxxxxxxxxxxxxxxxxxxx
xxxxxxxxxxxxxxxxxxxxxxxxxxxxxxxxxxxxxxxxxxxxxxxxxxxxxxxxxxxxxxxxxxxxxxxxxxxxxxxxxxxxxxxxxxxxxxxxxxxxxxxxxxxxxxxxxxxxxxx
xxxxxxxxxxxxxxxxxxxxxxxxxxxxxxxxxxxxxxxxxxxxxxxxxxxxxxxxxxxxxxxxxxxxxxxxxxxxxxxxxxxxxxxxxxxxxxxxxxxxxxxxxxxxxxxxxxxxxxx
xxxxxxxxxxxxxxxxxxxxxxxxxxxxxxxxxxxxxxxxxxxxxxxxxxxxxxxxxxxxxxxxxxxxxxxxxxxxxxxxxxxxxxxxxxxxxxxxxxxxxxxxxxxxxxxxxxxxxxx
xxxxxxxxxxxxxxxxxxxxxxxxxxxxxxxxxxxxxxxxxxxxxxxxxxxxxxxxxxxxxxxxxxxxxxxxxxxxxxxxxxxxxxxxxxxxxxxxxxxxxxxxxxxxxxxxxxxxxxx
xxxxxxxxxxxxxxxxxxxxxxxxxxxxxxxxxxxxxxxxxxxxxxxxxxxxxxxxxxxxxxxxxxxxxxxxxxxxxxxxxxxxxxxxxxxxxxxxxxxxxxxxxxxxxxxxxxxxxxx
xxxxxxxxxxxxxxxxxxxxxxxxxxxxxxxxxxxxxxxxxxxxxxxxxxxxxxxxxxxxxxxxxxxxxxxxxxxxxxxxxxxxxxxxxxxxxxxxxxxxxxxxxxxxxxxxxxxxxxx
xxxxxxxxxxxxxxxxxxxxxxxxxxxxxxxxxxxxxxxxxxxxxxxxxxxxxxxxxxxxxxxxxxxxxxxxxxxxxxxxxxxxxxxxxxxxxxxxxxxxxxxxxxxxxxxxxxxxxxx
xxxxxxxxxxxxxxxxxxxxxxxxxxxxxxxxxxxxxxxxxxxxxxxxxxxxxxxxxxxxxxxxxxxxxxxxxxxxxxxxxxxxxxxxxxxxxxxxxxxxxxxxxxxxxxxxxxxxxxx
xxxxxxxxxxxxxxxxxxxxxxxxxxxxxxxxxxxxxxxxxxxxxxxxxxxxxxxxxxxxxxxxxxxxxxxxxxxxxxxxxxxxxxxxxxxxxxxxxxxxxxxxxxxxxxxxxxxxxxx
xxxxxxxxxxxxxxxxxxxxxxxxxxxxxxxxxxxxxxxxxxxxxxxxxxxxxxxxxxxxxxxxxxxxxxxxxxxxxxxxxxxxxxxxxxxxxxxxxxxxxxxxxxxxxxxxxxxxxxx
xxxxxxxxxxxxxxxxxxxxxxxxxxxxxxxxxxxxxxxxxxxxxxxxxxxxxxxxxxxxxxxxxxxxxxxxxxxxxxxxxxxxxxxxxxxxxxxxxxxxxxxxxxxxxxxxxxxxxxx
xxxxxxxxxxxxxxxxxxxxxxxxxxxxxxxxxxxxxxxxxxxxxxxxxxxxxxxxxxxxxxxxxxxxxxxxxxxxxxxxxxxxxxxxxxxxxxxxxxxxxxxxxxxxxxxxxxxxxxx
xxxxxxxxxxxxxxxxxxxxxxxxxxxxxxxxxxxxxxxxxxxxxxxxxxxxxxxxxxxxxxxxxxxxxxxxxxxxxxxxxxxxxxxxxxxxxxxxxxxxxxxxxxxxxxxxxxxxxxx
xxxxxxxxxxxxxxxxxxxxxxxxxxxxxxxxxxxxxxxxxxxxxxxxxxxxxxxxxxxxxxxxxxxxxxxxxxxxxxxxxxxxxxxxxxxxxxxxxxxxxxxxxxxxxxxxxxxxxxx
xxxxxxxxxxxxxxxxxxxxxxxxxxxxxxxxxxxxxxxxxxxxxxxxxxxxxxxxxxxxxxxxxxxxxxxxxxxxxxxxxxxxxxxxxxxxxxxxxxxxxxxxxxxxxxxxxxxxxxx
xxxxxxxxxxxxxxxxxxxxxxxxxxxxxxxxxxxxxxxxxxxxxxxxxxxxxxxxxxxxxxxxxxxxxxxxxxxxxxxxxxxxxxxxxxxxxxxxxxxxxxxxxxxxxxxxxxxxxxx
xxxxxxxxxxxxxxxxxxxxxxxxxxxxxxxxxxxxxxxxxxxxxxxxxxxxxxxxxxxxxxxxxxxxxxxxxxxxxxxxxxxxxxxxxxxxxxxxxxxxxxxxxxxxxxxxxxxxxxx
xxxxxxxxxxxxxxxxxxxxxxxxxxxxxxxxxxxxxxxxxxxxxxxxxxxxxxxxxxxxxxxxxxxxxxxxxxxxxxxxxxxxxxxxxxxxxxxxxxxxxxxxxxxxxxxxxxxxxxx
xxxxxxxxxxxxxxxxxxxxxxxxxxxxxxxxxxxxxxxxxxxxxxxxxxxxxxxxxxxxxxxxxxxxxxxxxxxxxxxxxxxxxxxxxxxxxxxxxxxxxxxxxxxxxxxxxxxxxxx
xxxxxxxxxxxxxxxxxxxxxxxxxxxxxxxxxxxxxxxxxxxxxxxxxxxxxxxxxxxxxxxxxxxxxxxxxxxxxxxxxxxxxxxxxxxxxxxxxxxxxxxxxxxxxxxxxxxxxxx
xxxxxxxxxxxxxxxxxxxxxxxxxxxxxxxxxxxxxxxxxxxxxxxxxxxxxxxxxxxxxxxxxxxxxxxxxxxxxxxxxxxxxxxxxxxxxxxxxxxxxxxxxxxxxxxxxxxxxxx
xxxxxxxxxxxxxxxxxxxxxxxxxxxxxxxxxxxxxxxxxxxxxxxxxxxxxxxxxxxxxxxxxxxxxxxxxxxxxxxxxxxxxxxxxxxxxxxxxxxxxxxxxxxxxxxxxxxxxxx
xxxxxxxxxxxxxxxxxxxxxxxxxxxxxxxxxxxxxxxxxxxxxxxxxxxxxxxxxxxxxxxxxxxxxxxxxxxxxxxxxxxxxxxxxxxxxxxxxxxxxxxxxxxxxxxxxxxxxxx
xxxxxxxxxxxxxxxxxxxxxxxxxxxxxxxxxxxxxxxxxxxxxxxxxxxxxxxxxxxxxxxxxxxxxxxxxxxxxxxxxxxxxxxxxxxxxxxxxxxxxxxxxxxxxxxxxxxxxxx
xxxxxxxxxxxxxxxxxxxxxxxxxxxxxxxxxxxxxxxxxxxxxxxxxxxxxxxxxxxxxxxxxxxxxxxxxxxxxxxxxxxxxxxxxxxxxxxxxxxxxxxxxxxxxxxxxxxxxxx
xxxxxxxxxxxxxxxxxxxxxxxxxxxxxxxxxxxxxxxxxxxxxxxxxxxxxxxxxxxxxxxxxxxxxxxxxxxxxxxxxxxxxxxxxxxxxxxxxxxxxxxxxxxxxxxxxxxxxxx
xxxxxxxxxxxxxxxxxxxxxxxxxxxxxxxxxxxxxxxxxxxxxxxxxxxxxxxxxxxxxxxxxxxxxxxxxxxxxxxxxxxxxxxxxxxxxxxxxxxxxxxxxxxxxxxxxxxxxxx
xxxxxxxxxxxxxxxxxxxxxxxxxxxxxxxxxxxxxxxxxxxxxxxxxxxxxxxxxxxxxxxxxxxxxxxxxxxxxxxxxxxxxxxxxxxxxxxxxxxxxxxxxxxxxxxxxxxxxxx
xxxxxxxxxxxxxxxxxxxxxxxxxxxxxxxxxxxxxxxxxxxxxxxxxxxxxxxxxxxxxxxxxxxxxxxxxxxxxxxxxxxxxxxxxxxxxxxxxxxxxxxxxxxxxxxxxxxxxxx
xxxxxxxxxxxxxxxxxxxxxxxxxxxxxxxxxxxxxxxxxxxxxxxxxxxxxxxxxxxxxxxxxxxxxxxxxxxxxxxxxxxxxxxxxxxxxxxxxxxxxxxxxxxxxxxxxxxxxxx
xxxxxxxxxxxxxxxxxxxxxxxxxxxxxxxxxxxxxxxxxxxxxxxxxxxxxxxxxxxxxxxxxxxxxxxxxxxxxxxxxxxxxxxxxxxxxxxxxxxxxxxxxxxxxxxxxxxxxxx
xxxxxxxxxxxxxxxxxxxxxxxxxxxxxxxxxxxxxxxxxxxxxxxxxxxxxxxxxxxxxxxxxxxxxxxxxxxxxxxxxxxxxxxxxxxxxxxxxxxxxxxxxxxxxxxxxxxxxxx
xxxxxxxxxxxxxxxxxxxxxxxxxxxxxxxxxxxxxxxxxxxxxxxxxxxxxxxxxxxxxxxxxxxxxxxxxxxxxxxxxxxxxxxxxxxxxxxxxxxxxxxxxxxxxxxxxxxxxxx
xxxxxxxxxxxxxxxxxxxxxxxxxxxxxxxxxxxxxxxxxxxxxxxxxxxxxxxxxxxxxxxxxxxxxxxxxxxxxxxxxxxxxxxxxxxxxxxxxxxxxxxxxxxxxxxxxxxxxxx
xxxxxxxxxxxxxxxxxxxxxxxxxxxxxxxxxxxxxxxxxxxxxxxxxxxxxxxxxxxxxxxxxxxxxxxxxxxxxxxxxxxxxxxxxxxxxxxxxxxxxxxxxxxxxxxxxxxxxxx
xxxxxxxxxxxxxxxxxxxxxxxxxxxxxxxxxxxxxxxxxxxxxxxxxxxxxxxxxxxxxxxxxxxxxxxxxxxxxxxxxxxxxxxxxxxxxxxxxxxxxxxxxxxxxxxxxxxxxxx
xxxxxxxxxxxxxxxxxxxxxxxxxxxxxxxxxxxxxxxxxxxxxxxxxxxxxxxxxxxxxxxxxxxxxxxxxxxxxxxxxxxxxxxxxxxxxxxxxxxxxxxxxxxxxxxxxxxxxxx
xxxxxxxxxxxxxxxxxxxxxxxxxxxxxxxxxxxxxxxxxxxxxxxxxxxxxxxxxxxxxxxxxxxxxxxxxxxxxxxxxxxxxxxxxxxxxxxxxxxxxxxxxxxxxxxxxxxxxxx
xxxxxxxxxxxxxxxxxxxxxxxxxxxxxxxxxxxxxxxxxxxxxxxxxxxxxxxxxxxxxxxxxxxxxxxxxxxxxxxxxxxxxxxxxxxxxxxxxxxxxxxxxxxxxxxxxxxxxxx
xxxxxxxxxxxxxxxxxxxxxxxxxxxxxxxxxxxxxxxxxxxxxxxxxxxxxxxxxxxxxxxxxxxxxxxxxxxxxxxxxxxxxxxxxxxxxxxxxxxxxxxxxxxxxxxxxxxxxxx
xxxxxxxxxxxxxxxxxxxxxxxxxxxxxxxxxxxxxxxxxxxxxxxxxxxxxxxxxxxxxxxxxxxxxxxxxxxxxxxxxxxxxxxxxxxxxxxxxxxxxxxxxxxxxxxxxxxxxxx
xxxxxxxxxxxxxxxxxxxxxxxxxxxxxxxxxxxxxxxxxxxxxxxxxxxxxxxxxxxxxxxxxxxxxxxxxxxxxxxxxxxxxxxxxxxxxxxxxxxxxxxxxxxxxxxxxxxxxxx
xxxxxxxxxxxxxxxxxxxxxxxxxxxxxxxxxxxxxxxxxxxxxxxxxxxxxxxxxxxxxxxxxxxxxxxxxxxxxxxxxxxxxxxxxxxxxxxxxxxxxxxxxxxxxxxxxxxxxxx
xxxxxxxxxxxxxxxxxxxxxxxxxxxxxxxxxxxxxxxxxxxxxxxxxxxxxxxxxxxxxxxxxxxxxxxxxxxxxxxxxxxxxxxxxxxxxxxxxxxxxxxxxxxxxxxxxxxxxxx
xxxxxxxxxxxxxxxxxxxxxxxxxxxxxxxxxxxxxxxxxxxxxxxxxxxxxxxxxxxxxxxxxxxxxxxxxxxxxxxxxxxxxxxxxxxxxxxxxxxxxxxxxxxxxxxxxxxxxxx
xxxxxxxxxxxxxxxxxxxxxxxxxxxxxxxxxxxxxxxxxxxxxxxxxxxxxxxxxxxxxxxxxxxxxxxxxxxxxxxxxxxxxxxxxxxxxxxxxxxxxxxxxxxxxxxxxxxxxxx
xxxxxxxxxxxxxxxxxxxxxxxxxxxxxxxxxxxxxxxxxxxxxxxxxxxxxxxxxxxxxxxxxxxxxxxxxxxxxxxxxxxxxxxxxxxxxxxxxxxxxxxxxxxxxxxxxxxxxxx
xxxxxxxxxxxxxxxxxxxxxxxxxxxxxxxxxxxxxxxxxxxxxxxxxxxxxxxxxxxxxxxxxxxxxxxxxxxxxxxxxxxxxxxxxxxxxxxxxxxxxxxxxxxxxxxxxxxxxxx
xxxxxxxxxxxxxxxxxxxxxxxxxxxxxxxxxxxxxxxxxxxxxxxxxxxxxxxxxxxxxxxxxxxxxxxxxxxxxxxxxxxxxxxxxxxxxxxxxxxxxxxxxxxxxxxxxxxxxxx
xxxxxxxxxxxxxxxxxxxxxxxxxxxxxxxxxxxxxxxxxxxxxxxxxxxxxxxxxxxxxxxxxxxxxxxxxxxxxxxxxxxxxxxxxxxxxxxxxxxxxxxxxxxxxxxxxxxxxxx
xxxxxxxxxxxxxxxxxxxxxxxxxxxxxxxxxxxxxxxxxxxxxxxxxxxxxxxxxxxxxxxxxxxxxxxxxxxxxxxxxxxxxxxxxxxxxxxxxxxxxxxxxxxxxxxxxxxxxxx
xxxxxxxxxxxxxxxxxxxxxxxxxxxxxxxxxxxxxxxxxxxxxxxxxxxxxxxxxxxxxxxxxxxxxxxxxxxxxxxxxxxxxxxxxxxxxxxxxxxxxxxxxxxxxxxxxxxxxxx
xxxxxxxxxxxxxxxxxxxxxxxxxxxxxxxxxxxxxxxxxxxxxxxxxxxxxxxxxxxxxxxxxxxxxxxxxxxxxxxxxxxxxxxxxxxxxxxxxxxxxxxxxxxxxxxxxxxxxxx
xxxxxxxxxxxxxxxxxxxxxxxxxxxxxxxxxxxxxxxxxxxxxxxxxxxxxxxxxxxxxxxxxxxxxxxxxxxxxxxxxxxxxxxxxxxxxxxxxxxxxxxxxxxxxxxxxxxxxxx
xxxxxxxxxxxxxxxxxxxxxxxxxxxxxxxxxxxxxxxxxxxxxxxxxxxxxxxxxxxxxxxxxxxxxxxxxxxxxxxxxxxxxxxxxxxxxxxxxxxxxxxxxxxxxxxxxxxxxxx
xxxxxxxxxxxxxxxxxxxxxxxxxxxxxxxxxxxxxxxxxxxxxxxxxxxxxxxxxxxxxxxxxxxxxxxxxxxxxxxxxxxxxxxxxxxxxxxxxxxxxxxxxxxxxxxxxxxxxxx
xxxxxxxxxxxxxxxxxxxxxxxxxxxxxxxxxxxxxxxxxxxxxxxxxxxxxxxxxxxxxxxxxxxxxxxxxxxxxxxxxxxxxxxxxxxxxxxxxxxxxxxxxxxxxxxxxxxxxxx
xxxxxxxxxxxxxxxxxxxxxxxxxxxxxxxxxxxxxxxxxxxxxxxxxxxxxxxxxxxxxxxxxxxxxxxxxxxxxxxxxxxxxxxxxxxxxxxxxxxxxxxxxxxxxxxxxxxxxxx
xxxxxxxxxxxxxxxxxxxxxxxxxxxxxxxxxxxxxxxxxxxxxxxxxxxxxxxxxxxxxxxxxxxxxxxxxxxxxxxxxxxxxxxxxxxxxxxxxxxxxxxxxxxxxxxxxxxxxxx
xxxxxxxxxxxxxxxxxxxxxxxxxxxxxxxxxxxxxxxxxxxxxxxxxxxxxxxxxxxxxxxxxxxxxxxxxxxxxxxxxxxxxxxxxxxxxxxxxxxxxxxxxxxxxxxxxxxxxxx
xxxxxxxxxxxxxxxxxxxxxxxxxxxxxxxxxxxxxxxxxxxxxxxxxxxxxxxxxxxxxxxxxxxxxxxxxxxxxxxxxxxxxxxxxxxxxxxxxxxxxxxxxxxxxxxxxxxxxxx
xxxxxxxxxxxxxxxxxxxxxxxxxxxxxxxxxxxxxxxxxxxxxxxxxxxxxxxxxxxxxxxxxxxxxxxxxxxxxxxxxxxxxxxxxxxxxxxxxxxxxxxxxxxxxxxxxxxxxxx
xxxxxxxxxxxxxxxxxxxxxxxxxxxxxxxxxxxxxxxxxxxxxxxxxxxxxxxxxxxxxxxxxxxxxxxxxxxxxxxxxxxxxxxxxxxxxxxxxxxxxxxxxxxxxxxxxxxxxxx
xxxxxxxxxxxxxxxxxxxxxxxxxxxxxxxxxxxxxxxxxxxxxxxxxxxxxxxxxxxxxxxxxxxxxxxxxxxxxxxxxxxxxxxxxxxxxxxxxxxxxxxxxxxxxxxxxxxxxxx
xxxxxxxxxxxxxxxxxxxxxxxxxxxxxxxxxxxxxxxxxxxxxxxxxxxxxxxxxxxxxxxxxxxxxxxxxxxxxxxxxxxxxxxxxxxxxxxxxxxxxxxxxxxxxxxxxxxxxxx
xxxxxxxxxxxxxxxxxxxxxxxxxxxxxxxxxxxxxxxxxxxxxxxxxxxxxxxxxxxxxxxxxxxxxxxxxxxxxxxxxxxxxxxxxxxxxxxxxxxxxxxxxxxxxxxxxxxxxxx
xxxxxxxxxxxxxxxxxxxxxxxxxxxxxxxxxxxxxxxxxxxxxxxxxxxxxxxxxxxxxxxxxxxxxxxxxxxxxxxxxxxxxxxxxxxxxxxxxxxxxxxxxxxxxxxxxxxxxxx
xxxxxxxxxxxxxxxxxxxxxxxxxxxxxxxxxxxxxxxxxxxxxxxxxxxxxxxxxxxxxxxxxxxxxxxxxxxxxxxxxxxxxxxxxxxxxxxxxxxxxxxxxxxxxxxxxxxxxxx
xxxxxxxxxxxxxxxxxxxxxxxxxxxxxxxxxxxxxxxxxxxxxxxxxxxxxxxxxxxxxxxxxxxxxxxxxxxxxxxxxxxxxxxxxxxxxxxxxxxxxxxxxxxxxxxxxxxxxxx
xxxxxxxxxxxxxxxxxxxxxxxxxxxxxxxxxxxxxxxxxxxxxxxxxxxxxxxxxxxxxxxxxxxxxxxxxxxxxxxxxxxxxxxxxxxxxxxxxxxxxxxxxxxxxxxxxxxxxxx
xxxxxxxxxxxxxxxxxxxxxxxxxxxxxxxxxxxxxxxxxxxxxxxxxxxxxxxxxxxxxxxxxxxxxxxxxxxxxxxxxxxxxxxxxxxxxxxxxxxxxxxxxxxxxxxxxxxxxxx
xxxxxxxxxxxxxxxxxxxxxxxxxxxxxxxxxxxxxxxxxxxxxxxxxxxxxxxxxxxxxxxxxxxxxxxxxxxxxxxxxxxxxxxxxxxxxxxxxxxxxxxxxxxxxxxxxxxxxxx
xxxxxxxxxxxxxxxxxxxxxxxxxxxxxxxxxxxxxxxxxxxxxxxxxxxxxxxxxxxxxxxxxxxxxxxxxxxxxxxxxxxxxxxxxxxxxxxxxxxxxxxxxxxxxxxxxxxxxxx
xxxxxxxxxxxxxxxxxxxxxxxxxxxxxxxxxxxxxxxxxxxxxxxxxxxxxxxxxxxxxxxxxxxxxxxxxxxxxxxxxxxxxxxxxxxxxxxxxxxxxxxxxxxxxxxxxxxxxxx
xxxxxxxxxxxxxxxxxxxxxxxxxxxxxxxxxxxxxxxxxxxxxxxxxxxxxxxxxxxxxxxxxxxxxxxxxxxxxxxxxxxxxxxxxxxxxxxxxxxxxxxxxxxxxxxxxxxxxxx
xxxxxxxxxxxxxxxxxxxxxxxxxxxxxxxxxxxxxxxxxxxxxxxxxxxxxxxxxxxxxxxxxxxxxxxxxxxxxxxxxxxxxxxxxxxxxxxxxxxxxxxxxxxxxxxxxxxxxxx
xxxxxxxxxxxxxxxxxxxxxxxxxxxxxxxxxxxxxxxxxxxxxxxxxxxxxxxxxxxxxxxxxxxxxxxxxxxxxxxxxxxxxxxxxxxxxxxxxxxxxxxxxxxxxxxxxxxxxxx
xxxxxxxxxxxxxxxxxxxxxxxxxxxxxxxxxxxxxxxxxxxxxxxxxxxxxxxxxxxxxxxxxxxxxxxxxxxxxxxxxxxxxxxxxxxxxxxxxxxxxxxxxxxxxxxxxxxxxxx
xxxxxxxxxxxxxxxxxxxxxxxxxxxxxxxxxxxxxxxxxxxxxxxxxxxxxxxxxxxxxxxxxxxxxxxxxxxxxxxxxxxxxxxxxxxxxxxxxxxxxxxxxxxxxxxxxxxxxxx
xxxxxxxxxxxxxxxxxxxxxxxxxxxxxxxxxxxxxxxxxxxxxxxxxxxxxxxxxxxxxxxxxxxxxxxxxxxxxxxxxxxxxxxxxxxxxxxxxxxxxxxxxxxxxxxxxxxxxxx
xxxxxxxxxxxxxxxxxxxxxxxxxxxxxxxxxxxxxxxxxxxxxxxxxxxxxxxxxxxxxxxxxxxxxxxxxxxxxxxxxxxxxxxxxxxxxxxxxxxxxxxxxxxxxxxxxxxxxxx
xxxxxxxxxxxxxxxxxxxxxxxxxxxxxxxxxxxxxxxxxxxxxxxxxxxxxxxxxxxxxxxxxxxxxxxxxxxxxxxxxxxxxxxxxxxxxxxxxxxxxxxxxxxxxxxxxxxxxxx
xxxxxxxxxxxxxxxxxxxxxxxxxxxxxxxxxxxxxxxxxxxxxxxxxxxxxxxxxxxxxxxxxxxxxxxxxxxxxxxxxxxxxxxxxxxxxxxxxxxxxxxxxxxxxxxxxxxxxxx
xxxxxxxxxxxxxxxxxxxxxxxxxxxxxxxxxxxxxxxxxxxxxxxxxxxxxxxxxxxxxxxxxxxxxxxxxxxxxxxxxxxxxxxxxxxxxxxxxxxxxxxxxxxxxxxxxxxxxxx
xxxxxxxxxxxxxxxxxxxxxxxxxxxxxxxxxxxxxxxxxxxxxxxxxxxxxxxxxxxxxxxxxxxxxxxxxxxxxxxxxxxxxxxxxxxxxxxxxxxxxxxxxxxxxxxxxxxxxxx
xxxxxxxxxxxxxxxxxxxxxxxxxxxxxxxxxxxxxxxxxxxxxxxxxxxxxxxxxxxxxxxxxxxxxxxxxxxxxxxxxxxxxxxxxxxxxxxxxxxxxxxxxxxxxxxxxxxxxxx
xxxxxxxxxxxxxxxxxxxxxxxxxxxxxxxxxxxxxxxxxxxxxxxxxxxxxxxxxxxxxxxxxxxxxxxxxxxxxxxxxxxxxxxxxxxxxxxxxxxxxxxxxxxxxxxxxxxxxxx
xxxxxxxxxxxxxxxxxxxxxxxxxxxxxxxxxxxxxxxxxxxxxxxxxxxxxxxxxxxxxxxxxxxxxxxxxxxxxxxxxxxxxxxxxxxxxxxxxxxxxxxxxxxxxxxxxxxxxxx
xxxxxxxxxxxxxxxxxxxxxxxxxxxxxxxxxxxxxxxxxxxxxxxxxxxxxxxxxxxxxxxxxxxxxxxxxxxxxxxxxxxxxxxxxxxxxxxxxxxxxxxxxxxxxxxxxxxxxxx
xxxxxxxxxxxxxxxxxxxxxxxxxxxxxxxxxxxxxxxxxxxxxxxxxxxxxxxxxxxxxxxxxxxxxxxxxxxxxxxxxxxxxxxxxxxxxxxxxxxxxxxxxxxxxxxxxxxxxxx
xxxxxxxxxxxxxxxxxxxxxxxxxxxxxxxxxxxxxxxxxxxxxxxxxxxxxxxxxxxxxxxxxxxxxxxxxxxxxxxxxxxxxxxxxxxxxxxxxxxxxxxxxxxxxxxxxxxxxxx
xxxxxxxxxxxxxxxxxxxxxxxxxxxxxxxxxxxxxxxxxxxxxxxxxxxxxxxxxxxxxxxxxxxxxxxxxxxxxxxxxxxxxxxxxxxxxxxxxxxxxxxxxxxxxxxxxxxxxxx
xxxxxxxxxxxxxxxxxxxxxxxxxxxxxxxxxxxxxxxxxxxxxxxxxxxxxxxxxxxxxxxxxxxxxxxxxxxxxxxxxxxxxxxxxxxxxxxxxxxxxxxxxxxxxxxxxxxxxxx
xxxxxxxxxxxxxxxxxxxxxxxxxxxxxxxxxxxxxxxxxxxxxxxxxxxxxxxxxxxxxxxxxxxxxxxxxxxxxxxxxxxxxxxxxxxxxxxxxxxxxxxxxxxxxxxxxxxxxxx
xxxxxxxxxxxxxxxxxxxxxxxxxxxxxxxxxxxxxxxxxxxxxxxxxxxxxxxxxxxxxxxxxxxxxxxxxxxxxxxxxxxxxxxxxxxxxxxxxxxxxxxxxxxxxxxxxxxxxxx
xxxxxxxxxxxxxxxxxxxxxxxxxxxxxxxxxxxxxxxxxxxxxxxxxxxxxxxxxxxxxxxxxxxxxxxxxxxxxxxxxxxxxxxxxxxxxxxxxxxxxxxxxxxxxxxxxxxxxxx
xxxxxxxxxxxxxxxxxxxxxxxxxxxxxxxxxxxxxxxxxxxxxxxxxxxxxxxxxxxxxxxxxxxxxxxxxxxxxxxxxxxxxxxxxxxxxxxxxxxxxxxxxxxxxxxxxxxxxxx
xxxxxxxxxxxxxxxxxxxxxxxxxxxxxxxxxxxxxxxxxxxxxxxxxxxxxxxxxxxxxxxxxxxxxxxxxxxxxxxxxxxxxxxxxxxxxxxxxxxxxxxxxxxxxxxxxxxxxxx
xxxxxxxxxxxxxxxxxxxxxxxxxxxxxxxxxxxxxxxxxxxxxxxxxxxxxxxxxxxxxxxxxxxxxxxxxxxxxxxxxxxxxxxxxxxxxxxxxxxxxxxxxxxxxxxxxxxxxxx
xxxxxxxxxxxxxxxxxxxxxxxxxxxxxxxxxxxxxxxxxxxxxxxxxxxxxxxxxxxxxxxxxxxxxxxxxxxxxxxxxxxxxxxxxxxxxxxxxxxxxxxxxxxxxxxxxxxxxxx
xxxxxxxxxxxxxxxxxxxxxxxxxxxxxxxxxxxxxxxxxxxxxxxxxxxxxxxxxxxxxxxxxxxxxxxxxxxxxxxxxxxxxxxxxxxxxxxxxxxxxxxxxxxxxxxxxxxxxxx
xxxxxxxxxxxxxxxxxxxxxxxxxxxxxxxxxxxxxxxxxxxxxxxxxxxxxxxxxxxxxxxxxxxxxxxxxxxxxxxxxxxxxxxxxxxxxxxxxxxxxxxxxxxxxxxxxxxxxxx
xxxxxxxxxxxxxxxxxxxxxxxxxxxxxxxxxxxxxxxxxxxxxxxxxxxxxxxxxxxxxxxxxxxxxxxxxxxxxxxxxxxxxxxxxxxxxxxxxxxxxxxxxxxxxxxxxxxxxxx
xxxxxxxxxxxxxxxxxxxxxxxxxxxxxxxxxxxxxxxxxxxxxxxxxxxxxxxxxxxxxxxxxxxxxxxxxxxxxxxxxxxxxxxxxxxxxxxxxxxxxxxxxxxxxxxxxxxxxxx
xxxxxxxxxxxxxxxxxxxxxxxxxxxxxxxxxxxxxxxxxxxxxxxxxxxxxxxxxxxxxxxxxxxxxxxxxxxxxxxxxxxxxxxxxxxxxxxxxxxxxxxxxxxxxxxxxxxxxxx
xxxxxxxxxxxxxxxxxxxxxxxxxxxxxxxxxxxxxxxxxxxxxxxxxxxxxxxxxxxxxxxxxxxxxxxxxxxxxxxxxxxxxxxxxxxxxxxxxxxxxxxxxxxxxxxxxxxxxxx
xxxxxxxxxxxxxxxxxxxxxxxxxxxxxxxxxxxxxxxxxxxxxxxxxxxxxxxxxxxxxxxxxxxxxxxxxxxxxxxxxxxxxxxxxxxxxxxxxxxxxxxxxxxxxxxxxxxxxxx
xxxxxxxxxxxxxxxxxxxxxxxxxxxxxxxxxxxxxxxxxxxxxxxxxxxxxxxxxxxxxxxxxxxxxxxxxxxxxxxxxxxxxxxxxxxxxxxxxxxxxxxxxxxxxxxxxxxxxxx
xxxxxxxxxxxxxxxxxxxxxxxxxxxxxxxxxxxxxxxxxxxxxxxxxxxxxxxxxxxxxxxxxxxxxxxxxxxxxxxxxxxxxxxxxxxxxxxxxxxxxxxxxxxxxxxxxxxxxxx
xxxxxxxxxxxxxxxxxxxxxxxxxxxxxxxxxxxxxxxxxxxxxxxxxxxxxxxxxxxxxxxxxxxxxxxxxxxxxxxxxxxxxxxxxxxxxxxxxxxxxxxxxxxxxxxxxxxxxxx
xxxxxxxxxxxxxxxxxxxxxxxxxxxxxxxxxxxxxxxxxxxxxxxxxxxxxxxxxxxxxxxxxxxxxxxxxxxxxxxxxxxxxxxxxxxxxxxxxxxxxxxxxxxxxxxxxxxxxxx
xxxxxxxxxxxxxxxxxxxxxxxxxxxxxxxxxxxxxxxxxxxxxxxxxxxxxxxxxxxxxxxxxxxxxxxxxxxxxxxxxxxxxxxxxxxxxxxxxxxxxxxxxxxxxxxxxxxxxxx
xxxxxxxxxxxxxxxxxxxxxxxxxxxxxxxxxxxxxxxxxxxxxxxxxxxxxxxxxxxxxxxxxxxxxxxxxxxxxxxxxxxxxxxxxxxxxxxxxxxxxxxxxxxxxxxxxxxxxxx
xxxxxxxxxxxxxxxxxxxxxxxxxxxxxxxxxxxxxxxxxxxxxxxxxxxxxxxxxxxxxxxxxxxxxxxxxxxxxxxxxxxxxxxxxxxxxxxxxxxxxxxxxxxxxxxxxxxxxxx
xxxxxxxxxxxxxxxxxxxxxxxxxxxxxxxxxxxxxxxxxxxxxxxxxxxxxxxxxxxxxxxxxxxxxxxxxxxxxxxxxxxxxxxxxxxxxxxxxxxxxxxxxxxxxxxxxxxxxxx
xxxxxxxxxxxxxxxxxxxxxxxxxxxxxxxxxxxxxxxxxxxxxxxxxxxxxxxxxxxxxxxxxxxxxxxxxxxxxxxxxxxxxxxxxxxxxxxxxxxxxxxxxxxxxxxxxxxxxxx
xxxxxxxxxxxxxxxxxxxxxxxxxxxxxxxxxxxxxxxxxxxxxxxxxxxxxxxxxxxxxxxxxxxxxxxxxxxxxxxxxxxxxxxxxxxxxxxxxxxxxxxxxxxxxxxxxxxxxxx
xxxxxxxxxxxxxxxxxxxxxxxxxxxxxxxxxxxxxxxxxxxxxxxxxxxxxxxxxxxxxxxxxxxxxxxxxxxxxxxxxxxxxxxxxxxxxxxxxxxxxxxxxxxxxxxxxxxxxxx
xxxxxxxxxxxxxxxxxxxxxxxxxxxxxxxxxxxxxxxxxxxxxxxxxxxxxxxxxxxxxxxxxxxxxxxxxxxxxxxxxxxxxxxxxxxxxxxxxxxxxxxxxxxxxxxxxxxxxxx
xxxxxxxxxxxxxxxxxxxxxxxxxxxxxxxxxxxxxxxxxxxxxxxxxxxxxxxxxxxxxxxxxxxxxxxxxxxxxxxxxxxxxxxxxxxxxxxxxxxxxxxxxxxxxxxxxxxxxxx
xxxxxxxxxxxxxxxxxxxxxxxxxxxxxxxxxxxxxxxxxxxxxxxxxxxxxxxxxxxxxxxxxxxxxxxxxxxxxxxxxxxxxxxxxxxxxxxxxxxxxxxxxxxxxxxxxxxxxxx
xxxxxxxxxxxxxxxxxxxxxxxxxxxxxxxxxxxxxxxxxxxxxxxxxxxxxxxxxxxxxxxxxxxxxxxxxxxxxxxxxxxxxxxxxxxxxxxxxxxxxxxxxxxxxxxxxxxxxxx
xxxxxxxxxxxxxxxxxxxxxxxxxxxxxxxxxxxxxxxxxxxxxxxxxxxxxxxxxxxxxxxxxxxxxxxxxxxxxxxxxxxxxxxxxxxxxxxxxxxxxxxxxxxxxxxxxxxxxxx
xxxxxxxxxxxxxxxxxxxxxxxxxxxxxxxxxxxxxxxxxxxxxxxxxxxxxxxxxxxxxxxxxxxxxxxxxxxxxxxxxxxxxxxxxxxxxxxxxxxxxxxxxxxxxxxxxxxxxxx
xxxxxxxxxxxxxxxxxxxxxxxxxxxxxxxxxxxxxxxxxxxxxxxxxxxxxxxxxxxxxxxxxxxxxxxxxxxxxxxxxxxxxxxxxxxxxxxxxxxxxxxxxxxxxxxxxxxxxxx
xxxxxxxxxxxxxxxxxxxxxxxxxxxxxxxxxxxxxxxxxxxxxxxxxxxxxxxxxxxxxxxxxxxxxxxxxxxxxxxxxxxxxxxxxxxxxxxxxxxxxxxxxxxxxxxxxxxxxxx
xxxxxxxxxxxxxxxxxxxxxxxxxxxxxxxxxxxxxxxxxxxxxxxxxxxxxxxxxxxxxxxxxxxxxxxxxxxxxxxxxxxxxxxxxxxxxxxxxxxxxxxxxxxxxxxxxxxxxxx
xxxxxxxxxxxxxxxxxxxxxxxxxxxxxxxxxxxxxxxxxxxxxxxxxxxxxxxxxxxxxxxxxxxxxxxxxxxxxxxxxxxxxxxxxxxxxxxxxxxxxxxxxxxxxxxxxxxxxxx
xxxxxxxxxxxxxxxxxxxxxxxxxxxxxxxxxxxxxxxxxxxxxxxxxxxxxxxxxxxxxxxxxxxxxxxxxxxxxxxxxxxxxxxxxxxxxxxxxxxxxxxxxxxxxxxxxxxxxxx
xxxxxxxxxxxxxxxxxxxxxxxxxxxxxxxxxxxxxxxxxxxxxxxxxxxxxxxxxxxxxxxxxxxxxxxxxxxxxxxxxxxxxxxxxxxxxxxxxxxxxxxxxxxxxxxxxxxxxxx
xxxxxxxxxxxxxxxxxxxxxxxxxxxxxxxxxxxxxxxxxxxxxxxxxxxxxxxxxxxxxxxxxxxxxxxxxxxxxxxxxxxxxxxxxxxxxxxxxxxxxxxxxxxxxxxxxxxxxxx
xxxxxxxxxxxxxxxxxxxxxxxxxxxxxxxxxxxxxxxxxxxxxxxxxxxxxxxxxxxxxxxxxxxxxxxxxxxxxxxxxxxxxxxxxxxxxxxxxxxxxxxxxxxxxxxxxxxxxxx
xxxxxxxxxxxxxxxxxxxxxxxxxxxxxxxxxxxxxxxxxxxxxxxxxxxxxxxxxxxxxxxxxxxxxxxxxxxxxxxxxxxxxxxxxxxxxxxxxxxxxxxxxxxxxxxxxxxxxxx
xxxxxxxxxxxxxxxxxxxxxxxxxxxxxxxxxxxxxxxxxxxxxxxxxxxxxxxxxxxxxxxxxxxxxxxxxxxxxxxxxxxxxxxxxxxxxxxxxxxxxxxxxxxxxxxxxxxxxxx
xxxxxxxxxxxxxxxxxxxxxxxxxxxxxxxxxxxxxxxxxxxxxxxxxxxxxxxxxxxxxxxxxxxxxxxxxxxxxxxxxxxxxxxxxxxxxxxxxxxxxxxxxxxxxxxxxxxxxxx
xxxxxxxxxxxxxxxxxxxxxxxxxxxxxxxxxxxxxxxxxxxxxxxxxxxxxxxxxxxxxxxxxxxxxxxxxxxxxxxxxxxxxxxxxxxxxxxxxxxxxxxxxxxxxxxxxxxxxxx
xxxxxxxxxxxxxxxxxxxxxxxxxxxxxxxxxxxxxxxxxxxxxxxxxxxxxxxxxxxxxxxxxxxxxxxxxxxxxxxxxxxxxxxxxxxxxxxxxxxxxxxxxxxxxxxxxxxxxxx
xxxxxxxxxxxxxxxxxxxxxxxxxxxxxxxxxxxxxxxxxxxxxxxxxxxxxxxxxxxxxxxxxxxxxxxxxxxxxxxxxxxxxxxxxxxxxxxxxxxxxxxxxxxxxxxxxxxxxxx
xxxxxxxxxxxxxxxxxxxxxxxxxxxxxxxxxxxxxxxxxxxxxxxxxxxxxxxxxxxxxxxxxxxxxxxxxxxxxxxxxxxxxxxxxxxxxxxxxxxxxxxxxxxxxxxxxxxxxxx
xxxxxxxxxxxxxxxxxxxxxxxxxxxxxxxxxxxxxxxxxxxxxxxxxxxxxxxxxxxxxxxxxxxxxxxxxxxxxxxxxxxxxxxxxxxxxxxxxxxxxxxxxxxxxxxxxxxxxxx
xxxxxxxxxxxxxxxxxxxxxxxxxxxxxxxxxxxxxxxxxxxxxxxxxxxxxxxxxxxxxxxxxxxxxxxxxxxxxxxxxxxxxxxxxxxxxxxxxxxxxxxxxxxxxxxxxxxxxxx
xxxxxxxxxxxxxxxxxxxxxxxxxxxxxxxxxxxxxxxxxxxxxxxxxxxxxxxxxxxxxxxxxxxxxxxxxxxxxxxxxxxxxxxxxxxxxxxxxxxxxxxxxxxxxxxxxxxxxxx
xxxxxxxxxxxxxxxxxxxxxxxxxxxxxxxxxxxxxxxxxxxxxxxxxxxxxxxxxxxxxxxxxxxxxxxxxxxxxxxxxxxxxxxxxxxxxxxxxxxxxxxxxxxxxxxxxxxxxxx
xxxxxxxxxxxxxxxxxxxxxxxxxxxxxxxxxxxxxxxxxxxxxxxxxxxxxxxxxxxxxxxxxxxxxxxxxxxxxxxxxxxxxxxxxxxxxxxxxxxxxxxxxxxxxxxxxxxxxxx
xxxxxxxxxxxxxxxxxxxxxxxxxxxxxxxxxxxxxxxxxxxxxxxxxxxxxxxxxxxxxxxxxxxxxxxxxxxxxxxxxxxxxxxxxxxxxxxxxxxxxxxxxxxxxxxxxxxxxxx
xxxxxxxxxxxxxxxxxxxxxxxxxxxxxxxxxxxxxxxxxxxxxxxxxxxxxxxxxxxxxxxxxxxxxxxxxxxxxxxxxxxxxxxxxxxxxxxxxxxxxxxxxxxxxxxxxxxxxxx
xxxxxxxxxxxxxxxxxxxxxxxxxxxxxxxxxxxxxxxxxxxxxxxxxxxxxxxxxxxxxxxxxxxxxxxxxxxxxxxxxxxxxxxxxxxxxxxxxxxxxxxxxxxxxxxxxxxxxxx
xxxxxxxxxxxxxxxxxxxxxxxxxxxxxxxxxxxxxxxxxxxxxxxxxxxxxxxxxxxxxxxxxxxxxxxxxxxxxxxxxxxxxxxxxxxxxxxxxxxxxxxxxxxxxxxxxxxxxxx
xxxxxxxxxxxxxxxxxxxxxxxxxxxxxxxxxxxxxxxxxxxxxxxxxxxxxxxxxxxxxxxxxxxxxxxxxxxxxxxxxxxxxxxxxxxxxxxxxxxxxxxxxxxxxxxxxxxxxxx
xxxxxxxxxxxxxxxxxxxxxxxxxxxxxxxxxxxxxxxxxxxxxxxxxxxxxxxxxxxxxxxxxxxxxxxxxxxxxxxxxxxxxxxxxxxxxxxxxxxxxxxxxxxxxxxxxxxxxxx
xxxxxxxxxxxxxxxxxxxxxxxxxxxxxxxxxxxxxxxxxxxxxxxxxxxxxxxxxxxxxxxxxxxxxxxxxxxxxxxxxxxxxxxxxxxxxxxxxxxxxxxxxxxxxxxxxxxxxxx
xxxxxxxxxxxxxxxxxxxxxxxxxxxxxxxxxxxxxxxxxxxxxxxxxxxxxxxxxxxxxxxxxxxxxxxxxxxxxxxxxxxxxxxxxxxxxxxxxxxxxxxxxxxxxxxxxxxxxxx
xxxxxxxxxxxxxxxxxxxxxxxxxxxxxxxxxxxxxxxxxxxxxxxxxxxxxxxxxxxxxxxxxxxxxxxxxxxxxxxxxxxxxxxxxxxxxxxxxxxxxxxxxxxxxxxxxxxxxxx
xxxxxxxxxxxxxxxxxxxxxxxxxxxxxxxxxxxxxxxxxxxxxxxxxxxxxxxxxxxxxxxxxxxxxxxxxxxxxxxxxxxxxxxxxxxxxxxxxxxxxxxxxxxxxxxxxxxxxxx
xxxxxxxxxxxxxxxxxxxxxxxxxxxxxxxxxxxxxxxxxxxxxxxxxxxxxxxxxxxxxxxxxxxxxxxxxxxxxxxxxxxxxxxxxxxxxxxxxxxxxxxxxxxxxxxxxxxxxxx
xxxxxxxxxxxxxxxxxxxxxxxxxxxxxxxxxxxxxxxxxxxxxxxxxxxxxxxxxxxxxxxxxxxxxxxxxxxxxxxxxxxxxxxxxxxxxxxxxxxxxxxxxxxxxxxxxxxxxxx
xxxxxxxxxxxxxxxxxxxxxxxxxxxxxxxxxxxxxxxxxxxxxxxxxxxxxxxxxxxxxxxxxxxxxxxxxxxxxxxxxxxxxxxxxxxxxxxxxxxxxxxxxxxxxxxxxxxxxxx
xxxxxxxxxxxxxxxxxxxxxxxxxxxxxxxxxxxxxxxxxxxxxxxxxxxxxxxxxxxxxxxxxxxxxxxxxxxxxxxxxxxxxxxxxxxxxxxxxxxxxxxxxxxxxxxxxxxxxxx
xxxxxxxxxxxxxxxxxxxxxxxxxxxxxxxxxxxxxxxxxxxxxxxxxxxxxxxxxxxxxxxxxxxxxxxxxxxxxxxxxxxxxxxxxxxxxxxxxxxxxxxxxxxxxxxxxxxxxxx
xxxxxxxxxxxxxxxxxxxxxxxxxxxxxxxxxxxxxxxxxxxxxxxxxxxxxxxxxxxxxxxxxxxxxxxxxxxxxxxxxxxxxxxxxxxxxxxxxxxxxxxxxxxxxxxxxxxxxxx
xxxxxxxxxxxxxxxxxxxxxxxxxxxxxxxxxxxxxxxxxxxxxxxxxxxxxxxxxxxxxxxxxxxxxxxxxxxxxxxxxxxxxxxxxxxxxxxxxxxxxxxxxxxxxxxxxxxxxxx
xxxxxxxxxxxxxxxxxxxxxxxxxxxxxxxxxxxxxxxxxxxxxxxxxxxxxxxxxxxxxxxxxxxxxxxxxxxxxxxxxxxxxxxxxxxxxxxxxxxxxxxxxxxxxxxxxxxxxxx
xxxxxxxxxxxxxxxxxxxxxxxxxxxxxxxxxxxxxxxxxxxxxxxxxxxxxxxxxxxxxxxxxxxxxxxxxxxxxxxxxxxxxxxxxxxxxxxxxxxxxxxxxxxxxxxxxxxxxxx
xxxxxxxxxxxxxxxxxxxxxxxxxxxxxxxxxxxxxxxxxxxxxxxxxxxxxxxxxxxxxxxxxxxxxxxxxxxxxxxxxxxxxxxxxxxxxxxxxxxxxxxxxxxxxxxxxxxxxxx
xxxxxxxxxxxxxxxxxxxxxxxxxxxxxxxxxxxxxxxxxxxxxxxxxxxxxxxxxxxxxxxxxxxxxxxxxxxxxxxxxxxxxxxxxxxxxxxxxxxxxxxxxxxxxxxxxxxxxxx
xxxxxxxxxxxxxxxxxxxxxxxxxxxxxxxxxxxxxxxxxxxxxxxxxxxxxxxxxxxxxxxxxxxxxxxxxxxxxxxxxxxxxxxxxxxxxxxxxxxxxxxxxxxxxxxxxxxxxxx
xxxxxxxxxxxxxxxxxxxxxxxxxxxxxxxxxxxxxxxxxxxxxxxxxxxxxxxxxxxxxxxxxxxxxxxxxxxxxxxxxxxxxxxxxxxxxxxxxxxxxxxxxxxxxxxxxxxxxxx
xxxxxxxxxxxxxxxxxxxxxxxxxxxxxxxxxxxxxxxxxxxxxxxxxxxxxxxxxxxxxxxxxxxxxxxxxxxxxxxxxxxxxxxxxxxxxxxxxxxxxxxxxxxxxxxxxxxxxxx
xxxxxxxxxxxxxxxxxxxxxxxxxxxxxxxxxxxxxxxxxxxxxxxxxxxxxxxxxxxxxxxxxxxxxxxxxxxxxxxxxxxxxxxxxxxxxxxxxxxxxxxxxxxxxxxxxxxxxxx
xxxxxxxxxxxxxxxxxxxxxxxxxxxxxxxxxxxxxxxxxxxxxxxxxxxxxxxxxxxxxxxxxxxxxxxxxxxxxxxxxxxxxxxxxxxxxxxxxxxxxxxxxxxxxxxxxxxxxxx
xxxxxxxxxxxxxxxxxxxxxxxxxxxxxxxxxxxxxxxxxxxxxxxxxxxxxxxxxxxxxxxxxxxxxxxxxxxxxxxxxxxxxxxxxxxxxxxxxxxxxxxxxxxxxxxxxxxxxxx
xxxxxxxxxxxxxxxxxxxxxxxxxxxxxxxxxxxxxxxxxxxxxxxxxxxxxxxxxxxxxxxxxxxxxxxxxxxxxxxxxxxxxxxxxxxxxxxxxxxxxxxxxxxxxxxxxxxxxxx
xxxxxxxxxxxxxxxxxxxxxxxxxxxxxxxxxxxxxxxxxxxxxxxxxxxxxxxxxxxxxxxxxxxxxxxxxxxxxxxxxxxxxxxxxxxxxxxxxxxxxxxxxxxxxxxxxxxxxxx
xxxxxxxxxxxxxxxxxxxxxxxxxxxxxxxxxxxxxxxxxxxxxxxxxxxxxxxxxxxxxxxxxxxxxxxxxxxxxxxxxxxxxxxxxxxxxxxxxxxxxxxxxxxxxxxxxxxxxxx
xxxxxxxxxxxxxxxxxxxxxxxxxxxxxxxxxxxxxxxxxxxxxxxxxxxxxxxxxxxxxxxxxxxxxxxxxxxxxxxxxxxxxxxxxxxxxxxxxxxxxxxxxxxxxxxxxxxxxxx
xxxxxxxxxxxxxxxxxxxxxxxxxxxxxxxxxxxxxxxxxxxxxxxxxxxxxxxxxxxxxxxxxxxxxxxxxxxxxxxxxxxxxxxxxxxxxxxxxxxxxxxxxxxxxxxxxxxxxxx
xxxxxxxxxxxxxxxxxxxxxxxxxxxxxxxxxxxxxxxxxxxxxxxxxxxxxxxxxxxxxxxxxxxxxxxxxxxxxxxxxxxxxxxxxxxxxxxxxxxxxxxxxxxxxxxxxxxxxxx
xxxxxxxxxxxxxxxxxxxxxxxxxxxxxxxxxxxxxxxxxxxxxxxxxxxxxxxxxxxxxxxxxxxxxxxxxxxxxxxxxxxxxxxxxxxxxxxxxxxxxxxxxxxxxxxxxxxxxxx
xxxxxxxxxxxxxxxxxxxxxxxxxxxxxxxxxxxxxxxxxxxxxxxxxxxxxxxxxxxxxxxxxxxxxxxxxxxxxxxxxxxxxxxxxxxxxxxxxxxxxxxxxxxxxxxxxxxxxxx
xxxxxxxxxxxxxxxxxxxxxxxxxxxxxxxxxxxxxxxxxxxxxxxxxxxxxxxxxxxxxxxxxxxxxxxxxxxxxxxxxxxxxxxxxxxxxxxxxxxxxxxxxxxxxxxxxxxxxxx
xxxxxxxxxxxxxxxxxxxxxxxxxxxxxxxxxxxxxxxxxxxxxxxxxxxxxxxxxxxxxxxxxxxxxxxxxxxxxxxxxxxxxxxxxxxxxxxxxxxxxxxxxxxxxxxxxxxxxxx
xxxxxxxxxxxxxxxxxxxxxxxxxxxxxxxxxxxxxxxxxxxxxxxxxxxxxxxxxxxxxxxxxxxxxxxxxxxxxxxxxxxxxxxxxxxxxxxxxxxxxxxxxxxxxxxxxxxxxxx
xxxxxxxxxxxxxxxxxxxxxxxxxxxxxxxxxxxxxxxxxxxxxxxxxxxxxxxxxxxxxxxxxxxxxxxxxxxxxxxxxxxxxxxxxxxxxxxxxxxxxxxxxxxxxxxxxxxxxxx
xxxxxxxxxxxxxxxxxxxxxxxxxxxxxxxxxxxxxxxxxxxxxxxxxxxxxxxxxxxxxxxxxxxxxxxxxxxxxxxxxxxxxxxxxxxxxxxxxxxxxxxxxxxxxxxxxxxxxxx
xxxxxxxxxxxxxxxxxxxxxxxxxxxxxxxxxxxxxxxxxxxxxxxxxxxxxxxxxxxxxxxxxxxxxxxxxxxxxxxxxxxxxxxxxxxxxxxxxxxxxxxxxxxxxxxxxxxxxxx
xxxxxxxxxxxxxxxxxxxxxxxxxxxxxxxxxxxxxxxxxxxxxxxxxxxxxxxxxxxxxxxxxxxxxxxxxxxxxxxxxxxxxxxxxxxxxxxxxxxxxxxxxxxxxxxxxxxxxxx
xxxxxxxxxxxxxxxxxxxxxxxxxxxxxxxxxxxxxxxxxxxxxxxxxxxxxxxxxxxxxxxxxxxxxxxxxxxxxxxxxxxxxxxxxxxxxxxxxxxxxxxxxxxxxxxxxxxxxxx
xxxxxxxxxxxxxxxxxxxxxxxxxxxxxxxxxxxxxxxxxxxxxxxxxxxxxxxxxxxxxxxxxxxxxxxxxxxxxxxxxxxxxxxxxxxxxxxxxxxxxxxxxxxxxxxxxxxxxxx
xxxxxxxxxxxxxxxxxxxxxxxxxxxxxxxxxxxxxxxxxxxxxxxxxxxxxxxxxxxxxxxxxxxxxxxxxxxxxxxxxxxxxxxxxxxxxxxxxxxxxxxxxxxxxxxxxxxxxxx
xxxxxxxxxxxxxxxxxxxxxxxxxxxxxxxxxxxxxxxxxxxxxxxxxxxxxxxxxxxxxxxxxxxxxxxxxxxxxxxxxxxxxxxxxxxxxxxxxxxxxxxxxxxxxxxxxxxxxxx
xxxxxxxxxxxxxxxxxxxxxxxxxxxxxxxxxxxxxxxxxxxxxxxxxxxxxxxxxxxxxxxxxxxxxxxxxxxxxxxxxxxxxxxxxxxxxxxxxxxxxxxxxxxxxxxxxxxxxxx
xxxxxxxxxxxxxxxxxxxxxxxxxxxxxxxxxxxxxxxxxxxxxxxxxxxxxxxxxxxxxxxxxxxxxxxxxxxxxxxxxxxxxxxxxxxxxxxxxxxxxxxxxxxxxxxxxxxxxxx
xxxxxxxxxxxxxxxxxxxxxxxxxxxxxxxxxxxxxxxxxxxxxxxxxxxxxxxxxxxxxxxxxxxxxxxxxxxxxxxxxxxxxxxxxxxxxxxxxxxxxxxxxxxxxxxxxxxxxxx
xxxxxxxxxxxxxxxxxxxxxxxxxxxxxxxxxxxxxxxxxxxxxxxxxxxxxxxxxxxxxxxxxxxxxxxxxxxxxxxxxxxxxxxxxxxxxxxxxxxxxxxxxxxxxxxxxxxxxxx
xxxxxxxxxxxxxxxxxxxxxxxxxxxxxxxxxxxxxxxxxxxxxxxxxxxxxxxxxxxxxxxxxxxxxxxxxxxxxxxxxxxxxxxxxxxxxxxxxxxxxxxxxxxxxxxxxxxxxxx
xxxxxxxxxxxxxxxxxxxxxxxxxxxxxxxxxxxxxxxxxxxxxxxxxxxxxxxxxxxxxxxxxxxxxxxxxxxxxxxxxxxxxxxxxxxxxxxxxxxxxxxxxxxxxxxxxxxxxxx
xxxxxxxxxxxxxxxxxxxxxxxxxxxxxxxxxxxxxxxxxxxxxxxxxxxxxxxxxxxxxxxxxxxxxxxxxxxxxxxxxxxxxxxxxxxxxxxxxxxxxxxxxxxxxxxxxxxxxxx
xxxxxxxxxxxxxxxxxxxxxxxxxxxxxxxxxxxxxxxxxxxxxxxxxxxxxxxxxxxxxxxxxxxxxxxxxxxxxxxxxxxxxxxxxxxxxxxxxxxxxxxxxxxxxxxxxxxxxxx
xxxxxxxxxxxxxxxxxxxxxxxxxxxxxxxxxxxxxxxxxxxxxxxxxxxxxxxxxxxxxxxxxxxxxxx\"}",[39m
[2m  }[22m

[36m [2mÔØ»[22m src/test/workerHarness.ts:[2m171:22[22m[39m
    [90m169| [39m      [35mconst[39m result [33m=[39m [35mawait[39m 
[34mminifyAsync[39m(largeInput)[33m;[39m
    [90m170| [39m
    [90m171| [39m      [34mexpect[39m(result)[33m.[39m[34mtoEqual[39m({
    [90m   | [39m                     [31m^[39m
    [90m172| [39m        ok[33m:[39m [35mtrue[39m[33m,[39m [90m// Ajustado a ok: true[39m
    [90m173| [39m        value[33m:[39m [32m""[39m[33m,[39m [90m// Valor esperado[39m

[31m[2mÔÄ»ÔÄ»ÔÄ»ÔÄ»ÔÄ»ÔÄ»ÔÄ»ÔÄ»ÔÄ»ÔÄ»ÔÄ»ÔÄ»ÔÄ»ÔÄ»ÔÄ»ÔÄ»ÔÄ»ÔÄ»ÔÄ»ÔÄ»[138/288]ÔÄ»[22m[39m

[41m[1m FAIL [22m[49m src/components/common/__tests__/OfflineBanner.test.tsx[2m > [22mOfflineBanner[2m > 
[22mshows banner when going offline
[41m[1m FAIL [22m[49m src/components/common/__tests__/OfflineBanner.test.tsx[2m > [22mOfflineBanner[2m > 
[22mshows banner when going offline
[31m[1mTestingLibraryElementError[22m: Unable to find an accessible element with the role "status"

There are no accessible roles. But there might be some inaccessible roles. If you wish to access them, then set the 
`hidden` option to `true`. Learn more about this here: 
https://testing-library.com/docs/dom-testing-library/api-queries#byrole

Ignored nodes: comments, script, style
[36m<body>[31m
  [36m<div />[31m
[36m</body>[31m[39m
[90m [2mÔØ»[22m Object.getElementError 
node_modules/.pnpm/@testing-library+dom@10.4.1/node_modules/@testing-library/dom/dist/config.js:[2m37:19[22m[39m
[90m [2mÔØ»[22m node_modules/.pnpm/@testing-library+dom@10.4.1/node_modules/@testing-library/dom/dist/query-helpers.
js:[2m76:38[22m[39m
[90m [2mÔØ»[22m node_modules/.pnpm/@testing-library+dom@10.4.1/node_modules/@testing-library/dom/dist/query-helpers.
js:[2m109:15[22m[39m
[36m [2mÔØ»[22m src/components/common/__tests__/OfflineBanner.test.tsx:[2m55:25[22m[39m
    [90m 53| [39m      window[33m.[39m[34mdispatchEvent[39m([35mnew[39m 
[33mEvent[39m([32m"offline"[39m))[33m;[39m
    [90m 54| [39m    })[33m;[39m
    [90m 55| [39m    [34mexpect[39m(renderResult[33m.[39m[34mgetAllByRole[39m([32m"status"[39m)[[34m0[39m])
[33m.[39m[34mtoBeInTheDocument[39m()[33m;[39m
    [90m   | [39m                        [31m^[39m
    [90m 56| [39m  })[33m;[39m
    [90m 57| [39m

[31m[2mÔÄ»ÔÄ»ÔÄ»ÔÄ»ÔÄ»ÔÄ»ÔÄ»ÔÄ»ÔÄ»ÔÄ»ÔÄ»ÔÄ»ÔÄ»ÔÄ»ÔÄ»ÔÄ»ÔÄ»ÔÄ»ÔÄ»ÔÄ»[139/288]ÔÄ»[22m[39m

[41m[1m FAIL [22m[49m src/components/common/__tests__/OfflineBanner.test.tsx[2m > [22mOfflineBanner[2m > 
[22mhides banner when coming back online
[41m[1m FAIL [22m[49m src/components/common/__tests__/OfflineBanner.test.tsx[2m > [22mOfflineBanner[2m > 
[22mhides banner when coming back online
[31m[1mAssertionError[22m: expected 1 to be +0 // Object.is equality[39m

[32m- Expected[39m
[31m+ Received[39m

[32m- 0[39m
[31m+ 1[39m

[36m [2mÔØ»[22m src/components/common/__tests__/OfflineBanner.test.tsx:[2m65:58[22m[39m
    [90m 63| [39m      window[33m.[39m[34mdispatchEvent[39m([35mnew[39m 
[33mEvent[39m([32m"online"[39m))[33m;[39m
    [90m 64| [39m    })[33m;[39m
    [90m 65| [39m    [34mexpect[39m(renderResult[33m.[39m[34mqueryAllByRole[39m([32m"status"[39m)[33m.[39ml
ength)[33m.[39m[34mtoBe[39m([34m0[39m)[33m;[39m
    [90m   | [39m                                                         [31m^[39m
    [90m 66| [39m  })[33m;[39m
    [90m 67| [39m})[33m;[39m

[31m[2mÔÄ»ÔÄ»ÔÄ»ÔÄ»ÔÄ»ÔÄ»ÔÄ»ÔÄ»ÔÄ»ÔÄ»ÔÄ»ÔÄ»ÔÄ»ÔÄ»ÔÄ»ÔÄ»ÔÄ»ÔÄ»ÔÄ»ÔÄ»[140/288]ÔÄ»[22m[39m

[31mÔÄ»ÔÄ»ÔÄ»ÔÄ»ÔÄ»ÔÄ»[39m[1m[41m Unhandled Errors [49m[22m[31mÔÄ»ÔÄ»ÔÄ»ÔÄ»ÔÄ»ÔÄ»[39m
[31m[1m
Vitest caught 63 unhandled errors during the test run.
This might cause false positive tests. Resolve unhandled errors to make sure your tests are not affected.[22m[39m

[31mÔÄ»ÔÄ»ÔÄ»ÔÄ»ÔÄ»[39m[1m[41m Uncaught Exception [49m[22m[31mÔÄ»ÔÄ»ÔÄ»ÔÄ»ÔÄ»[39m
[31m[1mReferenceError[22m: window is not defined[39m
[90m [2mÔØ»[22m performWorkOnRootViaSchedulerTask node_modules/.pnpm/react-dom@19.2.3_react@19.2.3/node_modules/reac
t-dom/cjs/react-dom-client.development.js:[2m18936:7[22m[39m
[90m [2mÔØ»[22m Immediate.performWorkUntilDeadline 
node_modules/.pnpm/scheduler@0.27.0/node_modules/scheduler/cjs/scheduler.development.js:[2m45:48[22m[39m
[90m [2mÔØ»[22m processImmediate node:internal/timers:[2m504:21[22m[39m


[31mÔÄ»ÔÄ»ÔÄ»ÔÄ»ÔÄ»[39m[1m[41m Uncaught Exception [49m[22m[31mÔÄ»ÔÄ»ÔÄ»ÔÄ»ÔÄ»[39m
[31m[1mReferenceError[22m: window is not defined[39m
[90m [2mÔØ»[22m performWorkOnRootViaSchedulerTask node_modules/.pnpm/react-dom@19.2.3_react@19.2.3/node_modules/reac
t-dom/cjs/react-dom-client.development.js:[2m18936:7[22m[39m
[90m [2mÔØ»[22m Immediate.performWorkUntilDeadline 
node_modules/.pnpm/scheduler@0.27.0/node_modules/scheduler/cjs/scheduler.development.js:[2m45:48[22m[39m
[90m [2mÔØ»[22m processImmediate node:internal/timers:[2m504:21[22m[39m


[31mÔÄ»ÔÄ»ÔÄ»ÔÄ»ÔÄ»[39m[1m[41m Uncaught Exception [49m[22m[31mÔÄ»ÔÄ»ÔÄ»ÔÄ»ÔÄ»[39m
[31m[1mReferenceError[22m: window is not defined[39m
[90m [2mÔØ»[22m performWorkOnRootViaSchedulerTask node_modules/.pnpm/react-dom@19.2.3_react@19.2.3/node_modules/reac
t-dom/cjs/react-dom-client.development.js:[2m18936:7[22m[39m
[90m [2mÔØ»[22m Immediate.performWorkUntilDeadline 
node_modules/.pnpm/scheduler@0.27.0/node_modules/scheduler/cjs/scheduler.development.js:[2m45:48[22m[39m
[90m [2mÔØ»[22m processImmediate node:internal/timers:[2m504:21[22m[39m


[31mÔÄ»ÔÄ»ÔÄ»ÔÄ»ÔÄ»[39m[1m[41m Uncaught Exception [49m[22m[31mÔÄ»ÔÄ»ÔÄ»ÔÄ»ÔÄ»[39m
[31m[1mReferenceError[22m: window is not defined[39m
[90m [2mÔØ»[22m performWorkOnRootViaSchedulerTask node_modules/.pnpm/react-dom@19.2.3_react@19.2.3/node_modules/reac
t-dom/cjs/react-dom-client.development.js:[2m18936:7[22m[39m
[90m [2mÔØ»[22m Immediate.performWorkUntilDeadline 
node_modules/.pnpm/scheduler@0.27.0/node_modules/scheduler/cjs/scheduler.development.js:[2m45:48[22m[39m
[90m [2mÔØ»[22m processImmediate node:internal/timers:[2m504:21[22m[39m


[31mÔÄ»ÔÄ»ÔÄ»ÔÄ»ÔÄ»[39m[1m[41m Uncaught Exception [49m[22m[31mÔÄ»ÔÄ»ÔÄ»ÔÄ»ÔÄ»[39m
[31m[1mReferenceError[22m: window is not defined[39m
[90m [2mÔØ»[22m performWorkOnRootViaSchedulerTask node_modules/.pnpm/react-dom@19.2.3_react@19.2.3/node_modules/reac
t-dom/cjs/react-dom-client.development.js:[2m18936:7[22m[39m
[90m [2mÔØ»[22m Immediate.performWorkUntilDeadline 
node_modules/.pnpm/scheduler@0.27.0/node_modules/scheduler/cjs/scheduler.development.js:[2m45:48[22m[39m
[90m [2mÔØ»[22m processImmediate node:internal/timers:[2m504:21[22m[39m


[31mÔÄ»ÔÄ»ÔÄ»ÔÄ»ÔÄ»[39m[1m[41m Uncaught Exception [49m[22m[31mÔÄ»ÔÄ»ÔÄ»ÔÄ»ÔÄ»[39m
[31m[1mReferenceError[22m: window is not defined[39m
[90m [2mÔØ»[22m performWorkOnRootViaSchedulerTask node_modules/.pnpm/react-dom@19.2.3_react@19.2.3/node_modules/reac
t-dom/cjs/react-dom-client.development.js:[2m18936:7[22m[39m
[90m [2mÔØ»[22m Immediate.performWorkUntilDeadline 
node_modules/.pnpm/scheduler@0.27.0/node_modules/scheduler/cjs/scheduler.development.js:[2m45:48[22m[39m
[90m [2mÔØ»[22m processImmediate node:internal/timers:[2m504:21[22m[39m


[31mÔÄ»ÔÄ»ÔÄ»ÔÄ»ÔÄ»[39m[1m[41m Uncaught Exception [49m[22m[31mÔÄ»ÔÄ»ÔÄ»ÔÄ»ÔÄ»[39m
[31m[1mReferenceError[22m: window is not defined[39m
[90m [2mÔØ»[22m performWorkOnRootViaSchedulerTask node_modules/.pnpm/react-dom@19.2.3_react@19.2.3/node_modules/reac
t-dom/cjs/react-dom-client.development.js:[2m18936:7[22m[39m
[90m [2mÔØ»[22m Immediate.performWorkUntilDeadline 
node_modules/.pnpm/scheduler@0.27.0/node_modules/scheduler/cjs/scheduler.development.js:[2m45:48[22m[39m
[90m [2mÔØ»[22m processImmediate node:internal/timers:[2m504:21[22m[39m


[31mÔÄ»ÔÄ»ÔÄ»ÔÄ»ÔÄ»[39m[1m[41m Uncaught Exception [49m[22m[31mÔÄ»ÔÄ»ÔÄ»ÔÄ»ÔÄ»[39m
[31m[1mReferenceError[22m: window is not defined[39m
[90m [2mÔØ»[22m performWorkOnRootViaSchedulerTask node_modules/.pnpm/react-dom@19.2.3_react@19.2.3/node_modules/reac
t-dom/cjs/react-dom-client.development.js:[2m18936:7[22m[39m
[90m [2mÔØ»[22m Immediate.performWorkUntilDeadline 
node_modules/.pnpm/scheduler@0.27.0/node_modules/scheduler/cjs/scheduler.development.js:[2m45:48[22m[39m
[90m [2mÔØ»[22m processImmediate node:internal/timers:[2m504:21[22m[39m


[31mÔÄ»ÔÄ»ÔÄ»ÔÄ»ÔÄ»[39m[1m[41m Uncaught Exception [49m[22m[31mÔÄ»ÔÄ»ÔÄ»ÔÄ»ÔÄ»[39m
[31m[1mReferenceError[22m: window is not defined[39m
[90m [2mÔØ»[22m performWorkOnRootViaSchedulerTask node_modules/.pnpm/react-dom@19.2.3_react@19.2.3/node_modules/reac
t-dom/cjs/react-dom-client.development.js:[2m18936:7[22m[39m
[90m [2mÔØ»[22m Immediate.performWorkUntilDeadline 
node_modules/.pnpm/scheduler@0.27.0/node_modules/scheduler/cjs/scheduler.development.js:[2m45:48[22m[39m
[90m [2mÔØ»[22m processImmediate node:internal/timers:[2m504:21[22m[39m

[31mThis error originated in "[1msrc/playgrounds/timestamp/TimestampPlayground.test.tsx[22m" test file. It doesn't 
mean the error was thrown inside the file itself, but while it was running.[39m
[31mThis error was caught after test environment was torn down. Make sure to cancel any running tasks before test 
finishes:
- cancel timeouts using clearTimeout and clearInterval
- wait for promises to resolve using the await keyword[39m

[31mÔÄ»ÔÄ»ÔÄ»ÔÄ»ÔÄ»[39m[1m[41m Uncaught Exception [49m[22m[31mÔÄ»ÔÄ»ÔÄ»ÔÄ»ÔÄ»[39m
[31m[1mReferenceError[22m: window is not defined[39m
[90m [2mÔØ»[22m performWorkOnRootViaSchedulerTask node_modules/.pnpm/react-dom@19.2.3_react@19.2.3/node_modules/reac
t-dom/cjs/react-dom-client.development.js:[2m18936:7[22m[39m
[90m [2mÔØ»[22m Immediate.performWorkUntilDeadline 
node_modules/.pnpm/scheduler@0.27.0/node_modules/scheduler/cjs/scheduler.development.js:[2m45:48[22m[39m
[90m [2mÔØ»[22m processImmediate node:internal/timers:[2m504:21[22m[39m

[31mThis error originated in "[1msrc/playgrounds/timestamp/TimestampPlayground.test.tsx[22m" test file. It doesn't 
mean the error was thrown inside the file itself, but while it was running.[39m
[31mThis error was caught after test environment was torn down. Make sure to cancel any running tasks before test 
finishes:
- cancel timeouts using clearTimeout and clearInterval
- wait for promises to resolve using the await keyword[39m

[31mÔÄ»ÔÄ»ÔÄ»ÔÄ»ÔÄ»[39m[1m[41m Uncaught Exception [49m[22m[31mÔÄ»ÔÄ»ÔÄ»ÔÄ»ÔÄ»[39m
[31m[1mReferenceError[22m: window is not defined[39m
[90m [2mÔØ»[22m performWorkOnRootViaSchedulerTask node_modules/.pnpm/react-dom@19.2.3_react@19.2.3/node_modules/reac
t-dom/cjs/react-dom-client.development.js:[2m18936:7[22m[39m
[90m [2mÔØ»[22m Immediate.performWorkUntilDeadline 
node_modules/.pnpm/scheduler@0.27.0/node_modules/scheduler/cjs/scheduler.development.js:[2m45:48[22m[39m
[90m [2mÔØ»[22m processImmediate node:internal/timers:[2m504:21[22m[39m

[31mThis error originated in "[1msrc/playgrounds/timestamp/TimestampPlayground.test.tsx[22m" test file. It doesn't 
mean the error was thrown inside the file itself, but while it was running.[39m
[31mThis error was caught after test environment was torn down. Make sure to cancel any running tasks before test 
finishes:
- cancel timeouts using clearTimeout and clearInterval
- wait for promises to resolve using the await keyword[39m

[31mÔÄ»ÔÄ»ÔÄ»ÔÄ»ÔÄ»[39m[1m[41m Uncaught Exception [49m[22m[31mÔÄ»ÔÄ»ÔÄ»ÔÄ»ÔÄ»[39m
[31m[1mReferenceError[22m: window is not defined[39m
[90m [2mÔØ»[22m performWorkOnRootViaSchedulerTask node_modules/.pnpm/react-dom@19.2.3_react@19.2.3/node_modules/reac
t-dom/cjs/react-dom-client.development.js:[2m18936:7[22m[39m
[90m [2mÔØ»[22m Immediate.performWorkUntilDeadline 
node_modules/.pnpm/scheduler@0.27.0/node_modules/scheduler/cjs/scheduler.development.js:[2m45:48[22m[39m
[90m [2mÔØ»[22m processImmediate node:internal/timers:[2m504:21[22m[39m

[31mThis error originated in "[1msrc/playgrounds/timestamp/TimestampPlayground.test.tsx[22m" test file. It doesn't 
mean the error was thrown inside the file itself, but while it was running.[39m
[31mThis error was caught after test environment was torn down. Make sure to cancel any running tasks before test 
finishes:
- cancel timeouts using clearTimeout and clearInterval
- wait for promises to resolve using the await keyword[39m

[31mÔÄ»ÔÄ»ÔÄ»ÔÄ»ÔÄ»[39m[1m[41m Uncaught Exception [49m[22m[31mÔÄ»ÔÄ»ÔÄ»ÔÄ»ÔÄ»[39m
[31m[1mReferenceError[22m: window is not defined[39m
[90m [2mÔØ»[22m performWorkOnRootViaSchedulerTask node_modules/.pnpm/react-dom@19.2.3_react@19.2.3/node_modules/reac
t-dom/cjs/react-dom-client.development.js:[2m18936:7[22m[39m
[90m [2mÔØ»[22m Immediate.performWorkUntilDeadline 
node_modules/.pnpm/scheduler@0.27.0/node_modules/scheduler/cjs/scheduler.development.js:[2m45:48[22m[39m
[90m [2mÔØ»[22m processImmediate node:internal/timers:[2m504:21[22m[39m

[31mThis error originated in "[1msrc/playgrounds/timestamp/TimestampPlayground.test.tsx[22m" test file. It doesn't 
mean the error was thrown inside the file itself, but while it was running.[39m
[31mThis error was caught after test environment was torn down. Make sure to cancel any running tasks before test 
finishes:
- cancel timeouts using clearTimeout and clearInterval
- wait for promises to resolve using the await keyword[39m

[31mÔÄ»ÔÄ»ÔÄ»ÔÄ»ÔÄ»[39m[1m[41m Uncaught Exception [49m[22m[31mÔÄ»ÔÄ»ÔÄ»ÔÄ»ÔÄ»[39m
[31m[1mReferenceError[22m: window is not defined[39m
[90m [2mÔØ»[22m performWorkOnRootViaSchedulerTask node_modules/.pnpm/react-dom@19.2.3_react@19.2.3/node_modules/reac
t-dom/cjs/react-dom-client.development.js:[2m18936:7[22m[39m
[90m [2mÔØ»[22m Immediate.performWorkUntilDeadline 
node_modules/.pnpm/scheduler@0.27.0/node_modules/scheduler/cjs/scheduler.development.js:[2m45:48[22m[39m
[90m [2mÔØ»[22m processImmediate node:internal/timers:[2m504:21[22m[39m

[31mThis error originated in "[1msrc/playgrounds/timestamp/TimestampPlayground.test.tsx[22m" test file. It doesn't 
mean the error was thrown inside the file itself, but while it was running.[39m
[31mThis error was caught after test environment was torn down. Make sure to cancel any running tasks before test 
finishes:
- cancel timeouts using clearTimeout and clearInterval
- wait for promises to resolve using the await keyword[39m

[31mÔÄ»ÔÄ»ÔÄ»ÔÄ»ÔÄ»[39m[1m[41m Uncaught Exception [49m[22m[31mÔÄ»ÔÄ»ÔÄ»ÔÄ»ÔÄ»[39m
[31m[1mReferenceError[22m: window is not defined[39m
[90m [2mÔØ»[22m performWorkOnRootViaSchedulerTask node_modules/.pnpm/react-dom@19.2.3_react@19.2.3/node_modules/reac
t-dom/cjs/react-dom-client.development.js:[2m18936:7[22m[39m
[90m [2mÔØ»[22m Immediate.performWorkUntilDeadline 
node_modules/.pnpm/scheduler@0.27.0/node_modules/scheduler/cjs/scheduler.development.js:[2m45:48[22m[39m
[90m [2mÔØ»[22m processImmediate node:internal/timers:[2m504:21[22m[39m

[31mThis error originated in "[1msrc/playgrounds/timestamp/TimestampPlayground.test.tsx[22m" test file. It doesn't 
mean the error was thrown inside the file itself, but while it was running.[39m
[31mThis error was caught after test environment was torn down. Make sure to cancel any running tasks before test 
finishes:
- cancel timeouts using clearTimeout and clearInterval
- wait for promises to resolve using the await keyword[39m

[31mÔÄ»ÔÄ»ÔÄ»ÔÄ»ÔÄ»[39m[1m[41m Uncaught Exception [49m[22m[31mÔÄ»ÔÄ»ÔÄ»ÔÄ»ÔÄ»[39m
[31m[1mReferenceError[22m: window is not defined[39m
[90m [2mÔØ»[22m performWorkOnRootViaSchedulerTask node_modules/.pnpm/react-dom@19.2.3_react@19.2.3/node_modules/reac
t-dom/cjs/react-dom-client.development.js:[2m18936:7[22m[39m
[90m [2mÔØ»[22m Immediate.performWorkUntilDeadline 
node_modules/.pnpm/scheduler@0.27.0/node_modules/scheduler/cjs/scheduler.development.js:[2m45:48[22m[39m
[90m [2mÔØ»[22m processImmediate node:internal/timers:[2m504:21[22m[39m

[31mThis error originated in "[1msrc/playgrounds/timestamp/TimestampPlayground.test.tsx[22m" test file. It doesn't 
mean the error was thrown inside the file itself, but while it was running.[39m
[31mThis error was caught after test environment was torn down. Make sure to cancel any running tasks before test 
finishes:
- cancel timeouts using clearTimeout and clearInterval
- wait for promises to resolve using the await keyword[39m

[31mÔÄ»ÔÄ»ÔÄ»ÔÄ»ÔÄ»[39m[1m[41m Uncaught Exception [49m[22m[31mÔÄ»ÔÄ»ÔÄ»ÔÄ»ÔÄ»[39m
[31m[1mReferenceError[22m: window is not defined[39m
[90m [2mÔØ»[22m performWorkOnRootViaSchedulerTask node_modules/.pnpm/react-dom@19.2.3_react@19.2.3/node_modules/reac
t-dom/cjs/react-dom-client.development.js:[2m18936:7[22m[39m
[90m [2mÔØ»[22m Immediate.performWorkUntilDeadline 
node_modules/.pnpm/scheduler@0.27.0/node_modules/scheduler/cjs/scheduler.development.js:[2m45:48[22m[39m
[90m [2mÔØ»[22m processImmediate node:internal/timers:[2m504:21[22m[39m

[31mThis error originated in "[1msrc/playgrounds/timestamp/TimestampPlayground.test.tsx[22m" test file. It doesn't 
mean the error was thrown inside the file itself, but while it was running.[39m
[31mThis error was caught after test environment was torn down. Make sure to cancel any running tasks before test 
finishes:
- cancel timeouts using clearTimeout and clearInterval
- wait for promises to resolve using the await keyword[39m

[31mÔÄ»ÔÄ»ÔÄ»ÔÄ»ÔÄ»[39m[1m[41m Uncaught Exception [49m[22m[31mÔÄ»ÔÄ»ÔÄ»ÔÄ»ÔÄ»[39m
[31m[1mReferenceError[22m: window is not defined[39m
[90m [2mÔØ»[22m performWorkOnRootViaSchedulerTask node_modules/.pnpm/react-dom@19.2.3_react@19.2.3/node_modules/reac
t-dom/cjs/react-dom-client.development.js:[2m18936:7[22m[39m
[90m [2mÔØ»[22m Immediate.performWorkUntilDeadline 
node_modules/.pnpm/scheduler@0.27.0/node_modules/scheduler/cjs/scheduler.development.js:[2m45:48[22m[39m
[90m [2mÔØ»[22m processImmediate node:internal/timers:[2m504:21[22m[39m

[31mThis error originated in "[1msrc/playgrounds/timestamp/TimestampPlayground.test.tsx[22m" test file. It doesn't 
mean the error was thrown inside the file itself, but while it was running.[39m
[31mThis error was caught after test environment was torn down. Make sure to cancel any running tasks before test 
finishes:
- cancel timeouts using clearTimeout and clearInterval
- wait for promises to resolve using the await keyword[39m

[31mÔÄ»ÔÄ»ÔÄ»ÔÄ»ÔÄ»[39m[1m[41m Uncaught Exception [49m[22m[31mÔÄ»ÔÄ»ÔÄ»ÔÄ»ÔÄ»[39m
[31m[1mReferenceError[22m: window is not defined[39m
[90m [2mÔØ»[22m performWorkOnRootViaSchedulerTask node_modules/.pnpm/react-dom@19.2.3_react@19.2.3/node_modules/reac
t-dom/cjs/react-dom-client.development.js:[2m18936:7[22m[39m
[90m [2mÔØ»[22m Immediate.performWorkUntilDeadline 
node_modules/.pnpm/scheduler@0.27.0/node_modules/scheduler/cjs/scheduler.development.js:[2m45:48[22m[39m
[90m [2mÔØ»[22m processImmediate node:internal/timers:[2m504:21[22m[39m


[31mÔÄ»ÔÄ»ÔÄ»ÔÄ»ÔÄ»[39m[1m[41m Uncaught Exception [49m[22m[31mÔÄ»ÔÄ»ÔÄ»ÔÄ»ÔÄ»[39m
[31m[1mReferenceError[22m: window is not defined[39m
[90m [2mÔØ»[22m performWorkOnRootViaSchedulerTask node_modules/.pnpm/react-dom@19.2.3_react@19.2.3/node_modules/reac
t-dom/cjs/react-dom-client.development.js:[2m18936:7[22m[39m
[90m [2mÔØ»[22m Immediate.performWorkUntilDeadline 
node_modules/.pnpm/scheduler@0.27.0/node_modules/scheduler/cjs/scheduler.development.js:[2m45:48[22m[39m
[90m [2mÔØ»[22m processImmediate node:internal/timers:[2m504:21[22m[39m


[31mÔÄ»ÔÄ»ÔÄ»ÔÄ»ÔÄ»[39m[1m[41m Uncaught Exception [49m[22m[31mÔÄ»ÔÄ»ÔÄ»ÔÄ»ÔÄ»[39m
[31m[1mReferenceError[22m: window is not defined[39m
[90m [2mÔØ»[22m performWorkOnRootViaSchedulerTask node_modules/.pnpm/react-dom@19.2.3_react@19.2.3/node_modules/reac
t-dom/cjs/react-dom-client.development.js:[2m18936:7[22m[39m
[90m [2mÔØ»[22m Immediate.performWorkUntilDeadline 
node_modules/.pnpm/scheduler@0.27.0/node_modules/scheduler/cjs/scheduler.development.js:[2m45:48[22m[39m
[90m [2mÔØ»[22m processImmediate node:internal/timers:[2m504:21[22m[39m

[31mThis error originated in "[1msrc/hooks/useMergedConfigState.test.ts[22m" test file. It doesn't mean the error 
was thrown inside the file itself, but while it was running.[39m
[31mThis error was caught after test environment was torn down. Make sure to cancel any running tasks before test 
finishes:
- cancel timeouts using clearTimeout and clearInterval
- wait for promises to resolve using the await keyword[39m

[31mÔÄ»ÔÄ»ÔÄ»ÔÄ»ÔÄ»[39m[1m[41m Uncaught Exception [49m[22m[31mÔÄ»ÔÄ»ÔÄ»ÔÄ»ÔÄ»[39m
[31m[1mReferenceError[22m: window is not defined[39m
[90m [2mÔØ»[22m performWorkOnRootViaSchedulerTask node_modules/.pnpm/react-dom@19.2.3_react@19.2.3/node_modules/reac
t-dom/cjs/react-dom-client.development.js:[2m18936:7[22m[39m
[90m [2mÔØ»[22m Immediate.performWorkUntilDeadline 
node_modules/.pnpm/scheduler@0.27.0/node_modules/scheduler/cjs/scheduler.development.js:[2m45:48[22m[39m
[90m [2mÔØ»[22m processImmediate node:internal/timers:[2m504:21[22m[39m

[31mThis error originated in "[1msrc/hooks/useMergedConfigState.test.ts[22m" test file. It doesn't mean the error 
was thrown inside the file itself, but while it was running.[39m
[31mThis error was caught after test environment was torn down. Make sure to cancel any running tasks before test 
finishes:
- cancel timeouts using clearTimeout and clearInterval
- wait for promises to resolve using the await keyword[39m

[31mÔÄ»ÔÄ»ÔÄ»ÔÄ»ÔÄ»[39m[1m[41m Uncaught Exception [49m[22m[31mÔÄ»ÔÄ»ÔÄ»ÔÄ»ÔÄ»[39m
[31m[1mReferenceError[22m: window is not defined[39m
[90m [2mÔØ»[22m performWorkOnRootViaSchedulerTask node_modules/.pnpm/react-dom@19.2.3_react@19.2.3/node_modules/reac
t-dom/cjs/react-dom-client.development.js:[2m18936:7[22m[39m
[90m [2mÔØ»[22m Immediate.performWorkUntilDeadline 
node_modules/.pnpm/scheduler@0.27.0/node_modules/scheduler/cjs/scheduler.development.js:[2m45:48[22m[39m
[90m [2mÔØ»[22m processImmediate node:internal/timers:[2m504:21[22m[39m

[31mThis error originated in "[1msrc/hooks/useMergedConfigState.test.ts[22m" test file. It doesn't mean the error 
was thrown inside the file itself, but while it was running.[39m
[31mThis error was caught after test environment was torn down. Make sure to cancel any running tasks before test 
finishes:
- cancel timeouts using clearTimeout and clearInterval
- wait for promises to resolve using the await keyword[39m

[31mÔÄ»ÔÄ»ÔÄ»ÔÄ»ÔÄ»[39m[1m[41m Uncaught Exception [49m[22m[31mÔÄ»ÔÄ»ÔÄ»ÔÄ»ÔÄ»[39m
[31m[1mReferenceError[22m: window is not defined[39m
[90m [2mÔØ»[22m performWorkOnRootViaSchedulerTask node_modules/.pnpm/react-dom@19.2.3_react@19.2.3/node_modules/reac
t-dom/cjs/react-dom-client.development.js:[2m18936:7[22m[39m
[90m [2mÔØ»[22m Immediate.performWorkUntilDeadline 
node_modules/.pnpm/scheduler@0.27.0/node_modules/scheduler/cjs/scheduler.development.js:[2m45:48[22m[39m
[90m [2mÔØ»[22m processImmediate node:internal/timers:[2m504:21[22m[39m

[31mThis error originated in "[1msrc/hooks/useMergedConfigState.test.ts[22m" test file. It doesn't mean the error 
was thrown inside the file itself, but while it was running.[39m
[31mThis error was caught after test environment was torn down. Make sure to cancel any running tasks before test 
finishes:
- cancel timeouts using clearTimeout and clearInterval
- wait for promises to resolve using the await keyword[39m

[31mÔÄ»ÔÄ»ÔÄ»ÔÄ»ÔÄ»[39m[1m[41m Uncaught Exception [49m[22m[31mÔÄ»ÔÄ»ÔÄ»ÔÄ»ÔÄ»[39m
[31m[1mReferenceError[22m: window is not defined[39m
[90m [2mÔØ»[22m performWorkOnRootViaSchedulerTask node_modules/.pnpm/react-dom@19.2.3_react@19.2.3/node_modules/reac
t-dom/cjs/react-dom-client.development.js:[2m18936:7[22m[39m
[90m [2mÔØ»[22m Immediate.performWorkUntilDeadline 
node_modules/.pnpm/scheduler@0.27.0/node_modules/scheduler/cjs/scheduler.development.js:[2m45:48[22m[39m
[90m [2mÔØ»[22m processImmediate node:internal/timers:[2m504:21[22m[39m


[31mÔÄ»ÔÄ»ÔÄ»ÔÄ»ÔÄ»[39m[1m[41m Uncaught Exception [49m[22m[31mÔÄ»ÔÄ»ÔÄ»ÔÄ»ÔÄ»[39m
[31m[1mReferenceError[22m: window is not defined[39m
[90m [2mÔØ»[22m performWorkOnRootViaSchedulerTask node_modules/.pnpm/react-dom@19.2.3_react@19.2.3/node_modules/reac
t-dom/cjs/react-dom-client.development.js:[2m18936:7[22m[39m
[90m [2mÔØ»[22m Immediate.performWorkUntilDeadline 
node_modules/.pnpm/scheduler@0.27.0/node_modules/scheduler/cjs/scheduler.development.js:[2m45:48[22m[39m
[90m [2mÔØ»[22m processImmediate node:internal/timers:[2m504:21[22m[39m


[31mÔÄ»ÔÄ»ÔÄ»ÔÄ»ÔÄ»[39m[1m[41m Uncaught Exception [49m[22m[31mÔÄ»ÔÄ»ÔÄ»ÔÄ»ÔÄ»[39m
[31m[1mReferenceError[22m: window is not defined[39m
[90m [2mÔØ»[22m performWorkOnRootViaSchedulerTask node_modules/.pnpm/react-dom@19.2.3_react@19.2.3/node_modules/reac
t-dom/cjs/react-dom-client.development.js:[2m18936:7[22m[39m
[90m [2mÔØ»[22m Immediate.performWorkUntilDeadline 
node_modules/.pnpm/scheduler@0.27.0/node_modules/scheduler/cjs/scheduler.development.js:[2m45:48[22m[39m
[90m [2mÔØ»[22m processImmediate node:internal/timers:[2m504:21[22m[39m

[31mThis error originated in "[1msrc/utils/download.test.tsx[22m" test file. It doesn't mean the error was thrown 
inside the file itself, but while it was running.[39m
[31mThis error was caught after test environment was torn down. Make sure to cancel any running tasks before test 
finishes:
- cancel timeouts using clearTimeout and clearInterval
- wait for promises to resolve using the await keyword[39m

[31mÔÄ»ÔÄ»ÔÄ»ÔÄ»ÔÄ»[39m[1m[41m Uncaught Exception [49m[22m[31mÔÄ»ÔÄ»ÔÄ»ÔÄ»ÔÄ»[39m
[31m[1mReferenceError[22m: window is not defined[39m
[90m [2mÔØ»[22m performWorkOnRootViaSchedulerTask node_modules/.pnpm/react-dom@19.2.3_react@19.2.3/node_modules/reac
t-dom/cjs/react-dom-client.development.js:[2m18936:7[22m[39m
[90m [2mÔØ»[22m Immediate.performWorkUntilDeadline 
node_modules/.pnpm/scheduler@0.27.0/node_modules/scheduler/cjs/scheduler.development.js:[2m45:48[22m[39m
[90m [2mÔØ»[22m processImmediate node:internal/timers:[2m504:21[22m[39m


[31mÔÄ»ÔÄ»ÔÄ»ÔÄ»ÔÄ»[39m[1m[41m Uncaught Exception [49m[22m[31mÔÄ»ÔÄ»ÔÄ»ÔÄ»ÔÄ»[39m
[31m[1mReferenceError[22m: window is not defined[39m
[90m [2mÔØ»[22m performWorkOnRootViaSchedulerTask node_modules/.pnpm/react-dom@19.2.3_react@19.2.3/node_modules/reac
t-dom/cjs/react-dom-client.development.js:[2m18936:7[22m[39m
[90m [2mÔØ»[22m Immediate.performWorkUntilDeadline 
node_modules/.pnpm/scheduler@0.27.0/node_modules/scheduler/cjs/scheduler.development.js:[2m45:48[22m[39m
[90m [2mÔØ»[22m processImmediate node:internal/timers:[2m504:21[22m[39m


[31mÔÄ»ÔÄ»ÔÄ»ÔÄ»ÔÄ»[39m[1m[41m Uncaught Exception [49m[22m[31mÔÄ»ÔÄ»ÔÄ»ÔÄ»ÔÄ»[39m
[31m[1mReferenceError[22m: window is not defined[39m
[90m [2mÔØ»[22m performWorkOnRootViaSchedulerTask node_modules/.pnpm/react-dom@19.2.3_react@19.2.3/node_modules/reac
t-dom/cjs/react-dom-client.development.js:[2m18936:7[22m[39m
[90m [2mÔØ»[22m Immediate.performWorkUntilDeadline 
node_modules/.pnpm/scheduler@0.27.0/node_modules/scheduler/cjs/scheduler.development.js:[2m45:48[22m[39m
[90m [2mÔØ»[22m processImmediate node:internal/timers:[2m504:21[22m[39m

[31mThis error originated in "[1msrc/hooks/__tests__/useOnlineStatus.test.ts[22m" test file. It doesn't mean the 
error was thrown inside the file itself, but while it was running.[39m
[31mThis error was caught after test environment was torn down. Make sure to cancel any running tasks before test 
finishes:
- cancel timeouts using clearTimeout and clearInterval
- wait for promises to resolve using the await keyword[39m

[31mÔÄ»ÔÄ»ÔÄ»ÔÄ»ÔÄ»[39m[1m[41m Uncaught Exception [49m[22m[31mÔÄ»ÔÄ»ÔÄ»ÔÄ»ÔÄ»[39m
[31m[1mReferenceError[22m: window is not defined[39m
[90m [2mÔØ»[22m performWorkOnRootViaSchedulerTask node_modules/.pnpm/react-dom@19.2.3_react@19.2.3/node_modules/reac
t-dom/cjs/react-dom-client.development.js:[2m18936:7[22m[39m
[90m [2mÔØ»[22m Immediate.performWorkUntilDeadline 
node_modules/.pnpm/scheduler@0.27.0/node_modules/scheduler/cjs/scheduler.development.js:[2m45:48[22m[39m
[90m [2mÔØ»[22m processImmediate node:internal/timers:[2m504:21[22m[39m

[31mThis error originated in "[1msrc/hooks/__tests__/useOnlineStatus.test.ts[22m" test file. It doesn't mean the 
error was thrown inside the file itself, but while it was running.[39m
[31mThis error was caught after test environment was torn down. Make sure to cancel any running tasks before test 
finishes:
- cancel timeouts using clearTimeout and clearInterval
- wait for promises to resolve using the await keyword[39m

[31mÔÄ»ÔÄ»ÔÄ»ÔÄ»ÔÄ»[39m[1m[41m Uncaught Exception [49m[22m[31mÔÄ»ÔÄ»ÔÄ»ÔÄ»ÔÄ»[39m
[31m[1mReferenceError[22m: window is not defined[39m
[90m [2mÔØ»[22m performWorkOnRootViaSchedulerTask node_modules/.pnpm/react-dom@19.2.3_react@19.2.3/node_modules/reac
t-dom/cjs/react-dom-client.development.js:[2m18936:7[22m[39m
[90m [2mÔØ»[22m Immediate.performWorkUntilDeadline 
node_modules/.pnpm/scheduler@0.27.0/node_modules/scheduler/cjs/scheduler.development.js:[2m45:48[22m[39m
[90m [2mÔØ»[22m processImmediate node:internal/timers:[2m504:21[22m[39m

[31mThis error originated in "[1msrc/hooks/__tests__/useOnlineStatus.test.ts[22m" test file. It doesn't mean the 
error was thrown inside the file itself, but while it was running.[39m
[31mThis error was caught after test environment was torn down. Make sure to cancel any running tasks before test 
finishes:
- cancel timeouts using clearTimeout and clearInterval
- wait for promises to resolve using the await keyword[39m

[31mÔÄ»ÔÄ»ÔÄ»ÔÄ»ÔÄ»[39m[1m[41m Uncaught Exception [49m[22m[31mÔÄ»ÔÄ»ÔÄ»ÔÄ»ÔÄ»[39m
[31m[1mReferenceError[22m: window is not defined[39m
[90m [2mÔØ»[22m performWorkOnRootViaSchedulerTask node_modules/.pnpm/react-dom@19.2.3_react@19.2.3/node_modules/reac
t-dom/cjs/react-dom-client.development.js:[2m18936:7[22m[39m
[90m [2mÔØ»[22m Immediate.performWorkUntilDeadline 
node_modules/.pnpm/scheduler@0.27.0/node_modules/scheduler/cjs/scheduler.development.js:[2m45:48[22m[39m
[90m [2mÔØ»[22m processImmediate node:internal/timers:[2m504:21[22m[39m

[31mThis error originated in "[1msrc/hooks/__tests__/useOnlineStatus.test.ts[22m" test file. It doesn't mean the 
error was thrown inside the file itself, but while it was running.[39m
[31mThis error was caught after test environment was torn down. Make sure to cancel any running tasks before test 
finishes:
- cancel timeouts using clearTimeout and clearInterval
- wait for promises to resolve using the await keyword[39m

[31mÔÄ»ÔÄ»ÔÄ»ÔÄ»ÔÄ»[39m[1m[41m Uncaught Exception [49m[22m[31mÔÄ»ÔÄ»ÔÄ»ÔÄ»ÔÄ»[39m
[31m[1mReferenceError[22m: window is not defined[39m
[90m [2mÔØ»[22m performWorkOnRootViaSchedulerTask node_modules/.pnpm/react-dom@19.2.3_react@19.2.3/node_modules/reac
t-dom/cjs/react-dom-client.development.js:[2m18936:7[22m[39m
[90m [2mÔØ»[22m Immediate.performWorkUntilDeadline 
node_modules/.pnpm/scheduler@0.27.0/node_modules/scheduler/cjs/scheduler.development.js:[2m45:48[22m[39m
[90m [2mÔØ»[22m processImmediate node:internal/timers:[2m504:21[22m[39m

[31mThis error originated in "[1msrc/hooks/__tests__/useOnlineStatus.test.ts[22m" test file. It doesn't mean the 
error was thrown inside the file itself, but while it was running.[39m
[31mThis error was caught after test environment was torn down. Make sure to cancel any running tasks before test 
finishes:
- cancel timeouts using clearTimeout and clearInterval
- wait for promises to resolve using the await keyword[39m

[31mÔÄ»ÔÄ»ÔÄ»ÔÄ»ÔÄ»[39m[1m[41m Uncaught Exception [49m[22m[31mÔÄ»ÔÄ»ÔÄ»ÔÄ»ÔÄ»[39m
[31m[1mReferenceError[22m: window is not defined[39m
[90m [2mÔØ»[22m performWorkOnRootViaSchedulerTask node_modules/.pnpm/react-dom@19.2.3_react@19.2.3/node_modules/reac
t-dom/cjs/react-dom-client.development.js:[2m18936:7[22m[39m
[90m [2mÔØ»[22m Immediate.performWorkUntilDeadline 
node_modules/.pnpm/scheduler@0.27.0/node_modules/scheduler/cjs/scheduler.development.js:[2m45:48[22m[39m
[90m [2mÔØ»[22m processImmediate node:internal/timers:[2m504:21[22m[39m

[31mThis error originated in "[1msrc/hooks/__tests__/useOnlineStatus.test.ts[22m" test file. It doesn't mean the 
error was thrown inside the file itself, but while it was running.[39m
[31mThis error was caught after test environment was torn down. Make sure to cancel any running tasks before test 
finishes:
- cancel timeouts using clearTimeout and clearInterval
- wait for promises to resolve using the await keyword[39m

[31mÔÄ»ÔÄ»ÔÄ»ÔÄ»ÔÄ»[39m[1m[41m Uncaught Exception [49m[22m[31mÔÄ»ÔÄ»ÔÄ»ÔÄ»ÔÄ»[39m
[31m[1mReferenceError[22m: window is not defined[39m
[90m [2mÔØ»[22m performWorkOnRootViaSchedulerTask node_modules/.pnpm/react-dom@19.2.3_react@19.2.3/node_modules/reac
t-dom/cjs/react-dom-client.development.js:[2m18936:7[22m[39m
[90m [2mÔØ»[22m Immediate.performWorkUntilDeadline 
node_modules/.pnpm/scheduler@0.27.0/node_modules/scheduler/cjs/scheduler.development.js:[2m45:48[22m[39m
[90m [2mÔØ»[22m processImmediate node:internal/timers:[2m504:21[22m[39m

[31mThis error originated in "[1msrc/hooks/__tests__/useOnlineStatus.test.ts[22m" test file. It doesn't mean the 
error was thrown inside the file itself, but while it was running.[39m
[31mThis error was caught after test environment was torn down. Make sure to cancel any running tasks before test 
finishes:
- cancel timeouts using clearTimeout and clearInterval
- wait for promises to resolve using the await keyword[39m

[31mÔÄ»ÔÄ»ÔÄ»ÔÄ»ÔÄ»[39m[1m[41m Uncaught Exception [49m[22m[31mÔÄ»ÔÄ»ÔÄ»ÔÄ»ÔÄ»[39m
[31m[1mReferenceError[22m: window is not defined[39m
[90m [2mÔØ»[22m performWorkOnRootViaSchedulerTask node_modules/.pnpm/react-dom@19.2.3_react@19.2.3/node_modules/reac
t-dom/cjs/react-dom-client.development.js:[2m18936:7[22m[39m
[90m [2mÔØ»[22m Immediate.performWorkUntilDeadline 
node_modules/.pnpm/scheduler@0.27.0/node_modules/scheduler/cjs/scheduler.development.js:[2m45:48[22m[39m
[90m [2mÔØ»[22m processImmediate node:internal/timers:[2m504:21[22m[39m

[31mThis error originated in "[1msrc/components/layout/Panel.test.tsx[22m" test file. It doesn't mean the error was 
thrown inside the file itself, but while it was running.[39m
[31mThis error was caught after test environment was torn down. Make sure to cancel any running tasks before test 
finishes:
- cancel timeouts using clearTimeout and clearInterval
- wait for promises to resolve using the await keyword[39m

[31mÔÄ»ÔÄ»ÔÄ»ÔÄ»ÔÄ»[39m[1m[41m Uncaught Exception [49m[22m[31mÔÄ»ÔÄ»ÔÄ»ÔÄ»ÔÄ»[39m
[31m[1mReferenceError[22m: window is not defined[39m
[90m [2mÔØ»[22m performWorkOnRootViaSchedulerTask node_modules/.pnpm/react-dom@19.2.3_react@19.2.3/node_modules/reac
t-dom/cjs/react-dom-client.development.js:[2m18936:7[22m[39m
[90m [2mÔØ»[22m Immediate.performWorkUntilDeadline 
node_modules/.pnpm/scheduler@0.27.0/node_modules/scheduler/cjs/scheduler.development.js:[2m45:48[22m[39m
[90m [2mÔØ»[22m processImmediate node:internal/timers:[2m504:21[22m[39m

[31mThis error originated in "[1msrc/components/layout/Panel.test.tsx[22m" test file. It doesn't mean the error was 
thrown inside the file itself, but while it was running.[39m
[31mThis error was caught after test environment was torn down. Make sure to cancel any running tasks before test 
finishes:
- cancel timeouts using clearTimeout and clearInterval
- wait for promises to resolve using the await keyword[39m

[31mÔÄ»ÔÄ»ÔÄ»ÔÄ»ÔÄ»[39m[1m[41m Uncaught Exception [49m[22m[31mÔÄ»ÔÄ»ÔÄ»ÔÄ»ÔÄ»[39m
[31m[1mReferenceError[22m: window is not defined[39m
[90m [2mÔØ»[22m performWorkOnRootViaSchedulerTask node_modules/.pnpm/react-dom@19.2.3_react@19.2.3/node_modules/reac
t-dom/cjs/react-dom-client.development.js:[2m18936:7[22m[39m
[90m [2mÔØ»[22m Immediate.performWorkUntilDeadline 
node_modules/.pnpm/scheduler@0.27.0/node_modules/scheduler/cjs/scheduler.development.js:[2m45:48[22m[39m
[90m [2mÔØ»[22m processImmediate node:internal/timers:[2m504:21[22m[39m

[31mThis error originated in "[1msrc/components/layout/Panel.test.tsx[22m" test file. It doesn't mean the error was 
thrown inside the file itself, but while it was running.[39m
[31mThis error was caught after test environment was torn down. Make sure to cancel any running tasks before test 
finishes:
- cancel timeouts using clearTimeout and clearInterval
- wait for promises to resolve using the await keyword[39m

[31mÔÄ»ÔÄ»ÔÄ»ÔÄ»ÔÄ»[39m[1m[41m Uncaught Exception [49m[22m[31mÔÄ»ÔÄ»ÔÄ»ÔÄ»ÔÄ»[39m
[31m[1mReferenceError[22m: window is not defined[39m
[90m [2mÔØ»[22m performWorkOnRootViaSchedulerTask node_modules/.pnpm/react-dom@19.2.3_react@19.2.3/node_modules/reac
t-dom/cjs/react-dom-client.development.js:[2m18936:7[22m[39m
[90m [2mÔØ»[22m Immediate.performWorkUntilDeadline 
node_modules/.pnpm/scheduler@0.27.0/node_modules/scheduler/cjs/scheduler.development.js:[2m45:48[22m[39m
[90m [2mÔØ»[22m processImmediate node:internal/timers:[2m504:21[22m[39m

[31mThis error originated in "[1msrc/components/layout/Panel.test.tsx[22m" test file. It doesn't mean the error was 
thrown inside the file itself, but while it was running.[39m
[31mThis error was caught after test environment was torn down. Make sure to cancel any running tasks before test 
finishes:
- cancel timeouts using clearTimeout and clearInterval
- wait for promises to resolve using the await keyword[39m

[31mÔÄ»ÔÄ»ÔÄ»ÔÄ»ÔÄ»[39m[1m[41m Uncaught Exception [49m[22m[31mÔÄ»ÔÄ»ÔÄ»ÔÄ»ÔÄ»[39m
[31m[1mReferenceError[22m: window is not defined[39m
[90m [2mÔØ»[22m performWorkOnRootViaSchedulerTask node_modules/.pnpm/react-dom@19.2.3_react@19.2.3/node_modules/reac
t-dom/cjs/react-dom-client.development.js:[2m18936:7[22m[39m
[90m [2mÔØ»[22m Immediate.performWorkUntilDeadline 
node_modules/.pnpm/scheduler@0.27.0/node_modules/scheduler/cjs/scheduler.development.js:[2m45:48[22m[39m
[90m [2mÔØ»[22m processImmediate node:internal/timers:[2m504:21[22m[39m

[31mThis error originated in "[1msrc/components/layout/Panel.test.tsx[22m" test file. It doesn't mean the error was 
thrown inside the file itself, but while it was running.[39m
[31mThis error was caught after test environment was torn down. Make sure to cancel any running tasks before test 
finishes:
- cancel timeouts using clearTimeout and clearInterval
- wait for promises to resolve using the await keyword[39m

[31mÔÄ»ÔÄ»ÔÄ»ÔÄ»ÔÄ»[39m[1m[41m Uncaught Exception [49m[22m[31mÔÄ»ÔÄ»ÔÄ»ÔÄ»ÔÄ»[39m
[31m[1mReferenceError[22m: window is not defined[39m
[90m [2mÔØ»[22m performWorkOnRootViaSchedulerTask node_modules/.pnpm/react-dom@19.2.3_react@19.2.3/node_modules/reac
t-dom/cjs/react-dom-client.development.js:[2m18936:7[22m[39m
[90m [2mÔØ»[22m Immediate.performWorkUntilDeadline 
node_modules/.pnpm/scheduler@0.27.0/node_modules/scheduler/cjs/scheduler.development.js:[2m45:48[22m[39m
[90m [2mÔØ»[22m processImmediate node:internal/timers:[2m504:21[22m[39m

[31mThis error originated in "[1msrc/components/layout/Panel.test.tsx[22m" test file. It doesn't mean the error was 
thrown inside the file itself, but while it was running.[39m
[31mThis error was caught after test environment was torn down. Make sure to cancel any running tasks before test 
finishes:
- cancel timeouts using clearTimeout and clearInterval
- wait for promises to resolve using the await keyword[39m

[31mÔÄ»ÔÄ»ÔÄ»ÔÄ»ÔÄ»[39m[1m[41m Uncaught Exception [49m[22m[31mÔÄ»ÔÄ»ÔÄ»ÔÄ»ÔÄ»[39m
[31m[1mReferenceError[22m: window is not defined[39m
[90m [2mÔØ»[22m performWorkOnRootViaSchedulerTask node_modules/.pnpm/react-dom@19.2.3_react@19.2.3/node_modules/reac
t-dom/cjs/react-dom-client.development.js:[2m18936:7[22m[39m
[90m [2mÔØ»[22m Immediate.performWorkUntilDeadline 
node_modules/.pnpm/scheduler@0.27.0/node_modules/scheduler/cjs/scheduler.development.js:[2m45:48[22m[39m
[90m [2mÔØ»[22m processImmediate node:internal/timers:[2m504:21[22m[39m

[31mThis error originated in "[1msrc/components/layout/Panel.test.tsx[22m" test file. It doesn't mean the error was 
thrown inside the file itself, but while it was running.[39m
[31mThis error was caught after test environment was torn down. Make sure to cancel any running tasks before test 
finishes:
- cancel timeouts using clearTimeout and clearInterval
- wait for promises to resolve using the await keyword[39m

[31mÔÄ»ÔÄ»ÔÄ»ÔÄ»ÔÄ»[39m[1m[41m Uncaught Exception [49m[22m[31mÔÄ»ÔÄ»ÔÄ»ÔÄ»ÔÄ»[39m
[31m[1mReferenceError[22m: window is not defined[39m
[90m [2mÔØ»[22m performWorkOnRootViaSchedulerTask node_modules/.pnpm/react-dom@19.2.3_react@19.2.3/node_modules/reac
t-dom/cjs/react-dom-client.development.js:[2m18936:7[22m[39m
[90m [2mÔØ»[22m Immediate.performWorkUntilDeadline 
node_modules/.pnpm/scheduler@0.27.0/node_modules/scheduler/cjs/scheduler.development.js:[2m45:48[22m[39m
[90m [2mÔØ»[22m processImmediate node:internal/timers:[2m504:21[22m[39m

[31mThis error originated in "[1msrc/components/layout/Panel.test.tsx[22m" test file. It doesn't mean the error was 
thrown inside the file itself, but while it was running.[39m
[31mThis error was caught after test environment was torn down. Make sure to cancel any running tasks before test 
finishes:
- cancel timeouts using clearTimeout and clearInterval
- wait for promises to resolve using the await keyword[39m

[31mÔÄ»ÔÄ»ÔÄ»ÔÄ»ÔÄ»[39m[1m[41m Uncaught Exception [49m[22m[31mÔÄ»ÔÄ»ÔÄ»ÔÄ»ÔÄ»[39m
[31m[1mReferenceError[22m: window is not defined[39m
[90m [2mÔØ»[22m performWorkOnRootViaSchedulerTask node_modules/.pnpm/react-dom@19.2.3_react@19.2.3/node_modules/reac
t-dom/cjs/react-dom-client.development.js:[2m18936:7[22m[39m
[90m [2mÔØ»[22m Immediate.performWorkUntilDeadline 
node_modules/.pnpm/scheduler@0.27.0/node_modules/scheduler/cjs/scheduler.development.js:[2m45:48[22m[39m
[90m [2mÔØ»[22m processImmediate node:internal/timers:[2m504:21[22m[39m

[31mThis error originated in "[1msrc/components/layout/Panel.test.tsx[22m" test file. It doesn't mean the error was 
thrown inside the file itself, but while it was running.[39m
[31mThis error was caught after test environment was torn down. Make sure to cancel any running tasks before test 
finishes:
- cancel timeouts using clearTimeout and clearInterval
- wait for promises to resolve using the await keyword[39m

[31mÔÄ»ÔÄ»ÔÄ»ÔÄ»ÔÄ»[39m[1m[41m Uncaught Exception [49m[22m[31mÔÄ»ÔÄ»ÔÄ»ÔÄ»ÔÄ»[39m
[31m[1mReferenceError[22m: window is not defined[39m
[90m [2mÔØ»[22m performWorkOnRootViaSchedulerTask node_modules/.pnpm/react-dom@19.2.3_react@19.2.3/node_modules/reac
t-dom/cjs/react-dom-client.development.js:[2m18936:7[22m[39m
[90m [2mÔØ»[22m Immediate.performWorkUntilDeadline 
node_modules/.pnpm/scheduler@0.27.0/node_modules/scheduler/cjs/scheduler.development.js:[2m45:48[22m[39m
[90m [2mÔØ»[22m processImmediate node:internal/timers:[2m504:21[22m[39m

[31mThis error originated in "[1msrc/components/layout/Panel.test.tsx[22m" test file. It doesn't mean the error was 
thrown inside the file itself, but while it was running.[39m
[31mThis error was caught after test environment was torn down. Make sure to cancel any running tasks before test 
finishes:
- cancel timeouts using clearTimeout and clearInterval
- wait for promises to resolve using the await keyword[39m

[31mÔÄ»ÔÄ»ÔÄ»ÔÄ»[39m[1m[41m Unhandled Rejection [49m[22m[31mÔÄ»ÔÄ»ÔÄ»ÔÄ»ÔÄ»[39m
[31m[1mError[22m: [vitest-worker]: Timeout calling "onUnhandledError" with "window is not defined"[39m
[90m [2mÔØ»[22m Object.onTimeoutError node_modules/.pnpm/vitest@3.1.4_@types+node@24_19da64d79da8331979cd30d6fa961e9
2/node_modules/vitest/dist/chunks/rpc.D9_013TY.js:[2m62:10[22m[39m
[90m [2mÔØ»[22m Timeout._onTimeout node_modules/.pnpm/vitest@3.1.4_@types+node@24_19da64d79da8331979cd30d6fa961e92/n
ode_modules/vitest/dist/chunks/index.CJ0plNrh.js:[2m57:62[22m[39m
[90m [2mÔØ»[22m listOnTimeout node:internal/timers:[2m605:17[22m[39m
[90m [2mÔØ»[22m processTimers node:internal/timers:[2m541:7[22m[39m

[31mThis error originated in "[1msrc/components/LanguageSelector.test.tsx[22m" test file. It doesn't mean the error 
was thrown inside the file itself, but while it was running.[39m
[31mThe latest test that might've caused the error is "[1mchanges language when selecting a different option[22m". 
It might mean one of the following:
- The error was thrown, while Vitest was running this test.
- If the error occurred after the test had been completed, this was the last documented test before it was thrown.[39m

[31mÔÄ»ÔÄ»ÔÄ»ÔÄ»[39m[1m[41m Unhandled Rejection [49m[22m[31mÔÄ»ÔÄ»ÔÄ»ÔÄ»ÔÄ»[39m
[31m[1mError[22m: [vitest-worker]: Timeout calling "onUnhandledError" with "window is not defined"[39m
[90m [2mÔØ»[22m Object.onTimeoutError node_modules/.pnpm/vitest@3.1.4_@types+node@24_19da64d79da8331979cd30d6fa961e9
2/node_modules/vitest/dist/chunks/rpc.D9_013TY.js:[2m62:10[22m[39m
[90m [2mÔØ»[22m Timeout._onTimeout node_modules/.pnpm/vitest@3.1.4_@types+node@24_19da64d79da8331979cd30d6fa961e92/n
ode_modules/vitest/dist/chunks/index.CJ0plNrh.js:[2m57:62[22m[39m
[90m [2mÔØ»[22m listOnTimeout node:internal/timers:[2m605:17[22m[39m
[90m [2mÔØ»[22m processTimers node:internal/timers:[2m541:7[22m[39m

[31mThis error originated in "[1msrc/components/LanguageSelector.test.tsx[22m" test file. It doesn't mean the error 
was thrown inside the file itself, but while it was running.[39m
[31mThe latest test that might've caused the error is "[1mchanges language when selecting a different option[22m". 
It might mean one of the following:
- The error was thrown, while Vitest was running this test.
- If the error occurred after the test had been completed, this was the last documented test before it was thrown.[39m

[31mÔÄ»ÔÄ»ÔÄ»ÔÄ»ÔÄ»[39m[1m[41m Uncaught Exception [49m[22m[31mÔÄ»ÔÄ»ÔÄ»ÔÄ»ÔÄ»[39m
[31m[1mReferenceError[22m: window is not defined[39m
[90m [2mÔØ»[22m performWorkOnRootViaSchedulerTask node_modules/.pnpm/react-dom@19.2.3_react@19.2.3/node_modules/reac
t-dom/cjs/react-dom-client.development.js:[2m18936:7[22m[39m
[90m [2mÔØ»[22m Immediate.performWorkUntilDeadline 
node_modules/.pnpm/scheduler@0.27.0/node_modules/scheduler/cjs/scheduler.development.js:[2m45:48[22m[39m
[90m [2mÔØ»[22m processImmediate node:internal/timers:[2m504:21[22m[39m

[31mThis error originated in "[1msrc/hooks/useToast.test.tsx[22m" test file. It doesn't mean the error was thrown 
inside the file itself, but while it was running.[39m
[31mThis error was caught after test environment was torn down. Make sure to cancel any running tasks before test 
finishes:
- cancel timeouts using clearTimeout and clearInterval
- wait for promises to resolve using the await keyword[39m

[31mÔÄ»ÔÄ»ÔÄ»ÔÄ»ÔÄ»[39m[1m[41m Uncaught Exception [49m[22m[31mÔÄ»ÔÄ»ÔÄ»ÔÄ»ÔÄ»[39m
[31m[1mReferenceError[22m: window is not defined[39m
[90m [2mÔØ»[22m performWorkOnRootViaSchedulerTask node_modules/.pnpm/react-dom@19.2.3_react@19.2.3/node_modules/reac
t-dom/cjs/react-dom-client.development.js:[2m18936:7[22m[39m
[90m [2mÔØ»[22m Immediate.performWorkUntilDeadline 
node_modules/.pnpm/scheduler@0.27.0/node_modules/scheduler/cjs/scheduler.development.js:[2m45:48[22m[39m
[90m [2mÔØ»[22m processImmediate node:internal/timers:[2m504:21[22m[39m

[31mThis error originated in "[1msrc/hooks/useToast.test.tsx[22m" test file. It doesn't mean the error was thrown 
inside the file itself, but while it was running.[39m
[31mThis error was caught after test environment was torn down. Make sure to cancel any running tasks before test 
finishes:
- cancel timeouts using clearTimeout and clearInterval
- wait for promises to resolve using the await keyword[39m

[31mÔÄ»ÔÄ»ÔÄ»ÔÄ»ÔÄ»[39m[1m[41m Uncaught Exception [49m[22m[31mÔÄ»ÔÄ»ÔÄ»ÔÄ»ÔÄ»[39m
[31m[1mReferenceError[22m: window is not defined[39m
[90m [2mÔØ»[22m performWorkOnRootViaSchedulerTask node_modules/.pnpm/react-dom@19.2.3_react@19.2.3/node_modules/reac
t-dom/cjs/react-dom-client.development.js:[2m18936:7[22m[39m
[90m [2mÔØ»[22m Immediate.performWorkUntilDeadline 
node_modules/.pnpm/scheduler@0.27.0/node_modules/scheduler/cjs/scheduler.development.js:[2m45:48[22m[39m
[90m [2mÔØ»[22m processImmediate node:internal/timers:[2m504:21[22m[39m

[31mThis error originated in "[1msrc/hooks/useToast.test.tsx[22m" test file. It doesn't mean the error was thrown 
inside the file itself, but while it was running.[39m
[31mThis error was caught after test environment was torn down. Make sure to cancel any running tasks before test 
finishes:
- cancel timeouts using clearTimeout and clearInterval
- wait for promises to resolve using the await keyword[39m

[31mÔÄ»ÔÄ»ÔÄ»ÔÄ»ÔÄ»[39m[1m[41m Uncaught Exception [49m[22m[31mÔÄ»ÔÄ»ÔÄ»ÔÄ»ÔÄ»[39m
[31m[1mReferenceError[22m: window is not defined[39m
[90m [2mÔØ»[22m performWorkOnRootViaSchedulerTask node_modules/.pnpm/react-dom@19.2.3_react@19.2.3/node_modules/reac
t-dom/cjs/react-dom-client.development.js:[2m18936:7[22m[39m
[90m [2mÔØ»[22m Immediate.performWorkUntilDeadline 
node_modules/.pnpm/scheduler@0.27.0/node_modules/scheduler/cjs/scheduler.development.js:[2m45:48[22m[39m
[90m [2mÔØ»[22m processImmediate node:internal/timers:[2m504:21[22m[39m

[31mThis error originated in "[1msrc/hooks/useToast.test.tsx[22m" test file. It doesn't mean the error was thrown 
inside the file itself, but while it was running.[39m
[31mThis error was caught after test environment was torn down. Make sure to cancel any running tasks before test 
finishes:
- cancel timeouts using clearTimeout and clearInterval
- wait for promises to resolve using the await keyword[39m

[31mÔÄ»ÔÄ»ÔÄ»ÔÄ»ÔÄ»[39m[1m[41m Uncaught Exception [49m[22m[31mÔÄ»ÔÄ»ÔÄ»ÔÄ»ÔÄ»[39m
[31m[1mReferenceError[22m: window is not defined[39m
[90m [2mÔØ»[22m performWorkOnRootViaSchedulerTask node_modules/.pnpm/react-dom@19.2.3_react@19.2.3/node_modules/reac
t-dom/cjs/react-dom-client.development.js:[2m18936:7[22m[39m
[90m [2mÔØ»[22m Immediate.performWorkUntilDeadline 
node_modules/.pnpm/scheduler@0.27.0/node_modules/scheduler/cjs/scheduler.development.js:[2m45:48[22m[39m
[90m [2mÔØ»[22m processImmediate node:internal/timers:[2m504:21[22m[39m

[31mThis error originated in "[1msrc/hooks/useToast.test.tsx[22m" test file. It doesn't mean the error was thrown 
inside the file itself, but while it was running.[39m
[31mThis error was caught after test environment was torn down. Make sure to cancel any running tasks before test 
finishes:
- cancel timeouts using clearTimeout and clearInterval
- wait for promises to resolve using the await keyword[39m

[31mÔÄ»ÔÄ»ÔÄ»ÔÄ»ÔÄ»[39m[1m[41m Uncaught Exception [49m[22m[31mÔÄ»ÔÄ»ÔÄ»ÔÄ»ÔÄ»[39m
[31m[1mReferenceError[22m: window is not defined[39m
[90m [2mÔØ»[22m performWorkOnRootViaSchedulerTask node_modules/.pnpm/react-dom@19.2.3_react@19.2.3/node_modules/reac
t-dom/cjs/react-dom-client.development.js:[2m18936:7[22m[39m
[90m [2mÔØ»[22m Immediate.performWorkUntilDeadline 
node_modules/.pnpm/scheduler@0.27.0/node_modules/scheduler/cjs/scheduler.development.js:[2m45:48[22m[39m
[90m [2mÔØ»[22m processImmediate node:internal/timers:[2m504:21[22m[39m

[31mThis error originated in "[1msrc/hooks/useToast.test.tsx[22m" test file. It doesn't mean the error was thrown 
inside the file itself, but while it was running.[39m
[31mThis error was caught after test environment was torn down. Make sure to cancel any running tasks before test 
finishes:
- cancel timeouts using clearTimeout and clearInterval
- wait for promises to resolve using the await keyword[39m

[31mÔÄ»ÔÄ»ÔÄ»ÔÄ»ÔÄ»[39m[1m[41m Uncaught Exception [49m[22m[31mÔÄ»ÔÄ»ÔÄ»ÔÄ»ÔÄ»[39m
[31m[1mReferenceError[22m: window is not defined[39m
[90m [2mÔØ»[22m performWorkOnRootViaSchedulerTask node_modules/.pnpm/react-dom@19.2.3_react@19.2.3/node_modules/reac
t-dom/cjs/react-dom-client.development.js:[2m18936:7[22m[39m
[90m [2mÔØ»[22m Immediate.performWorkUntilDeadline 
node_modules/.pnpm/scheduler@0.27.0/node_modules/scheduler/cjs/scheduler.development.js:[2m45:48[22m[39m
[90m [2mÔØ»[22m processImmediate node:internal/timers:[2m504:21[22m[39m

[31mThis error originated in "[1msrc/hooks/useToast.test.tsx[22m" test file. It doesn't mean the error was thrown 
inside the file itself, but while it was running.[39m
[31mThis error was caught after test environment was torn down. Make sure to cancel any running tasks before test 
finishes:
- cancel timeouts using clearTimeout and clearInterval
- wait for promises to resolve using the await keyword[39m

[31mÔÄ»ÔÄ»ÔÄ»ÔÄ»ÔÄ»[39m[1m[41m Uncaught Exception [49m[22m[31mÔÄ»ÔÄ»ÔÄ»ÔÄ»ÔÄ»[39m
[31m[1mReferenceError[22m: window is not defined[39m
[90m [2mÔØ»[22m performWorkOnRootViaSchedulerTask node_modules/.pnpm/react-dom@19.2.3_react@19.2.3/node_modules/reac
t-dom/cjs/react-dom-client.development.js:[2m18936:7[22m[39m
[90m [2mÔØ»[22m Immediate.performWorkUntilDeadline 
node_modules/.pnpm/scheduler@0.27.0/node_modules/scheduler/cjs/scheduler.development.js:[2m45:48[22m[39m
[90m [2mÔØ»[22m processImmediate node:internal/timers:[2m504:21[22m[39m

[31mThis error originated in "[1msrc/hooks/useToast.test.tsx[22m" test file. It doesn't mean the error was thrown 
inside the file itself, but while it was running.[39m
[31mThis error was caught after test environment was torn down. Make sure to cancel any running tasks before test 
finishes:
- cancel timeouts using clearTimeout and clearInterval
- wait for promises to resolve using the await keyword[39m

[31mÔÄ»ÔÄ»ÔÄ»ÔÄ»ÔÄ»[39m[1m[41m Uncaught Exception [49m[22m[31mÔÄ»ÔÄ»ÔÄ»ÔÄ»ÔÄ»[39m
[31m[1mReferenceError[22m: window is not defined[39m
[90m [2mÔØ»[22m performWorkOnRootViaSchedulerTask node_modules/.pnpm/react-dom@19.2.3_react@19.2.3/node_modules/reac
t-dom/cjs/react-dom-client.development.js:[2m18936:7[22m[39m

[90m [2mÔØ»[22m Immediate.performWorkUntilDeadline 
node_modules/.pnpm/scheduler@0.27.0/node_modules/scheduler/cjs/scheduler.development.js:[2m45:48[22m[39m
[90m [2mÔØ»[22m processImmediate node:internal/timers:[2m504:21[22m[39m

[31mThis error originated in "[1msrc/hooks/useToast.test.tsx[22m" test file. It doesn't mean the error was thrown 
inside the file itself, but while it was running.[39m
[31mThis error was caught after test environment was torn down. Make sure to cancel any running tasks before test 
finishes:
[2m Test Files [22m [1m[31m33 failed[39m[22m[2m | [22m[1m[32m59 passed[39m[22m[90m (93)[39m
[2m      Tests [22m [1m[31m144 failed[39m[22m[2m | [22m[1m[32m735 passed[39m[22m[90m (889)[39m
[2m     Errors [22m [1m[31m63 errors[39m[22m
[2m   Start at [22m 11:23:34
- cancel timeouts using clearTimeout and clearInterval
- wait for promises to resolve using the await keyword[39m

[31mÔÄ»ÔÄ»ÔÄ»ÔÄ»ÔÄ»[39m[1m[41m Uncaught Exception [49m[22m[31mÔÄ»ÔÄ»ÔÄ»ÔÄ»ÔÄ»[39m
[31m[1mReferenceError[22m: window is not defined[39m
[2m   Duration [22m 194.22s[2m (transform 7.55s, setup 12.41s, collect 26.37s, tests 143.02s, environment 22.87s, prepare 8.34s)[22m

[90m [2mÔØ»[22m performWorkOnRootViaSchedulerTask node_modules/.pnpm/react-dom@19.2.3_react@19.2.3/node_modules/reac
t-dom/cjs/react-dom-client.development.js:[2m18936:7[22m[39m
[90m [2mÔØ»[22m Immediate.performWorkUntilDeadline 
node_modules/.pnpm/scheduler@0.27.0/node_modules/scheduler/cjs/scheduler.development.js:[2m45:48[22m[39m
[90m [2mÔØ»[22m processImmediate node:internal/timers:[2m504:21[22m[39m

[31mThis error originated in "[1msrc/hooks/useToast.test.tsx[22m" test file. It doesn't mean the error was thrown 
inside the file itself, but while it was running.[39m
[31mThis error was caught after test environment was torn down. Make sure to cancel any running tasks before test 
finishes:
- cancel timeouts using clearTimeout and clearInterval
- wait for promises to resolve using the await keyword[39m

[31mÔÄ»ÔÄ»ÔÄ»ÔÄ»ÔÄ»[39m[1m[41m Uncaught Exception [49m[22m[31mÔÄ»ÔÄ»ÔÄ»ÔÄ»ÔÄ»[39m
[31m[1mReferenceError[22m: window is not defined[39m
[90m [2mÔØ»[22m performWorkOnRootViaSchedulerTask node_modules/.pnpm/react-dom@19.2.3_react@19.2.3/node_modules/reac
t-dom/cjs/react-dom-client.development.js:[2m18936:7[22m[39m
[90m [2mÔØ»[22m Immediate.performWorkUntilDeadline 
node_modules/.pnpm/scheduler@0.27.0/node_modules/scheduler/cjs/scheduler.development.js:[2m45:48[22m[39m
[90m [2mÔØ»[22m processImmediate node:internal/timers:[2m504:21[22m[39m

[31mThis error originated in "[1msrc/components/common/PlaygroundLoader.test.tsx[22m" test file. It doesn't mean 
the error was thrown inside the file itself, but while it was running.[39m
[31mThis error was caught after test environment was torn down. Make sure to cancel any running tasks before test 
finishes:
- cancel timeouts using clearTimeout and clearInterval
- wait for promises to resolve using the await keyword[39m

[31mÔÄ»ÔÄ»ÔÄ»ÔÄ»ÔÄ»[39m[1m[41m Uncaught Exception [49m[22m[31mÔÄ»ÔÄ»ÔÄ»ÔÄ»ÔÄ»[39m
[31m[1mReferenceError[22m: window is not defined[39m
[90m [2mÔØ»[22m performWorkOnRootViaSchedulerTask node_modules/.pnpm/react-dom@19.2.3_react@19.2.3/node_modules/reac
t-dom/cjs/react-dom-client.development.js:[2m18936:7[22m[39m
[90m [2mÔØ»[22m Immediate.performWorkUntilDeadline 
node_modules/.pnpm/scheduler@0.27.0/node_modules/scheduler/cjs/scheduler.development.js:[2m45:48[22m[39m
[90m [2mÔØ»[22m processImmediate node:internal/timers:[2m504:21[22m[39m

[31mThis error originated in "[1msrc/components/common/PlaygroundLoader.test.tsx[22m" test file. It doesn't mean 
the error was thrown inside the file itself, but while it was running.[39m
[31mThis error was caught after test environment was torn down. Make sure to cancel any running tasks before test 
finishes:
- cancel timeouts using clearTimeout and clearInterval
- wait for promises to resolve using the await keyword[39m

[31mÔÄ»ÔÄ»ÔÄ»ÔÄ»ÔÄ»[39m[1m[41m Uncaught Exception [49m[22m[31mÔÄ»ÔÄ»ÔÄ»ÔÄ»ÔÄ»[39m
[31m[1mReferenceError[22m: window is not defined[39m
[90m [2mÔØ»[22m performWorkOnRootViaSchedulerTask node_modules/.pnpm/react-dom@19.2.3_react@19.2.3/node_modules/reac
t-dom/cjs/react-dom-client.development.js:[2m18936:7[22m[39m
[90m [2mÔØ»[22m Immediate.performWorkUntilDeadline 
node_modules/.pnpm/scheduler@0.27.0/node_modules/scheduler/cjs/scheduler.development.js:[2m45:48[22m[39m
[90m [2mÔØ»[22m processImmediate node:internal/timers:[2m504:21[22m[39m

[31mThis error originated in "[1msrc/components/common/PlaygroundLoader.test.tsx[22m" test file. It doesn't mean 
the error was thrown inside the file itself, but while it was running.[39m
[31mThis error was caught after test environment was torn down. Make sure to cancel any running tasks before test 
finishes:
- cancel timeouts using clearTimeout and clearInterval
- wait for promises to resolve using the await keyword[39m

[31mÔÄ»ÔÄ»ÔÄ»ÔÄ»ÔÄ»[39m[1m[41m Uncaught Exception [49m[22m[31mÔÄ»ÔÄ»ÔÄ»ÔÄ»ÔÄ»[39m
[31m[1mReferenceError[22m: window is not defined[39m
[90m [2mÔØ»[22m performWorkOnRootViaSchedulerTask node_modules/.pnpm/react-dom@19.2.3_react@19.2.3/node_modules/reac
t-dom/cjs/react-dom-client.development.js:[2m18936:7[22m[39m
[90m [2mÔØ»[22m Immediate.performWorkUntilDeadline 
node_modules/.pnpm/scheduler@0.27.0/node_modules/scheduler/cjs/scheduler.development.js:[2m45:48[22m[39m
[90m [2mÔØ»[22m processImmediate node:internal/timers:[2m504:21[22m[39m

[31mThis error originated in "[1msrc/components/common/PlaygroundLoader.test.tsx[22m" test file. It doesn't mean 
the error was thrown inside the file itself, but while it was running.[39m
[31mThis error was caught after test environment was torn down. Make sure to cancel any running tasks before test 
finishes:
- cancel timeouts using clearTimeout and clearInterval
- wait for promises to resolve using the await keyword[39m

[31mÔÄ»ÔÄ»ÔÄ»ÔÄ»ÔÄ»ÔÄ»[39m[1m[41m Unhandled Error [49m[22m[31mÔÄ»ÔÄ»ÔÄ»ÔÄ»ÔÄ»ÔÄ»ÔÄ»[39m
[31m[1mError[22m: Worker terminated due to reaching memory limit: JS heap out of memory[39m
[90m [2mÔØ»[22m [kOnExit] node:internal/worker:[2m406:26[22m[39m
[90m [2mÔØ»[22m Worker.<computed>.onexit node:internal/worker:[2m303:20[22m[39m

[31m[2mÔÄ»ÔÄ»ÔÄ»ÔÄ»ÔÄ»ÔÄ»ÔÄ»ÔÄ»ÔÄ»ÔÄ»ÔÄ»ÔÄ»ÔÄ»ÔÄ»ÔÄ»ÔÄ»ÔÄ»ÔÄ»ÔÄ»ÔÄ»ÔÄ»ÔÄ»ÔÄ»ÔÄ»ÔÄ»ÔÄ»ÔÄ»ÔÄ»ÔÄ»ÔÄ»[22m[39m
[31m[1mSerialized Error:[22m[39m [90m{ code: 'ERR_WORKER_OUT_OF_MEMORY' }[39m
[31mÔÄ»ÔÄ»ÔÄ»ÔÄ»ÔÄ»ÔÄ»ÔÄ»ÔÄ»ÔÄ»ÔÄ»ÔÄ»ÔÄ»ÔÄ»ÔÄ»ÔÄ»ÔÄ»ÔÄ»ÔÄ»ÔÄ»ÔÄ»ÔÄ»ÔÄ»ÔÄ»ÔÄ»ÔÄ»ÔÄ»ÔÄ»ÔÄ»ÔÄ»ÔÄ»[39m

[ELIFECYCLE] Command failed with exit code 1.
